172.23.0.1 - - [04/Jul/2025:19:47:46 +0000] GET /api/am/devportal/v3/apis/3e9c8bfa-e0d3-4922-984e-cd99bd95a7c8/thumbnail HTTP/1.1 204 - https://localhost:9443/devportal/apis Mozilla/5.0 (Windows NT 10.0; Win64; x64) AppleWebKit/537.36 (KHTML, like Gecko) Chrome/137.0.0.0 Safari/537.36 0.067
172.23.0.1 - - [04/Jul/2025:19:47:51 +0000] GET /devportal/site/public/images/_favicon.ico HTTP/1.1 200 1150 https://localhost:9443/devportal/apis/3e9c8bfa-e0d3-4922-984e-cd99bd95a7c8 Mozilla/5.0 (Windows NT 10.0; Win64; x64) AppleWebKit/537.36 (KHTML, like Gecko) Chrome/137.0.0.0 Safari/537.36 0.004
172.23.0.1 - - [04/Jul/2025:19:47:51 +0000] GET /api/am/devportal/v3/apis/3e9c8bfa-e0d3-4922-984e-cd99bd95a7c8 HTTP/1.1 200 2630 https://localhost:9443/devportal/apis/3e9c8bfa-e0d3-4922-984e-cd99bd95a7c8 Mozilla/5.0 (Windows NT 10.0; Win64; x64) AppleWebKit/537.36 (KHTML, like Gecko) Chrome/137.0.0.0 Safari/537.36 0.142
172.23.0.1 - - [04/Jul/2025:19:47:51 +0000] GET /devportal/site/public/dist/4557.75b75dc7f0f8778fbab3.bundle.js HTTP/1.1 200 2836 https://localhost:9443/devportal/apis/3e9c8bfa-e0d3-4922-984e-cd99bd95a7c8/overview Mozilla/5.0 (Windows NT 10.0; Win64; x64) AppleWebKit/537.36 (KHTML, like Gecko) Chrome/137.0.0.0 Safari/537.36 0.012
172.23.0.1 - - [04/Jul/2025:19:47:51 +0000] GET /devportal/site/public/dist/1653.a1e39dcf0973ac6ac28f.bundle.js HTTP/1.1 200 3734 https://localhost:9443/devportal/apis/3e9c8bfa-e0d3-4922-984e-cd99bd95a7c8/overview Mozilla/5.0 (Windows NT 10.0; Win64; x64) AppleWebKit/537.36 (KHTML, like Gecko) Chrome/137.0.0.0 Safari/537.36 0.021
172.23.0.1 - - [04/Jul/2025:19:47:51 +0000] GET /devportal/site/public/dist/APIComments.9e0099a33946083b000e.bundle.js HTTP/1.1 200 11093 https://localhost:9443/devportal/apis/3e9c8bfa-e0d3-4922-984e-cd99bd95a7c8/overview Mozilla/5.0 (Windows NT 10.0; Win64; x64) AppleWebKit/537.36 (KHTML, like Gecko) Chrome/137.0.0.0 Safari/537.36 0.025
172.23.0.1 - - [04/Jul/2025:19:47:51 +0000] GET /api/am/devportal/v3/settings HTTP/1.1 200 775 https://localhost:9443/devportal/apis/3e9c8bfa-e0d3-4922-984e-cd99bd95a7c8 Mozilla/5.0 (Windows NT 10.0; Win64; x64) AppleWebKit/537.36 (KHTML, like Gecko) Chrome/137.0.0.0 Safari/537.36 0.251
172.23.0.1 - - [04/Jul/2025:19:47:51 +0000] GET /devportal/site/public/images/_favicon.ico HTTP/1.1 200 1150 https://localhost:9443/devportal/apis/3e9c8bfa-e0d3-4922-984e-cd99bd95a7c8/overview Mozilla/5.0 (Windows NT 10.0; Win64; x64) AppleWebKit/537.36 (KHTML, like Gecko) Chrome/137.0.0.0 Safari/537.36 0.004
172.23.0.1 - - [04/Jul/2025:19:47:51 +0000] GET /devportal/site/public/images/leftMenuBack.png HTTP/1.1 200 5308 https://localhost:9443/devportal/apis/3e9c8bfa-e0d3-4922-984e-cd99bd95a7c8/overview Mozilla/5.0 (Windows NT 10.0; Win64; x64) AppleWebKit/537.36 (KHTML, like Gecko) Chrome/137.0.0.0 Safari/537.36 0.005
172.23.0.1 - - [04/Jul/2025:19:47:51 +0000] GET /devportal/site/public/dist/APIOverview.018b5195c97e8623de4c.bundle.js HTTP/1.1 200 13808 https://localhost:9443/devportal/apis/3e9c8bfa-e0d3-4922-984e-cd99bd95a7c8/overview Mozilla/5.0 (Windows NT 10.0; Win64; x64) AppleWebKit/537.36 (KHTML, like Gecko) Chrome/137.0.0.0 Safari/537.36 0.039
172.23.0.1 - - [04/Jul/2025:19:47:51 +0000] GET /devportal/site/public/dist/4680.f43ad1fd2c68cd41d4ea.bundle.js HTTP/1.1 200 23177 https://localhost:9443/devportal/apis/3e9c8bfa-e0d3-4922-984e-cd99bd95a7c8/overview Mozilla/5.0 (Windows NT 10.0; Win64; x64) AppleWebKit/537.36 (KHTML, like Gecko) Chrome/137.0.0.0 Safari/537.36 0.098
172.23.0.1 - - [04/Jul/2025:19:47:51 +0000] GET /devportal/site/public/dist/5074.3f63087252cf48e3346f.bundle.js HTTP/1.1 200 241186 https://localhost:9443/devportal/apis/3e9c8bfa-e0d3-4922-984e-cd99bd95a7c8/overview Mozilla/5.0 (Windows NT 10.0; Win64; x64) AppleWebKit/537.36 (KHTML, like Gecko) Chrome/137.0.0.0 Safari/537.36 0.150
172.23.0.1 - - [04/Jul/2025:19:47:51 +0000] GET /api/am/devportal/v3/apis/3e9c8bfa-e0d3-4922-984e-cd99bd95a7c8/documents HTTP/1.1 200 92 https://localhost:9443/devportal/apis/3e9c8bfa-e0d3-4922-984e-cd99bd95a7c8/overview Mozilla/5.0 (Windows NT 10.0; Win64; x64) AppleWebKit/537.36 (KHTML, like Gecko) Chrome/137.0.0.0 Safari/537.36 0.033
172.23.0.1 - - [04/Jul/2025:19:47:51 +0000] GET /api/am/devportal/v3/throttling-policies/subscription HTTP/1.1 200 751 https://localhost:9443/devportal/apis/3e9c8bfa-e0d3-4922-984e-cd99bd95a7c8/overview Mozilla/5.0 (Windows NT 10.0; Win64; x64) AppleWebKit/537.36 (KHTML, like Gecko) Chrome/137.0.0.0 Safari/537.36 0.041
172.23.0.1 - - [04/Jul/2025:19:47:51 +0000] GET /api/am/devportal/v3/throttling-policies/subscription HTTP/1.1 200 751 https://localhost:9443/devportal/apis/3e9c8bfa-e0d3-4922-984e-cd99bd95a7c8/overview Mozilla/5.0 (Windows NT 10.0; Win64; x64) AppleWebKit/537.36 (KHTML, like Gecko) Chrome/137.0.0.0 Safari/537.36 0.012
172.23.0.1 - - [04/Jul/2025:19:47:51 +0000] GET /api/am/devportal/v3/apis/3e9c8bfa-e0d3-4922-984e-cd99bd95a7c8/documents HTTP/1.1 200 92 https://localhost:9443/devportal/apis/3e9c8bfa-e0d3-4922-984e-cd99bd95a7c8/overview Mozilla/5.0 (Windows NT 10.0; Win64; x64) AppleWebKit/537.36 (KHTML, like Gecko) Chrome/137.0.0.0 Safari/537.36 0.025
172.23.0.1 - - [04/Jul/2025:19:47:51 +0000] GET /api/am/devportal/v3/apis/3e9c8bfa-e0d3-4922-984e-cd99bd95a7c8/thumbnail HTTP/1.1 204 - https://localhost:9443/devportal/apis/3e9c8bfa-e0d3-4922-984e-cd99bd95a7c8/overview Mozilla/5.0 (Windows NT 10.0; Win64; x64) AppleWebKit/537.36 (KHTML, like Gecko) Chrome/137.0.0.0 Safari/537.36 0.034
172.23.0.1 - - [04/Jul/2025:19:47:51 +0000] GET /api/am/devportal/v3/apis/3e9c8bfa-e0d3-4922-984e-cd99bd95a7c8/comments?limit=5&offset=0 HTTP/1.1 200 101 https://localhost:9443/devportal/apis/3e9c8bfa-e0d3-4922-984e-cd99bd95a7c8/overview Mozilla/5.0 (Windows NT 10.0; Win64; x64) AppleWebKit/537.36 (KHTML, like Gecko) Chrome/137.0.0.0 Safari/537.36 0.045
172.23.0.1 - - [04/Jul/2025:19:47:58 +0000] GET /devportal/site/public/dist/2543.3fb1fe0024370c0247fe.bundle.js HTTP/1.1 200 25309 https://localhost:9443/devportal/apis/3e9c8bfa-e0d3-4922-984e-cd99bd95a7c8/api-console Mozilla/5.0 (Windows NT 10.0; Win64; x64) AppleWebKit/537.36 (KHTML, like Gecko) Chrome/137.0.0.0 Safari/537.36 0.014
172.23.0.1 - - [04/Jul/2025:19:47:58 +0000] GET /devportal/site/public/dist/3370.64313a377cb5c4367704.bundle.js HTTP/1.1 200 63803 https://localhost:9443/devportal/apis/3e9c8bfa-e0d3-4922-984e-cd99bd95a7c8/api-console Mozilla/5.0 (Windows NT 10.0; Win64; x64) AppleWebKit/537.36 (KHTML, like Gecko) Chrome/137.0.0.0 Safari/537.36 0.019
172.23.0.1 - - [04/Jul/2025:19:47:58 +0000] GET /devportal/site/public/images/_favicon.ico HTTP/1.1 200 1150 https://localhost:9443/devportal/apis/3e9c8bfa-e0d3-4922-984e-cd99bd95a7c8/api-console Mozilla/5.0 (Windows NT 10.0; Win64; x64) AppleWebKit/537.36 (KHTML, like Gecko) Chrome/137.0.0.0 Safari/537.36 0.003
172.23.0.1 - - [04/Jul/2025:19:47:58 +0000] GET /devportal/site/public/dist/8874.c537936ef42191588f7a.bundle.js HTTP/1.1 200 6048 https://localhost:9443/devportal/apis/3e9c8bfa-e0d3-4922-984e-cd99bd95a7c8/api-console Mozilla/5.0 (Windows NT 10.0; Win64; x64) AppleWebKit/537.36 (KHTML, like Gecko) Chrome/137.0.0.0 Safari/537.36 0.025
172.23.0.1 - - [04/Jul/2025:19:47:58 +0000] GET /devportal/site/public/dist/APIConsole.12535ec91b82033ea0b4.bundle.js HTTP/1.1 200 7994 https://localhost:9443/devportal/apis/3e9c8bfa-e0d3-4922-984e-cd99bd95a7c8/api-console Mozilla/5.0 (Windows NT 10.0; Win64; x64) AppleWebKit/537.36 (KHTML, like Gecko) Chrome/137.0.0.0 Safari/537.36 0.005
172.23.0.1 - - [04/Jul/2025:19:47:58 +0000] GET /devportal/site/public/dist/6641.8d024a07e40fdfe75620.bundle.js HTTP/1.1 200 17649 https://localhost:9443/devportal/apis/3e9c8bfa-e0d3-4922-984e-cd99bd95a7c8/api-console Mozilla/5.0 (Windows NT 10.0; Win64; x64) AppleWebKit/537.36 (KHTML, like Gecko) Chrome/137.0.0.0 Safari/537.36 0.042
172.23.0.1 - - [04/Jul/2025:19:47:58 +0000] GET /api/am/devportal/v3/apis/3e9c8bfa-e0d3-4922-984e-cd99bd95a7c8 HTTP/1.1 200 2630 https://localhost:9443/devportal/apis/3e9c8bfa-e0d3-4922-984e-cd99bd95a7c8/api-console Mozilla/5.0 (Windows NT 10.0; Win64; x64) AppleWebKit/537.36 (KHTML, like Gecko) Chrome/137.0.0.0 Safari/537.36 0.067
172.23.0.1 - - [04/Jul/2025:19:47:58 +0000] GET /devportal/site/public/dist/7894.4c560af4e67e52ac7a4d.bundle.js HTTP/1.1 200 1102347 https://localhost:9443/devportal/apis/3e9c8bfa-e0d3-4922-984e-cd99bd95a7c8/api-console Mozilla/5.0 (Windows NT 10.0; Win64; x64) AppleWebKit/537.36 (KHTML, like Gecko) Chrome/137.0.0.0 Safari/537.36 0.181
172.23.0.1 - - [04/Jul/2025:19:47:58 +0000] GET /api/am/devportal/v3/apis/3e9c8bfa-e0d3-4922-984e-cd99bd95a7c8 HTTP/1.1 200 2630 https://localhost:9443/devportal/apis/3e9c8bfa-e0d3-4922-984e-cd99bd95a7c8/api-console Mozilla/5.0 (Windows NT 10.0; Win64; x64) AppleWebKit/537.36 (KHTML, like Gecko) Chrome/137.0.0.0 Safari/537.36 0.018
172.23.0.1 - - [04/Jul/2025:19:47:58 +0000] GET /api/am/devportal/v3/apis/3e9c8bfa-e0d3-4922-984e-cd99bd95a7c8/swagger?environmentName=Default HTTP/1.1 200 1873 https://localhost:9443/devportal/apis/3e9c8bfa-e0d3-4922-984e-cd99bd95a7c8/api-console Mozilla/5.0 (Windows NT 10.0; Win64; x64) AppleWebKit/537.36 (KHTML, like Gecko) Chrome/137.0.0.0 Safari/537.36 0.052
172.23.0.1 - - [04/Jul/2025:19:47:58 +0000] GET /api/am/devportal/v3/subscriptions?apiId=3e9c8bfa-e0d3-4922-984e-cd99bd95a7c8&limit=25 HTTP/1.1 401 101 https://localhost:9443/devportal/apis/3e9c8bfa-e0d3-4922-984e-cd99bd95a7c8/api-console Mozilla/5.0 (Windows NT 10.0; Win64; x64) AppleWebKit/537.36 (KHTML, like Gecko) Chrome/137.0.0.0 Safari/537.36 0.013
172.23.0.1 - - [04/Jul/2025:19:47:58 +0000] GET /api/am/devportal/v3/key-managers HTTP/1.1 401 101 https://localhost:9443/devportal/apis/3e9c8bfa-e0d3-4922-984e-cd99bd95a7c8/api-console Mozilla/5.0 (Windows NT 10.0; Win64; x64) AppleWebKit/537.36 (KHTML, like Gecko) Chrome/137.0.0.0 Safari/537.36 0.016
172.23.0.1 - - [04/Jul/2025:19:47:58 +0000] GET /api/am/devportal/v3/swagger.yaml HTTP/1.1 200 30152 https://localhost:9443/devportal/apis/3e9c8bfa-e0d3-4922-984e-cd99bd95a7c8/api-console Mozilla/5.0 (Windows NT 10.0; Win64; x64) AppleWebKit/537.36 (KHTML, like Gecko) Chrome/137.0.0.0 Safari/537.36 0.025
172.23.0.1 - - [04/Jul/2025:19:47:58 +0000] GET /api/am/devportal/v3/applications/ HTTP/1.1 401 101 https://localhost:9443/devportal/apis/3e9c8bfa-e0d3-4922-984e-cd99bd95a7c8/api-console Mozilla/5.0 (Windows NT 10.0; Win64; x64) AppleWebKit/537.36 (KHTML, like Gecko) Chrome/137.0.0.0 Safari/537.36 0.005
172.23.0.1 - - [04/Jul/2025:19:48:10 +0000] GET /devportal/site/public/images/_favicon.ico HTTP/1.1 200 1150 https://localhost:9443/devportal/applications Mozilla/5.0 (Windows NT 10.0; Win64; x64) AppleWebKit/537.36 (KHTML, like Gecko) Chrome/137.0.0.0 Safari/537.36 0.003
127.0.0.1 - - [04/Jul/2025:19:48:10 +0000] GET /api/am/devportal/v3/settings HTTP/1.1 200 787 - Java-http-client/21.0.5 0.061
172.23.0.1 - - [04/Jul/2025:19:48:10 +0000] GET /devportal/services/configs HTTP/1.1 302 - https://localhost:9443/devportal/applications Mozilla/5.0 (Windows NT 10.0; Win64; x64) AppleWebKit/537.36 (KHTML, like Gecko) Chrome/137.0.0.0 Safari/537.36 0.185
172.23.0.1 - - [04/Jul/2025:19:48:10 +0000] GET /oauth2/authorize?response_type=code&client_id=8YNcwtyaHxWPUT9xJgLZDwrd4sUa&scope=apim:admin%20apim:api_key%20apim:app_import_export%20apim:app_manage%20apim:store_settings%20apim:sub_alert_manage%20apim:sub_manage%20apim:subscribe%20openid&state=%2Fapplications&redirect_uri=https://localhost:9443/devportal/services/auth/callback/login HTTP/1.1 302 - https://localhost:9443/devportal/applications Mozilla/5.0 (Windows NT 10.0; Win64; x64) AppleWebKit/537.36 (KHTML, like Gecko) Chrome/137.0.0.0 Safari/537.36 0.257
127.0.0.1 - - [04/Jul/2025:19:48:10 +0000] GET /api/server/v1/applications?filter=name+eq+apim_devportal HTTP/1.1 302 - - Apache-HttpClient/4.5.13 (Java/21.0.5) 0.008
127.0.0.1 - - [04/Jul/2025:19:48:10 +0000] GET /carbon/admin/login.jsp HTTP/1.1 200 3682 - Apache-HttpClient/4.5.13 (Java/21.0.5) 0.138
127.0.0.1 - - [04/Jul/2025:19:48:10 +0000] POST /api/server/v1/identity-governance/preferences HTTP/1.1 302 - - Apache-HttpClient/4.5.13 (Java/21.0.5) 0.002
127.0.0.1 - - [04/Jul/2025:19:48:10 +0000] POST /api/server/v1/identity-governance/preferences HTTP/1.1 302 - - Apache-HttpClient/4.5.13 (Java/21.0.5) 0.001
127.0.0.1 - - [04/Jul/2025:19:48:10 +0000] POST /api/server/v1/identity-governance/preferences HTTP/1.1 302 - - Apache-HttpClient/4.5.13 (Java/21.0.5) 0.002
127.0.0.1 - - [04/Jul/2025:19:48:10 +0000] GET /api/server/v1/applications?filter=name+eq+apim_devportal HTTP/1.1 302 - - Apache-HttpClient/4.5.13 (Java/21.0.5) 0.001
127.0.0.1 - - [04/Jul/2025:19:48:10 +0000] GET /carbon/admin/login.jsp HTTP/1.1 200 3683 - Apache-HttpClient/4.5.13 (Java/21.0.5) 0.014
172.23.0.1 - - [04/Jul/2025:19:48:10 +0000] GET /authenticationendpoint/login.do?client_id=8YNcwtyaHxWPUT9xJgLZDwrd4sUa&commonAuthCallerPath=%2Foauth2%2Fauthorize&forceAuth=false&passiveAuth=false&redirect_uri=https%3A%2F%2Flocalhost%3A9443%2Fdevportal%2Fservices%2Fauth%2Fcallback%2Flogin&response_type=code&scope=apim%3Aadmin+apim%3Aapi_key+apim%3Aapp_import_export+apim%3Aapp_manage+apim%3Astore_settings+apim%3Asub_alert_manage+apim%3Asub_manage+apim%3Asubscribe+openid&state=%2Fapplications&tenantDomain=carbon.super&sessionDataKey=6b89dafb-0320-42dc-90ff-3ffb256a6aee&relyingParty=8YNcwtyaHxWPUT9xJgLZDwrd4sUa&type=oidc&sp=apim_devportal&isSaaSApp=true&authenticators=BasicAuthenticator%3ALOCAL HTTP/1.1 200 9150 https://localhost:9443/devportal/applications Mozilla/5.0 (Windows NT 10.0; Win64; x64) AppleWebKit/537.36 (KHTML, like Gecko) Chrome/137.0.0.0 Safari/537.36 0.323
172.23.0.1 - - [04/Jul/2025:19:48:11 +0000] GET /authenticationendpoint/libs/themes/default/semantic.min.js HTTP/1.1 200 72294 https://localhost:9443/authenticationendpoint/login.do?client_id=8YNcwtyaHxWPUT9xJgLZDwrd4sUa&commonAuthCallerPath=%2Foauth2%2Fauthorize&forceAuth=false&passiveAuth=false&redirect_uri=https%3A%2F%2Flocalhost%3A9443%2Fdevportal%2Fservices%2Fauth%2Fcallback%2Flogin&response_type=code&scope=apim%3Aadmin+apim%3Aapi_key+apim%3Aapp_import_export+apim%3Aapp_manage+apim%3Astore_settings+apim%3Asub_alert_manage+apim%3Asub_manage+apim%3Asubscribe+openid&state=%2Fapplications&tenantDomain=carbon.super&sessionDataKey=6b89dafb-0320-42dc-90ff-3ffb256a6aee&relyingParty=8YNcwtyaHxWPUT9xJgLZDwrd4sUa&type=oidc&sp=apim_devportal&isSaaSApp=true&authenticators=BasicAuthenticator%3ALOCAL Mozilla/5.0 (Windows NT 10.0; Win64; x64) AppleWebKit/537.36 (KHTML, like Gecko) Chrome/137.0.0.0 Safari/537.36 0.017
172.23.0.1 - - [04/Jul/2025:19:48:11 +0000] GET /authenticationendpoint/libs/jquery_3.6.0/jquery-3.6.0.min.js HTTP/1.1 200 31385 https://localhost:9443/authenticationendpoint/login.do?client_id=8YNcwtyaHxWPUT9xJgLZDwrd4sUa&commonAuthCallerPath=%2Foauth2%2Fauthorize&forceAuth=false&passiveAuth=false&redirect_uri=https%3A%2F%2Flocalhost%3A9443%2Fdevportal%2Fservices%2Fauth%2Fcallback%2Flogin&response_type=code&scope=apim%3Aadmin+apim%3Aapi_key+apim%3Aapp_import_export+apim%3Aapp_manage+apim%3Astore_settings+apim%3Asub_alert_manage+apim%3Asub_manage+apim%3Asubscribe+openid&state=%2Fapplications&tenantDomain=carbon.super&sessionDataKey=6b89dafb-0320-42dc-90ff-3ffb256a6aee&relyingParty=8YNcwtyaHxWPUT9xJgLZDwrd4sUa&type=oidc&sp=apim_devportal&isSaaSApp=true&authenticators=BasicAuthenticator%3ALOCAL Mozilla/5.0 (Windows NT 10.0; Win64; x64) AppleWebKit/537.36 (KHTML, like Gecko) Chrome/137.0.0.0 Safari/537.36 0.018
172.23.0.1 - - [04/Jul/2025:19:48:11 +0000] GET /authenticationendpoint/libs/themes/default/theme.70534561.min.css HTTP/1.1 200 148020 https://localhost:9443/authenticationendpoint/login.do?client_id=8YNcwtyaHxWPUT9xJgLZDwrd4sUa&commonAuthCallerPath=%2Foauth2%2Fauthorize&forceAuth=false&passiveAuth=false&redirect_uri=https%3A%2F%2Flocalhost%3A9443%2Fdevportal%2Fservices%2Fauth%2Fcallback%2Flogin&response_type=code&scope=apim%3Aadmin+apim%3Aapi_key+apim%3Aapp_import_export+apim%3Aapp_manage+apim%3Astore_settings+apim%3Asub_alert_manage+apim%3Asub_manage+apim%3Asubscribe+openid&state=%2Fapplications&tenantDomain=carbon.super&sessionDataKey=6b89dafb-0320-42dc-90ff-3ffb256a6aee&relyingParty=8YNcwtyaHxWPUT9xJgLZDwrd4sUa&type=oidc&sp=apim_devportal&isSaaSApp=true&authenticators=BasicAuthenticator%3ALOCAL Mozilla/5.0 (Windows NT 10.0; Win64; x64) AppleWebKit/537.36 (KHTML, like Gecko) Chrome/137.0.0.0 Safari/537.36 0.060
172.23.0.1 - - [04/Jul/2025:19:48:11 +0000] GET /authenticationendpoint/libs/themes/default/assets/fonts/icons.woff2 HTTP/1.1 200 40148 https://localhost:9443/authenticationendpoint/libs/themes/default/theme.70534561.min.css Mozilla/5.0 (Windows NT 10.0; Win64; x64) AppleWebKit/537.36 (KHTML, like Gecko) Chrome/137.0.0.0 Safari/537.36 0.004
172.23.0.1 - - [04/Jul/2025:19:48:11 +0000] GET /logincontext?sessionDataKey=6b89dafb-0320-42dc-90ff-3ffb256a6aee&application=apim_devportal&tenantDomain=carbon.super&_=1751658491110 HTTP/1.1 200 20 https://localhost:9443/authenticationendpoint/login.do?client_id=8YNcwtyaHxWPUT9xJgLZDwrd4sUa&commonAuthCallerPath=%2Foauth2%2Fauthorize&forceAuth=false&passiveAuth=false&redirect_uri=https%3A%2F%2Flocalhost%3A9443%2Fdevportal%2Fservices%2Fauth%2Fcallback%2Flogin&response_type=code&scope=apim%3Aadmin+apim%3Aapi_key+apim%3Aapp_import_export+apim%3Aapp_manage+apim%3Astore_settings+apim%3Asub_alert_manage+apim%3Asub_manage+apim%3Asubscribe+openid&state=%2Fapplications&tenantDomain=carbon.super&sessionDataKey=6b89dafb-0320-42dc-90ff-3ffb256a6aee&relyingParty=8YNcwtyaHxWPUT9xJgLZDwrd4sUa&type=oidc&sp=apim_devportal&isSaaSApp=true&authenticators=BasicAuthenticator%3ALOCAL Mozilla/5.0 (Windows NT 10.0; Win64; x64) AppleWebKit/537.36 (KHTML, like Gecko) Chrome/137.0.0.0 Safari/537.36 0.004
172.23.0.1 - - [04/Jul/2025:19:48:16 +0000] GET /logincontext?sessionDataKey=6b89dafb-0320-42dc-90ff-3ffb256a6aee&application=apim_devportal&tenantDomain=carbon.super&_=1751658491111 HTTP/1.1 200 20 https://localhost:9443/authenticationendpoint/login.do?client_id=8YNcwtyaHxWPUT9xJgLZDwrd4sUa&commonAuthCallerPath=%2Foauth2%2Fauthorize&forceAuth=false&passiveAuth=false&redirect_uri=https%3A%2F%2Flocalhost%3A9443%2Fdevportal%2Fservices%2Fauth%2Fcallback%2Flogin&response_type=code&scope=apim%3Aadmin+apim%3Aapi_key+apim%3Aapp_import_export+apim%3Aapp_manage+apim%3Astore_settings+apim%3Asub_alert_manage+apim%3Asub_manage+apim%3Asubscribe+openid&state=%2Fapplications&tenantDomain=carbon.super&sessionDataKey=6b89dafb-0320-42dc-90ff-3ffb256a6aee&relyingParty=8YNcwtyaHxWPUT9xJgLZDwrd4sUa&type=oidc&sp=apim_devportal&isSaaSApp=true&authenticators=BasicAuthenticator%3ALOCAL Mozilla/5.0 (Windows NT 10.0; Win64; x64) AppleWebKit/537.36 (KHTML, like Gecko) Chrome/137.0.0.0 Safari/537.36 0.001
172.23.0.1 - - [04/Jul/2025:19:48:16 +0000] POST /commonauth HTTP/1.1 302 - https://localhost:9443/authenticationendpoint/login.do?client_id=8YNcwtyaHxWPUT9xJgLZDwrd4sUa&commonAuthCallerPath=%2Foauth2%2Fauthorize&forceAuth=false&passiveAuth=false&redirect_uri=https%3A%2F%2Flocalhost%3A9443%2Fdevportal%2Fservices%2Fauth%2Fcallback%2Flogin&response_type=code&scope=apim%3Aadmin+apim%3Aapi_key+apim%3Aapp_import_export+apim%3Aapp_manage+apim%3Astore_settings+apim%3Asub_alert_manage+apim%3Asub_manage+apim%3Asubscribe+openid&state=%2Fapplications&tenantDomain=carbon.super&sessionDataKey=6b89dafb-0320-42dc-90ff-3ffb256a6aee&relyingParty=8YNcwtyaHxWPUT9xJgLZDwrd4sUa&type=oidc&sp=apim_devportal&isSaaSApp=true&authenticators=BasicAuthenticator%3ALOCAL Mozilla/5.0 (Windows NT 10.0; Win64; x64) AppleWebKit/537.36 (KHTML, like Gecko) Chrome/137.0.0.0 Safari/537.36 0.191
172.23.0.1 - - [04/Jul/2025:19:48:16 +0000] GET /oauth2/authorize?sessionDataKey=11cc9320-604d-4fd3-af98-6078e3c47762 HTTP/1.1 302 - https://localhost:9443/authenticationendpoint/login.do?client_id=8YNcwtyaHxWPUT9xJgLZDwrd4sUa&commonAuthCallerPath=%2Foauth2%2Fauthorize&forceAuth=false&passiveAuth=false&redirect_uri=https%3A%2F%2Flocalhost%3A9443%2Fdevportal%2Fservices%2Fauth%2Fcallback%2Flogin&response_type=code&scope=apim%3Aadmin+apim%3Aapi_key+apim%3Aapp_import_export+apim%3Aapp_manage+apim%3Astore_settings+apim%3Asub_alert_manage+apim%3Asub_manage+apim%3Asubscribe+openid&state=%2Fapplications&tenantDomain=carbon.super&sessionDataKey=6b89dafb-0320-42dc-90ff-3ffb256a6aee&relyingParty=8YNcwtyaHxWPUT9xJgLZDwrd4sUa&type=oidc&sp=apim_devportal&isSaaSApp=true&authenticators=BasicAuthenticator%3ALOCAL Mozilla/5.0 (Windows NT 10.0; Win64; x64) AppleWebKit/537.36 (KHTML, like Gecko) Chrome/137.0.0.0 Safari/537.36 0.072
127.0.0.1 - - [04/Jul/2025:19:48:16 +0000] POST /oauth2/token HTTP/1.1 200 1537 - Java-http-client/21.0.5 0.049
172.23.0.1 - - [04/Jul/2025:19:48:16 +0000] GET /devportal/services/auth/callback/login?code=6a5304a0-7754-3f83-a522-2dca33710177&state=%2Fapplications&session_state=46ef91c5e12eb7fa572a4a4ccc1dcdfe51247032eaeff31c85c1d0537e655a2d.TskJWQ8ReXBA5j28GqDEoA HTTP/1.1 302 - https://localhost:9443/authenticationendpoint/login.do?client_id=8YNcwtyaHxWPUT9xJgLZDwrd4sUa&commonAuthCallerPath=%2Foauth2%2Fauthorize&forceAuth=false&passiveAuth=false&redirect_uri=https%3A%2F%2Flocalhost%3A9443%2Fdevportal%2Fservices%2Fauth%2Fcallback%2Flogin&response_type=code&scope=apim%3Aadmin+apim%3Aapi_key+apim%3Aapp_import_export+apim%3Aapp_manage+apim%3Astore_settings+apim%3Asub_alert_manage+apim%3Asub_manage+apim%3Asubscribe+openid&state=%2Fapplications&tenantDomain=carbon.super&sessionDataKey=6b89dafb-0320-42dc-90ff-3ffb256a6aee&relyingParty=8YNcwtyaHxWPUT9xJgLZDwrd4sUa&type=oidc&sp=apim_devportal&isSaaSApp=true&authenticators=BasicAuthenticator%3ALOCAL Mozilla/5.0 (Windows NT 10.0; Win64; x64) AppleWebKit/537.36 (KHTML, like Gecko) Chrome/137.0.0.0 Safari/537.36 0.091
172.23.0.1 - - [04/Jul/2025:19:48:16 +0000] GET /devportal/applications HTTP/1.1 200 1691 https://localhost:9443/authenticationendpoint/login.do?client_id=8YNcwtyaHxWPUT9xJgLZDwrd4sUa&commonAuthCallerPath=%2Foauth2%2Fauthorize&forceAuth=false&passiveAuth=false&redirect_uri=https%3A%2F%2Flocalhost%3A9443%2Fdevportal%2Fservices%2Fauth%2Fcallback%2Flogin&response_type=code&scope=apim%3Aadmin+apim%3Aapi_key+apim%3Aapp_import_export+apim%3Aapp_manage+apim%3Astore_settings+apim%3Asub_alert_manage+apim%3Asub_manage+apim%3Asubscribe+openid&state=%2Fapplications&tenantDomain=carbon.super&sessionDataKey=6b89dafb-0320-42dc-90ff-3ffb256a6aee&relyingParty=8YNcwtyaHxWPUT9xJgLZDwrd4sUa&type=oidc&sp=apim_devportal&isSaaSApp=true&authenticators=BasicAuthenticator%3ALOCAL Mozilla/5.0 (Windows NT 10.0; Win64; x64) AppleWebKit/537.36 (KHTML, like Gecko) Chrome/137.0.0.0 Safari/537.36 0.007
172.23.0.1 - - [04/Jul/2025:19:48:16 +0000] GET /devportal/site/public/theme/userTheme.js HTTP/1.1 200 95 https://localhost:9443/devportal/applications Mozilla/5.0 (Windows NT 10.0; Win64; x64) AppleWebKit/537.36 (KHTML, like Gecko) Chrome/137.0.0.0 Safari/537.36 0.006
172.23.0.1 - - [04/Jul/2025:19:48:16 +0000] GET /devportal/services/settings/settings.js HTTP/1.1 200 1670 https://localhost:9443/devportal/applications Mozilla/5.0 (Windows NT 10.0; Win64; x64) AppleWebKit/537.36 (KHTML, like Gecko) Chrome/137.0.0.0 Safari/537.36 0.008
172.23.0.1 - - [04/Jul/2025:19:48:17 +0000] GET /devportal/site/public/locales/en.json HTTP/1.1 200 68799 https://localhost:9443/devportal/applications Mozilla/5.0 (Windows NT 10.0; Win64; x64) AppleWebKit/537.36 (KHTML, like Gecko) Chrome/137.0.0.0 Safari/537.36 0.005
172.23.0.1 - - [04/Jul/2025:19:48:17 +0000] GET /api/am/devportal/v3/swagger.yaml HTTP/1.1 200 30152 https://localhost:9443/devportal/applications Mozilla/5.0 (Windows NT 10.0; Win64; x64) AppleWebKit/537.36 (KHTML, like Gecko) Chrome/137.0.0.0 Safari/537.36 0.029
172.23.0.1 - - [04/Jul/2025:19:48:17 +0000] GET /devportal/site/public/images/_favicon.ico HTTP/1.1 200 1150 https://localhost:9443/devportal/applications Mozilla/5.0 (Windows NT 10.0; Win64; x64) AppleWebKit/537.36 (KHTML, like Gecko) Chrome/137.0.0.0 Safari/537.36 0.004
172.23.0.1 - - [04/Jul/2025:19:48:17 +0000] GET /api/am/devportal/v3/settings HTTP/1.1 200 775 https://localhost:9443/devportal/applications Mozilla/5.0 (Windows NT 10.0; Win64; x64) AppleWebKit/537.36 (KHTML, like Gecko) Chrome/137.0.0.0 Safari/537.36 0.308
172.23.0.1 - - [04/Jul/2025:19:48:17 +0000] GET /devportal/site/public/theme/temporary_environments_config.json HTTP/1.1 200 - https://localhost:9443/devportal/applications Mozilla/5.0 (Windows NT 10.0; Win64; x64) AppleWebKit/537.36 (KHTML, like Gecko) Chrome/137.0.0.0 Safari/537.36 0.003
172.23.0.1 - - [04/Jul/2025:19:48:17 +0000] GET /devportal/site/public/theme/temporary_features_config.json HTTP/1.1 200 - https://localhost:9443/devportal/applications Mozilla/5.0 (Windows NT 10.0; Win64; x64) AppleWebKit/537.36 (KHTML, like Gecko) Chrome/137.0.0.0 Safari/537.36 0.004
172.23.0.1 - - [04/Jul/2025:19:48:17 +0000] GET /api/am/devportal/v3/tenants?state=active HTTP/1.1 200 96 https://localhost:9443/devportal/applications Mozilla/5.0 (Windows NT 10.0; Win64; x64) AppleWebKit/537.36 (KHTML, like Gecko) Chrome/137.0.0.0 Safari/537.36 0.006
127.0.0.1 - - [04/Jul/2025:19:48:17 +0000] GET /oauth2/userinfo HTTP/1.1 200 15 - Java-http-client/21.0.5 0.010
127.0.0.1 - - [04/Jul/2025:19:48:17 +0000] POST /oauth2/introspect HTTP/1.1 200 341 - Java-http-client/21.0.5 0.019
172.23.0.1 - - [04/Jul/2025:19:48:17 +0000] GET /devportal/services/auth/introspect HTTP/1.1 200 375 https://localhost:9443/devportal/applications Mozilla/5.0 (Windows NT 10.0; Win64; x64) AppleWebKit/537.36 (KHTML, like Gecko) Chrome/137.0.0.0 Safari/537.36 0.055
172.23.0.1 - - [04/Jul/2025:19:48:17 +0000] GET /devportal/site/public/dist/ApiListing.927afcc6b89e7a0faa57.bundle.js HTTP/1.1 200 6401 https://localhost:9443/devportal/applications Mozilla/5.0 (Windows NT 10.0; Win64; x64) AppleWebKit/537.36 (KHTML, like Gecko) Chrome/137.0.0.0 Safari/537.36 0.007
172.23.0.1 - - [04/Jul/2025:19:48:17 +0000] GET /oidc/checksession?client_id=8YNcwtyaHxWPUT9xJgLZDwrd4sUa&redirect_uri=https://localhost:9443/devportal/services/auth/callback/login HTTP/1.1 200 3134 https://localhost:9443/devportal/applications Mozilla/5.0 (Windows NT 10.0; Win64; x64) AppleWebKit/537.36 (KHTML, like Gecko) Chrome/137.0.0.0 Safari/537.36 0.009
172.23.0.1 - - [04/Jul/2025:19:48:17 +0000] GET /devportal HTTP/1.1 302 - https://localhost:9443/devportal/applications Mozilla/5.0 (Windows NT 10.0; Win64; x64) AppleWebKit/537.36 (KHTML, like Gecko) Chrome/137.0.0.0 Safari/537.36 0.000
172.23.0.1 - - [04/Jul/2025:19:48:17 +0000] GET /devportal/ HTTP/1.1 200 1691 https://localhost:9443/devportal/applications Mozilla/5.0 (Windows NT 10.0; Win64; x64) AppleWebKit/537.36 (KHTML, like Gecko) Chrome/137.0.0.0 Safari/537.36 0.009
172.23.0.1 - - [04/Jul/2025:19:48:17 +0000] GET /api/am/devportal/v3/me/organization-information HTTP/1.1 200 35 https://localhost:9443/devportal/applications Mozilla/5.0 (Windows NT 10.0; Win64; x64) AppleWebKit/537.36 (KHTML, like Gecko) Chrome/137.0.0.0 Safari/537.36 0.040
172.23.0.1 - - [04/Jul/2025:19:48:17 +0000] GET /api/am/devportal/v3/swagger.yaml HTTP/1.1 200 30152 https://localhost:9443/devportal/applications Mozilla/5.0 (Windows NT 10.0; Win64; x64) AppleWebKit/537.36 (KHTML, like Gecko) Chrome/137.0.0.0 Safari/537.36 0.009
172.23.0.1 - - [04/Jul/2025:19:48:17 +0000] GET /api/am/devportal/v3/settings HTTP/1.1 200 542 https://localhost:9443/devportal/applications Mozilla/5.0 (Windows NT 10.0; Win64; x64) AppleWebKit/537.36 (KHTML, like Gecko) Chrome/137.0.0.0 Safari/537.36 0.198
172.23.0.1 - - [04/Jul/2025:19:48:17 +0000] GET /api/am/devportal/v3/applications?sortBy=name&sortOrder=asc&limit=10&offset=0 HTTP/1.1 200 701 https://localhost:9443/devportal/applications Mozilla/5.0 (Windows NT 10.0; Win64; x64) AppleWebKit/537.36 (KHTML, like Gecko) Chrome/137.0.0.0 Safari/537.36 0.033
172.23.0.1 - - [04/Jul/2025:19:48:19 +0000] GET /devportal/site/public/dist/214.a5efa3b2b20ebb30d860.bundle.js HTTP/1.1 200 6538 https://localhost:9443/devportal/applications/539d6b5f-186c-4ccb-bc4a-34c980dcdbbd Mozilla/5.0 (Windows NT 10.0; Win64; x64) AppleWebKit/537.36 (KHTML, like Gecko) Chrome/137.0.0.0 Safari/537.36 0.003
172.23.0.1 - - [04/Jul/2025:19:48:19 +0000] GET /devportal/site/public/dist/6158.dd6ef497350cb00c1bfb.bundle.js HTTP/1.1 200 17831 https://localhost:9443/devportal/applications/539d6b5f-186c-4ccb-bc4a-34c980dcdbbd Mozilla/5.0 (Windows NT 10.0; Win64; x64) AppleWebKit/537.36 (KHTML, like Gecko) Chrome/137.0.0.0 Safari/537.36 0.006
172.23.0.1 - - [04/Jul/2025:19:48:19 +0000] GET /devportal/site/public/images/_favicon.ico HTTP/1.1 200 1150 https://localhost:9443/devportal/applications/539d6b5f-186c-4ccb-bc4a-34c980dcdbbd Mozilla/5.0 (Windows NT 10.0; Win64; x64) AppleWebKit/537.36 (KHTML, like Gecko) Chrome/137.0.0.0 Safari/537.36 0.001
172.23.0.1 - - [04/Jul/2025:19:48:19 +0000] GET /devportal/site/public/dist/ApplicationDetails.7756f71d6d689164435a.bundle.js HTTP/1.1 200 18179 https://localhost:9443/devportal/applications/539d6b5f-186c-4ccb-bc4a-34c980dcdbbd Mozilla/5.0 (Windows NT 10.0; Win64; x64) AppleWebKit/537.36 (KHTML, like Gecko) Chrome/137.0.0.0 Safari/537.36 0.021
172.23.0.1 - - [04/Jul/2025:19:48:19 +0000] GET /devportal/site/public/dist/1034.de7966ddf643bcf88a12.bundle.js HTTP/1.1 200 7520 https://localhost:9443/devportal/applications/539d6b5f-186c-4ccb-bc4a-34c980dcdbbd Mozilla/5.0 (Windows NT 10.0; Win64; x64) AppleWebKit/537.36 (KHTML, like Gecko) Chrome/137.0.0.0 Safari/537.36 0.028
172.23.0.1 - - [04/Jul/2025:19:48:19 +0000] GET /devportal/site/public/dist/5902.596d352df8beee5c59d1.bundle.js HTTP/1.1 200 43032 https://localhost:9443/devportal/applications/539d6b5f-186c-4ccb-bc4a-34c980dcdbbd Mozilla/5.0 (Windows NT 10.0; Win64; x64) AppleWebKit/537.36 (KHTML, like Gecko) Chrome/137.0.0.0 Safari/537.36 0.037
127.0.0.1 - - [04/Jul/2025:19:48:19 +0000] GET /keymanager-operations/dcr/register/UzRtUzQxSXdoRTJTUl9PTFAwT2JHc3VIamJJYQ%3D%3D HTTP/1.1 200 749 - Apache-HttpClient/4.5.13 (Java/21.0.5) 0.029
172.23.0.1 - - [04/Jul/2025:19:48:19 +0000] GET /api/am/devportal/v3/applications/539d6b5f-186c-4ccb-bc4a-34c980dcdbbd HTTP/1.1 200 404 https://localhost:9443/devportal/applications/539d6b5f-186c-4ccb-bc4a-34c980dcdbbd Mozilla/5.0 (Windows NT 10.0; Win64; x64) AppleWebKit/537.36 (KHTML, like Gecko) Chrome/137.0.0.0 Safari/537.36 0.061
172.23.0.1 - - [04/Jul/2025:19:48:19 +0000] GET /devportal/site/public/images/_favicon.ico HTTP/1.1 200 1150 https://localhost:9443/devportal/applications/539d6b5f-186c-4ccb-bc4a-34c980dcdbbd/overview Mozilla/5.0 (Windows NT 10.0; Win64; x64) AppleWebKit/537.36 (KHTML, like Gecko) Chrome/137.0.0.0 Safari/537.36 0.001
127.0.0.1 - - [04/Jul/2025:19:48:19 +0000] GET /keymanager-operations/dcr/register/UzRtUzQxSXdoRTJTUl9PTFAwT2JHc3VIamJJYQ%3D%3D HTTP/1.1 200 749 - Apache-HttpClient/4.5.13 (Java/21.0.5) 0.007
172.23.0.1 - - [04/Jul/2025:19:48:19 +0000] GET /api/am/devportal/v3/applications/539d6b5f-186c-4ccb-bc4a-34c980dcdbbd HTTP/1.1 200 404 https://localhost:9443/devportal/applications/539d6b5f-186c-4ccb-bc4a-34c980dcdbbd/overview Mozilla/5.0 (Windows NT 10.0; Win64; x64) AppleWebKit/537.36 (KHTML, like Gecko) Chrome/137.0.0.0 Safari/537.36 0.030
172.23.0.1 - - [04/Jul/2025:19:48:19 +0000] GET /api/am/devportal/v3/throttling-policies/application/Unlimited HTTP/1.1 200 490 https://localhost:9443/devportal/applications/539d6b5f-186c-4ccb-bc4a-34c980dcdbbd/overview Mozilla/5.0 (Windows NT 10.0; Win64; x64) AppleWebKit/537.36 (KHTML, like Gecko) Chrome/137.0.0.0 Safari/537.36 0.008
172.23.0.1 - - [04/Jul/2025:19:48:22 +0000] GET /devportal/site/public/images/_favicon.ico HTTP/1.1 200 1150 https://localhost:9443/devportal/applications/539d6b5f-186c-4ccb-bc4a-34c980dcdbbd/sandboxkeys/apikey Mozilla/5.0 (Windows NT 10.0; Win64; x64) AppleWebKit/537.36 (KHTML, like Gecko) Chrome/137.0.0.0 Safari/537.36 0.001
172.23.0.1 - - [04/Jul/2025:19:48:23 +0000] GET /devportal/site/public/images/_favicon.ico HTTP/1.1 200 1150 https://localhost:9443/devportal/applications/539d6b5f-186c-4ccb-bc4a-34c980dcdbbd/subscriptions Mozilla/5.0 (Windows NT 10.0; Win64; x64) AppleWebKit/537.36 (KHTML, like Gecko) Chrome/137.0.0.0 Safari/537.36 0.002
127.0.0.1 - - [04/Jul/2025:19:48:23 +0000] GET /keymanager-operations/dcr/register/UzRtUzQxSXdoRTJTUl9PTFAwT2JHc3VIamJJYQ%3D%3D HTTP/1.1 200 749 - Apache-HttpClient/4.5.13 (Java/21.0.5) 0.003
172.23.0.1 - - [04/Jul/2025:19:48:23 +0000] GET /api/am/devportal/v3/subscriptions?applicationId=539d6b5f-186c-4ccb-bc4a-34c980dcdbbd&limit=1000 HTTP/1.1 200 936 https://localhost:9443/devportal/applications/539d6b5f-186c-4ccb-bc4a-34c980dcdbbd/subscriptions Mozilla/5.0 (Windows NT 10.0; Win64; x64) AppleWebKit/537.36 (KHTML, like Gecko) Chrome/137.0.0.0 Safari/537.36 0.054
172.23.0.1 - - [04/Jul/2025:19:48:23 +0000] GET /api/am/devportal/v3/subscriptions/2547596d-d0e2-4c23-a3a1-c47925c7b7c2 HTTP/1.1 200 760 https://localhost:9443/devportal/applications/539d6b5f-186c-4ccb-bc4a-34c980dcdbbd/subscriptions Mozilla/5.0 (Windows NT 10.0; Win64; x64) AppleWebKit/537.36 (KHTML, like Gecko) Chrome/137.0.0.0 Safari/537.36 0.014
172.23.0.1 - - [04/Jul/2025:19:48:23 +0000] GET /api/am/devportal/v3/subscriptions/fcf2d4f2-04cd-47b9-8c2f-5f55bc311e16 HTTP/1.1 200 678 https://localhost:9443/devportal/applications/539d6b5f-186c-4ccb-bc4a-34c980dcdbbd/subscriptions Mozilla/5.0 (Windows NT 10.0; Win64; x64) AppleWebKit/537.36 (KHTML, like Gecko) Chrome/137.0.0.0 Safari/537.36 0.014
172.23.0.1 - - [04/Jul/2025:19:48:23 +0000] GET /api/am/devportal/v3/apis/3d25892b-b9a4-4295-bdc9-6528d8d6b900 HTTP/1.1 200 1061 https://localhost:9443/devportal/applications/539d6b5f-186c-4ccb-bc4a-34c980dcdbbd/subscriptions Mozilla/5.0 (Windows NT 10.0; Win64; x64) AppleWebKit/537.36 (KHTML, like Gecko) Chrome/137.0.0.0 Safari/537.36 0.014
172.23.0.1 - - [04/Jul/2025:19:48:23 +0000] GET /api/am/devportal/v3/apis/3e9c8bfa-e0d3-4922-984e-cd99bd95a7c8 HTTP/1.1 200 2630 https://localhost:9443/devportal/applications/539d6b5f-186c-4ccb-bc4a-34c980dcdbbd/subscriptions Mozilla/5.0 (Windows NT 10.0; Win64; x64) AppleWebKit/537.36 (KHTML, like Gecko) Chrome/137.0.0.0 Safari/537.36 0.020
172.23.0.1 - - [04/Jul/2025:19:48:23 +0000] GET /api/am/devportal/v3/throttling-policies/subscription/Unlimited HTTP/1.1 200 491 https://localhost:9443/devportal/applications/539d6b5f-186c-4ccb-bc4a-34c980dcdbbd/subscriptions Mozilla/5.0 (Windows NT 10.0; Win64; x64) AppleWebKit/537.36 (KHTML, like Gecko) Chrome/137.0.0.0 Safari/537.36 0.004
172.23.0.1 - - [04/Jul/2025:19:48:23 +0000] GET /api/am/devportal/v3/apis/3d25892b-b9a4-4295-bdc9-6528d8d6b900 HTTP/1.1 200 1061 https://localhost:9443/devportal/applications/539d6b5f-186c-4ccb-bc4a-34c980dcdbbd/subscriptions Mozilla/5.0 (Windows NT 10.0; Win64; x64) AppleWebKit/537.36 (KHTML, like Gecko) Chrome/137.0.0.0 Safari/537.36 0.015
172.23.0.1 - - [04/Jul/2025:19:48:23 +0000] GET /api/am/devportal/v3/apis/3e9c8bfa-e0d3-4922-984e-cd99bd95a7c8 HTTP/1.1 200 2630 https://localhost:9443/devportal/applications/539d6b5f-186c-4ccb-bc4a-34c980dcdbbd/subscriptions Mozilla/5.0 (Windows NT 10.0; Win64; x64) AppleWebKit/537.36 (KHTML, like Gecko) Chrome/137.0.0.0 Safari/537.36 0.010
172.23.0.1 - - [04/Jul/2025:19:48:23 +0000] GET /api/am/devportal/v3/throttling-policies/subscription/Unlimited HTTP/1.1 200 491 https://localhost:9443/devportal/applications/539d6b5f-186c-4ccb-bc4a-34c980dcdbbd/subscriptions Mozilla/5.0 (Windows NT 10.0; Win64; x64) AppleWebKit/537.36 (KHTML, like Gecko) Chrome/137.0.0.0 Safari/537.36 0.007
172.23.0.1 - - [04/Jul/2025:19:48:25 +0000] GET /devportal/site/public/images/_favicon.ico HTTP/1.1 200 1150 https://localhost:9443/devportal/apis/3e9c8bfa-e0d3-4922-984e-cd99bd95a7c8 Mozilla/5.0 (Windows NT 10.0; Win64; x64) AppleWebKit/537.36 (KHTML, like Gecko) Chrome/137.0.0.0 Safari/537.36 0.003
172.23.0.1 - - [04/Jul/2025:19:48:25 +0000] GET /api/am/devportal/v3/applications?limit=5000 HTTP/1.1 200 703 https://localhost:9443/devportal/apis/3e9c8bfa-e0d3-4922-984e-cd99bd95a7c8 Mozilla/5.0 (Windows NT 10.0; Win64; x64) AppleWebKit/537.36 (KHTML, like Gecko) Chrome/137.0.0.0 Safari/537.36 0.010
172.23.0.1 - - [04/Jul/2025:19:48:25 +0000] GET /api/am/devportal/v3/apis/3e9c8bfa-e0d3-4922-984e-cd99bd95a7c8 HTTP/1.1 200 2630 https://localhost:9443/devportal/apis/3e9c8bfa-e0d3-4922-984e-cd99bd95a7c8 Mozilla/5.0 (Windows NT 10.0; Win64; x64) AppleWebKit/537.36 (KHTML, like Gecko) Chrome/137.0.0.0 Safari/537.36 0.026
127.0.0.1 - - [04/Jul/2025:19:48:25 +0000] GET /keymanager-operations/dcr/register/dk9KMVB5VFlPSktKbEpDdnlhaFUyel9HOUM4YQ%3D%3D HTTP/1.1 200 547 - Apache-HttpClient/4.5.13 (Java/21.0.5) 0.005
127.0.0.1 - - [04/Jul/2025:19:48:25 +0000] GET /keymanager-operations/dcr/register/UzRtUzQxSXdoRTJTUl9PTFAwT2JHc3VIamJJYQ%3D%3D HTTP/1.1 200 749 - Apache-HttpClient/4.5.13 (Java/21.0.5) 0.005
127.0.0.1 - - [04/Jul/2025:19:48:25 +0000] GET /keymanager-operations/dcr/register/UzRtUzQxSXdoRTJTUl9PTFAwT2JHc3VIamJJYQ%3D%3D HTTP/1.1 200 749 - Apache-HttpClient/4.5.13 (Java/21.0.5) 0.004
127.0.0.1 - - [04/Jul/2025:19:48:25 +0000] GET /keymanager-operations/dcr/register/dk9KMVB5VFlPSktKbEpDdnlhaFUyel9HOUM4YQ%3D%3D HTTP/1.1 200 547 - Apache-HttpClient/4.5.13 (Java/21.0.5) 0.005
172.23.0.1 - - [04/Jul/2025:19:48:26 +0000] GET /api/am/devportal/v3/settings HTTP/1.1 200 542 https://localhost:9443/devportal/apis/3e9c8bfa-e0d3-4922-984e-cd99bd95a7c8 Mozilla/5.0 (Windows NT 10.0; Win64; x64) AppleWebKit/537.36 (KHTML, like Gecko) Chrome/137.0.0.0 Safari/537.36 0.059
172.23.0.1 - - [04/Jul/2025:19:48:26 +0000] GET /api/am/devportal/v3/subscriptions?apiId=3e9c8bfa-e0d3-4922-984e-cd99bd95a7c8&limit=25 HTTP/1.1 200 918 https://localhost:9443/devportal/apis/3e9c8bfa-e0d3-4922-984e-cd99bd95a7c8 Mozilla/5.0 (Windows NT 10.0; Win64; x64) AppleWebKit/537.36 (KHTML, like Gecko) Chrome/137.0.0.0 Safari/537.36 0.064
172.23.0.1 - - [04/Jul/2025:19:48:26 +0000] GET /api/am/devportal/v3/subscriptions?apiId=3e9c8bfa-e0d3-4922-984e-cd99bd95a7c8&limit=5000 HTTP/1.1 200 919 https://localhost:9443/devportal/apis/3e9c8bfa-e0d3-4922-984e-cd99bd95a7c8 Mozilla/5.0 (Windows NT 10.0; Win64; x64) AppleWebKit/537.36 (KHTML, like Gecko) Chrome/137.0.0.0 Safari/537.36 0.076
172.23.0.1 - - [04/Jul/2025:19:48:26 +0000] GET /devportal/site/public/images/_favicon.ico HTTP/1.1 200 1150 https://localhost:9443/devportal/apis/3e9c8bfa-e0d3-4922-984e-cd99bd95a7c8/overview Mozilla/5.0 (Windows NT 10.0; Win64; x64) AppleWebKit/537.36 (KHTML, like Gecko) Chrome/137.0.0.0 Safari/537.36 0.003
172.23.0.1 - - [04/Jul/2025:19:48:26 +0000] GET /api/am/devportal/v3/throttling-policies/subscription HTTP/1.1 200 751 https://localhost:9443/devportal/apis/3e9c8bfa-e0d3-4922-984e-cd99bd95a7c8/overview Mozilla/5.0 (Windows NT 10.0; Win64; x64) AppleWebKit/537.36 (KHTML, like Gecko) Chrome/137.0.0.0 Safari/537.36 0.008
172.23.0.1 - - [04/Jul/2025:19:48:26 +0000] GET /api/am/devportal/v3/apis/3e9c8bfa-e0d3-4922-984e-cd99bd95a7c8/documents HTTP/1.1 200 92 https://localhost:9443/devportal/apis/3e9c8bfa-e0d3-4922-984e-cd99bd95a7c8/overview Mozilla/5.0 (Windows NT 10.0; Win64; x64) AppleWebKit/537.36 (KHTML, like Gecko) Chrome/137.0.0.0 Safari/537.36 0.017
172.23.0.1 - - [04/Jul/2025:19:48:26 +0000] GET /api/am/devportal/v3/throttling-policies/subscription HTTP/1.1 200 751 https://localhost:9443/devportal/apis/3e9c8bfa-e0d3-4922-984e-cd99bd95a7c8/overview Mozilla/5.0 (Windows NT 10.0; Win64; x64) AppleWebKit/537.36 (KHTML, like Gecko) Chrome/137.0.0.0 Safari/537.36 0.012
172.23.0.1 - - [04/Jul/2025:19:48:26 +0000] GET /api/am/devportal/v3/apis/3e9c8bfa-e0d3-4922-984e-cd99bd95a7c8/documents HTTP/1.1 200 92 https://localhost:9443/devportal/apis/3e9c8bfa-e0d3-4922-984e-cd99bd95a7c8/overview Mozilla/5.0 (Windows NT 10.0; Win64; x64) AppleWebKit/537.36 (KHTML, like Gecko) Chrome/137.0.0.0 Safari/537.36 0.014
172.23.0.1 - - [04/Jul/2025:19:48:26 +0000] GET /api/am/devportal/v3/apis/3e9c8bfa-e0d3-4922-984e-cd99bd95a7c8/thumbnail HTTP/1.1 204 - https://localhost:9443/devportal/apis/3e9c8bfa-e0d3-4922-984e-cd99bd95a7c8/overview Mozilla/5.0 (Windows NT 10.0; Win64; x64) AppleWebKit/537.36 (KHTML, like Gecko) Chrome/137.0.0.0 Safari/537.36 0.008
172.23.0.1 - - [04/Jul/2025:19:48:26 +0000] GET /api/am/devportal/v3/apis/3e9c8bfa-e0d3-4922-984e-cd99bd95a7c8/ratings HTTP/1.1 200 125 https://localhost:9443/devportal/apis/3e9c8bfa-e0d3-4922-984e-cd99bd95a7c8/overview Mozilla/5.0 (Windows NT 10.0; Win64; x64) AppleWebKit/537.36 (KHTML, like Gecko) Chrome/137.0.0.0 Safari/537.36 0.010
172.23.0.1 - - [04/Jul/2025:19:48:26 +0000] GET /api/am/devportal/v3/apis/3e9c8bfa-e0d3-4922-984e-cd99bd95a7c8/comments?limit=5&offset=0 HTTP/1.1 200 101 https://localhost:9443/devportal/apis/3e9c8bfa-e0d3-4922-984e-cd99bd95a7c8/overview Mozilla/5.0 (Windows NT 10.0; Win64; x64) AppleWebKit/537.36 (KHTML, like Gecko) Chrome/137.0.0.0 Safari/537.36 0.013
172.23.0.1 - - [04/Jul/2025:19:48:33 +0000] GET /devportal/site/public/images/_favicon.ico HTTP/1.1 200 1150 https://localhost:9443/devportal/apis/3e9c8bfa-e0d3-4922-984e-cd99bd95a7c8/api-console Mozilla/5.0 (Windows NT 10.0; Win64; x64) AppleWebKit/537.36 (KHTML, like Gecko) Chrome/137.0.0.0 Safari/537.36 0.002
172.23.0.1 - - [04/Jul/2025:19:48:33 +0000] GET /devportal/site/public/dist/7894.4c560af4e67e52ac7a4d.bundle.js HTTP/1.1 200 1102347 https://localhost:9443/devportal/apis/3e9c8bfa-e0d3-4922-984e-cd99bd95a7c8/api-console Mozilla/5.0 (Windows NT 10.0; Win64; x64) AppleWebKit/537.36 (KHTML, like Gecko) Chrome/137.0.0.0 Safari/537.36 0.114
172.23.0.1 - - [04/Jul/2025:19:48:33 +0000] GET /api/am/devportal/v3/apis/3e9c8bfa-e0d3-4922-984e-cd99bd95a7c8 HTTP/1.1 200 2630 https://localhost:9443/devportal/apis/3e9c8bfa-e0d3-4922-984e-cd99bd95a7c8/api-console Mozilla/5.0 (Windows NT 10.0; Win64; x64) AppleWebKit/537.36 (KHTML, like Gecko) Chrome/137.0.0.0 Safari/537.36 0.016
172.23.0.1 - - [04/Jul/2025:19:48:33 +0000] GET /api/am/devportal/v3/apis/3e9c8bfa-e0d3-4922-984e-cd99bd95a7c8/swagger?environmentName=Default HTTP/1.1 200 1873 https://localhost:9443/devportal/apis/3e9c8bfa-e0d3-4922-984e-cd99bd95a7c8/api-console Mozilla/5.0 (Windows NT 10.0; Win64; x64) AppleWebKit/537.36 (KHTML, like Gecko) Chrome/137.0.0.0 Safari/537.36 0.023
127.0.0.1 - - [04/Jul/2025:19:48:33 +0000] GET /keymanager-operations/dcr/register/UzRtUzQxSXdoRTJTUl9PTFAwT2JHc3VIamJJYQ%3D%3D HTTP/1.1 200 749 - Apache-HttpClient/4.5.13 (Java/21.0.5) 0.004
127.0.0.1 - - [04/Jul/2025:19:48:33 +0000] GET /keymanager-operations/dcr/register/dk9KMVB5VFlPSktKbEpDdnlhaFUyel9HOUM4YQ%3D%3D HTTP/1.1 200 547 - Apache-HttpClient/4.5.13 (Java/21.0.5) 0.003
172.23.0.1 - - [04/Jul/2025:19:48:33 +0000] GET /api/am/devportal/v3/swagger.yaml HTTP/1.1 200 30152 https://localhost:9443/devportal/apis/3e9c8bfa-e0d3-4922-984e-cd99bd95a7c8/api-console Mozilla/5.0 (Windows NT 10.0; Win64; x64) AppleWebKit/537.36 (KHTML, like Gecko) Chrome/137.0.0.0 Safari/537.36 0.008
127.0.0.1 - - [04/Jul/2025:19:48:33 +0000] GET /oauth2/token/.well-known/openid-configuration HTTP/1.1 200 2404 - Apache-HttpClient/4.5.13 (Java/21.0.5) 0.006
172.23.0.1 - - [04/Jul/2025:19:48:33 +0000] GET /api/am/devportal/v3/subscriptions?apiId=3e9c8bfa-e0d3-4922-984e-cd99bd95a7c8&limit=25 HTTP/1.1 200 918 https://localhost:9443/devportal/apis/3e9c8bfa-e0d3-4922-984e-cd99bd95a7c8/api-console Mozilla/5.0 (Windows NT 10.0; Win64; x64) AppleWebKit/537.36 (KHTML, like Gecko) Chrome/137.0.0.0 Safari/537.36 0.061
172.23.0.1 - - [04/Jul/2025:19:48:33 +0000] GET /api/am/devportal/v3/key-managers HTTP/1.1 200 764 https://localhost:9443/devportal/apis/3e9c8bfa-e0d3-4922-984e-cd99bd95a7c8/api-console Mozilla/5.0 (Windows NT 10.0; Win64; x64) AppleWebKit/537.36 (KHTML, like Gecko) Chrome/137.0.0.0 Safari/537.36 0.039
127.0.0.1 - - [04/Jul/2025:19:48:33 +0000] GET /keymanager-operations/dcr/register/UzRtUzQxSXdoRTJTUl9PTFAwT2JHc3VIamJJYQ%3D%3D HTTP/1.1 200 749 - Apache-HttpClient/4.5.13 (Java/21.0.5) 0.005
127.0.0.1 - - [04/Jul/2025:19:48:33 +0000] GET /keymanager-operations/dcr/register/dk9KMVB5VFlPSktKbEpDdnlhaFUyel9HOUM4YQ%3D%3D HTTP/1.1 200 547 - Apache-HttpClient/4.5.13 (Java/21.0.5) 0.004
172.23.0.1 - - [04/Jul/2025:19:48:33 +0000] GET /api/am/devportal/v3/subscriptions?apiId=3e9c8bfa-e0d3-4922-984e-cd99bd95a7c8&limit=25 HTTP/1.1 200 918 https://localhost:9443/devportal/apis/3e9c8bfa-e0d3-4922-984e-cd99bd95a7c8/api-console Mozilla/5.0 (Windows NT 10.0; Win64; x64) AppleWebKit/537.36 (KHTML, like Gecko) Chrome/137.0.0.0 Safari/537.36 0.041
172.23.0.1 - - [04/Jul/2025:19:48:33 +0000] GET /api/am/devportal/v3/applications/ HTTP/1.1 200 701 https://localhost:9443/devportal/apis/3e9c8bfa-e0d3-4922-984e-cd99bd95a7c8/api-console Mozilla/5.0 (Windows NT 10.0; Win64; x64) AppleWebKit/537.36 (KHTML, like Gecko) Chrome/137.0.0.0 Safari/537.36 0.007
172.23.0.1 - - [04/Jul/2025:19:48:33 +0000] GET /api/am/devportal/v3/swagger.yaml HTTP/1.1 200 30152 https://localhost:9443/devportal/apis/3e9c8bfa-e0d3-4922-984e-cd99bd95a7c8/api-console Mozilla/5.0 (Windows NT 10.0; Win64; x64) AppleWebKit/537.36 (KHTML, like Gecko) Chrome/137.0.0.0 Safari/537.36 0.016
127.0.0.1 - - [04/Jul/2025:19:48:33 +0000] GET /keymanager-operations/dcr/register/UzRtUzQxSXdoRTJTUl9PTFAwT2JHc3VIamJJYQ%3D%3D HTTP/1.1 200 749 - Apache-HttpClient/4.5.13 (Java/21.0.5) 0.003
172.23.0.1 - - [04/Jul/2025:19:48:33 +0000] GET /api/am/devportal/v3/applications/539d6b5f-186c-4ccb-bc4a-34c980dcdbbd HTTP/1.1 200 404 https://localhost:9443/devportal/apis/3e9c8bfa-e0d3-4922-984e-cd99bd95a7c8/api-console Mozilla/5.0 (Windows NT 10.0; Win64; x64) AppleWebKit/537.36 (KHTML, like Gecko) Chrome/137.0.0.0 Safari/537.36 0.009
127.0.0.1 - - [04/Jul/2025:19:48:33 +0000] GET /keymanager-operations/dcr/register/UzRtUzQxSXdoRTJTUl9PTFAwT2JHc3VIamJJYQ%3D%3D HTTP/1.1 200 749 - Apache-HttpClient/4.5.13 (Java/21.0.5) 0.003
172.23.0.1 - - [04/Jul/2025:19:48:33 +0000] GET /api/am/devportal/v3/applications/539d6b5f-186c-4ccb-bc4a-34c980dcdbbd/oauth-keys HTTP/1.1 200 868 https://localhost:9443/devportal/apis/3e9c8bfa-e0d3-4922-984e-cd99bd95a7c8/api-console Mozilla/5.0 (Windows NT 10.0; Win64; x64) AppleWebKit/537.36 (KHTML, like Gecko) Chrome/137.0.0.0 Safari/537.36 0.009
172.23.0.1 - - [04/Jul/2025:19:48:33 +0000] GET /api/am/devportal/v3/swagger.yaml HTTP/1.1 200 30152 https://localhost:9443/devportal/apis/3e9c8bfa-e0d3-4922-984e-cd99bd95a7c8/api-console Mozilla/5.0 (Windows NT 10.0; Win64; x64) AppleWebKit/537.36 (KHTML, like Gecko) Chrome/137.0.0.0 Safari/537.36 0.007
127.0.0.1 - - [04/Jul/2025:19:48:33 +0000] GET /keymanager-operations/dcr/register/UzRtUzQxSXdoRTJTUl9PTFAwT2JHc3VIamJJYQ%3D%3D HTTP/1.1 200 749 - Apache-HttpClient/4.5.13 (Java/21.0.5) 0.001
172.23.0.1 - - [04/Jul/2025:19:48:33 +0000] GET /api/am/devportal/v3/applications/539d6b5f-186c-4ccb-bc4a-34c980dcdbbd HTTP/1.1 200 404 https://localhost:9443/devportal/apis/3e9c8bfa-e0d3-4922-984e-cd99bd95a7c8/api-console Mozilla/5.0 (Windows NT 10.0; Win64; x64) AppleWebKit/537.36 (KHTML, like Gecko) Chrome/137.0.0.0 Safari/537.36 0.007
127.0.0.1 - - [04/Jul/2025:19:48:33 +0000] GET /keymanager-operations/dcr/register/UzRtUzQxSXdoRTJTUl9PTFAwT2JHc3VIamJJYQ%3D%3D HTTP/1.1 200 749 - Apache-HttpClient/4.5.13 (Java/21.0.5) 0.002
172.23.0.1 - - [04/Jul/2025:19:48:33 +0000] GET /api/am/devportal/v3/applications/539d6b5f-186c-4ccb-bc4a-34c980dcdbbd/oauth-keys HTTP/1.1 200 868 https://localhost:9443/devportal/apis/3e9c8bfa-e0d3-4922-984e-cd99bd95a7c8/api-console Mozilla/5.0 (Windows NT 10.0; Win64; x64) AppleWebKit/537.36 (KHTML, like Gecko) Chrome/137.0.0.0 Safari/537.36 0.009
172.23.0.1 - - [04/Jul/2025:19:48:42 +0000] GET /api/am/devportal/v3/swagger.yaml HTTP/1.1 200 30152 https://localhost:9443/devportal/apis/3e9c8bfa-e0d3-4922-984e-cd99bd95a7c8/api-console Mozilla/5.0 (Windows NT 10.0; Win64; x64) AppleWebKit/537.36 (KHTML, like Gecko) Chrome/137.0.0.0 Safari/537.36 0.010
127.0.0.1 - - [04/Jul/2025:19:48:42 +0000] GET /keymanager-operations/dcr/register/UzRtUzQxSXdoRTJTUl9PTFAwT2JHc3VIamJJYQ%3D%3D HTTP/1.1 200 749 - Apache-HttpClient/4.5.13 (Java/21.0.5) 0.003
172.23.0.1 - - [04/Jul/2025:19:48:42 +0000] GET /api/am/devportal/v3/applications/539d6b5f-186c-4ccb-bc4a-34c980dcdbbd HTTP/1.1 200 404 https://localhost:9443/devportal/apis/3e9c8bfa-e0d3-4922-984e-cd99bd95a7c8/api-console Mozilla/5.0 (Windows NT 10.0; Win64; x64) AppleWebKit/537.36 (KHTML, like Gecko) Chrome/137.0.0.0 Safari/537.36 0.009
127.0.0.1 - - [04/Jul/2025:19:48:42 +0000] GET /keymanager-operations/dcr/register/UzRtUzQxSXdoRTJTUl9PTFAwT2JHc3VIamJJYQ%3D%3D HTTP/1.1 200 749 - Apache-HttpClient/4.5.13 (Java/21.0.5) 0.002
172.23.0.1 - - [04/Jul/2025:19:48:42 +0000] GET /api/am/devportal/v3/applications/539d6b5f-186c-4ccb-bc4a-34c980dcdbbd/oauth-keys HTTP/1.1 200 868 https://localhost:9443/devportal/apis/3e9c8bfa-e0d3-4922-984e-cd99bd95a7c8/api-console Mozilla/5.0 (Windows NT 10.0; Win64; x64) AppleWebKit/537.36 (KHTML, like Gecko) Chrome/137.0.0.0 Safari/537.36 0.007
127.0.0.1 - - [04/Jul/2025:19:48:42 +0000] GET /keymanager-operations/dcr/register/UzRtUzQxSXdoRTJTUl9PTFAwT2JHc3VIamJJYQ%3D%3D HTTP/1.1 200 749 - Apache-HttpClient/4.5.13 (Java/21.0.5) 0.003
127.0.0.1 - - [04/Jul/2025:19:48:42 +0000] GET /keymanager-operations/dcr/register/UzRtUzQxSXdoRTJTUl9PTFAwT2JHc3VIamJJYQ%3D%3D HTTP/1.1 200 749 - Apache-HttpClient/4.5.13 (Java/21.0.5) 0.003
127.0.0.1 - - [04/Jul/2025:19:48:42 +0000] POST /oauth2/token HTTP/1.1 200 1178 - Apache-HttpClient/4.5.13 (Java/21.0.5) 0.020
172.23.0.1 - - [04/Jul/2025:19:48:42 +0000] POST /api/am/devportal/v3/applications/539d6b5f-186c-4ccb-bc4a-34c980dcdbbd/oauth-keys/5161b079-ecf2-402f-9ee6-b91bcf0aaeec/generate-token HTTP/1.1 200 899 https://localhost:9443/devportal/apis/3e9c8bfa-e0d3-4922-984e-cd99bd95a7c8/api-console Mozilla/5.0 (Windows NT 10.0; Win64; x64) AppleWebKit/537.36 (KHTML, like Gecko) Chrome/137.0.0.0 Safari/537.36 0.128
127.0.0.1 - - [04/Jul/2025:19:48:42 +0000] POST /internal/data/v1/notify HTTP/1.1 200 - - Apache-HttpClient/4.5.13 (Java/21.0.5) 0.047
