172.23.0.1 - - [04/Jun/2025:16:54:35 +0000] GET /carbon/idpmgt/images/add.gif HTTP/1.1 200 407 https://localhost:9443/carbon/admin/index.jsp?loginStatus=true Mozilla/5.0 (Windows NT 10.0; Win64; x64) AppleWebKit/537.36 (KHTML, like Gecko) Chrome/137.0.0.0 Safari/537.36 0.003
172.23.0.1 - - [04/Jun/2025:16:54:35 +0000] GET /carbon/admin-advisory-mgt/images/admin-adv.png HTTP/1.1 200 1118 https://localhost:9443/carbon/admin/index.jsp?loginStatus=true Mozilla/5.0 (Windows NT 10.0; Win64; x64) AppleWebKit/537.36 (KHTML, like Gecko) Chrome/137.0.0.0 Safari/537.36 0.001
172.23.0.1 - - [04/Jun/2025:16:54:35 +0000] GET /carbon/log-config/images/log.gif HTTP/1.1 200 596 https://localhost:9443/carbon/admin/index.jsp?loginStatus=true Mozilla/5.0 (Windows NT 10.0; Win64; x64) AppleWebKit/537.36 (KHTML, like Gecko) Chrome/137.0.0.0 Safari/537.36 0.001
172.23.0.1 - - [04/Jun/2025:16:54:35 +0000] GET /carbon/email-mgt/images/i18nemail-template.png HTTP/1.1 200 602 https://localhost:9443/carbon/admin/index.jsp?loginStatus=true Mozilla/5.0 (Windows NT 10.0; Win64; x64) AppleWebKit/537.36 (KHTML, like Gecko) Chrome/137.0.0.0 Safari/537.36 0.001
172.23.0.1 - - [04/Jun/2025:16:54:35 +0000] GET /carbon/roles-mgt/images/server-role.gif HTTP/1.1 200 1073 https://localhost:9443/carbon/admin/index.jsp?loginStatus=true Mozilla/5.0 (Windows NT 10.0; Win64; x64) AppleWebKit/537.36 (KHTML, like Gecko) Chrome/137.0.0.0 Safari/537.36 0.003
172.23.0.1 - - [04/Jun/2025:16:54:35 +0000] GET /carbon/tenant-mgt/images/services1.gif HTTP/1.1 200 608 https://localhost:9443/carbon/admin/index.jsp?loginStatus=true Mozilla/5.0 (Windows NT 10.0; Win64; x64) AppleWebKit/537.36 (KHTML, like Gecko) Chrome/137.0.0.0 Safari/537.36 0.002
172.23.0.1 - - [04/Jun/2025:16:54:35 +0000] GET /carbon/tenant-mgt/images/multi_tenancy.png HTTP/1.1 200 768 https://localhost:9443/carbon/admin/index.jsp?loginStatus=true Mozilla/5.0 (Windows NT 10.0; Win64; x64) AppleWebKit/537.36 (KHTML, like Gecko) Chrome/137.0.0.0 Safari/537.36 0.002
172.23.0.1 - - [04/Jun/2025:16:54:35 +0000] GET /carbon/email-mgt/images/add_email.gif HTTP/1.1 200 407 https://localhost:9443/carbon/admin/index.jsp?loginStatus=true Mozilla/5.0 (Windows NT 10.0; Win64; x64) AppleWebKit/537.36 (KHTML, like Gecko) Chrome/137.0.0.0 Safari/537.36 0.002
172.23.0.1 - - [04/Jun/2025:16:54:35 +0000] GET /carbon/admin/images/help.gif HTTP/1.1 200 411 https://localhost:9443/carbon/admin/css/global.css Mozilla/5.0 (Windows NT 10.0; Win64; x64) AppleWebKit/537.36 (KHTML, like Gecko) Chrome/137.0.0.0 Safari/537.36 0.002
172.23.0.1 - - [04/Jun/2025:16:54:35 +0000] GET /carbon/tenant-mgt/images/services.gif HTTP/1.1 200 604 https://localhost:9443/carbon/admin/index.jsp?loginStatus=true Mozilla/5.0 (Windows NT 10.0; Win64; x64) AppleWebKit/537.36 (KHTML, like Gecko) Chrome/137.0.0.0 Safari/537.36 0.003
172.23.0.1 - - [04/Jun/2025:16:54:35 +0000] GET /carbon/email-mgt/images/edit_email.gif HTTP/1.1 200 1036 https://localhost:9443/carbon/admin/index.jsp?loginStatus=true Mozilla/5.0 (Windows NT 10.0; Win64; x64) AppleWebKit/537.36 (KHTML, like Gecko) Chrome/137.0.0.0 Safari/537.36 0.003
172.23.0.1 - - [04/Jun/2025:16:54:35 +0000] GET /carbon/keystoremgt/images/keystore.gif HTTP/1.1 200 604 https://localhost:9443/carbon/admin/index.jsp?loginStatus=true Mozilla/5.0 (Windows NT 10.0; Win64; x64) AppleWebKit/537.36 (KHTML, like Gecko) Chrome/137.0.0.0 Safari/537.36 0.002
172.23.0.1 - - [04/Jun/2025:16:54:35 +0000] GET /carbon/keystoremgt/images/add.gif HTTP/1.1 200 407 https://localhost:9443/carbon/admin/index.jsp?loginStatus=true Mozilla/5.0 (Windows NT 10.0; Win64; x64) AppleWebKit/537.36 (KHTML, like Gecko) Chrome/137.0.0.0 Safari/537.36 0.002
172.23.0.1 - - [04/Jun/2025:16:54:35 +0000] GET /carbon/keystoremgt/images/list.gif HTTP/1.1 200 216 https://localhost:9443/carbon/admin/index.jsp?loginStatus=true Mozilla/5.0 (Windows NT 10.0; Win64; x64) AppleWebKit/537.36 (KHTML, like Gecko) Chrome/137.0.0.0 Safari/537.36 0.002
172.23.0.1 - - [04/Jun/2025:16:54:35 +0000] GET /carbon/consent/images/consent.gif HTTP/1.1 200 1017 https://localhost:9443/carbon/admin/index.jsp?loginStatus=true Mozilla/5.0 (Windows NT 10.0; Win64; x64) AppleWebKit/537.36 (KHTML, like Gecko) Chrome/137.0.0.0 Safari/537.36 0.003
172.23.0.1 - - [04/Jun/2025:16:54:35 +0000] GET /carbon/consent/images/add.png HTTP/1.1 200 639 https://localhost:9443/carbon/admin/index.jsp?loginStatus=true Mozilla/5.0 (Windows NT 10.0; Win64; x64) AppleWebKit/537.36 (KHTML, like Gecko) Chrome/137.0.0.0 Safari/537.36 0.002
172.23.0.1 - - [04/Jun/2025:16:54:35 +0000] GET /carbon/consent/images/list.png HTTP/1.1 200 216 https://localhost:9443/carbon/admin/index.jsp?loginStatus=true Mozilla/5.0 (Windows NT 10.0; Win64; x64) AppleWebKit/537.36 (KHTML, like Gecko) Chrome/137.0.0.0 Safari/537.36 0.002
172.23.0.1 - - [04/Jun/2025:16:54:35 +0000] GET /carbon/oauth/images/oauth.gif HTTP/1.1 200 1025 https://localhost:9443/carbon/admin/index.jsp?loginStatus=true Mozilla/5.0 (Windows NT 10.0; Win64; x64) AppleWebKit/537.36 (KHTML, like Gecko) Chrome/137.0.0.0 Safari/537.36 0.003
172.23.0.1 - - [04/Jun/2025:16:54:35 +0000] GET /carbon/oauth/images/add.gif HTTP/1.1 200 407 https://localhost:9443/carbon/admin/index.jsp?loginStatus=true Mozilla/5.0 (Windows NT 10.0; Win64; x64) AppleWebKit/537.36 (KHTML, like Gecko) Chrome/137.0.0.0 Safari/537.36 0.002
172.23.0.1 - - [04/Jun/2025:16:54:35 +0000] GET /carbon/oauth/images/list.gif HTTP/1.1 200 216 https://localhost:9443/carbon/admin/index.jsp?loginStatus=true Mozilla/5.0 (Windows NT 10.0; Win64; x64) AppleWebKit/537.36 (KHTML, like Gecko) Chrome/137.0.0.0 Safari/537.36 0.004
172.23.0.1 - - [04/Jun/2025:16:54:35 +0000] GET /carbon/admin/images/leftRightSlider-dark.png HTTP/1.1 200 1421 https://localhost:9443/carbon/admin/css/global.css Mozilla/5.0 (Windows NT 10.0; Win64; x64) AppleWebKit/537.36 (KHTML, like Gecko) Chrome/137.0.0.0 Safari/537.36 0.003
172.23.0.1 - - [04/Jun/2025:16:54:35 +0000] GET /carbon/resources/images/resources.gif HTTP/1.1 200 1028 https://localhost:9443/carbon/admin/index.jsp?loginStatus=true Mozilla/5.0 (Windows NT 10.0; Win64; x64) AppleWebKit/537.36 (KHTML, like Gecko) Chrome/137.0.0.0 Safari/537.36 0.005
172.23.0.1 - - [04/Jun/2025:16:54:35 +0000] GET /carbon/server-admin/system_status_ajaxprocessor.jsp HTTP/1.1 200 1225 https://localhost:9443/carbon/admin/index.jsp?loginStatus=true Mozilla/5.0 (Windows NT 10.0; Win64; x64) AppleWebKit/537.36 (KHTML, like Gecko) Chrome/137.0.0.0 Safari/537.36 0.027
172.23.0.1 - - [04/Jun/2025:16:54:35 +0000] GET /carbon/eventpublisher/images/events.png HTTP/1.1 200 625 https://localhost:9443/carbon/admin/index.jsp?loginStatus=true Mozilla/5.0 (Windows NT 10.0; Win64; x64) AppleWebKit/537.36 (KHTML, like Gecko) Chrome/137.0.0.0 Safari/537.36 0.002
172.23.0.1 - - [04/Jun/2025:16:54:35 +0000] GET /carbon/event-flow/images/event-flow.png HTTP/1.1 200 865 https://localhost:9443/carbon/admin/index.jsp?loginStatus=true Mozilla/5.0 (Windows NT 10.0; Win64; x64) AppleWebKit/537.36 (KHTML, like Gecko) Chrome/137.0.0.0 Safari/537.36 0.002
172.23.0.1 - - [04/Jun/2025:16:54:35 +0000] GET /carbon/eventstream/images/event-stream.png HTTP/1.1 200 688 https://localhost:9443/carbon/admin/index.jsp?loginStatus=true Mozilla/5.0 (Windows NT 10.0; Win64; x64) AppleWebKit/537.36 (KHTML, like Gecko) Chrome/137.0.0.0 Safari/537.36 0.002
172.23.0.1 - - [04/Jun/2025:16:54:35 +0000] GET /carbon/eventreceiver/images/event-receiver.png HTTP/1.1 200 799 https://localhost:9443/carbon/admin/index.jsp?loginStatus=true Mozilla/5.0 (Windows NT 10.0; Win64; x64) AppleWebKit/537.36 (KHTML, like Gecko) Chrome/137.0.0.0 Safari/537.36 0.002
172.23.0.1 - - [04/Jun/2025:16:54:35 +0000] GET /carbon/eventpublisher/images/event-publisher.png HTTP/1.1 200 863 https://localhost:9443/carbon/admin/index.jsp?loginStatus=true Mozilla/5.0 (Windows NT 10.0; Win64; x64) AppleWebKit/537.36 (KHTML, like Gecko) Chrome/137.0.0.0 Safari/537.36 0.001
172.23.0.1 - - [04/Jun/2025:16:54:35 +0000] GET /carbon/admin/images/down-arrow.gif HTTP/1.1 200 610 https://localhost:9443/carbon/admin/index.jsp?loginStatus=true Mozilla/5.0 (Windows NT 10.0; Win64; x64) AppleWebKit/537.36 (KHTML, like Gecko) Chrome/137.0.0.0 Safari/537.36 0.002
172.23.0.1 - - [04/Jun/2025:16:54:35 +0000] GET /carbon/admin/images/table-header.gif HTTP/1.1 200 873 https://localhost:9443/carbon/admin/css/global.css Mozilla/5.0 (Windows NT 10.0; Win64; x64) AppleWebKit/537.36 (KHTML, like Gecko) Chrome/137.0.0.0 Safari/537.36 0.001
172.23.0.1 - - [04/Jun/2025:16:54:39 +0000] GET /carbon/application/list-service-providers.jsp?region=region1&item=list_service_providers_menu HTTP/1.1 200 5633 https://localhost:9443/carbon/admin/index.jsp?loginStatus=true Mozilla/5.0 (Windows NT 10.0; Win64; x64) AppleWebKit/537.36 (KHTML, like Gecko) Chrome/137.0.0.0 Safari/537.36 0.021
172.23.0.1 - - [04/Jun/2025:16:54:39 +0000] GET /carbon/admin/js/breadcrumbs.js HTTP/1.1 200 1333 https://localhost:9443/carbon/application/list-service-providers.jsp?region=region1&item=list_service_providers_menu Mozilla/5.0 (Windows NT 10.0; Win64; x64) AppleWebKit/537.36 (KHTML, like Gecko) Chrome/137.0.0.0 Safari/537.36 0.002
172.23.0.1 - - [04/Jun/2025:16:54:39 +0000] GET /carbon/admin/js/csrfPrevention.js HTTP/1.1 200 4370 https://localhost:9443/carbon/application/list-service-providers.jsp?region=region1&item=list_service_providers_menu Mozilla/5.0 (Windows NT 10.0; Win64; x64) AppleWebKit/537.36 (KHTML, like Gecko) Chrome/137.0.0.0 Safari/537.36 0.003
172.23.0.1 - - [04/Jun/2025:16:54:39 +0000] GET /carbon/admin/jsp/registry_styles_ajaxprocessor.jsp HTTP/1.1 200 123 https://localhost:9443/carbon/application/list-service-providers.jsp?region=region1&item=list_service_providers_menu Mozilla/5.0 (Windows NT 10.0; Win64; x64) AppleWebKit/537.36 (KHTML, like Gecko) Chrome/137.0.0.0 Safari/537.36 0.008
172.23.0.1 - - [04/Jun/2025:16:54:39 +0000] POST /carbon/admin/js/csrfPrevention.js HTTP/1.1 200 52 https://localhost:9443/carbon/application/list-service-providers.jsp?region=region1&item=list_service_providers_menu Mozilla/5.0 (Windows NT 10.0; Win64; x64) AppleWebKit/537.36 (KHTML, like Gecko) Chrome/137.0.0.0 Safari/537.36 0.001
172.23.0.1 - - [04/Jun/2025:16:54:39 +0000] GET /carbon/admin/images/delete.gif HTTP/1.1 200 555 https://localhost:9443/carbon/application/list-service-providers.jsp?region=region1&item=list_service_providers_menu Mozilla/5.0 (Windows NT 10.0; Win64; x64) AppleWebKit/537.36 (KHTML, like Gecko) Chrome/137.0.0.0 Safari/537.36 0.002
172.23.0.1 - - [04/Jun/2025:16:54:39 +0000] GET /carbon/admin/images/edit.gif HTTP/1.1 200 1041 https://localhost:9443/carbon/application/list-service-providers.jsp?region=region1&item=list_service_providers_menu Mozilla/5.0 (Windows NT 10.0; Win64; x64) AppleWebKit/537.36 (KHTML, like Gecko) Chrome/137.0.0.0 Safari/537.36 0.003
172.23.0.1 - - [04/Jun/2025:16:54:39 +0000] GET /carbon/entitlement/images/publish.gif HTTP/1.1 404 823 https://localhost:9443/carbon/application/list-service-providers.jsp?region=region1&item=list_service_providers_menu Mozilla/5.0 (Windows NT 10.0; Win64; x64) AppleWebKit/537.36 (KHTML, like Gecko) Chrome/137.0.0.0 Safari/537.36 0.003
172.23.0.1 - - [04/Jun/2025:16:54:39 +0000] GET /carbon/dialog/img/confirm.gif HTTP/1.1 200 2334 https://localhost:9443/carbon/dialog/css/dialog.css Mozilla/5.0 (Windows NT 10.0; Win64; x64) AppleWebKit/537.36 (KHTML, like Gecko) Chrome/137.0.0.0 Safari/537.36 0.003
172.23.0.1 - - [04/Jun/2025:16:55:42 +0000] - 400 - - - 0.000
172.23.0.1 - - [04/Jun/2025:16:55:42 +0000] - 400 - - - 0.000
172.23.0.1 - - [04/Jun/2025:16:55:42 +0000] GET /api/am/devportal/v3/swagger.yaml HTTP/1.1 200 30152 https://localhost:9443/devportal/applications/ea90ae31-c3d2-4fb9-9f0c-8c7ddae64655/sandboxkeys/oauth Mozilla/5.0 (Windows NT 10.0; Win64; x64) AppleWebKit/537.36 (KHTML, like Gecko) Chrome/137.0.0.0 Safari/537.36 0.006
127.0.0.1 - - [04/Jun/2025:16:55:42 +0000] GET /oauth2/token/.well-known/openid-configuration HTTP/1.1 200 2404 - Apache-HttpClient/4.5.13 (Java/21.0.5) 0.005
172.23.0.1 - - [04/Jun/2025:16:55:42 +0000] GET /api/am/devportal/v3/key-managers HTTP/1.1 200 764 https://localhost:9443/devportal/applications/ea90ae31-c3d2-4fb9-9f0c-8c7ddae64655/sandboxkeys/oauth Mozilla/5.0 (Windows NT 10.0; Win64; x64) AppleWebKit/537.36 (KHTML, like Gecko) Chrome/137.0.0.0 Safari/537.36 0.027
127.0.0.1 - - [04/Jun/2025:16:55:42 +0000] GET /keymanager-operations/dcr/register/dk9KMVB5VFlPSktKbEpDdnlhaFUyel9HOUM4YQ%3D%3D HTTP/1.1 200 547 - Apache-HttpClient/4.5.13 (Java/21.0.5) 0.002
172.23.0.1 - - [04/Jun/2025:16:55:42 +0000] GET /api/am/devportal/v3/applications/ea90ae31-c3d2-4fb9-9f0c-8c7ddae64655 HTTP/1.1 200 358 https://localhost:9443/devportal/applications/ea90ae31-c3d2-4fb9-9f0c-8c7ddae64655/sandboxkeys/oauth Mozilla/5.0 (Windows NT 10.0; Win64; x64) AppleWebKit/537.36 (KHTML, like Gecko) Chrome/137.0.0.0 Safari/537.36 0.011
127.0.0.1 - - [04/Jun/2025:16:55:42 +0000] GET /keymanager-operations/dcr/register/dk9KMVB5VFlPSktKbEpDdnlhaFUyel9HOUM4YQ%3D%3D HTTP/1.1 200 547 - Apache-HttpClient/4.5.13 (Java/21.0.5) 0.002
172.23.0.1 - - [04/Jun/2025:16:55:42 +0000] GET /api/am/devportal/v3/applications/ea90ae31-c3d2-4fb9-9f0c-8c7ddae64655/oauth-keys HTTP/1.1 200 666 https://localhost:9443/devportal/applications/ea90ae31-c3d2-4fb9-9f0c-8c7ddae64655/sandboxkeys/oauth Mozilla/5.0 (Windows NT 10.0; Win64; x64) AppleWebKit/537.36 (KHTML, like Gecko) Chrome/137.0.0.0 Safari/537.36 0.006
172.23.0.1 - - [04/Jun/2025:16:55:42 +0000] GET /api/am/devportal/v3/swagger.yaml HTTP/1.1 200 30152 https://localhost:9443/devportal/applications/ea90ae31-c3d2-4fb9-9f0c-8c7ddae64655/sandboxkeys/oauth Mozilla/5.0 (Windows NT 10.0; Win64; x64) AppleWebKit/537.36 (KHTML, like Gecko) Chrome/137.0.0.0 Safari/537.36 0.006
127.0.0.1 - - [04/Jun/2025:16:55:43 +0000] GET /keymanager-operations/dcr/register/dk9KMVB5VFlPSktKbEpDdnlhaFUyel9HOUM4YQ%3D%3D HTTP/1.1 200 547 - Apache-HttpClient/4.5.13 (Java/21.0.5) 0.002
172.23.0.1 - - [04/Jun/2025:16:55:43 +0000] GET /api/am/devportal/v3/applications/ea90ae31-c3d2-4fb9-9f0c-8c7ddae64655 HTTP/1.1 200 358 https://localhost:9443/devportal/applications/ea90ae31-c3d2-4fb9-9f0c-8c7ddae64655/sandboxkeys/oauth Mozilla/5.0 (Windows NT 10.0; Win64; x64) AppleWebKit/537.36 (KHTML, like Gecko) Chrome/137.0.0.0 Safari/537.36 0.012
127.0.0.1 - - [04/Jun/2025:16:55:43 +0000] GET /keymanager-operations/dcr/register/dk9KMVB5VFlPSktKbEpDdnlhaFUyel9HOUM4YQ%3D%3D HTTP/1.1 200 547 - Apache-HttpClient/4.5.13 (Java/21.0.5) 0.002
172.23.0.1 - - [04/Jun/2025:16:55:43 +0000] GET /api/am/devportal/v3/applications/ea90ae31-c3d2-4fb9-9f0c-8c7ddae64655/oauth-keys HTTP/1.1 200 666 https://localhost:9443/devportal/applications/ea90ae31-c3d2-4fb9-9f0c-8c7ddae64655/sandboxkeys/oauth Mozilla/5.0 (Windows NT 10.0; Win64; x64) AppleWebKit/537.36 (KHTML, like Gecko) Chrome/137.0.0.0 Safari/537.36 0.008
172.23.0.1 - - [04/Jun/2025:16:55:56 +0000] GET /devportal/site/public/images/_favicon.ico HTTP/1.1 200 1150 https://localhost:9443/devportal/applications/ea90ae31-c3d2-4fb9-9f0c-8c7ddae64655/subscriptions Mozilla/5.0 (Windows NT 10.0; Win64; x64) AppleWebKit/537.36 (KHTML, like Gecko) Chrome/137.0.0.0 Safari/537.36 0.002
127.0.0.1 - - [04/Jun/2025:16:55:56 +0000] GET /keymanager-operations/dcr/register/dk9KMVB5VFlPSktKbEpDdnlhaFUyel9HOUM4YQ%3D%3D HTTP/1.1 200 547 - Apache-HttpClient/4.5.13 (Java/21.0.5) 0.006
172.23.0.1 - - [04/Jun/2025:16:55:56 +0000] GET /api/am/devportal/v3/subscriptions?applicationId=ea90ae31-c3d2-4fb9-9f0c-8c7ddae64655&limit=1000 HTTP/1.1 200 921 https://localhost:9443/devportal/applications/ea90ae31-c3d2-4fb9-9f0c-8c7ddae64655/subscriptions Mozilla/5.0 (Windows NT 10.0; Win64; x64) AppleWebKit/537.36 (KHTML, like Gecko) Chrome/137.0.0.0 Safari/537.36 0.041
172.23.0.1 - - [04/Jun/2025:16:55:56 +0000] - 400 - - - 0.000
172.23.0.1 - - [04/Jun/2025:16:55:56 +0000] - 400 - - - 0.000
172.23.0.1 - - [04/Jun/2025:16:55:56 +0000] GET /api/am/devportal/v3/subscriptions/1adfae49-3490-4304-853d-404075da5e52 HTTP/1.1 200 746 https://localhost:9443/devportal/applications/ea90ae31-c3d2-4fb9-9f0c-8c7ddae64655/subscriptions Mozilla/5.0 (Windows NT 10.0; Win64; x64) AppleWebKit/537.36 (KHTML, like Gecko) Chrome/137.0.0.0 Safari/537.36 0.017
172.23.0.1 - - [04/Jun/2025:16:55:56 +0000] GET /api/am/devportal/v3/apis/3e9c8bfa-e0d3-4922-984e-cd99bd95a7c8 HTTP/1.1 200 2630 https://localhost:9443/devportal/applications/ea90ae31-c3d2-4fb9-9f0c-8c7ddae64655/subscriptions Mozilla/5.0 (Windows NT 10.0; Win64; x64) AppleWebKit/537.36 (KHTML, like Gecko) Chrome/137.0.0.0 Safari/537.36 0.017
172.23.0.1 - - [04/Jun/2025:16:55:56 +0000] GET /api/am/devportal/v3/throttling-policies/subscription/Unlimited HTTP/1.1 200 491 https://localhost:9443/devportal/applications/ea90ae31-c3d2-4fb9-9f0c-8c7ddae64655/subscriptions Mozilla/5.0 (Windows NT 10.0; Win64; x64) AppleWebKit/537.36 (KHTML, like Gecko) Chrome/137.0.0.0 Safari/537.36 0.005
172.23.0.1 - - [04/Jun/2025:16:55:56 +0000] GET /api/am/devportal/v3/apis/3e9c8bfa-e0d3-4922-984e-cd99bd95a7c8 HTTP/1.1 200 2630 https://localhost:9443/devportal/applications/ea90ae31-c3d2-4fb9-9f0c-8c7ddae64655/subscriptions Mozilla/5.0 (Windows NT 10.0; Win64; x64) AppleWebKit/537.36 (KHTML, like Gecko) Chrome/137.0.0.0 Safari/537.36 0.011
172.23.0.1 - - [04/Jun/2025:16:55:56 +0000] GET /api/am/devportal/v3/subscriptions/b11c7a8e-4122-4950-aedb-cfbd236eb919 HTTP/1.1 200 657 https://localhost:9443/devportal/applications/ea90ae31-c3d2-4fb9-9f0c-8c7ddae64655/subscriptions Mozilla/5.0 (Windows NT 10.0; Win64; x64) AppleWebKit/537.36 (KHTML, like Gecko) Chrome/137.0.0.0 Safari/537.36 0.010
172.23.0.1 - - [04/Jun/2025:16:55:56 +0000] GET /api/am/devportal/v3/apis/3d25892b-b9a4-4295-bdc9-6528d8d6b900 HTTP/1.1 200 1061 https://localhost:9443/devportal/applications/ea90ae31-c3d2-4fb9-9f0c-8c7ddae64655/subscriptions Mozilla/5.0 (Windows NT 10.0; Win64; x64) AppleWebKit/537.36 (KHTML, like Gecko) Chrome/137.0.0.0 Safari/537.36 0.014
172.23.0.1 - - [04/Jun/2025:16:55:56 +0000] GET /api/am/devportal/v3/throttling-policies/subscription/Unlimited HTTP/1.1 200 491 https://localhost:9443/devportal/applications/ea90ae31-c3d2-4fb9-9f0c-8c7ddae64655/subscriptions Mozilla/5.0 (Windows NT 10.0; Win64; x64) AppleWebKit/537.36 (KHTML, like Gecko) Chrome/137.0.0.0 Safari/537.36 0.003
172.23.0.1 - - [04/Jun/2025:16:55:56 +0000] GET /api/am/devportal/v3/apis/3d25892b-b9a4-4295-bdc9-6528d8d6b900 HTTP/1.1 200 1061 https://localhost:9443/devportal/applications/ea90ae31-c3d2-4fb9-9f0c-8c7ddae64655/subscriptions Mozilla/5.0 (Windows NT 10.0; Win64; x64) AppleWebKit/537.36 (KHTML, like Gecko) Chrome/137.0.0.0 Safari/537.36 0.012
172.23.0.1 - - [04/Jun/2025:16:56:03 +0000] GET /devportal/site/public/dist/806.c622143ba17b98916c5a.bundle.js HTTP/1.1 200 5551 https://localhost:9443/devportal/apis Mozilla/5.0 (Windows NT 10.0; Win64; x64) AppleWebKit/537.36 (KHTML, like Gecko) Chrome/137.0.0.0 Safari/537.36 0.004
172.23.0.1 - - [04/Jun/2025:16:56:03 +0000] GET /devportal/site/public/dist/573.cf801127f162fe2820f1.bundle.js HTTP/1.1 200 8788 https://localhost:9443/devportal/apis Mozilla/5.0 (Windows NT 10.0; Win64; x64) AppleWebKit/537.36 (KHTML, like Gecko) Chrome/137.0.0.0 Safari/537.36 0.005
172.23.0.1 - - [04/Jun/2025:16:56:03 +0000] GET /devportal/site/public/images/_favicon.ico HTTP/1.1 200 1150 https://localhost:9443/devportal/apis Mozilla/5.0 (Windows NT 10.0; Win64; x64) AppleWebKit/537.36 (KHTML, like Gecko) Chrome/137.0.0.0 Safari/537.36 0.001
172.23.0.1 - - [04/Jun/2025:16:56:03 +0000] GET /devportal/site/public/dist/538.fa642f3b646b875eb607.bundle.js HTTP/1.1 200 27240 https://localhost:9443/devportal/apis Mozilla/5.0 (Windows NT 10.0; Win64; x64) AppleWebKit/537.36 (KHTML, like Gecko) Chrome/137.0.0.0 Safari/537.36 0.008
172.23.0.1 - - [04/Jun/2025:16:56:03 +0000] GET /devportal/site/public/dist/Apis.95678e86a2a3de116f2e.bundle.js HTTP/1.1 200 31428 https://localhost:9443/devportal/apis Mozilla/5.0 (Windows NT 10.0; Win64; x64) AppleWebKit/537.36 (KHTML, like Gecko) Chrome/137.0.0.0 Safari/537.36 0.009
172.23.0.1 - - [04/Jun/2025:16:56:03 +0000] - 400 - - - 0.000
172.23.0.1 - - [04/Jun/2025:16:56:03 +0000] GET /api/am/devportal/v3/api-categories HTTP/1.1 200 21 https://localhost:9443/devportal/apis Mozilla/5.0 (Windows NT 10.0; Win64; x64) AppleWebKit/537.36 (KHTML, like Gecko) Chrome/137.0.0.0 Safari/537.36 0.004
172.23.0.1 - - [04/Jun/2025:16:56:03 +0000] GET /api/am/devportal/v3/tags?limit=-1 HTTP/1.1 200 143 https://localhost:9443/devportal/apis Mozilla/5.0 (Windows NT 10.0; Win64; x64) AppleWebKit/537.36 (KHTML, like Gecko) Chrome/137.0.0.0 Safari/537.36 0.013
172.23.0.1 - - [04/Jun/2025:16:56:03 +0000] GET /api/am/devportal/v3/apis?limit=10&offset=0 HTTP/1.1 200 661 https://localhost:9443/devportal/apis Mozilla/5.0 (Windows NT 10.0; Win64; x64) AppleWebKit/537.36 (KHTML, like Gecko) Chrome/137.0.0.0 Safari/537.36 0.024
172.23.0.1 - - [04/Jun/2025:16:56:03 +0000] GET /api/am/devportal/v3/apis/3d25892b-b9a4-4295-bdc9-6528d8d6b900/thumbnail HTTP/1.1 204 - https://localhost:9443/devportal/apis Mozilla/5.0 (Windows NT 10.0; Win64; x64) AppleWebKit/537.36 (KHTML, like Gecko) Chrome/137.0.0.0 Safari/537.36 0.012
172.23.0.1 - - [04/Jun/2025:16:56:03 +0000] GET /api/am/devportal/v3/apis/3e9c8bfa-e0d3-4922-984e-cd99bd95a7c8/thumbnail HTTP/1.1 204 - https://localhost:9443/devportal/apis Mozilla/5.0 (Windows NT 10.0; Win64; x64) AppleWebKit/537.36 (KHTML, like Gecko) Chrome/137.0.0.0 Safari/537.36 0.012
172.23.0.1 - - [04/Jun/2025:16:56:03 +0000] GET /api/am/devportal/v3/apis/3e9c8bfa-e0d3-4922-984e-cd99bd95a7c8/ratings HTTP/1.1 200 125 https://localhost:9443/devportal/apis Mozilla/5.0 (Windows NT 10.0; Win64; x64) AppleWebKit/537.36 (KHTML, like Gecko) Chrome/137.0.0.0 Safari/537.36 0.014
172.23.0.1 - - [04/Jun/2025:16:56:03 +0000] GET /api/am/devportal/v3/apis/3d25892b-b9a4-4295-bdc9-6528d8d6b900/ratings HTTP/1.1 200 125 https://localhost:9443/devportal/apis Mozilla/5.0 (Windows NT 10.0; Win64; x64) AppleWebKit/537.36 (KHTML, like Gecko) Chrome/137.0.0.0 Safari/537.36 0.014
172.23.0.1 - - [04/Jun/2025:16:56:04 +0000] GET /devportal/site/public/images/_favicon.ico HTTP/1.1 200 1150 https://localhost:9443/devportal/applications Mozilla/5.0 (Windows NT 10.0; Win64; x64) AppleWebKit/537.36 (KHTML, like Gecko) Chrome/137.0.0.0 Safari/537.36 0.001
172.23.0.1 - - [04/Jun/2025:16:56:04 +0000] GET /api/am/devportal/v3/swagger.yaml HTTP/1.1 200 30152 https://localhost:9443/devportal/applications Mozilla/5.0 (Windows NT 10.0; Win64; x64) AppleWebKit/537.36 (KHTML, like Gecko) Chrome/137.0.0.0 Safari/537.36 0.009
172.23.0.1 - - [04/Jun/2025:16:56:05 +0000] GET /api/am/devportal/v3/applications?sortBy=name&sortOrder=asc&limit=10&offset=0 HTTP/1.1 200 701 https://localhost:9443/devportal/applications Mozilla/5.0 (Windows NT 10.0; Win64; x64) AppleWebKit/537.36 (KHTML, like Gecko) Chrome/137.0.0.0 Safari/537.36 0.007
172.23.0.1 - - [04/Jun/2025:16:56:10 +0000] GET /devportal/site/public/images/_favicon.ico HTTP/1.1 200 1150 https://localhost:9443/devportal/applications/ea90ae31-c3d2-4fb9-9f0c-8c7ddae64655 Mozilla/5.0 (Windows NT 10.0; Win64; x64) AppleWebKit/537.36 (KHTML, like Gecko) Chrome/137.0.0.0 Safari/537.36 0.002
127.0.0.1 - - [04/Jun/2025:16:56:10 +0000] GET /keymanager-operations/dcr/register/dk9KMVB5VFlPSktKbEpDdnlhaFUyel9HOUM4YQ%3D%3D HTTP/1.1 200 547 - Apache-HttpClient/4.5.13 (Java/21.0.5) 0.007
172.23.0.1 - - [04/Jun/2025:16:56:10 +0000] GET /api/am/devportal/v3/applications/ea90ae31-c3d2-4fb9-9f0c-8c7ddae64655 HTTP/1.1 200 358 https://localhost:9443/devportal/applications/ea90ae31-c3d2-4fb9-9f0c-8c7ddae64655 Mozilla/5.0 (Windows NT 10.0; Win64; x64) AppleWebKit/537.36 (KHTML, like Gecko) Chrome/137.0.0.0 Safari/537.36 0.031
127.0.0.1 - - [04/Jun/2025:16:56:10 +0000] GET /keymanager-operations/dcr/register/dk9KMVB5VFlPSktKbEpDdnlhaFUyel9HOUM4YQ%3D%3D HTTP/1.1 200 547 - Apache-HttpClient/4.5.13 (Java/21.0.5) 0.004
172.23.0.1 - - [04/Jun/2025:16:56:10 +0000] GET /api/am/devportal/v3/applications/ea90ae31-c3d2-4fb9-9f0c-8c7ddae64655 HTTP/1.1 200 358 https://localhost:9443/devportal/applications/ea90ae31-c3d2-4fb9-9f0c-8c7ddae64655/overview Mozilla/5.0 (Windows NT 10.0; Win64; x64) AppleWebKit/537.36 (KHTML, like Gecko) Chrome/137.0.0.0 Safari/537.36 0.014
172.23.0.1 - - [04/Jun/2025:16:56:10 +0000] GET /devportal/site/public/images/_favicon.ico HTTP/1.1 200 1150 https://localhost:9443/devportal/applications/ea90ae31-c3d2-4fb9-9f0c-8c7ddae64655/overview Mozilla/5.0 (Windows NT 10.0; Win64; x64) AppleWebKit/537.36 (KHTML, like Gecko) Chrome/137.0.0.0 Safari/537.36 0.003
172.23.0.1 - - [04/Jun/2025:16:56:10 +0000] GET /api/am/devportal/v3/throttling-policies/application/Unlimited HTTP/1.1 200 490 https://localhost:9443/devportal/applications/ea90ae31-c3d2-4fb9-9f0c-8c7ddae64655/overview Mozilla/5.0 (Windows NT 10.0; Win64; x64) AppleWebKit/537.36 (KHTML, like Gecko) Chrome/137.0.0.0 Safari/537.36 0.006
172.23.0.1 - - [04/Jun/2025:16:56:12 +0000] GET /devportal/site/public/images/_favicon.ico HTTP/1.1 200 1150 https://localhost:9443/devportal/applications/ea90ae31-c3d2-4fb9-9f0c-8c7ddae64655/subscriptions Mozilla/5.0 (Windows NT 10.0; Win64; x64) AppleWebKit/537.36 (KHTML, like Gecko) Chrome/137.0.0.0 Safari/537.36 0.004
127.0.0.1 - - [04/Jun/2025:16:56:12 +0000] GET /keymanager-operations/dcr/register/dk9KMVB5VFlPSktKbEpDdnlhaFUyel9HOUM4YQ%3D%3D HTTP/1.1 200 547 - Apache-HttpClient/4.5.13 (Java/21.0.5) 0.006
172.23.0.1 - - [04/Jun/2025:16:56:12 +0000] GET /api/am/devportal/v3/subscriptions?applicationId=ea90ae31-c3d2-4fb9-9f0c-8c7ddae64655&limit=1000 HTTP/1.1 200 921 https://localhost:9443/devportal/applications/ea90ae31-c3d2-4fb9-9f0c-8c7ddae64655/subscriptions Mozilla/5.0 (Windows NT 10.0; Win64; x64) AppleWebKit/537.36 (KHTML, like Gecko) Chrome/137.0.0.0 Safari/537.36 0.041
172.23.0.1 - - [04/Jun/2025:16:56:12 +0000] GET /api/am/devportal/v3/subscriptions/1adfae49-3490-4304-853d-404075da5e52 HTTP/1.1 200 746 https://localhost:9443/devportal/applications/ea90ae31-c3d2-4fb9-9f0c-8c7ddae64655/subscriptions Mozilla/5.0 (Windows NT 10.0; Win64; x64) AppleWebKit/537.36 (KHTML, like Gecko) Chrome/137.0.0.0 Safari/537.36 0.012
172.23.0.1 - - [04/Jun/2025:16:56:12 +0000] GET /api/am/devportal/v3/apis/3d25892b-b9a4-4295-bdc9-6528d8d6b900 HTTP/1.1 200 1061 https://localhost:9443/devportal/applications/ea90ae31-c3d2-4fb9-9f0c-8c7ddae64655/subscriptions Mozilla/5.0 (Windows NT 10.0; Win64; x64) AppleWebKit/537.36 (KHTML, like Gecko) Chrome/137.0.0.0 Safari/537.36 0.012
172.23.0.1 - - [04/Jun/2025:16:56:12 +0000] GET /api/am/devportal/v3/subscriptions/b11c7a8e-4122-4950-aedb-cfbd236eb919 HTTP/1.1 200 657 https://localhost:9443/devportal/applications/ea90ae31-c3d2-4fb9-9f0c-8c7ddae64655/subscriptions Mozilla/5.0 (Windows NT 10.0; Win64; x64) AppleWebKit/537.36 (KHTML, like Gecko) Chrome/137.0.0.0 Safari/537.36 0.012
172.23.0.1 - - [04/Jun/2025:16:56:12 +0000] GET /api/am/devportal/v3/apis/3e9c8bfa-e0d3-4922-984e-cd99bd95a7c8 HTTP/1.1 200 2630 https://localhost:9443/devportal/applications/ea90ae31-c3d2-4fb9-9f0c-8c7ddae64655/subscriptions Mozilla/5.0 (Windows NT 10.0; Win64; x64) AppleWebKit/537.36 (KHTML, like Gecko) Chrome/137.0.0.0 Safari/537.36 0.014
172.23.0.1 - - [04/Jun/2025:16:56:12 +0000] - 400 - - - 0.000
172.23.0.1 - - [04/Jun/2025:16:56:12 +0000] GET /api/am/devportal/v3/apis/3e9c8bfa-e0d3-4922-984e-cd99bd95a7c8 HTTP/1.1 200 2630 https://localhost:9443/devportal/applications/ea90ae31-c3d2-4fb9-9f0c-8c7ddae64655/subscriptions Mozilla/5.0 (Windows NT 10.0; Win64; x64) AppleWebKit/537.36 (KHTML, like Gecko) Chrome/137.0.0.0 Safari/537.36 0.016
172.23.0.1 - - [04/Jun/2025:16:56:12 +0000] GET /api/am/devportal/v3/throttling-policies/subscription/Unlimited HTTP/1.1 200 491 https://localhost:9443/devportal/applications/ea90ae31-c3d2-4fb9-9f0c-8c7ddae64655/subscriptions Mozilla/5.0 (Windows NT 10.0; Win64; x64) AppleWebKit/537.36 (KHTML, like Gecko) Chrome/137.0.0.0 Safari/537.36 0.009
172.23.0.1 - - [04/Jun/2025:16:56:12 +0000] GET /api/am/devportal/v3/apis/3d25892b-b9a4-4295-bdc9-6528d8d6b900 HTTP/1.1 200 1061 https://localhost:9443/devportal/applications/ea90ae31-c3d2-4fb9-9f0c-8c7ddae64655/subscriptions Mozilla/5.0 (Windows NT 10.0; Win64; x64) AppleWebKit/537.36 (KHTML, like Gecko) Chrome/137.0.0.0 Safari/537.36 0.016
172.23.0.1 - - [04/Jun/2025:16:56:12 +0000] GET /api/am/devportal/v3/throttling-policies/subscription/Unlimited HTTP/1.1 200 491 https://localhost:9443/devportal/applications/ea90ae31-c3d2-4fb9-9f0c-8c7ddae64655/subscriptions Mozilla/5.0 (Windows NT 10.0; Win64; x64) AppleWebKit/537.36 (KHTML, like Gecko) Chrome/137.0.0.0 Safari/537.36 0.005
172.23.0.1 - - [04/Jun/2025:16:56:18 +0000] GET /devportal/site/public/images/_favicon.ico HTTP/1.1 200 1150 https://localhost:9443/devportal/applications/ea90ae31-c3d2-4fb9-9f0c-8c7ddae64655/sandboxkeys/apikey Mozilla/5.0 (Windows NT 10.0; Win64; x64) AppleWebKit/537.36 (KHTML, like Gecko) Chrome/137.0.0.0 Safari/537.36 0.001
172.23.0.1 - - [04/Jun/2025:16:56:45 +0000] GET /devportal/site/public/images/_favicon.ico HTTP/1.1 200 1150 https://localhost:9443/devportal/applications/ea90ae31-c3d2-4fb9-9f0c-8c7ddae64655/sandboxkeys/oauth Mozilla/5.0 (Windows NT 10.0; Win64; x64) AppleWebKit/537.36 (KHTML, like Gecko) Chrome/137.0.0.0 Safari/537.36 0.001
172.23.0.1 - - [04/Jun/2025:16:56:45 +0000] GET /api/am/devportal/v3/swagger.yaml HTTP/1.1 200 30152 https://localhost:9443/devportal/applications/ea90ae31-c3d2-4fb9-9f0c-8c7ddae64655/sandboxkeys/oauth Mozilla/5.0 (Windows NT 10.0; Win64; x64) AppleWebKit/537.36 (KHTML, like Gecko) Chrome/137.0.0.0 Safari/537.36 0.018
127.0.0.1 - - [04/Jun/2025:16:56:45 +0000] GET /oauth2/token/.well-known/openid-configuration HTTP/1.1 200 2404 - Apache-HttpClient/4.5.13 (Java/21.0.5) 0.003
172.23.0.1 - - [04/Jun/2025:16:56:45 +0000] GET /api/am/devportal/v3/key-managers HTTP/1.1 200 764 https://localhost:9443/devportal/applications/ea90ae31-c3d2-4fb9-9f0c-8c7ddae64655/sandboxkeys/oauth Mozilla/5.0 (Windows NT 10.0; Win64; x64) AppleWebKit/537.36 (KHTML, like Gecko) Chrome/137.0.0.0 Safari/537.36 0.028
127.0.0.1 - - [04/Jun/2025:16:56:45 +0000] GET /keymanager-operations/dcr/register/dk9KMVB5VFlPSktKbEpDdnlhaFUyel9HOUM4YQ%3D%3D HTTP/1.1 200 547 - Apache-HttpClient/4.5.13 (Java/21.0.5) 0.002
172.23.0.1 - - [04/Jun/2025:16:56:45 +0000] GET /api/am/devportal/v3/applications/ea90ae31-c3d2-4fb9-9f0c-8c7ddae64655 HTTP/1.1 200 358 https://localhost:9443/devportal/applications/ea90ae31-c3d2-4fb9-9f0c-8c7ddae64655/sandboxkeys/oauth Mozilla/5.0 (Windows NT 10.0; Win64; x64) AppleWebKit/537.36 (KHTML, like Gecko) Chrome/137.0.0.0 Safari/537.36 0.009
127.0.0.1 - - [04/Jun/2025:16:56:45 +0000] GET /keymanager-operations/dcr/register/dk9KMVB5VFlPSktKbEpDdnlhaFUyel9HOUM4YQ%3D%3D HTTP/1.1 200 547 - Apache-HttpClient/4.5.13 (Java/21.0.5) 0.002
172.23.0.1 - - [04/Jun/2025:16:56:45 +0000] GET /api/am/devportal/v3/applications/ea90ae31-c3d2-4fb9-9f0c-8c7ddae64655/oauth-keys HTTP/1.1 200 666 https://localhost:9443/devportal/applications/ea90ae31-c3d2-4fb9-9f0c-8c7ddae64655/sandboxkeys/oauth Mozilla/5.0 (Windows NT 10.0; Win64; x64) AppleWebKit/537.36 (KHTML, like Gecko) Chrome/137.0.0.0 Safari/537.36 0.008
172.23.0.1 - - [04/Jun/2025:16:56:46 +0000] GET /api/am/devportal/v3/swagger.yaml HTTP/1.1 200 30152 https://localhost:9443/devportal/applications/ea90ae31-c3d2-4fb9-9f0c-8c7ddae64655/sandboxkeys/oauth Mozilla/5.0 (Windows NT 10.0; Win64; x64) AppleWebKit/537.36 (KHTML, like Gecko) Chrome/137.0.0.0 Safari/537.36 0.005
127.0.0.1 - - [04/Jun/2025:16:56:46 +0000] GET /keymanager-operations/dcr/register/dk9KMVB5VFlPSktKbEpDdnlhaFUyel9HOUM4YQ%3D%3D HTTP/1.1 200 547 - Apache-HttpClient/4.5.13 (Java/21.0.5) 0.002
172.23.0.1 - - [04/Jun/2025:16:56:46 +0000] GET /api/am/devportal/v3/applications/ea90ae31-c3d2-4fb9-9f0c-8c7ddae64655 HTTP/1.1 200 358 https://localhost:9443/devportal/applications/ea90ae31-c3d2-4fb9-9f0c-8c7ddae64655/sandboxkeys/oauth Mozilla/5.0 (Windows NT 10.0; Win64; x64) AppleWebKit/537.36 (KHTML, like Gecko) Chrome/137.0.0.0 Safari/537.36 0.010
127.0.0.1 - - [04/Jun/2025:16:56:46 +0000] GET /keymanager-operations/dcr/register/dk9KMVB5VFlPSktKbEpDdnlhaFUyel9HOUM4YQ%3D%3D HTTP/1.1 200 547 - Apache-HttpClient/4.5.13 (Java/21.0.5) 0.002
172.23.0.1 - - [04/Jun/2025:16:56:46 +0000] GET /api/am/devportal/v3/applications/ea90ae31-c3d2-4fb9-9f0c-8c7ddae64655/oauth-keys HTTP/1.1 200 666 https://localhost:9443/devportal/applications/ea90ae31-c3d2-4fb9-9f0c-8c7ddae64655/sandboxkeys/oauth Mozilla/5.0 (Windows NT 10.0; Win64; x64) AppleWebKit/537.36 (KHTML, like Gecko) Chrome/137.0.0.0 Safari/537.36 0.009
172.23.0.1 - - [04/Jun/2025:16:57:46 +0000] GET /publisher/apis/f818fb14-194b-4a2d-a195-d9acd72a92df/overview HTTP/1.1 200 1713 - Mozilla/5.0 (Windows NT 10.0; Win64; x64) AppleWebKit/537.36 (KHTML, like Gecko) Chrome/137.0.0.0 Safari/537.36 0.007
172.23.0.1 - - [04/Jun/2025:16:57:46 +0000] GET /publisher/site/public/css/main.css HTTP/1.1 200 2102 https://localhost:9443/publisher/apis/f818fb14-194b-4a2d-a195-d9acd72a92df/overview Mozilla/5.0 (Windows NT 10.0; Win64; x64) AppleWebKit/537.36 (KHTML, like Gecko) Chrome/137.0.0.0 Safari/537.36 0.004
172.23.0.1 - - [04/Jun/2025:16:57:46 +0000] GET /publisher/site/public/css/draftjs.css HTTP/1.1 200 2643 https://localhost:9443/publisher/apis/f818fb14-194b-4a2d-a195-d9acd72a92df/overview Mozilla/5.0 (Windows NT 10.0; Win64; x64) AppleWebKit/537.36 (KHTML, like Gecko) Chrome/137.0.0.0 Safari/537.36 0.003
172.23.0.1 - - [04/Jun/2025:16:57:46 +0000] GET /publisher/site/public/fonts/iconfont/MaterialIcons.js HTTP/1.1 200 6703 https://localhost:9443/publisher/apis/f818fb14-194b-4a2d-a195-d9acd72a92df/overview Mozilla/5.0 (Windows NT 10.0; Win64; x64) AppleWebKit/537.36 (KHTML, like Gecko) Chrome/137.0.0.0 Safari/537.36 0.003
172.23.0.1 - - [04/Jun/2025:16:57:46 +0000] - 400 - - - 0.000
172.23.0.1 - - [04/Jun/2025:16:57:46 +0000] - 400 - - - 0.000
172.23.0.1 - - [04/Jun/2025:16:57:46 +0000] GET /publisher/site/public/fonts/iconfont/material-icons.css HTTP/1.1 200 970 https://localhost:9443/publisher/apis/f818fb14-194b-4a2d-a195-d9acd72a92df/overview Mozilla/5.0 (Windows NT 10.0; Win64; x64) AppleWebKit/537.36 (KHTML, like Gecko) Chrome/137.0.0.0 Safari/537.36 0.002
172.23.0.1 - - [04/Jun/2025:16:57:46 +0000] - 400 - - - 0.000
172.23.0.1 - - [04/Jun/2025:16:57:46 +0000] GET /publisher/site/public/conf/portalSettings.js HTTP/1.1 200 704 https://localhost:9443/publisher/apis/f818fb14-194b-4a2d-a195-d9acd72a92df/overview Mozilla/5.0 (Windows NT 10.0; Win64; x64) AppleWebKit/537.36 (KHTML, like Gecko) Chrome/137.0.0.0 Safari/537.36 0.004
172.23.0.1 - - [04/Jun/2025:16:57:46 +0000] GET /publisher/site/public/conf/userThemes.js HTTP/1.1 200 939 https://localhost:9443/publisher/apis/f818fb14-194b-4a2d-a195-d9acd72a92df/overview Mozilla/5.0 (Windows NT 10.0; Win64; x64) AppleWebKit/537.36 (KHTML, like Gecko) Chrome/137.0.0.0 Safari/537.36 0.005
172.23.0.1 - - [04/Jun/2025:16:57:46 +0000] GET /publisher/services/settings/settings.js HTTP/1.1 200 1377 https://localhost:9443/publisher/apis/f818fb14-194b-4a2d-a195-d9acd72a92df/overview Mozilla/5.0 (Windows NT 10.0; Win64; x64) AppleWebKit/537.36 (KHTML, like Gecko) Chrome/137.0.0.0 Safari/537.36 0.004
172.23.0.1 - - [04/Jun/2025:16:57:46 +0000] GET /publisher/site/public/dist/index.3aff4adedc943b38d090.bundle.js HTTP/1.1 200 207225 https://localhost:9443/publisher/apis/f818fb14-194b-4a2d-a195-d9acd72a92df/overview Mozilla/5.0 (Windows NT 10.0; Win64; x64) AppleWebKit/537.36 (KHTML, like Gecko) Chrome/137.0.0.0 Safari/537.36 0.029
172.23.0.1 - - [04/Jun/2025:16:57:46 +0000] GET /publisher/site/public/fonts/Open_Sans/mem8YaGs126MiZpBA-UFVZ0bf8pkAg.woff2 HTTP/1.1 200 8892 https://localhost:9443/publisher/site/public/css/main.css Mozilla/5.0 (Windows NT 10.0; Win64; x64) AppleWebKit/537.36 (KHTML, like Gecko) Chrome/137.0.0.0 Safari/537.36 0.001
127.0.0.1 - - [04/Jun/2025:16:57:46 +0000] GET /api/am/publisher/v4/settings HTTP/1.1 200 2052 - Java-http-client/21.0.5 0.073
127.0.0.1 - - [04/Jun/2025:16:57:46 +0000] GET /api/am/service-catalog/v1/settings HTTP/1.1 200 102 - Java-http-client/21.0.5 0.018
172.23.0.1 - - [04/Jun/2025:16:57:46 +0000] GET /publisher/services/auth/login HTTP/1.1 302 - https://localhost:9443/publisher/apis/f818fb14-194b-4a2d-a195-d9acd72a92df/overview Mozilla/5.0 (Windows NT 10.0; Win64; x64) AppleWebKit/537.36 (KHTML, like Gecko) Chrome/137.0.0.0 Safari/537.36 0.103
172.23.0.1 - - [04/Jun/2025:16:57:46 +0000] GET /oauth2/authorize?response_type=code&client_id=y3vyR8tiJmvfXsdGZfwvaSpvK7Qa&scope=apim:admin%20apim:api_create%20apim:api_definition_view%20apim:api_delete%20apim:api_generate_key%20apim:api_import_export%20apim:api_list_view%20apim:api_manage%20apim:api_mediation_policy_manage%20apim:api_product_import_export%20apim:api_publish%20apim:api_view%20apim:app_import_export%20apim:client_certificates_add%20apim:client_certificates_manage%20apim:client_certificates_update%20apim:client_certificates_view%20apim:comment_manage%20apim:comment_view%20apim:comment_write%20apim:common_operation_policy_manage%20apim:common_operation_policy_view%20apim:document_create%20apim:document_manage%20apim:ep_certificates_add%20apim:ep_certificates_manage%20apim:ep_certificates_update%20apim:ep_certificates_view%20apim:gateway_policy_manage%20apim:gateway_policy_view%20apim:gov_policy_read%20apim:gov_result_read%20apim:gov_rule_read%20apim:llm_provider_read%20apim:mediation_policy_create%20apim:mediation_policy_manage%20apim:mediation_policy_view%20apim:policies_import_export%20apim:pub_alert_manage%20apim:publisher_organization_read%20apim:publisher_settings%20apim:shared_scope_manage%20apim:subscription_approval_manage%20apim:subscription_approval_view%20apim:subscription_block%20apim:subscription_manage%20apim:subscription_view%20apim:threat_protection_policy_create%20apim:threat_protection_policy_manage%20apim:tier_manage%20apim:tier_view%20openid%20apim:api_view%20service_catalog:service_view%20service_catalog:service_write&state=%2Fapis%2Ff818fb14-194b-4a2d-a195-d9acd72a92df%2Foverview&redirect_uri=https://localhost:9443/publisher/services/auth/callback/login HTTP/1.1 302 - https://localhost:9443/publisher/apis/f818fb14-194b-4a2d-a195-d9acd72a92df/overview Mozilla/5.0 (Windows NT 10.0; Win64; x64) AppleWebKit/537.36 (KHTML, like Gecko) Chrome/137.0.0.0 Safari/537.36 0.022
127.0.0.1 - - [04/Jun/2025:16:57:46 +0000] POST /oauth2/token HTTP/1.1 200 2722 - Java-http-client/21.0.5 0.016
172.23.0.1 - - [04/Jun/2025:16:57:46 +0000] GET /publisher/services/auth/callback/login?code=0ae1c52c-ba15-369d-8fed-c2268ebcb74f&state=%2Fapis%2Ff818fb14-194b-4a2d-a195-d9acd72a92df%2Foverview&session_state=6e2b673c6ffb749f5570d12bc70fdc84973eac3843b4796369218aa8e0eb0ff3.j7QcTYZ82tQRPXSbUZo2Gg HTTP/1.1 302 - https://localhost:9443/publisher/apis/f818fb14-194b-4a2d-a195-d9acd72a92df/overview Mozilla/5.0 (Windows NT 10.0; Win64; x64) AppleWebKit/537.36 (KHTML, like Gecko) Chrome/137.0.0.0 Safari/537.36 0.027
172.23.0.1 - - [04/Jun/2025:16:57:46 +0000] GET /publisher/apis/f818fb14-194b-4a2d-a195-d9acd72a92df/overview HTTP/1.1 200 1713 https://localhost:9443/publisher/apis/f818fb14-194b-4a2d-a195-d9acd72a92df/overview Mozilla/5.0 (Windows NT 10.0; Win64; x64) AppleWebKit/537.36 (KHTML, like Gecko) Chrome/137.0.0.0 Safari/537.36 0.002
172.23.0.1 - - [04/Jun/2025:16:57:47 +0000] GET /publisher/services/settings/settings.js HTTP/1.1 200 1377 https://localhost:9443/publisher/apis/f818fb14-194b-4a2d-a195-d9acd72a92df/overview Mozilla/5.0 (Windows NT 10.0; Win64; x64) AppleWebKit/537.36 (KHTML, like Gecko) Chrome/137.0.0.0 Safari/537.36 0.003
172.23.0.1 - - [04/Jun/2025:16:57:47 +0000] GET /publisher/site/public/conf/portalSettings.js HTTP/1.1 200 704 https://localhost:9443/publisher/apis/f818fb14-194b-4a2d-a195-d9acd72a92df/overview Mozilla/5.0 (Windows NT 10.0; Win64; x64) AppleWebKit/537.36 (KHTML, like Gecko) Chrome/137.0.0.0 Safari/537.36 0.002
127.0.0.1 - - [04/Jun/2025:16:57:47 +0000] GET /oauth2/userinfo HTTP/1.1 400 70 - Java-http-client/21.0.5 0.003
127.0.0.1 - - [04/Jun/2025:16:57:47 +0000] POST /oauth2/introspect HTTP/1.1 200 1526 - Java-http-client/21.0.5 0.009
172.23.0.1 - - [04/Jun/2025:16:57:47 +0000] GET /publisher/services/auth/introspect HTTP/1.1 200 1573 https://localhost:9443/publisher/apis/f818fb14-194b-4a2d-a195-d9acd72a92df/overview Mozilla/5.0 (Windows NT 10.0; Win64; x64) AppleWebKit/537.36 (KHTML, like Gecko) Chrome/137.0.0.0 Safari/537.36 0.038
172.23.0.1 - - [04/Jun/2025:16:57:47 +0000] GET /oidc/checksession?client_id=y3vyR8tiJmvfXsdGZfwvaSpvK7Qa&redirect_uri=https://localhost:9443/publisher/services/auth/callback/login HTTP/1.1 200 3134 https://localhost:9443/publisher/apis/f818fb14-194b-4a2d-a195-d9acd72a92df/overview Mozilla/5.0 (Windows NT 10.0; Win64; x64) AppleWebKit/537.36 (KHTML, like Gecko) Chrome/137.0.0.0 Safari/537.36 0.002
172.23.0.1 - - [04/Jun/2025:16:57:47 +0000] GET /publisher/site/public/dist/ProtectedApps.a1a8c31554faafcc92f2.bundle.js HTTP/1.1 200 140130 https://localhost:9443/publisher/apis/f818fb14-194b-4a2d-a195-d9acd72a92df/overview Mozilla/5.0 (Windows NT 10.0; Win64; x64) AppleWebKit/537.36 (KHTML, like Gecko) Chrome/137.0.0.0 Safari/537.36 0.022
172.23.0.1 - - [04/Jun/2025:16:57:47 +0000] GET /publisher/site/public/dist/945.cd5c6db4976fd6b35650.bundle.js HTTP/1.1 200 471968 https://localhost:9443/publisher/apis/f818fb14-194b-4a2d-a195-d9acd72a92df/overview Mozilla/5.0 (Windows NT 10.0; Win64; x64) AppleWebKit/537.36 (KHTML, like Gecko) Chrome/137.0.0.0 Safari/537.36 0.066
172.23.0.1 - - [04/Jun/2025:16:57:47 +0000] GET /publisher/site/public/dist/860.152ba28921359d6dc5da.bundle.js HTTP/1.1 200 5269 https://localhost:9443/publisher/apis/f818fb14-194b-4a2d-a195-d9acd72a92df/overview Mozilla/5.0 (Windows NT 10.0; Win64; x64) AppleWebKit/537.36 (KHTML, like Gecko) Chrome/137.0.0.0 Safari/537.36 0.003
172.23.0.1 - - [04/Jun/2025:16:57:47 +0000] GET /publisher/site/public/dist/DeferredAPIs.21ac3b66ef2968cd5676.bundle.js HTTP/1.1 200 48838 https://localhost:9443/publisher/apis/f818fb14-194b-4a2d-a195-d9acd72a92df/overview Mozilla/5.0 (Windows NT 10.0; Win64; x64) AppleWebKit/537.36 (KHTML, like Gecko) Chrome/137.0.0.0 Safari/537.36 0.010
172.23.0.1 - - [04/Jun/2025:16:57:47 +0000] GET /publisher/site/public/dist/45.4c98c8c175498be23741.bundle.js HTTP/1.1 200 352546 https://localhost:9443/publisher/apis/f818fb14-194b-4a2d-a195-d9acd72a92df/overview Mozilla/5.0 (Windows NT 10.0; Win64; x64) AppleWebKit/537.36 (KHTML, like Gecko) Chrome/137.0.0.0 Safari/537.36 0.045
172.23.0.1 - - [04/Jun/2025:16:57:47 +0000] GET /publisher/site/public/images/logo.svg HTTP/1.1 200 18050 https://localhost:9443/publisher/apis/f818fb14-194b-4a2d-a195-d9acd72a92df/overview Mozilla/5.0 (Windows NT 10.0; Win64; x64) AppleWebKit/537.36 (KHTML, like Gecko) Chrome/137.0.0.0 Safari/537.36 0.001
172.23.0.1 - - [04/Jun/2025:16:57:47 +0000] GET /publisher/site/public/dist/805.fa7bd25538a11097fa22.bundle.js HTTP/1.1 200 15018 https://localhost:9443/publisher/apis/f818fb14-194b-4a2d-a195-d9acd72a92df/overview Mozilla/5.0 (Windows NT 10.0; Win64; x64) AppleWebKit/537.36 (KHTML, like Gecko) Chrome/137.0.0.0 Safari/537.36 0.005
172.23.0.1 - - [04/Jun/2025:16:57:47 +0000] GET /publisher/site/public/fonts/iconfont/MaterialIcons-Regular.woff2 HTTP/1.1 200 60840 https://localhost:9443/publisher/site/public/fonts/iconfont/material-icons.css Mozilla/5.0 (Windows NT 10.0; Win64; x64) AppleWebKit/537.36 (KHTML, like Gecko) Chrome/137.0.0.0 Safari/537.36 0.005
172.23.0.1 - - [04/Jun/2025:16:57:47 +0000] GET /publisher/site/public/dist/APICreateRoutes.9aa9f232ac8cfb89e8e5.bundle.js HTTP/1.1 200 21811 https://localhost:9443/publisher/apis/f818fb14-194b-4a2d-a195-d9acd72a92df/overview Mozilla/5.0 (Windows NT 10.0; Win64; x64) AppleWebKit/537.36 (KHTML, like Gecko) Chrome/137.0.0.0 Safari/537.36 0.007
172.23.0.1 - - [04/Jun/2025:16:57:47 +0000] GET /publisher/site/public/dist/341.72504582a8b39e15b111.bundle.js HTTP/1.1 200 273780 https://localhost:9443/publisher/apis/f818fb14-194b-4a2d-a195-d9acd72a92df/overview Mozilla/5.0 (Windows NT 10.0; Win64; x64) AppleWebKit/537.36 (KHTML, like Gecko) Chrome/137.0.0.0 Safari/537.36 0.033
172.23.0.1 - - [04/Jun/2025:16:57:47 +0000] GET /publisher/site/public/dist/805.fa7bd25538a11097fa22.bundle.js HTTP/1.1 200 15018 https://localhost:9443/publisher/apis/f818fb14-194b-4a2d-a195-d9acd72a92df/overview Mozilla/5.0 (Windows NT 10.0; Win64; x64) AppleWebKit/537.36 (KHTML, like Gecko) Chrome/137.0.0.0 Safari/537.36 0.002
172.23.0.1 - - [04/Jun/2025:16:57:47 +0000] GET /publisher/site/public/dist/341.72504582a8b39e15b111.bundle.js HTTP/1.1 200 273780 https://localhost:9443/publisher/apis/f818fb14-194b-4a2d-a195-d9acd72a92df/overview Mozilla/5.0 (Windows NT 10.0; Win64; x64) AppleWebKit/537.36 (KHTML, like Gecko) Chrome/137.0.0.0 Safari/537.36 0.038
172.23.0.1 - - [04/Jun/2025:16:57:47 +0000] GET /publisher/site/public/dist/DeferredDetails.b77b4df3663df9b24e33.bundle.js HTTP/1.1 200 348775 https://localhost:9443/publisher/apis/f818fb14-194b-4a2d-a195-d9acd72a92df/overview Mozilla/5.0 (Windows NT 10.0; Win64; x64) AppleWebKit/537.36 (KHTML, like Gecko) Chrome/137.0.0.0 Safari/537.36 0.053
172.23.0.1 - - [04/Jun/2025:16:57:47 +0000] GET /publisher/site/public/dist/277.c7e21cb58c636268dadf.bundle.js HTTP/1.1 200 993453 https://localhost:9443/publisher/apis/f818fb14-194b-4a2d-a195-d9acd72a92df/overview Mozilla/5.0 (Windows NT 10.0; Win64; x64) AppleWebKit/537.36 (KHTML, like Gecko) Chrome/137.0.0.0 Safari/537.36 0.115
127.0.0.1 - - [04/Jun/2025:16:57:47 +0000] GET /api/am/devportal/v3/settings HTTP/1.1 200 787 - Java-http-client/21.0.5 0.039
172.23.0.1 - - [04/Jun/2025:16:57:47 +0000] GET /devportal/services/configs?loginPrompt=false HTTP/1.1 302 - https://localhost:9443/devportal/applications/ea90ae31-c3d2-4fb9-9f0c-8c7ddae64655/sandboxkeys/oauth Mozilla/5.0 (Windows NT 10.0; Win64; x64) AppleWebKit/537.36 (KHTML, like Gecko) Chrome/137.0.0.0 Safari/537.36 0.052
172.23.0.1 - - [04/Jun/2025:16:57:47 +0000] GET /oauth2/authorize?response_type=code&client_id=8YNcwtyaHxWPUT9xJgLZDwrd4sUa&scope=apim:admin%20apim:api_key%20apim:app_import_export%20apim:app_manage%20apim:store_settings%20apim:sub_alert_manage%20apim:sub_manage%20apim:subscribe%20openid&state=%2Fapplications%2Fea90ae31-c3d2-4fb9-9f0c-8c7ddae64655%2Fsandboxkeys%2Foauth&redirect_uri=https://localhost:9443/devportal/services/auth/callback/login&prompt=none HTTP/1.1 302 - https://localhost:9443/devportal/applications/ea90ae31-c3d2-4fb9-9f0c-8c7ddae64655/sandboxkeys/oauth Mozilla/5.0 (Windows NT 10.0; Win64; x64) AppleWebKit/537.36 (KHTML, like Gecko) Chrome/137.0.0.0 Safari/537.36 0.026
127.0.0.1 - - [04/Jun/2025:16:57:48 +0000] POST /oauth2/token HTTP/1.1 200 1537 - Java-http-client/21.0.5 0.010
172.23.0.1 - - [04/Jun/2025:16:57:48 +0000] GET /devportal/services/auth/callback/login?code=a524d992-995e-33e1-b768-122923f336ad&state=%2Fapplications%2Fea90ae31-c3d2-4fb9-9f0c-8c7ddae64655%2Fsandboxkeys%2Foauth&session_state=585d430a33d169f3f3836ba4cf3a2775fa9179cfcb17dedb21ba1804785a203e.d9um03R_gO3YDQWXQMGuLQ HTTP/1.1 302 - https://localhost:9443/devportal/applications/ea90ae31-c3d2-4fb9-9f0c-8c7ddae64655/sandboxkeys/oauth Mozilla/5.0 (Windows NT 10.0; Win64; x64) AppleWebKit/537.36 (KHTML, like Gecko) Chrome/137.0.0.0 Safari/537.36 0.034
172.23.0.1 - - [04/Jun/2025:16:57:48 +0000] GET /devportal/applications/ea90ae31-c3d2-4fb9-9f0c-8c7ddae64655/sandboxkeys/oauth HTTP/1.1 200 1691 https://localhost:9443/devportal/applications/ea90ae31-c3d2-4fb9-9f0c-8c7ddae64655/sandboxkeys/oauth Mozilla/5.0 (Windows NT 10.0; Win64; x64) AppleWebKit/537.36 (KHTML, like Gecko) Chrome/137.0.0.0 Safari/537.36 0.002
172.23.0.1 - - [04/Jun/2025:16:57:48 +0000] GET /api/am/publisher/v4/swagger.yaml HTTP/1.1 200 53880 https://localhost:9443/publisher/apis/f818fb14-194b-4a2d-a195-d9acd72a92df/overview Mozilla/5.0 (Windows NT 10.0; Win64; x64) AppleWebKit/537.36 (KHTML, like Gecko) Chrome/137.0.0.0 Safari/537.36 0.020
172.23.0.1 - - [04/Jun/2025:16:57:48 +0000] GET /devportal/site/public/theme/userTheme.js HTTP/1.1 200 95 https://localhost:9443/devportal/applications/ea90ae31-c3d2-4fb9-9f0c-8c7ddae64655/sandboxkeys/oauth Mozilla/5.0 (Windows NT 10.0; Win64; x64) AppleWebKit/537.36 (KHTML, like Gecko) Chrome/137.0.0.0 Safari/537.36 0.002
172.23.0.1 - - [04/Jun/2025:16:57:48 +0000] GET /devportal/site/public/css/main.css HTTP/1.1 200 2309 https://localhost:9443/devportal/applications/ea90ae31-c3d2-4fb9-9f0c-8c7ddae64655/sandboxkeys/oauth Mozilla/5.0 (Windows NT 10.0; Win64; x64) AppleWebKit/537.36 (KHTML, like Gecko) Chrome/137.0.0.0 Safari/537.36 0.002
172.23.0.1 - - [04/Jun/2025:16:57:48 +0000] GET /devportal/services/settings/settings.js HTTP/1.1 200 1670 https://localhost:9443/devportal/applications/ea90ae31-c3d2-4fb9-9f0c-8c7ddae64655/sandboxkeys/oauth Mozilla/5.0 (Windows NT 10.0; Win64; x64) AppleWebKit/537.36 (KHTML, like Gecko) Chrome/137.0.0.0 Safari/537.36 0.003
172.23.0.1 - - [04/Jun/2025:16:57:48 +0000] GET /devportal/site/public/css/overrides.css HTTP/1.1 200 - https://localhost:9443/devportal/applications/ea90ae31-c3d2-4fb9-9f0c-8c7ddae64655/sandboxkeys/oauth Mozilla/5.0 (Windows NT 10.0; Win64; x64) AppleWebKit/537.36 (KHTML, like Gecko) Chrome/137.0.0.0 Safari/537.36 0.001
172.23.0.1 - - [04/Jun/2025:16:57:48 +0000] GET /devportal/site/public/fonts/iconfont/material-icons.css HTTP/1.1 200 970 https://localhost:9443/devportal/applications/ea90ae31-c3d2-4fb9-9f0c-8c7ddae64655/sandboxkeys/oauth Mozilla/5.0 (Windows NT 10.0; Win64; x64) AppleWebKit/537.36 (KHTML, like Gecko) Chrome/137.0.0.0 Safari/537.36 0.001
