172.23.0.1 - - [17/Jun/2025:08:37:40 +0000] POST /oauth2/token HTTP/1.1 200 1236 - Java/17.0.10 0.313
127.0.0.1 - - [17/Jun/2025:08:37:40 +0000] POST /internal/data/v1/notify HTTP/1.1 200 - - Apache-HttpClient/4.5.13 (Java/21.0.5) 0.052
172.23.0.1 - - [17/Jun/2025:08:37:40 +0000] GET /api/am/publisher/v4/apis HTTP/1.1 200 1540 - Java/17.0.10 0.388
172.23.0.1 - - [17/Jun/2025:08:37:40 +0000] POST /oauth2/token HTTP/1.1 200 1236 - Java/17.0.10 0.017
127.0.0.1 - - [17/Jun/2025:08:37:40 +0000] POST /internal/data/v1/notify HTTP/1.1 200 - - Apache-HttpClient/4.5.13 (Java/21.0.5) 0.012
172.23.0.1 - - [17/Jun/2025:08:37:40 +0000] GET /api/am/publisher/v4/apis HTTP/1.1 200 1540 - Java/17.0.10 0.031
172.23.0.1 - - [17/Jun/2025:08:39:26 +0000] POST /oauth2/token HTTP/1.1 200 1236 - Java/17.0.10 0.034
127.0.0.1 - - [17/Jun/2025:08:39:26 +0000] POST /internal/data/v1/notify HTTP/1.1 200 - - Apache-HttpClient/4.5.13 (Java/21.0.5) 0.020
172.23.0.1 - - [17/Jun/2025:08:39:26 +0000] GET /api/am/publisher/v4/apis HTTP/1.1 200 1540 - Java/17.0.10 0.033
172.23.0.1 - - [17/Jun/2025:09:36:53 +0000] POST /oauth2/token HTTP/1.1 200 1236 - Java/17.0.10 0.204
127.0.0.1 - - [17/Jun/2025:09:36:53 +0000] POST /internal/data/v1/notify HTTP/1.1 200 - - Apache-HttpClient/4.5.13 (Java/21.0.5) 0.031
172.23.0.1 - - [17/Jun/2025:09:36:54 +0000] GET /api/am/publisher/v4/apis HTTP/1.1 200 1540 - Java/17.0.10 0.178
172.23.0.1 - - [17/Jun/2025:09:36:54 +0000] POST /oauth2/token HTTP/1.1 200 1236 - Java/17.0.10 0.029
127.0.0.1 - - [17/Jun/2025:09:36:54 +0000] POST /internal/data/v1/notify HTTP/1.1 200 - - Apache-HttpClient/4.5.13 (Java/21.0.5) 0.013
172.23.0.1 - - [17/Jun/2025:09:36:54 +0000] GET /api/am/publisher/v4/apis HTTP/1.1 200 1540 - Java/17.0.10 0.018
172.23.0.1 - - [17/Jun/2025:09:43:29 +0000] POST /oauth2/token HTTP/1.1 200 1236 - Java/17.0.10 0.038
127.0.0.1 - - [17/Jun/2025:09:43:29 +0000] POST /internal/data/v1/notify HTTP/1.1 200 - - Apache-HttpClient/4.5.13 (Java/21.0.5) 0.016
172.23.0.1 - - [17/Jun/2025:09:43:29 +0000] GET /api/am/publisher/v4/apis HTTP/1.1 200 1540 - Java/17.0.10 0.038
172.23.0.1 - - [17/Jun/2025:09:48:56 +0000] POST /oauth2/token HTTP/1.1 200 1236 - Java/17.0.10 0.048
127.0.0.1 - - [17/Jun/2025:09:48:56 +0000] POST /internal/data/v1/notify HTTP/1.1 200 - - Apache-HttpClient/4.5.13 (Java/21.0.5) 0.019
172.23.0.1 - - [17/Jun/2025:09:48:56 +0000] GET /api/am/publisher/v4/apis HTTP/1.1 200 1540 - Java/17.0.10 0.029
172.23.0.1 - - [17/Jun/2025:09:53:22 +0000] - 400 - - - 0.000
172.23.0.1 - - [17/Jun/2025:09:53:22 +0000] - 400 - - - 0.000
172.23.0.1 - - [17/Jun/2025:09:53:37 +0000] - 400 - - - 0.000
172.23.0.1 - - [17/Jun/2025:09:53:37 +0000] - 400 - - - 0.000
172.23.0.1 - - [17/Jun/2025:09:53:42 +0000] - 400 - - - 0.000
172.23.0.1 - - [17/Jun/2025:09:53:42 +0000] - 400 - - - 0.000
172.23.0.1 - - [17/Jun/2025:09:53:42 +0000] GET /devportal/ HTTP/1.1 200 1691 - Mozilla/5.0 (Windows NT 10.0; Win64; x64) AppleWebKit/537.36 (KHTML, like Gecko) Chrome/137.0.0.0 Safari/537.36 0.336
172.23.0.1 - - [17/Jun/2025:09:53:42 +0000] - 400 - - - 0.000
172.23.0.1 - - [17/Jun/2025:09:53:42 +0000] GET /devportal/site/public/css/main.css HTTP/1.1 200 2309 https://localhost:9443/devportal/ Mozilla/5.0 (Windows NT 10.0; Win64; x64) AppleWebKit/537.36 (KHTML, like Gecko) Chrome/137.0.0.0 Safari/537.36 0.043
172.23.0.1 - - [17/Jun/2025:09:53:42 +0000] - 400 - - - 0.000
172.23.0.1 - - [17/Jun/2025:09:53:42 +0000] - 400 - - - 0.000
172.23.0.1 - - [17/Jun/2025:09:53:43 +0000] GET /devportal/site/public/fonts/iconfont/material-icons.css HTTP/1.1 200 970 https://localhost:9443/devportal/ Mozilla/5.0 (Windows NT 10.0; Win64; x64) AppleWebKit/537.36 (KHTML, like Gecko) Chrome/137.0.0.0 Safari/537.36 0.006
172.23.0.1 - - [17/Jun/2025:09:53:43 +0000] - 400 - - - 0.000
172.23.0.1 - - [17/Jun/2025:09:53:43 +0000] - 400 - - - 0.000
172.23.0.1 - - [17/Jun/2025:09:53:43 +0000] - 400 - - - 0.000
172.23.0.1 - - [17/Jun/2025:09:53:43 +0000] GET /devportal/site/public/css/overrides.css HTTP/1.1 200 - https://localhost:9443/devportal/ Mozilla/5.0 (Windows NT 10.0; Win64; x64) AppleWebKit/537.36 (KHTML, like Gecko) Chrome/137.0.0.0 Safari/537.36 0.003
172.23.0.1 - - [17/Jun/2025:09:53:43 +0000] GET /devportal/services/settings/settings.js HTTP/1.1 200 1670 https://localhost:9443/devportal/ Mozilla/5.0 (Windows NT 10.0; Win64; x64) AppleWebKit/537.36 (KHTML, like Gecko) Chrome/137.0.0.0 Safari/537.36 0.023
172.23.0.1 - - [17/Jun/2025:09:53:43 +0000] GET /devportal/site/public/theme/userTheme.js HTTP/1.1 200 95 https://localhost:9443/devportal/ Mozilla/5.0 (Windows NT 10.0; Win64; x64) AppleWebKit/537.36 (KHTML, like Gecko) Chrome/137.0.0.0 Safari/537.36 0.006
172.23.0.1 - - [17/Jun/2025:09:53:43 +0000] GET /devportal/site/public/fonts/iconfont/MaterialIcons.js HTTP/1.1 200 6703 https://localhost:9443/devportal/ Mozilla/5.0 (Windows NT 10.0; Win64; x64) AppleWebKit/537.36 (KHTML, like Gecko) Chrome/137.0.0.0 Safari/537.36 0.007
172.23.0.1 - - [17/Jun/2025:09:53:43 +0000] GET /devportal/site/public/dist/index.9a2ce8733ef18848cae3.bundle.js HTTP/1.1 200 330449 https://localhost:9443/devportal/ Mozilla/5.0 (Windows NT 10.0; Win64; x64) AppleWebKit/537.36 (KHTML, like Gecko) Chrome/137.0.0.0 Safari/537.36 0.076
172.23.0.1 - - [17/Jun/2025:09:53:43 +0000] GET /devportal/site/public/locales/en.json HTTP/1.1 200 68799 https://localhost:9443/devportal/ Mozilla/5.0 (Windows NT 10.0; Win64; x64) AppleWebKit/537.36 (KHTML, like Gecko) Chrome/137.0.0.0 Safari/537.36 0.007
172.23.0.1 - - [17/Jun/2025:09:53:43 +0000] GET /devportal/site/public/images/_favicon.ico HTTP/1.1 200 1150 https://localhost:9443/devportal/ Mozilla/5.0 (Windows NT 10.0; Win64; x64) AppleWebKit/537.36 (KHTML, like Gecko) Chrome/137.0.0.0 Safari/537.36 0.004
172.23.0.1 - - [17/Jun/2025:09:53:43 +0000] GET /devportal/site/public/images/favicon.ico HTTP/1.1 200 162098 https://localhost:9443/devportal/ Mozilla/5.0 (Windows NT 10.0; Win64; x64) AppleWebKit/537.36 (KHTML, like Gecko) Chrome/137.0.0.0 Safari/537.36 0.011
172.23.0.1 - - [17/Jun/2025:09:53:44 +0000] GET /api/am/devportal/v3/swagger.yaml HTTP/1.1 200 30152 https://localhost:9443/devportal/ Mozilla/5.0 (Windows NT 10.0; Win64; x64) AppleWebKit/537.36 (KHTML, like Gecko) Chrome/137.0.0.0 Safari/537.36 1.127
172.23.0.1 - - [17/Jun/2025:09:53:45 +0000] GET /api/am/devportal/v3/settings HTTP/1.1 200 775 https://localhost:9443/devportal/ Mozilla/5.0 (Windows NT 10.0; Win64; x64) AppleWebKit/537.36 (KHTML, like Gecko) Chrome/137.0.0.0 Safari/537.36 0.845
172.23.0.1 - - [17/Jun/2025:09:53:45 +0000] GET /devportal/site/public/dist/ProtectedApp.e0e280a9fd8a17ed8a2e.bundle.js HTTP/1.1 200 77990 https://localhost:9443/devportal/ Mozilla/5.0 (Windows NT 10.0; Win64; x64) AppleWebKit/537.36 (KHTML, like Gecko) Chrome/137.0.0.0 Safari/537.36 0.027
172.23.0.1 - - [17/Jun/2025:09:53:45 +0000] GET /devportal/site/public/dist/8762.376c6814a333f1d5caff.bundle.js HTTP/1.1 200 98796 https://localhost:9443/devportal/ Mozilla/5.0 (Windows NT 10.0; Win64; x64) AppleWebKit/537.36 (KHTML, like Gecko) Chrome/137.0.0.0 Safari/537.36 0.030
172.23.0.1 - - [17/Jun/2025:09:53:45 +0000] GET /devportal/site/public/theme/temporary_environments_config.json HTTP/1.1 200 - https://localhost:9443/devportal/ Mozilla/5.0 (Windows NT 10.0; Win64; x64) AppleWebKit/537.36 (KHTML, like Gecko) Chrome/137.0.0.0 Safari/537.36 0.003
172.23.0.1 - - [17/Jun/2025:09:53:45 +0000] GET /devportal/site/public/theme/temporary_features_config.json HTTP/1.1 200 - https://localhost:9443/devportal/ Mozilla/5.0 (Windows NT 10.0; Win64; x64) AppleWebKit/537.36 (KHTML, like Gecko) Chrome/137.0.0.0 Safari/537.36 0.003
172.23.0.1 - - [17/Jun/2025:09:53:45 +0000] GET /api/am/devportal/v3/tenants?state=active HTTP/1.1 200 96 https://localhost:9443/devportal/ Mozilla/5.0 (Windows NT 10.0; Win64; x64) AppleWebKit/537.36 (KHTML, like Gecko) Chrome/137.0.0.0 Safari/537.36 0.068
172.23.0.1 - - [17/Jun/2025:09:53:45 +0000] GET /devportal/site/public/dist/806.c622143ba17b98916c5a.bundle.js HTTP/1.1 200 5551 https://localhost:9443/devportal/apis Mozilla/5.0 (Windows NT 10.0; Win64; x64) AppleWebKit/537.36 (KHTML, like Gecko) Chrome/137.0.0.0 Safari/537.36 0.012
172.23.0.1 - - [17/Jun/2025:09:53:45 +0000] GET /devportal/site/public/dist/573.cf801127f162fe2820f1.bundle.js HTTP/1.1 200 8788 https://localhost:9443/devportal/apis Mozilla/5.0 (Windows NT 10.0; Win64; x64) AppleWebKit/537.36 (KHTML, like Gecko) Chrome/137.0.0.0 Safari/537.36 0.012
172.23.0.1 - - [17/Jun/2025:09:53:45 +0000] GET /devportal/site/public/dist/7629.e48f6bba7d4b6777fd4c.bundle.js HTTP/1.1 200 5687 https://localhost:9443/devportal/apis Mozilla/5.0 (Windows NT 10.0; Win64; x64) AppleWebKit/537.36 (KHTML, like Gecko) Chrome/137.0.0.0 Safari/537.36 0.024
172.23.0.1 - - [17/Jun/2025:09:53:45 +0000] GET /devportal/site/public/dist/2740.a747aabc32dc5c64cb70.bundle.js HTTP/1.1 200 5517 https://localhost:9443/devportal/apis Mozilla/5.0 (Windows NT 10.0; Win64; x64) AppleWebKit/537.36 (KHTML, like Gecko) Chrome/137.0.0.0 Safari/537.36 0.013
172.23.0.1 - - [17/Jun/2025:09:53:45 +0000] GET /devportal/site/public/dist/Apis.95678e86a2a3de116f2e.bundle.js HTTP/1.1 200 31428 https://localhost:9443/devportal/apis Mozilla/5.0 (Windows NT 10.0; Win64; x64) AppleWebKit/537.36 (KHTML, like Gecko) Chrome/137.0.0.0 Safari/537.36 0.020
172.23.0.1 - - [17/Jun/2025:09:53:45 +0000] GET /devportal/site/public/dist/538.fa642f3b646b875eb607.bundle.js HTTP/1.1 200 27240 https://localhost:9443/devportal/apis Mozilla/5.0 (Windows NT 10.0; Win64; x64) AppleWebKit/537.36 (KHTML, like Gecko) Chrome/137.0.0.0 Safari/537.36 0.043
172.23.0.1 - - [17/Jun/2025:09:53:45 +0000] GET /devportal/site/public/images/logo.svg HTTP/1.1 200 74991 https://localhost:9443/devportal/apis Mozilla/5.0 (Windows NT 10.0; Win64; x64) AppleWebKit/537.36 (KHTML, like Gecko) Chrome/137.0.0.0 Safari/537.36 0.021
172.23.0.1 - - [17/Jun/2025:09:53:45 +0000] GET /devportal HTTP/1.1 302 - https://localhost:9443/devportal/apis Mozilla/5.0 (Windows NT 10.0; Win64; x64) AppleWebKit/537.36 (KHTML, like Gecko) Chrome/137.0.0.0 Safari/537.36 0.000
172.23.0.1 - - [17/Jun/2025:09:53:45 +0000] GET /devportal/site/public/fonts/Open_Sans/mem8YaGs126MiZpBA-UFVZ0bf8pkAg.woff2 HTTP/1.1 200 8892 https://localhost:9443/devportal/site/public/css/main.css Mozilla/5.0 (Windows NT 10.0; Win64; x64) AppleWebKit/537.36 (KHTML, like Gecko) Chrome/137.0.0.0 Safari/537.36 0.006
172.23.0.1 - - [17/Jun/2025:09:53:45 +0000] GET /devportal/site/public/fonts/Open_Sans/mem5YaGs126MiZpBA-UN7rgOUuhpKKSTjw.woff2 HTTP/1.1 200 8800 https://localhost:9443/devportal/site/public/css/main.css Mozilla/5.0 (Windows NT 10.0; Win64; x64) AppleWebKit/537.36 (KHTML, like Gecko) Chrome/137.0.0.0 Safari/537.36 0.006
172.23.0.1 - - [17/Jun/2025:09:53:45 +0000] GET /devportal/site/public/images/_favicon.ico HTTP/1.1 200 1150 https://localhost:9443/devportal/apis Mozilla/5.0 (Windows NT 10.0; Win64; x64) AppleWebKit/537.36 (KHTML, like Gecko) Chrome/137.0.0.0 Safari/537.36 0.004
172.23.0.1 - - [17/Jun/2025:09:53:45 +0000] GET /devportal/site/public/images/appbarBack.png HTTP/1.1 200 1964 https://localhost:9443/devportal/apis Mozilla/5.0 (Windows NT 10.0; Win64; x64) AppleWebKit/537.36 (KHTML, like Gecko) Chrome/137.0.0.0 Safari/537.36 0.006
172.23.0.1 - - [17/Jun/2025:09:53:45 +0000] GET /devportal/site/public/dist/4609.b012e181419e98189c2d.bundle.js HTTP/1.1 200 110016 https://localhost:9443/devportal/apis Mozilla/5.0 (Windows NT 10.0; Win64; x64) AppleWebKit/537.36 (KHTML, like Gecko) Chrome/137.0.0.0 Safari/537.36 0.076
172.23.0.1 - - [17/Jun/2025:09:53:45 +0000] GET /devportal/site/public/fonts/iconfont/MaterialIcons-Regular.woff2 HTTP/1.1 200 60840 https://localhost:9443/devportal/site/public/fonts/iconfont/material-icons.css Mozilla/5.0 (Windows NT 10.0; Win64; x64) AppleWebKit/537.36 (KHTML, like Gecko) Chrome/137.0.0.0 Safari/537.36 0.028
172.23.0.1 - - [17/Jun/2025:09:53:45 +0000] GET /devportal/ HTTP/1.1 200 1691 https://localhost:9443/devportal/apis Mozilla/5.0 (Windows NT 10.0; Win64; x64) AppleWebKit/537.36 (KHTML, like Gecko) Chrome/137.0.0.0 Safari/537.36 0.011
172.23.0.1 - - [17/Jun/2025:09:53:45 +0000] GET /oidc/checksession?client_id=8YNcwtyaHxWPUT9xJgLZDwrd4sUa&redirect_uri=https://localhost:9443/devportal/services/auth/callback/login HTTP/1.1 200 3134 https://localhost:9443/devportal/ Mozilla/5.0 (Windows NT 10.0; Win64; x64) AppleWebKit/537.36 (KHTML, like Gecko) Chrome/137.0.0.0 Safari/537.36 0.142
172.23.0.1 - - [17/Jun/2025:09:53:45 +0000] GET /api/am/devportal/v3/api-categories HTTP/1.1 200 21 https://localhost:9443/devportal/apis Mozilla/5.0 (Windows NT 10.0; Win64; x64) AppleWebKit/537.36 (KHTML, like Gecko) Chrome/137.0.0.0 Safari/537.36 0.027
172.23.0.1 - - [17/Jun/2025:09:53:46 +0000] GET /api/am/devportal/v3/tags?limit=-1 HTTP/1.1 200 143 https://localhost:9443/devportal/apis Mozilla/5.0 (Windows NT 10.0; Win64; x64) AppleWebKit/537.36 (KHTML, like Gecko) Chrome/137.0.0.0 Safari/537.36 0.225
172.23.0.1 - - [17/Jun/2025:09:53:46 +0000] GET /api/am/devportal/v3/apis?limit=10&offset=0 HTTP/1.1 200 661 https://localhost:9443/devportal/apis Mozilla/5.0 (Windows NT 10.0; Win64; x64) AppleWebKit/537.36 (KHTML, like Gecko) Chrome/137.0.0.0 Safari/537.36 0.317
172.23.0.1 - - [17/Jun/2025:09:53:46 +0000] GET /api/am/devportal/v3/apis/3d25892b-b9a4-4295-bdc9-6528d8d6b900/thumbnail HTTP/1.1 204 - https://localhost:9443/devportal/apis Mozilla/5.0 (Windows NT 10.0; Win64; x64) AppleWebKit/537.36 (KHTML, like Gecko) Chrome/137.0.0.0 Safari/537.36 0.116
172.23.0.1 - - [17/Jun/2025:09:53:46 +0000] GET /api/am/devportal/v3/apis/3e9c8bfa-e0d3-4922-984e-cd99bd95a7c8/thumbnail HTTP/1.1 204 - https://localhost:9443/devportal/apis Mozilla/5.0 (Windows NT 10.0; Win64; x64) AppleWebKit/537.36 (KHTML, like Gecko) Chrome/137.0.0.0 Safari/537.36 0.116
127.0.0.1 - - [17/Jun/2025:09:53:50 +0000] GET /api/am/devportal/v3/settings HTTP/1.1 200 787 - Java-http-client/21.0.5 0.105
172.23.0.1 - - [17/Jun/2025:09:53:50 +0000] GET /devportal/services/configs HTTP/1.1 302 - https://localhost:9443/devportal/apis Mozilla/5.0 (Windows NT 10.0; Win64; x64) AppleWebKit/537.36 (KHTML, like Gecko) Chrome/137.0.0.0 Safari/537.36 0.468
172.23.0.1 - - [17/Jun/2025:09:53:50 +0000] GET /oauth2/authorize?response_type=code&client_id=8YNcwtyaHxWPUT9xJgLZDwrd4sUa&scope=apim:admin%20apim:api_key%20apim:app_import_export%20apim:app_manage%20apim:store_settings%20apim:sub_alert_manage%20apim:sub_manage%20apim:subscribe%20openid&state=%2Fapis&redirect_uri=https://localhost:9443/devportal/services/auth/callback/login HTTP/1.1 302 - https://localhost:9443/devportal/apis Mozilla/5.0 (Windows NT 10.0; Win64; x64) AppleWebKit/537.36 (KHTML, like Gecko) Chrome/137.0.0.0 Safari/537.36 0.368
127.0.0.1 - - [17/Jun/2025:09:53:51 +0000] GET /api/server/v1/applications?filter=name+eq+apim_devportal HTTP/1.1 302 - - Apache-HttpClient/4.5.13 (Java/21.0.5) 0.097
127.0.0.1 - - [17/Jun/2025:09:53:54 +0000] GET /carbon/admin/login.jsp HTTP/1.1 200 3682 - Apache-HttpClient/4.5.13 (Java/21.0.5) 3.855
127.0.0.1 - - [17/Jun/2025:09:53:54 +0000] POST /api/server/v1/identity-governance/preferences HTTP/1.1 302 - - Apache-HttpClient/4.5.13 (Java/21.0.5) 0.002
127.0.0.1 - - [17/Jun/2025:09:53:54 +0000] POST /api/server/v1/identity-governance/preferences HTTP/1.1 302 - - Apache-HttpClient/4.5.13 (Java/21.0.5) 0.002
127.0.0.1 - - [17/Jun/2025:09:53:54 +0000] POST /api/server/v1/identity-governance/preferences HTTP/1.1 302 - - Apache-HttpClient/4.5.13 (Java/21.0.5) 0.001
127.0.0.1 - - [17/Jun/2025:09:53:55 +0000] GET /api/server/v1/applications?filter=name+eq+apim_devportal HTTP/1.1 302 - - Apache-HttpClient/4.5.13 (Java/21.0.5) 0.002
127.0.0.1 - - [17/Jun/2025:09:53:55 +0000] GET /carbon/admin/login.jsp HTTP/1.1 200 3681 - Apache-HttpClient/4.5.13 (Java/21.0.5) 0.025
172.23.0.1 - - [17/Jun/2025:09:53:55 +0000] GET /authenticationendpoint/login.do?client_id=8YNcwtyaHxWPUT9xJgLZDwrd4sUa&commonAuthCallerPath=%2Foauth2%2Fauthorize&forceAuth=false&passiveAuth=false&redirect_uri=https%3A%2F%2Flocalhost%3A9443%2Fdevportal%2Fservices%2Fauth%2Fcallback%2Flogin&response_type=code&scope=apim%3Aadmin+apim%3Aapi_key+apim%3Aapp_import_export+apim%3Aapp_manage+apim%3Astore_settings+apim%3Asub_alert_manage+apim%3Asub_manage+apim%3Asubscribe+openid&state=%2Fapis&tenantDomain=carbon.super&sessionDataKey=306a2e1a-6097-4fe3-b619-c786fe44187e&relyingParty=8YNcwtyaHxWPUT9xJgLZDwrd4sUa&type=oidc&sp=apim_devportal&isSaaSApp=true&authenticators=BasicAuthenticator%3ALOCAL HTTP/1.1 200 9147 https://localhost:9443/devportal/apis Mozilla/5.0 (Windows NT 10.0; Win64; x64) AppleWebKit/537.36 (KHTML, like Gecko) Chrome/137.0.0.0 Safari/537.36 4.533
172.23.0.1 - - [17/Jun/2025:09:53:55 +0000] GET /authenticationendpoint/libs/jquery_3.6.0/jquery-3.6.0.min.js HTTP/1.1 200 31385 https://localhost:9443/authenticationendpoint/login.do?client_id=8YNcwtyaHxWPUT9xJgLZDwrd4sUa&commonAuthCallerPath=%2Foauth2%2Fauthorize&forceAuth=false&passiveAuth=false&redirect_uri=https%3A%2F%2Flocalhost%3A9443%2Fdevportal%2Fservices%2Fauth%2Fcallback%2Flogin&response_type=code&scope=apim%3Aadmin+apim%3Aapi_key+apim%3Aapp_import_export+apim%3Aapp_manage+apim%3Astore_settings+apim%3Asub_alert_manage+apim%3Asub_manage+apim%3Asubscribe+openid&state=%2Fapis&tenantDomain=carbon.super&sessionDataKey=306a2e1a-6097-4fe3-b619-c786fe44187e&relyingParty=8YNcwtyaHxWPUT9xJgLZDwrd4sUa&type=oidc&sp=apim_devportal&isSaaSApp=true&authenticators=BasicAuthenticator%3ALOCAL Mozilla/5.0 (Windows NT 10.0; Win64; x64) AppleWebKit/537.36 (KHTML, like Gecko) Chrome/137.0.0.0 Safari/537.36 0.048
172.23.0.1 - - [17/Jun/2025:09:53:55 +0000] GET /authenticationendpoint/libs/themes/default/theme.70534561.min.css HTTP/1.1 200 148020 https://localhost:9443/authenticationendpoint/login.do?client_id=8YNcwtyaHxWPUT9xJgLZDwrd4sUa&commonAuthCallerPath=%2Foauth2%2Fauthorize&forceAuth=false&passiveAuth=false&redirect_uri=https%3A%2F%2Flocalhost%3A9443%2Fdevportal%2Fservices%2Fauth%2Fcallback%2Flogin&response_type=code&scope=apim%3Aadmin+apim%3Aapi_key+apim%3Aapp_import_export+apim%3Aapp_manage+apim%3Astore_settings+apim%3Asub_alert_manage+apim%3Asub_manage+apim%3Asubscribe+openid&state=%2Fapis&tenantDomain=carbon.super&sessionDataKey=306a2e1a-6097-4fe3-b619-c786fe44187e&relyingParty=8YNcwtyaHxWPUT9xJgLZDwrd4sUa&type=oidc&sp=apim_devportal&isSaaSApp=true&authenticators=BasicAuthenticator%3ALOCAL Mozilla/5.0 (Windows NT 10.0; Win64; x64) AppleWebKit/537.36 (KHTML, like Gecko) Chrome/137.0.0.0 Safari/537.36 0.107
172.23.0.1 - - [17/Jun/2025:09:53:55 +0000] GET /authenticationendpoint/libs/themes/default/semantic.min.js HTTP/1.1 200 72294 https://localhost:9443/authenticationendpoint/login.do?client_id=8YNcwtyaHxWPUT9xJgLZDwrd4sUa&commonAuthCallerPath=%2Foauth2%2Fauthorize&forceAuth=false&passiveAuth=false&redirect_uri=https%3A%2F%2Flocalhost%3A9443%2Fdevportal%2Fservices%2Fauth%2Fcallback%2Flogin&response_type=code&scope=apim%3Aadmin+apim%3Aapi_key+apim%3Aapp_import_export+apim%3Aapp_manage+apim%3Astore_settings+apim%3Asub_alert_manage+apim%3Asub_manage+apim%3Asubscribe+openid&state=%2Fapis&tenantDomain=carbon.super&sessionDataKey=306a2e1a-6097-4fe3-b619-c786fe44187e&relyingParty=8YNcwtyaHxWPUT9xJgLZDwrd4sUa&type=oidc&sp=apim_devportal&isSaaSApp=true&authenticators=BasicAuthenticator%3ALOCAL Mozilla/5.0 (Windows NT 10.0; Win64; x64) AppleWebKit/537.36 (KHTML, like Gecko) Chrome/137.0.0.0 Safari/537.36 0.109
172.23.0.1 - - [17/Jun/2025:09:53:55 +0000] GET /authenticationendpoint/libs/themes/default/assets/fonts/icons.woff2 HTTP/1.1 200 40148 https://localhost:9443/authenticationendpoint/libs/themes/default/theme.70534561.min.css Mozilla/5.0 (Windows NT 10.0; Win64; x64) AppleWebKit/537.36 (KHTML, like Gecko) Chrome/137.0.0.0 Safari/537.36 0.008
172.23.0.1 - - [17/Jun/2025:09:53:55 +0000] GET /authenticationendpoint/libs/themes/default/assets/images/favicon.ico HTTP/1.1 200 1150 https://localhost:9443/authenticationendpoint/login.do?client_id=8YNcwtyaHxWPUT9xJgLZDwrd4sUa&commonAuthCallerPath=%2Foauth2%2Fauthorize&forceAuth=false&passiveAuth=false&redirect_uri=https%3A%2F%2Flocalhost%3A9443%2Fdevportal%2Fservices%2Fauth%2Fcallback%2Flogin&response_type=code&scope=apim%3Aadmin+apim%3Aapi_key+apim%3Aapp_import_export+apim%3Aapp_manage+apim%3Astore_settings+apim%3Asub_alert_manage+apim%3Asub_manage+apim%3Asubscribe+openid&state=%2Fapis&tenantDomain=carbon.super&sessionDataKey=306a2e1a-6097-4fe3-b619-c786fe44187e&relyingParty=8YNcwtyaHxWPUT9xJgLZDwrd4sUa&type=oidc&sp=apim_devportal&isSaaSApp=true&authenticators=BasicAuthenticator%3ALOCAL Mozilla/5.0 (Windows NT 10.0; Win64; x64) AppleWebKit/537.36 (KHTML, like Gecko) Chrome/137.0.0.0 Safari/537.36 0.004
172.23.0.1 - - [17/Jun/2025:09:53:55 +0000] GET /logincontext?sessionDataKey=306a2e1a-6097-4fe3-b619-c786fe44187e&application=apim_devportal&tenantDomain=carbon.super&_=1750154035382 HTTP/1.1 200 20 https://localhost:9443/authenticationendpoint/login.do?client_id=8YNcwtyaHxWPUT9xJgLZDwrd4sUa&commonAuthCallerPath=%2Foauth2%2Fauthorize&forceAuth=false&passiveAuth=false&redirect_uri=https%3A%2F%2Flocalhost%3A9443%2Fdevportal%2Fservices%2Fauth%2Fcallback%2Flogin&response_type=code&scope=apim%3Aadmin+apim%3Aapi_key+apim%3Aapp_import_export+apim%3Aapp_manage+apim%3Astore_settings+apim%3Asub_alert_manage+apim%3Asub_manage+apim%3Asubscribe+openid&state=%2Fapis&tenantDomain=carbon.super&sessionDataKey=306a2e1a-6097-4fe3-b619-c786fe44187e&relyingParty=8YNcwtyaHxWPUT9xJgLZDwrd4sUa&type=oidc&sp=apim_devportal&isSaaSApp=true&authenticators=BasicAuthenticator%3ALOCAL Mozilla/5.0 (Windows NT 10.0; Win64; x64) AppleWebKit/537.36 (KHTML, like Gecko) Chrome/137.0.0.0 Safari/537.36 0.050
172.23.0.1 - - [17/Jun/2025:09:54:00 +0000] GET /logincontext?sessionDataKey=306a2e1a-6097-4fe3-b619-c786fe44187e&application=apim_devportal&tenantDomain=carbon.super&_=1750154035383 HTTP/1.1 200 20 https://localhost:9443/authenticationendpoint/login.do?client_id=8YNcwtyaHxWPUT9xJgLZDwrd4sUa&commonAuthCallerPath=%2Foauth2%2Fauthorize&forceAuth=false&passiveAuth=false&redirect_uri=https%3A%2F%2Flocalhost%3A9443%2Fdevportal%2Fservices%2Fauth%2Fcallback%2Flogin&response_type=code&scope=apim%3Aadmin+apim%3Aapi_key+apim%3Aapp_import_export+apim%3Aapp_manage+apim%3Astore_settings+apim%3Asub_alert_manage+apim%3Asub_manage+apim%3Asubscribe+openid&state=%2Fapis&tenantDomain=carbon.super&sessionDataKey=306a2e1a-6097-4fe3-b619-c786fe44187e&relyingParty=8YNcwtyaHxWPUT9xJgLZDwrd4sUa&type=oidc&sp=apim_devportal&isSaaSApp=true&authenticators=BasicAuthenticator%3ALOCAL Mozilla/5.0 (Windows NT 10.0; Win64; x64) AppleWebKit/537.36 (KHTML, like Gecko) Chrome/137.0.0.0 Safari/537.36 0.002
172.23.0.1 - - [17/Jun/2025:09:54:00 +0000] POST /commonauth HTTP/1.1 302 - https://localhost:9443/authenticationendpoint/login.do?client_id=8YNcwtyaHxWPUT9xJgLZDwrd4sUa&commonAuthCallerPath=%2Foauth2%2Fauthorize&forceAuth=false&passiveAuth=false&redirect_uri=https%3A%2F%2Flocalhost%3A9443%2Fdevportal%2Fservices%2Fauth%2Fcallback%2Flogin&response_type=code&scope=apim%3Aadmin+apim%3Aapi_key+apim%3Aapp_import_export+apim%3Aapp_manage+apim%3Astore_settings+apim%3Asub_alert_manage+apim%3Asub_manage+apim%3Asubscribe+openid&state=%2Fapis&tenantDomain=carbon.super&sessionDataKey=306a2e1a-6097-4fe3-b619-c786fe44187e&relyingParty=8YNcwtyaHxWPUT9xJgLZDwrd4sUa&type=oidc&sp=apim_devportal&isSaaSApp=true&authenticators=BasicAuthenticator%3ALOCAL Mozilla/5.0 (Windows NT 10.0; Win64; x64) AppleWebKit/537.36 (KHTML, like Gecko) Chrome/137.0.0.0 Safari/537.36 0.200
172.23.0.1 - - [17/Jun/2025:09:54:00 +0000] GET /oauth2/authorize?sessionDataKey=661669de-8a97-4862-bca4-6b603ceffcd5 HTTP/1.1 302 - https://localhost:9443/authenticationendpoint/login.do?client_id=8YNcwtyaHxWPUT9xJgLZDwrd4sUa&commonAuthCallerPath=%2Foauth2%2Fauthorize&forceAuth=false&passiveAuth=false&redirect_uri=https%3A%2F%2Flocalhost%3A9443%2Fdevportal%2Fservices%2Fauth%2Fcallback%2Flogin&response_type=code&scope=apim%3Aadmin+apim%3Aapi_key+apim%3Aapp_import_export+apim%3Aapp_manage+apim%3Astore_settings+apim%3Asub_alert_manage+apim%3Asub_manage+apim%3Asubscribe+openid&state=%2Fapis&tenantDomain=carbon.super&sessionDataKey=306a2e1a-6097-4fe3-b619-c786fe44187e&relyingParty=8YNcwtyaHxWPUT9xJgLZDwrd4sUa&type=oidc&sp=apim_devportal&isSaaSApp=true&authenticators=BasicAuthenticator%3ALOCAL Mozilla/5.0 (Windows NT 10.0; Win64; x64) AppleWebKit/537.36 (KHTML, like Gecko) Chrome/137.0.0.0 Safari/537.36 0.076
127.0.0.1 - - [17/Jun/2025:09:54:00 +0000] POST /oauth2/token HTTP/1.1 200 1537 - Java-http-client/21.0.5 0.052
172.23.0.1 - - [17/Jun/2025:09:54:00 +0000] GET /devportal/services/auth/callback/login?code=49e3d8d6-fc68-36d8-b136-27fa65dc43a9&state=%2Fapis&session_state=7dc0b6b26061e60e624c5320499ef860e0dd75a55efbe3b4ea4141b1edc2c5db.4TcxHeQf-h_qyOdytXGgMA HTTP/1.1 302 - https://localhost:9443/authenticationendpoint/login.do?client_id=8YNcwtyaHxWPUT9xJgLZDwrd4sUa&commonAuthCallerPath=%2Foauth2%2Fauthorize&forceAuth=false&passiveAuth=false&redirect_uri=https%3A%2F%2Flocalhost%3A9443%2Fdevportal%2Fservices%2Fauth%2Fcallback%2Flogin&response_type=code&scope=apim%3Aadmin+apim%3Aapi_key+apim%3Aapp_import_export+apim%3Aapp_manage+apim%3Astore_settings+apim%3Asub_alert_manage+apim%3Asub_manage+apim%3Asubscribe+openid&state=%2Fapis&tenantDomain=carbon.super&sessionDataKey=306a2e1a-6097-4fe3-b619-c786fe44187e&relyingParty=8YNcwtyaHxWPUT9xJgLZDwrd4sUa&type=oidc&sp=apim_devportal&isSaaSApp=true&authenticators=BasicAuthenticator%3ALOCAL Mozilla/5.0 (Windows NT 10.0; Win64; x64) AppleWebKit/537.36 (KHTML, like Gecko) Chrome/137.0.0.0 Safari/537.36 0.073
172.23.0.1 - - [17/Jun/2025:09:54:00 +0000] GET /devportal/apis HTTP/1.1 200 1691 https://localhost:9443/authenticationendpoint/login.do?client_id=8YNcwtyaHxWPUT9xJgLZDwrd4sUa&commonAuthCallerPath=%2Foauth2%2Fauthorize&forceAuth=false&passiveAuth=false&redirect_uri=https%3A%2F%2Flocalhost%3A9443%2Fdevportal%2Fservices%2Fauth%2Fcallback%2Flogin&response_type=code&scope=apim%3Aadmin+apim%3Aapi_key+apim%3Aapp_import_export+apim%3Aapp_manage+apim%3Astore_settings+apim%3Asub_alert_manage+apim%3Asub_manage+apim%3Asubscribe+openid&state=%2Fapis&tenantDomain=carbon.super&sessionDataKey=306a2e1a-6097-4fe3-b619-c786fe44187e&relyingParty=8YNcwtyaHxWPUT9xJgLZDwrd4sUa&type=oidc&sp=apim_devportal&isSaaSApp=true&authenticators=BasicAuthenticator%3ALOCAL Mozilla/5.0 (Windows NT 10.0; Win64; x64) AppleWebKit/537.36 (KHTML, like Gecko) Chrome/137.0.0.0 Safari/537.36 0.004
172.23.0.1 - - [17/Jun/2025:09:54:00 +0000] GET /devportal/site/public/theme/userTheme.js HTTP/1.1 200 95 https://localhost:9443/devportal/apis Mozilla/5.0 (Windows NT 10.0; Win64; x64) AppleWebKit/537.36 (KHTML, like Gecko) Chrome/137.0.0.0 Safari/537.36 0.002
172.23.0.1 - - [17/Jun/2025:09:54:00 +0000] GET /devportal/services/settings/settings.js HTTP/1.1 200 1670 https://localhost:9443/devportal/apis Mozilla/5.0 (Windows NT 10.0; Win64; x64) AppleWebKit/537.36 (KHTML, like Gecko) Chrome/137.0.0.0 Safari/537.36 0.003
172.23.0.1 - - [17/Jun/2025:09:54:00 +0000] GET /devportal/site/public/locales/en.json HTTP/1.1 200 68799 https://localhost:9443/devportal/apis Mozilla/5.0 (Windows NT 10.0; Win64; x64) AppleWebKit/537.36 (KHTML, like Gecko) Chrome/137.0.0.0 Safari/537.36 0.003
172.23.0.1 - - [17/Jun/2025:09:54:00 +0000] GET /api/am/devportal/v3/swagger.yaml HTTP/1.1 200 30152 https://localhost:9443/devportal/apis Mozilla/5.0 (Windows NT 10.0; Win64; x64) AppleWebKit/537.36 (KHTML, like Gecko) Chrome/137.0.0.0 Safari/537.36 0.022
172.23.0.1 - - [17/Jun/2025:09:54:00 +0000] GET /devportal/site/public/images/_favicon.ico HTTP/1.1 200 1150 https://localhost:9443/devportal/apis Mozilla/5.0 (Windows NT 10.0; Win64; x64) AppleWebKit/537.36 (KHTML, like Gecko) Chrome/137.0.0.0 Safari/537.36 0.002
172.23.0.1 - - [17/Jun/2025:09:54:00 +0000] GET /api/am/devportal/v3/settings HTTP/1.1 200 775 https://localhost:9443/devportal/apis Mozilla/5.0 (Windows NT 10.0; Win64; x64) AppleWebKit/537.36 (KHTML, like Gecko) Chrome/137.0.0.0 Safari/537.36 0.053
172.23.0.1 - - [17/Jun/2025:09:54:00 +0000] GET /devportal/site/public/theme/temporary_environments_config.json HTTP/1.1 200 - https://localhost:9443/devportal/apis Mozilla/5.0 (Windows NT 10.0; Win64; x64) AppleWebKit/537.36 (KHTML, like Gecko) Chrome/137.0.0.0 Safari/537.36 0.002
172.23.0.1 - - [17/Jun/2025:09:54:00 +0000] GET /devportal/site/public/theme/temporary_features_config.json HTTP/1.1 200 - https://localhost:9443/devportal/apis Mozilla/5.0 (Windows NT 10.0; Win64; x64) AppleWebKit/537.36 (KHTML, like Gecko) Chrome/137.0.0.0 Safari/537.36 0.001
172.23.0.1 - - [17/Jun/2025:09:54:00 +0000] GET /api/am/devportal/v3/tenants?state=active HTTP/1.1 200 96 https://localhost:9443/devportal/apis Mozilla/5.0 (Windows NT 10.0; Win64; x64) AppleWebKit/537.36 (KHTML, like Gecko) Chrome/137.0.0.0 Safari/537.36 0.004
127.0.0.1 - - [17/Jun/2025:09:54:00 +0000] GET /oauth2/userinfo HTTP/1.1 200 15 - Java-http-client/21.0.5 0.070
127.0.0.1 - - [17/Jun/2025:09:54:01 +0000] POST /oauth2/introspect HTTP/1.1 200 341 - Java-http-client/21.0.5 0.186
172.23.0.1 - - [17/Jun/2025:09:54:01 +0000] GET /devportal/services/auth/introspect HTTP/1.1 200 372 https://localhost:9443/devportal/apis Mozilla/5.0 (Windows NT 10.0; Win64; x64) AppleWebKit/537.36 (KHTML, like Gecko) Chrome/137.0.0.0 Safari/537.36 0.277
172.23.0.1 - - [17/Jun/2025:09:54:01 +0000] GET /oidc/checksession?client_id=8YNcwtyaHxWPUT9xJgLZDwrd4sUa&redirect_uri=https://localhost:9443/devportal/services/auth/callback/login HTTP/1.1 200 3134 https://localhost:9443/devportal/apis Mozilla/5.0 (Windows NT 10.0; Win64; x64) AppleWebKit/537.36 (KHTML, like Gecko) Chrome/137.0.0.0 Safari/537.36 0.002
172.23.0.1 - - [17/Jun/2025:09:54:01 +0000] GET /devportal HTTP/1.1 302 - https://localhost:9443/devportal/apis Mozilla/5.0 (Windows NT 10.0; Win64; x64) AppleWebKit/537.36 (KHTML, like Gecko) Chrome/137.0.0.0 Safari/537.36 0.000
172.23.0.1 - - [17/Jun/2025:09:54:01 +0000] GET /devportal/ HTTP/1.1 200 1691 https://localhost:9443/devportal/apis Mozilla/5.0 (Windows NT 10.0; Win64; x64) AppleWebKit/537.36 (KHTML, like Gecko) Chrome/137.0.0.0 Safari/537.36 0.007
172.23.0.1 - - [17/Jun/2025:09:54:01 +0000] GET /api/am/devportal/v3/me/organization-information HTTP/1.1 200 35 https://localhost:9443/devportal/apis Mozilla/5.0 (Windows NT 10.0; Win64; x64) AppleWebKit/537.36 (KHTML, like Gecko) Chrome/137.0.0.0 Safari/537.36 0.217
172.23.0.1 - - [17/Jun/2025:09:54:01 +0000] GET /api/am/devportal/v3/settings HTTP/1.1 200 542 https://localhost:9443/devportal/apis Mozilla/5.0 (Windows NT 10.0; Win64; x64) AppleWebKit/537.36 (KHTML, like Gecko) Chrome/137.0.0.0 Safari/537.36 0.275
172.23.0.1 - - [17/Jun/2025:09:54:01 +0000] GET /api/am/devportal/v3/api-categories HTTP/1.1 200 21 https://localhost:9443/devportal/apis Mozilla/5.0 (Windows NT 10.0; Win64; x64) AppleWebKit/537.36 (KHTML, like Gecko) Chrome/137.0.0.0 Safari/537.36 0.134
172.23.0.1 - - [17/Jun/2025:09:54:01 +0000] GET /api/am/devportal/v3/tags?limit=-1 HTTP/1.1 200 143 https://localhost:9443/devportal/apis Mozilla/5.0 (Windows NT 10.0; Win64; x64) AppleWebKit/537.36 (KHTML, like Gecko) Chrome/137.0.0.0 Safari/537.36 0.139
172.23.0.1 - - [17/Jun/2025:09:54:01 +0000] GET /api/am/devportal/v3/apis?limit=10&offset=0 HTTP/1.1 200 661 https://localhost:9443/devportal/apis Mozilla/5.0 (Windows NT 10.0; Win64; x64) AppleWebKit/537.36 (KHTML, like Gecko) Chrome/137.0.0.0 Safari/537.36 0.147
172.23.0.1 - - [17/Jun/2025:09:54:01 +0000] GET /api/am/devportal/v3/apis/3d25892b-b9a4-4295-bdc9-6528d8d6b900/ratings HTTP/1.1 200 125 https://localhost:9443/devportal/apis Mozilla/5.0 (Windows NT 10.0; Win64; x64) AppleWebKit/537.36 (KHTML, like Gecko) Chrome/137.0.0.0 Safari/537.36 0.014
172.23.0.1 - - [17/Jun/2025:09:54:01 +0000] GET /api/am/devportal/v3/apis/3e9c8bfa-e0d3-4922-984e-cd99bd95a7c8/ratings HTTP/1.1 200 125 https://localhost:9443/devportal/apis Mozilla/5.0 (Windows NT 10.0; Win64; x64) AppleWebKit/537.36 (KHTML, like Gecko) Chrome/137.0.0.0 Safari/537.36 0.014
172.23.0.1 - - [17/Jun/2025:09:54:01 +0000] GET /api/am/devportal/v3/apis/3d25892b-b9a4-4295-bdc9-6528d8d6b900/thumbnail HTTP/1.1 204 - https://localhost:9443/devportal/apis Mozilla/5.0 (Windows NT 10.0; Win64; x64) AppleWebKit/537.36 (KHTML, like Gecko) Chrome/137.0.0.0 Safari/537.36 0.018
172.23.0.1 - - [17/Jun/2025:09:54:01 +0000] GET /api/am/devportal/v3/apis/3e9c8bfa-e0d3-4922-984e-cd99bd95a7c8/thumbnail HTTP/1.1 204 - https://localhost:9443/devportal/apis Mozilla/5.0 (Windows NT 10.0; Win64; x64) AppleWebKit/537.36 (KHTML, like Gecko) Chrome/137.0.0.0 Safari/537.36 0.018
172.23.0.1 - - [17/Jun/2025:09:54:10 +0000] GET /devportal/site/public/fonts/Open_Sans/mem5YaGs126MiZpBA-UN_r8OUuhpKKSTjw.woff2 HTTP/1.1 200 8732 https://localhost:9443/devportal/site/public/css/main.css Mozilla/5.0 (Windows NT 10.0; Win64; x64) AppleWebKit/537.36 (KHTML, like Gecko) Chrome/137.0.0.0 Safari/537.36 0.008
172.23.0.1 - - [17/Jun/2025:09:54:17 +0000] GET /devportal/site/public/images/_favicon.ico HTTP/1.1 200 1150 https://localhost:9443/devportal/apis/3e9c8bfa-e0d3-4922-984e-cd99bd95a7c8 Mozilla/5.0 (Windows NT 10.0; Win64; x64) AppleWebKit/537.36 (KHTML, like Gecko) Chrome/137.0.0.0 Safari/537.36 0.002
172.23.0.1 - - [17/Jun/2025:09:54:17 +0000] GET /api/am/devportal/v3/settings HTTP/1.1 200 542 https://localhost:9443/devportal/apis/3e9c8bfa-e0d3-4922-984e-cd99bd95a7c8 Mozilla/5.0 (Windows NT 10.0; Win64; x64) AppleWebKit/537.36 (KHTML, like Gecko) Chrome/137.0.0.0 Safari/537.36 0.080
172.23.0.1 - - [17/Jun/2025:09:54:17 +0000] GET /api/am/devportal/v3/apis/3e9c8bfa-e0d3-4922-984e-cd99bd95a7c8 HTTP/1.1 200 2630 https://localhost:9443/devportal/apis/3e9c8bfa-e0d3-4922-984e-cd99bd95a7c8 Mozilla/5.0 (Windows NT 10.0; Win64; x64) AppleWebKit/537.36 (KHTML, like Gecko) Chrome/137.0.0.0 Safari/537.36 0.127
172.23.0.1 - - [17/Jun/2025:09:54:17 +0000] GET /api/am/devportal/v3/applications?limit=5000 HTTP/1.1 200 703 https://localhost:9443/devportal/apis/3e9c8bfa-e0d3-4922-984e-cd99bd95a7c8 Mozilla/5.0 (Windows NT 10.0; Win64; x64) AppleWebKit/537.36 (KHTML, like Gecko) Chrome/137.0.0.0 Safari/537.36 0.136
172.23.0.1 - - [17/Jun/2025:09:54:17 +0000] GET /devportal/site/public/dist/4680.f43ad1fd2c68cd41d4ea.bundle.js HTTP/1.1 200 23177 https://localhost:9443/devportal/apis/3e9c8bfa-e0d3-4922-984e-cd99bd95a7c8/overview Mozilla/5.0 (Windows NT 10.0; Win64; x64) AppleWebKit/537.36 (KHTML, like Gecko) Chrome/137.0.0.0 Safari/537.36 0.009
172.23.0.1 - - [17/Jun/2025:09:54:17 +0000] GET /devportal/site/public/dist/4557.75b75dc7f0f8778fbab3.bundle.js HTTP/1.1 200 2836 https://localhost:9443/devportal/apis/3e9c8bfa-e0d3-4922-984e-cd99bd95a7c8/overview Mozilla/5.0 (Windows NT 10.0; Win64; x64) AppleWebKit/537.36 (KHTML, like Gecko) Chrome/137.0.0.0 Safari/537.36 0.015
172.23.0.1 - - [17/Jun/2025:09:54:17 +0000] GET /devportal/site/public/images/leftMenuBack.png HTTP/1.1 200 5308 https://localhost:9443/devportal/apis/3e9c8bfa-e0d3-4922-984e-cd99bd95a7c8/overview Mozilla/5.0 (Windows NT 10.0; Win64; x64) AppleWebKit/537.36 (KHTML, like Gecko) Chrome/137.0.0.0 Safari/537.36 0.003
172.23.0.1 - - [17/Jun/2025:09:54:17 +0000] GET /devportal/site/public/dist/1653.a1e39dcf0973ac6ac28f.bundle.js HTTP/1.1 200 3734 https://localhost:9443/devportal/apis/3e9c8bfa-e0d3-4922-984e-cd99bd95a7c8/overview Mozilla/5.0 (Windows NT 10.0; Win64; x64) AppleWebKit/537.36 (KHTML, like Gecko) Chrome/137.0.0.0 Safari/537.36 0.021
172.23.0.1 - - [17/Jun/2025:09:54:17 +0000] GET /devportal/site/public/images/_favicon.ico HTTP/1.1 200 1150 https://localhost:9443/devportal/apis/3e9c8bfa-e0d3-4922-984e-cd99bd95a7c8/overview Mozilla/5.0 (Windows NT 10.0; Win64; x64) AppleWebKit/537.36 (KHTML, like Gecko) Chrome/137.0.0.0 Safari/537.36 0.005
172.23.0.1 - - [17/Jun/2025:09:54:17 +0000] GET /devportal/site/public/dist/APIOverview.018b5195c97e8623de4c.bundle.js HTTP/1.1 200 13808 https://localhost:9443/devportal/apis/3e9c8bfa-e0d3-4922-984e-cd99bd95a7c8/overview Mozilla/5.0 (Windows NT 10.0; Win64; x64) AppleWebKit/537.36 (KHTML, like Gecko) Chrome/137.0.0.0 Safari/537.36 0.005
172.23.0.1 - - [17/Jun/2025:09:54:17 +0000] GET /devportal/site/public/dist/5074.3f63087252cf48e3346f.bundle.js HTTP/1.1 200 241186 https://localhost:9443/devportal/apis/3e9c8bfa-e0d3-4922-984e-cd99bd95a7c8/overview Mozilla/5.0 (Windows NT 10.0; Win64; x64) AppleWebKit/537.36 (KHTML, like Gecko) Chrome/137.0.0.0 Safari/537.36 0.042
172.23.0.1 - - [17/Jun/2025:09:54:17 +0000] GET /devportal/site/public/dist/APIComments.9e0099a33946083b000e.bundle.js HTTP/1.1 200 11093 https://localhost:9443/devportal/apis/3e9c8bfa-e0d3-4922-984e-cd99bd95a7c8/overview Mozilla/5.0 (Windows NT 10.0; Win64; x64) AppleWebKit/537.36 (KHTML, like Gecko) Chrome/137.0.0.0 Safari/537.36 0.013
172.23.0.1 - - [17/Jun/2025:09:54:17 +0000] GET /api/am/devportal/v3/apis/3e9c8bfa-e0d3-4922-984e-cd99bd95a7c8/documents HTTP/1.1 200 92 https://localhost:9443/devportal/apis/3e9c8bfa-e0d3-4922-984e-cd99bd95a7c8/overview Mozilla/5.0 (Windows NT 10.0; Win64; x64) AppleWebKit/537.36 (KHTML, like Gecko) Chrome/137.0.0.0 Safari/537.36 0.019
172.23.0.1 - - [17/Jun/2025:09:54:17 +0000] GET /api/am/devportal/v3/apis/3e9c8bfa-e0d3-4922-984e-cd99bd95a7c8/documents HTTP/1.1 200 92 https://localhost:9443/devportal/apis/3e9c8bfa-e0d3-4922-984e-cd99bd95a7c8/overview Mozilla/5.0 (Windows NT 10.0; Win64; x64) AppleWebKit/537.36 (KHTML, like Gecko) Chrome/137.0.0.0 Safari/537.36 0.011
172.23.0.1 - - [17/Jun/2025:09:54:17 +0000] GET /api/am/devportal/v3/throttling-policies/subscription HTTP/1.1 200 751 https://localhost:9443/devportal/apis/3e9c8bfa-e0d3-4922-984e-cd99bd95a7c8/overview Mozilla/5.0 (Windows NT 10.0; Win64; x64) AppleWebKit/537.36 (KHTML, like Gecko) Chrome/137.0.0.0 Safari/537.36 0.034
172.23.0.1 - - [17/Jun/2025:09:54:17 +0000] GET /api/am/devportal/v3/throttling-policies/subscription HTTP/1.1 200 751 https://localhost:9443/devportal/apis/3e9c8bfa-e0d3-4922-984e-cd99bd95a7c8/overview Mozilla/5.0 (Windows NT 10.0; Win64; x64) AppleWebKit/537.36 (KHTML, like Gecko) Chrome/137.0.0.0 Safari/537.36 0.009
172.23.0.1 - - [17/Jun/2025:09:54:17 +0000] GET /api/am/devportal/v3/apis/3e9c8bfa-e0d3-4922-984e-cd99bd95a7c8/ratings HTTP/1.1 200 125 https://localhost:9443/devportal/apis/3e9c8bfa-e0d3-4922-984e-cd99bd95a7c8/overview Mozilla/5.0 (Windows NT 10.0; Win64; x64) AppleWebKit/537.36 (KHTML, like Gecko) Chrome/137.0.0.0 Safari/537.36 0.013
172.23.0.1 - - [17/Jun/2025:09:54:17 +0000] GET /api/am/devportal/v3/apis/3e9c8bfa-e0d3-4922-984e-cd99bd95a7c8/thumbnail HTTP/1.1 204 - https://localhost:9443/devportal/apis/3e9c8bfa-e0d3-4922-984e-cd99bd95a7c8/overview Mozilla/5.0 (Windows NT 10.0; Win64; x64) AppleWebKit/537.36 (KHTML, like Gecko) Chrome/137.0.0.0 Safari/537.36 0.015
172.23.0.1 - - [17/Jun/2025:09:54:18 +0000] GET /api/am/devportal/v3/apis/3e9c8bfa-e0d3-4922-984e-cd99bd95a7c8/comments?limit=5&offset=0 HTTP/1.1 200 101 https://localhost:9443/devportal/apis/3e9c8bfa-e0d3-4922-984e-cd99bd95a7c8/overview Mozilla/5.0 (Windows NT 10.0; Win64; x64) AppleWebKit/537.36 (KHTML, like Gecko) Chrome/137.0.0.0 Safari/537.36 0.062
127.0.0.1 - - [17/Jun/2025:09:54:18 +0000] GET /keymanager-operations/dcr/register/UzRtUzQxSXdoRTJTUl9PTFAwT2JHc3VIamJJYQ%3D%3D HTTP/1.1 200 749 - Apache-HttpClient/4.5.13 (Java/21.0.5) 0.511
127.0.0.1 - - [17/Jun/2025:09:54:18 +0000] GET /keymanager-operations/dcr/register/dk9KMVB5VFlPSktKbEpDdnlhaFUyel9HOUM4YQ%3D%3D HTTP/1.1 200 547 - Apache-HttpClient/4.5.13 (Java/21.0.5) 0.512
127.0.0.1 - - [17/Jun/2025:09:54:18 +0000] GET /keymanager-operations/dcr/register/UzRtUzQxSXdoRTJTUl9PTFAwT2JHc3VIamJJYQ%3D%3D HTTP/1.1 200 749 - Apache-HttpClient/4.5.13 (Java/21.0.5) 0.006
127.0.0.1 - - [17/Jun/2025:09:54:18 +0000] GET /keymanager-operations/dcr/register/dk9KMVB5VFlPSktKbEpDdnlhaFUyel9HOUM4YQ%3D%3D HTTP/1.1 200 547 - Apache-HttpClient/4.5.13 (Java/21.0.5) 0.006
172.23.0.1 - - [17/Jun/2025:09:54:18 +0000] GET /api/am/devportal/v3/subscriptions?apiId=3e9c8bfa-e0d3-4922-984e-cd99bd95a7c8&limit=5000 HTTP/1.1 200 919 https://localhost:9443/devportal/apis/3e9c8bfa-e0d3-4922-984e-cd99bd95a7c8 Mozilla/5.0 (Windows NT 10.0; Win64; x64) AppleWebKit/537.36 (KHTML, like Gecko) Chrome/137.0.0.0 Safari/537.36 0.633
172.23.0.1 - - [17/Jun/2025:09:54:18 +0000] GET /api/am/devportal/v3/subscriptions?apiId=3e9c8bfa-e0d3-4922-984e-cd99bd95a7c8&limit=25 HTTP/1.1 200 918 https://localhost:9443/devportal/apis/3e9c8bfa-e0d3-4922-984e-cd99bd95a7c8 Mozilla/5.0 (Windows NT 10.0; Win64; x64) AppleWebKit/537.36 (KHTML, like Gecko) Chrome/137.0.0.0 Safari/537.36 0.634
172.23.0.1 - - [17/Jun/2025:09:55:08 +0000] GET /devportal/site/public/dist/2543.3fb1fe0024370c0247fe.bundle.js HTTP/1.1 200 25309 https://localhost:9443/devportal/apis/3e9c8bfa-e0d3-4922-984e-cd99bd95a7c8/api-console Mozilla/5.0 (Windows NT 10.0; Win64; x64) AppleWebKit/537.36 (KHTML, like Gecko) Chrome/137.0.0.0 Safari/537.36 0.008
172.23.0.1 - - [17/Jun/2025:09:55:08 +0000] GET /devportal/site/public/images/_favicon.ico HTTP/1.1 200 1150 https://localhost:9443/devportal/apis/3e9c8bfa-e0d3-4922-984e-cd99bd95a7c8/api-console Mozilla/5.0 (Windows NT 10.0; Win64; x64) AppleWebKit/537.36 (KHTML, like Gecko) Chrome/137.0.0.0 Safari/537.36 0.002
172.23.0.1 - - [17/Jun/2025:09:55:08 +0000] GET /api/am/devportal/v3/applications?limit=5000 HTTP/1.1 200 703 https://localhost:9443/devportal/apis/3e9c8bfa-e0d3-4922-984e-cd99bd95a7c8/api-console Mozilla/5.0 (Windows NT 10.0; Win64; x64) AppleWebKit/537.36 (KHTML, like Gecko) Chrome/137.0.0.0 Safari/537.36 0.019
172.23.0.1 - - [17/Jun/2025:09:55:08 +0000] GET /devportal/site/public/dist/3370.64313a377cb5c4367704.bundle.js HTTP/1.1 200 63803 https://localhost:9443/devportal/apis/3e9c8bfa-e0d3-4922-984e-cd99bd95a7c8/api-console Mozilla/5.0 (Windows NT 10.0; Win64; x64) AppleWebKit/537.36 (KHTML, like Gecko) Chrome/137.0.0.0 Safari/537.36 0.023
172.23.0.1 - - [17/Jun/2025:09:55:08 +0000] GET /api/am/devportal/v3/apis/3e9c8bfa-e0d3-4922-984e-cd99bd95a7c8 HTTP/1.1 200 2630 https://localhost:9443/devportal/apis/3e9c8bfa-e0d3-4922-984e-cd99bd95a7c8/api-console Mozilla/5.0 (Windows NT 10.0; Win64; x64) AppleWebKit/537.36 (KHTML, like Gecko) Chrome/137.0.0.0 Safari/537.36 0.044
127.0.0.1 - - [17/Jun/2025:09:55:08 +0000] GET /keymanager-operations/dcr/register/dk9KMVB5VFlPSktKbEpDdnlhaFUyel9HOUM4YQ%3D%3D HTTP/1.1 200 547 - Apache-HttpClient/4.5.13 (Java/21.0.5) 0.006
172.23.0.1 - - [17/Jun/2025:09:55:08 +0000] GET /devportal/site/public/dist/8874.c537936ef42191588f7a.bundle.js HTTP/1.1 200 6048 https://localhost:9443/devportal/apis/3e9c8bfa-e0d3-4922-984e-cd99bd95a7c8/api-console Mozilla/5.0 (Windows NT 10.0; Win64; x64) AppleWebKit/537.36 (KHTML, like Gecko) Chrome/137.0.0.0 Safari/537.36 0.006
127.0.0.1 - - [17/Jun/2025:09:55:08 +0000] GET /keymanager-operations/dcr/register/dk9KMVB5VFlPSktKbEpDdnlhaFUyel9HOUM4YQ%3D%3D HTTP/1.1 200 547 - Apache-HttpClient/4.5.13 (Java/21.0.5) 0.005
172.23.0.1 - - [17/Jun/2025:09:55:08 +0000] GET /devportal/site/public/dist/6641.8d024a07e40fdfe75620.bundle.js HTTP/1.1 200 17649 https://localhost:9443/devportal/apis/3e9c8bfa-e0d3-4922-984e-cd99bd95a7c8/api-console Mozilla/5.0 (Windows NT 10.0; Win64; x64) AppleWebKit/537.36 (KHTML, like Gecko) Chrome/137.0.0.0 Safari/537.36 0.020
127.0.0.1 - - [17/Jun/2025:09:55:08 +0000] GET /keymanager-operations/dcr/register/UzRtUzQxSXdoRTJTUl9PTFAwT2JHc3VIamJJYQ%3D%3D HTTP/1.1 200 749 - Apache-HttpClient/4.5.13 (Java/21.0.5) 0.009
172.23.0.1 - - [17/Jun/2025:09:55:08 +0000] GET /devportal/site/public/dist/APIConsole.12535ec91b82033ea0b4.bundle.js HTTP/1.1 200 7994 https://localhost:9443/devportal/apis/3e9c8bfa-e0d3-4922-984e-cd99bd95a7c8/api-console Mozilla/5.0 (Windows NT 10.0; Win64; x64) AppleWebKit/537.36 (KHTML, like Gecko) Chrome/137.0.0.0 Safari/537.36 0.012
127.0.0.1 - - [17/Jun/2025:09:55:08 +0000] GET /keymanager-operations/dcr/register/UzRtUzQxSXdoRTJTUl9PTFAwT2JHc3VIamJJYQ%3D%3D HTTP/1.1 200 749 - Apache-HttpClient/4.5.13 (Java/21.0.5) 0.004
172.23.0.1 - - [17/Jun/2025:09:55:08 +0000] GET /api/am/devportal/v3/subscriptions?apiId=3e9c8bfa-e0d3-4922-984e-cd99bd95a7c8&limit=5000 HTTP/1.1 200 919 https://localhost:9443/devportal/apis/3e9c8bfa-e0d3-4922-984e-cd99bd95a7c8/api-console Mozilla/5.0 (Windows NT 10.0; Win64; x64) AppleWebKit/537.36 (KHTML, like Gecko) Chrome/137.0.0.0 Safari/537.36 0.079
172.23.0.1 - - [17/Jun/2025:09:55:08 +0000] GET /api/am/devportal/v3/subscriptions?apiId=3e9c8bfa-e0d3-4922-984e-cd99bd95a7c8&limit=25 HTTP/1.1 200 918 https://localhost:9443/devportal/apis/3e9c8bfa-e0d3-4922-984e-cd99bd95a7c8/api-console Mozilla/5.0 (Windows NT 10.0; Win64; x64) AppleWebKit/537.36 (KHTML, like Gecko) Chrome/137.0.0.0 Safari/537.36 0.092
172.23.0.1 - - [17/Jun/2025:09:55:08 +0000] GET /devportal/site/public/dist/7894.4c560af4e67e52ac7a4d.bundle.js HTTP/1.1 200 1102347 https://localhost:9443/devportal/apis/3e9c8bfa-e0d3-4922-984e-cd99bd95a7c8/api-console Mozilla/5.0 (Windows NT 10.0; Win64; x64) AppleWebKit/537.36 (KHTML, like Gecko) Chrome/137.0.0.0 Safari/537.36 0.317
172.23.0.1 - - [17/Jun/2025:09:55:08 +0000] GET /api/am/devportal/v3/apis/3e9c8bfa-e0d3-4922-984e-cd99bd95a7c8 HTTP/1.1 200 2630 https://localhost:9443/devportal/apis/3e9c8bfa-e0d3-4922-984e-cd99bd95a7c8/api-console Mozilla/5.0 (Windows NT 10.0; Win64; x64) AppleWebKit/537.36 (KHTML, like Gecko) Chrome/137.0.0.0 Safari/537.36 0.021
172.23.0.1 - - [17/Jun/2025:09:55:09 +0000] GET /api/am/devportal/v3/apis/3e9c8bfa-e0d3-4922-984e-cd99bd95a7c8/swagger?environmentName=Default HTTP/1.1 200 1873 https://localhost:9443/devportal/apis/3e9c8bfa-e0d3-4922-984e-cd99bd95a7c8/api-console Mozilla/5.0 (Windows NT 10.0; Win64; x64) AppleWebKit/537.36 (KHTML, like Gecko) Chrome/137.0.0.0 Safari/537.36 0.081
127.0.0.1 - - [17/Jun/2025:09:55:09 +0000] GET /keymanager-operations/dcr/register/dk9KMVB5VFlPSktKbEpDdnlhaFUyel9HOUM4YQ%3D%3D HTTP/1.1 200 547 - Apache-HttpClient/4.5.13 (Java/21.0.5) 0.004
127.0.0.1 - - [17/Jun/2025:09:55:09 +0000] GET /keymanager-operations/dcr/register/UzRtUzQxSXdoRTJTUl9PTFAwT2JHc3VIamJJYQ%3D%3D HTTP/1.1 200 749 - Apache-HttpClient/4.5.13 (Java/21.0.5) 0.003
172.23.0.1 - - [17/Jun/2025:09:55:09 +0000] GET /api/am/devportal/v3/subscriptions?apiId=3e9c8bfa-e0d3-4922-984e-cd99bd95a7c8&limit=25 HTTP/1.1 200 918 https://localhost:9443/devportal/apis/3e9c8bfa-e0d3-4922-984e-cd99bd95a7c8/api-console Mozilla/5.0 (Windows NT 10.0; Win64; x64) AppleWebKit/537.36 (KHTML, like Gecko) Chrome/137.0.0.0 Safari/537.36 0.049
172.23.0.1 - - [17/Jun/2025:09:55:09 +0000] GET /api/am/devportal/v3/swagger.yaml HTTP/1.1 200 30152 https://localhost:9443/devportal/apis/3e9c8bfa-e0d3-4922-984e-cd99bd95a7c8/api-console Mozilla/5.0 (Windows NT 10.0; Win64; x64) AppleWebKit/537.36 (KHTML, like Gecko) Chrome/137.0.0.0 Safari/537.36 0.015
127.0.0.1 - - [17/Jun/2025:09:55:09 +0000] GET /keymanager-operations/dcr/register/UzRtUzQxSXdoRTJTUl9PTFAwT2JHc3VIamJJYQ%3D%3D HTTP/1.1 200 749 - Apache-HttpClient/4.5.13 (Java/21.0.5) 0.007
127.0.0.1 - - [17/Jun/2025:09:55:09 +0000] GET /keymanager-operations/dcr/register/dk9KMVB5VFlPSktKbEpDdnlhaFUyel9HOUM4YQ%3D%3D HTTP/1.1 200 547 - Apache-HttpClient/4.5.13 (Java/21.0.5) 0.004
127.0.0.1 - - [17/Jun/2025:09:55:09 +0000] GET /oauth2/token/.well-known/openid-configuration HTTP/1.1 200 2404 - Apache-HttpClient/4.5.13 (Java/21.0.5) 0.006
172.23.0.1 - - [17/Jun/2025:09:55:09 +0000] GET /api/am/devportal/v3/subscriptions?apiId=3e9c8bfa-e0d3-4922-984e-cd99bd95a7c8&limit=25 HTTP/1.1 200 918 https://localhost:9443/devportal/apis/3e9c8bfa-e0d3-4922-984e-cd99bd95a7c8/api-console Mozilla/5.0 (Windows NT 10.0; Win64; x64) AppleWebKit/537.36 (KHTML, like Gecko) Chrome/137.0.0.0 Safari/537.36 0.053
172.23.0.1 - - [17/Jun/2025:09:55:09 +0000] GET /api/am/devportal/v3/key-managers HTTP/1.1 200 764 https://localhost:9443/devportal/apis/3e9c8bfa-e0d3-4922-984e-cd99bd95a7c8/api-console Mozilla/5.0 (Windows NT 10.0; Win64; x64) AppleWebKit/537.36 (KHTML, like Gecko) Chrome/137.0.0.0 Safari/537.36 0.070
172.23.0.1 - - [17/Jun/2025:09:55:09 +0000] GET /api/am/devportal/v3/applications/ HTTP/1.1 200 701 https://localhost:9443/devportal/apis/3e9c8bfa-e0d3-4922-984e-cd99bd95a7c8/api-console Mozilla/5.0 (Windows NT 10.0; Win64; x64) AppleWebKit/537.36 (KHTML, like Gecko) Chrome/137.0.0.0 Safari/537.36 0.006
172.23.0.1 - - [17/Jun/2025:09:55:09 +0000] GET /api/am/devportal/v3/swagger.yaml HTTP/1.1 200 30152 https://localhost:9443/devportal/apis/3e9c8bfa-e0d3-4922-984e-cd99bd95a7c8/api-console Mozilla/5.0 (Windows NT 10.0; Win64; x64) AppleWebKit/537.36 (KHTML, like Gecko) Chrome/137.0.0.0 Safari/537.36 0.015
127.0.0.1 - - [17/Jun/2025:09:55:09 +0000] GET /keymanager-operations/dcr/register/UzRtUzQxSXdoRTJTUl9PTFAwT2JHc3VIamJJYQ%3D%3D HTTP/1.1 200 749 - Apache-HttpClient/4.5.13 (Java/21.0.5) 0.004
172.23.0.1 - - [17/Jun/2025:09:55:09 +0000] GET /api/am/devportal/v3/applications/539d6b5f-186c-4ccb-bc4a-34c980dcdbbd HTTP/1.1 200 404 https://localhost:9443/devportal/apis/3e9c8bfa-e0d3-4922-984e-cd99bd95a7c8/api-console Mozilla/5.0 (Windows NT 10.0; Win64; x64) AppleWebKit/537.36 (KHTML, like Gecko) Chrome/137.0.0.0 Safari/537.36 0.022
127.0.0.1 - - [17/Jun/2025:09:55:09 +0000] GET /keymanager-operations/dcr/register/UzRtUzQxSXdoRTJTUl9PTFAwT2JHc3VIamJJYQ%3D%3D HTTP/1.1 200 749 - Apache-HttpClient/4.5.13 (Java/21.0.5) 0.004
172.23.0.1 - - [17/Jun/2025:09:55:09 +0000] GET /api/am/devportal/v3/applications/539d6b5f-186c-4ccb-bc4a-34c980dcdbbd/oauth-keys HTTP/1.1 200 868 https://localhost:9443/devportal/apis/3e9c8bfa-e0d3-4922-984e-cd99bd95a7c8/api-console Mozilla/5.0 (Windows NT 10.0; Win64; x64) AppleWebKit/537.36 (KHTML, like Gecko) Chrome/137.0.0.0 Safari/537.36 0.022
