172.23.0.1 - - [11/Jul/2025:10:17:46 +0000] GET /authenticationendpoint/libs/themes/default/semantic.min.js HTTP/1.1 200 72294 https://localhost:9443/authenticationendpoint/login.do?client_id=8YNcwtyaHxWPUT9xJgLZDwrd4sUa&commonAuthCallerPath=%2Foauth2%2Fauthorize&forceAuth=false&passiveAuth=false&redirect_uri=https%3A%2F%2Flocalhost%3A9443%2Fdevportal%2Fservices%2Fauth%2Fcallback%2Flogin&response_type=code&scope=apim%3Aadmin+apim%3Aapi_key+apim%3Aapp_import_export+apim%3Aapp_manage+apim%3Astore_settings+apim%3Asub_alert_manage+apim%3Asub_manage+apim%3Asubscribe+openid&state=%2Fapplications&tenantDomain=carbon.super&sessionDataKey=adac8986-4a14-4c38-919b-e812c6aa15bd&relyingParty=8YNcwtyaHxWPUT9xJgLZDwrd4sUa&type=oidc&sp=apim_devportal&isSaaSApp=true&authenticators=BasicAuthenticator%3ALOCAL Mozilla/5.0 (Windows NT 10.0; Win64; x64) AppleWebKit/537.36 (KHTML, like Gecko) Chrome/137.0.0.0 Safari/537.36 0.038
172.23.0.1 - - [11/Jul/2025:10:17:46 +0000] GET /authenticationendpoint/libs/themes/default/theme.70534561.min.css HTTP/1.1 200 148020 https://localhost:9443/authenticationendpoint/login.do?client_id=8YNcwtyaHxWPUT9xJgLZDwrd4sUa&commonAuthCallerPath=%2Foauth2%2Fauthorize&forceAuth=false&passiveAuth=false&redirect_uri=https%3A%2F%2Flocalhost%3A9443%2Fdevportal%2Fservices%2Fauth%2Fcallback%2Flogin&response_type=code&scope=apim%3Aadmin+apim%3Aapi_key+apim%3Aapp_import_export+apim%3Aapp_manage+apim%3Astore_settings+apim%3Asub_alert_manage+apim%3Asub_manage+apim%3Asubscribe+openid&state=%2Fapplications&tenantDomain=carbon.super&sessionDataKey=adac8986-4a14-4c38-919b-e812c6aa15bd&relyingParty=8YNcwtyaHxWPUT9xJgLZDwrd4sUa&type=oidc&sp=apim_devportal&isSaaSApp=true&authenticators=BasicAuthenticator%3ALOCAL Mozilla/5.0 (Windows NT 10.0; Win64; x64) AppleWebKit/537.36 (KHTML, like Gecko) Chrome/137.0.0.0 Safari/537.36 0.060
172.23.0.1 - - [11/Jul/2025:10:17:46 +0000] GET /authenticationendpoint/libs/themes/default/assets/fonts/icons.woff2 HTTP/1.1 200 40148 https://localhost:9443/authenticationendpoint/libs/themes/default/theme.70534561.min.css Mozilla/5.0 (Windows NT 10.0; Win64; x64) AppleWebKit/537.36 (KHTML, like Gecko) Chrome/137.0.0.0 Safari/537.36 0.004
172.23.0.1 - - [11/Jul/2025:10:17:46 +0000] GET /logincontext?sessionDataKey=adac8986-4a14-4c38-919b-e812c6aa15bd&application=apim_devportal&tenantDomain=carbon.super&_=1752229066897 HTTP/1.1 200 20 https://localhost:9443/authenticationendpoint/login.do?client_id=8YNcwtyaHxWPUT9xJgLZDwrd4sUa&commonAuthCallerPath=%2Foauth2%2Fauthorize&forceAuth=false&passiveAuth=false&redirect_uri=https%3A%2F%2Flocalhost%3A9443%2Fdevportal%2Fservices%2Fauth%2Fcallback%2Flogin&response_type=code&scope=apim%3Aadmin+apim%3Aapi_key+apim%3Aapp_import_export+apim%3Aapp_manage+apim%3Astore_settings+apim%3Asub_alert_manage+apim%3Asub_manage+apim%3Asubscribe+openid&state=%2Fapplications&tenantDomain=carbon.super&sessionDataKey=adac8986-4a14-4c38-919b-e812c6aa15bd&relyingParty=8YNcwtyaHxWPUT9xJgLZDwrd4sUa&type=oidc&sp=apim_devportal&isSaaSApp=true&authenticators=BasicAuthenticator%3ALOCAL Mozilla/5.0 (Windows NT 10.0; Win64; x64) AppleWebKit/537.36 (KHTML, like Gecko) Chrome/137.0.0.0 Safari/537.36 0.005
172.23.0.1 - - [11/Jul/2025:10:17:52 +0000] GET /logincontext?sessionDataKey=adac8986-4a14-4c38-919b-e812c6aa15bd&application=apim_devportal&tenantDomain=carbon.super&_=1752229066898 HTTP/1.1 200 20 https://localhost:9443/authenticationendpoint/login.do?client_id=8YNcwtyaHxWPUT9xJgLZDwrd4sUa&commonAuthCallerPath=%2Foauth2%2Fauthorize&forceAuth=false&passiveAuth=false&redirect_uri=https%3A%2F%2Flocalhost%3A9443%2Fdevportal%2Fservices%2Fauth%2Fcallback%2Flogin&response_type=code&scope=apim%3Aadmin+apim%3Aapi_key+apim%3Aapp_import_export+apim%3Aapp_manage+apim%3Astore_settings+apim%3Asub_alert_manage+apim%3Asub_manage+apim%3Asubscribe+openid&state=%2Fapplications&tenantDomain=carbon.super&sessionDataKey=adac8986-4a14-4c38-919b-e812c6aa15bd&relyingParty=8YNcwtyaHxWPUT9xJgLZDwrd4sUa&type=oidc&sp=apim_devportal&isSaaSApp=true&authenticators=BasicAuthenticator%3ALOCAL Mozilla/5.0 (Windows NT 10.0; Win64; x64) AppleWebKit/537.36 (KHTML, like Gecko) Chrome/137.0.0.0 Safari/537.36 0.002
172.23.0.1 - - [11/Jul/2025:10:17:52 +0000] POST /commonauth HTTP/1.1 302 - https://localhost:9443/authenticationendpoint/login.do?client_id=8YNcwtyaHxWPUT9xJgLZDwrd4sUa&commonAuthCallerPath=%2Foauth2%2Fauthorize&forceAuth=false&passiveAuth=false&redirect_uri=https%3A%2F%2Flocalhost%3A9443%2Fdevportal%2Fservices%2Fauth%2Fcallback%2Flogin&response_type=code&scope=apim%3Aadmin+apim%3Aapi_key+apim%3Aapp_import_export+apim%3Aapp_manage+apim%3Astore_settings+apim%3Asub_alert_manage+apim%3Asub_manage+apim%3Asubscribe+openid&state=%2Fapplications&tenantDomain=carbon.super&sessionDataKey=adac8986-4a14-4c38-919b-e812c6aa15bd&relyingParty=8YNcwtyaHxWPUT9xJgLZDwrd4sUa&type=oidc&sp=apim_devportal&isSaaSApp=true&authenticators=BasicAuthenticator%3ALOCAL Mozilla/5.0 (Windows NT 10.0; Win64; x64) AppleWebKit/537.36 (KHTML, like Gecko) Chrome/137.0.0.0 Safari/537.36 0.135
172.23.0.1 - - [11/Jul/2025:10:17:52 +0000] GET /oauth2/authorize?sessionDataKey=7e49f749-5258-4237-b49b-1b0d87db5e45 HTTP/1.1 302 - https://localhost:9443/authenticationendpoint/login.do?client_id=8YNcwtyaHxWPUT9xJgLZDwrd4sUa&commonAuthCallerPath=%2Foauth2%2Fauthorize&forceAuth=false&passiveAuth=false&redirect_uri=https%3A%2F%2Flocalhost%3A9443%2Fdevportal%2Fservices%2Fauth%2Fcallback%2Flogin&response_type=code&scope=apim%3Aadmin+apim%3Aapi_key+apim%3Aapp_import_export+apim%3Aapp_manage+apim%3Astore_settings+apim%3Asub_alert_manage+apim%3Asub_manage+apim%3Asubscribe+openid&state=%2Fapplications&tenantDomain=carbon.super&sessionDataKey=adac8986-4a14-4c38-919b-e812c6aa15bd&relyingParty=8YNcwtyaHxWPUT9xJgLZDwrd4sUa&type=oidc&sp=apim_devportal&isSaaSApp=true&authenticators=BasicAuthenticator%3ALOCAL Mozilla/5.0 (Windows NT 10.0; Win64; x64) AppleWebKit/537.36 (KHTML, like Gecko) Chrome/137.0.0.0 Safari/537.36 0.046
127.0.0.1 - - [11/Jul/2025:10:17:52 +0000] POST /oauth2/token HTTP/1.1 200 1537 - Java-http-client/21.0.5 0.051
172.23.0.1 - - [11/Jul/2025:10:17:52 +0000] GET /devportal/services/auth/callback/login?code=b85571d2-5aff-367d-bf27-30170a7a1f2b&state=%2Fapplications&session_state=4a8efff6eae4aaf98b291efcfd67e2602d4cb8023110e9abfec7112a1c952cd7.7wCD9zp5LmUsFukVbtSPIA HTTP/1.1 302 - https://localhost:9443/authenticationendpoint/login.do?client_id=8YNcwtyaHxWPUT9xJgLZDwrd4sUa&commonAuthCallerPath=%2Foauth2%2Fauthorize&forceAuth=false&passiveAuth=false&redirect_uri=https%3A%2F%2Flocalhost%3A9443%2Fdevportal%2Fservices%2Fauth%2Fcallback%2Flogin&response_type=code&scope=apim%3Aadmin+apim%3Aapi_key+apim%3Aapp_import_export+apim%3Aapp_manage+apim%3Astore_settings+apim%3Asub_alert_manage+apim%3Asub_manage+apim%3Asubscribe+openid&state=%2Fapplications&tenantDomain=carbon.super&sessionDataKey=adac8986-4a14-4c38-919b-e812c6aa15bd&relyingParty=8YNcwtyaHxWPUT9xJgLZDwrd4sUa&type=oidc&sp=apim_devportal&isSaaSApp=true&authenticators=BasicAuthenticator%3ALOCAL Mozilla/5.0 (Windows NT 10.0; Win64; x64) AppleWebKit/537.36 (KHTML, like Gecko) Chrome/137.0.0.0 Safari/537.36 0.079
172.23.0.1 - - [11/Jul/2025:10:17:52 +0000] GET /devportal/applications HTTP/1.1 200 1691 https://localhost:9443/authenticationendpoint/login.do?client_id=8YNcwtyaHxWPUT9xJgLZDwrd4sUa&commonAuthCallerPath=%2Foauth2%2Fauthorize&forceAuth=false&passiveAuth=false&redirect_uri=https%3A%2F%2Flocalhost%3A9443%2Fdevportal%2Fservices%2Fauth%2Fcallback%2Flogin&response_type=code&scope=apim%3Aadmin+apim%3Aapi_key+apim%3Aapp_import_export+apim%3Aapp_manage+apim%3Astore_settings+apim%3Asub_alert_manage+apim%3Asub_manage+apim%3Asubscribe+openid&state=%2Fapplications&tenantDomain=carbon.super&sessionDataKey=adac8986-4a14-4c38-919b-e812c6aa15bd&relyingParty=8YNcwtyaHxWPUT9xJgLZDwrd4sUa&type=oidc&sp=apim_devportal&isSaaSApp=true&authenticators=BasicAuthenticator%3ALOCAL Mozilla/5.0 (Windows NT 10.0; Win64; x64) AppleWebKit/537.36 (KHTML, like Gecko) Chrome/137.0.0.0 Safari/537.36 0.004
172.23.0.1 - - [11/Jul/2025:10:17:52 +0000] GET /devportal/site/public/theme/userTheme.js HTTP/1.1 200 95 https://localhost:9443/devportal/applications Mozilla/5.0 (Windows NT 10.0; Win64; x64) AppleWebKit/537.36 (KHTML, like Gecko) Chrome/137.0.0.0 Safari/537.36 0.008
172.23.0.1 - - [11/Jul/2025:10:17:52 +0000] GET /devportal/services/settings/settings.js HTTP/1.1 200 1670 https://localhost:9443/devportal/applications Mozilla/5.0 (Windows NT 10.0; Win64; x64) AppleWebKit/537.36 (KHTML, like Gecko) Chrome/137.0.0.0 Safari/537.36 0.007
172.23.0.1 - - [11/Jul/2025:10:17:52 +0000] GET /devportal/site/public/locales/en.json HTTP/1.1 200 68799 https://localhost:9443/devportal/applications Mozilla/5.0 (Windows NT 10.0; Win64; x64) AppleWebKit/537.36 (KHTML, like Gecko) Chrome/137.0.0.0 Safari/537.36 0.005
172.23.0.1 - - [11/Jul/2025:10:17:52 +0000] GET /api/am/devportal/v3/swagger.yaml HTTP/1.1 200 30152 https://localhost:9443/devportal/applications Mozilla/5.0 (Windows NT 10.0; Win64; x64) AppleWebKit/537.36 (KHTML, like Gecko) Chrome/137.0.0.0 Safari/537.36 0.025
172.23.0.1 - - [11/Jul/2025:10:17:52 +0000] GET /devportal/site/public/images/_favicon.ico HTTP/1.1 200 1150 https://localhost:9443/devportal/applications Mozilla/5.0 (Windows NT 10.0; Win64; x64) AppleWebKit/537.36 (KHTML, like Gecko) Chrome/137.0.0.0 Safari/537.36 0.003
172.23.0.1 - - [11/Jul/2025:10:17:52 +0000] GET /api/am/devportal/v3/settings HTTP/1.1 200 775 https://localhost:9443/devportal/applications Mozilla/5.0 (Windows NT 10.0; Win64; x64) AppleWebKit/537.36 (KHTML, like Gecko) Chrome/137.0.0.0 Safari/537.36 0.121
172.23.0.1 - - [11/Jul/2025:10:17:52 +0000] GET /devportal/site/public/theme/temporary_environments_config.json HTTP/1.1 200 - https://localhost:9443/devportal/applications Mozilla/5.0 (Windows NT 10.0; Win64; x64) AppleWebKit/537.36 (KHTML, like Gecko) Chrome/137.0.0.0 Safari/537.36 0.002
172.23.0.1 - - [11/Jul/2025:10:17:52 +0000] GET /devportal/site/public/theme/temporary_features_config.json HTTP/1.1 200 - https://localhost:9443/devportal/applications Mozilla/5.0 (Windows NT 10.0; Win64; x64) AppleWebKit/537.36 (KHTML, like Gecko) Chrome/137.0.0.0 Safari/537.36 0.003
172.23.0.1 - - [11/Jul/2025:10:17:52 +0000] GET /api/am/devportal/v3/tenants?state=active HTTP/1.1 200 96 https://localhost:9443/devportal/applications Mozilla/5.0 (Windows NT 10.0; Win64; x64) AppleWebKit/537.36 (KHTML, like Gecko) Chrome/137.0.0.0 Safari/537.36 0.008
127.0.0.1 - - [11/Jul/2025:10:17:52 +0000] GET /oauth2/userinfo HTTP/1.1 200 15 - Java-http-client/21.0.5 0.011
127.0.0.1 - - [11/Jul/2025:10:17:52 +0000] POST /oauth2/introspect HTTP/1.1 200 341 - Java-http-client/21.0.5 0.031
172.23.0.1 - - [11/Jul/2025:10:17:52 +0000] GET /devportal/services/auth/introspect HTTP/1.1 200 375 https://localhost:9443/devportal/applications Mozilla/5.0 (Windows NT 10.0; Win64; x64) AppleWebKit/537.36 (KHTML, like Gecko) Chrome/137.0.0.0 Safari/537.36 0.068
172.23.0.1 - - [11/Jul/2025:10:17:53 +0000] GET /devportal HTTP/1.1 302 - https://localhost:9443/devportal/applications Mozilla/5.0 (Windows NT 10.0; Win64; x64) AppleWebKit/537.36 (KHTML, like Gecko) Chrome/137.0.0.0 Safari/537.36 0.000
172.23.0.1 - - [11/Jul/2025:10:17:53 +0000] GET /devportal/site/public/dist/4557.75b75dc7f0f8778fbab3.bundle.js HTTP/1.1 200 2836 https://localhost:9443/devportal/applications Mozilla/5.0 (Windows NT 10.0; Win64; x64) AppleWebKit/537.36 (KHTML, like Gecko) Chrome/137.0.0.0 Safari/537.36 0.012
172.23.0.1 - - [11/Jul/2025:10:17:53 +0000] GET /devportal/site/public/dist/ApiListing.927afcc6b89e7a0faa57.bundle.js HTTP/1.1 200 6401 https://localhost:9443/devportal/applications Mozilla/5.0 (Windows NT 10.0; Win64; x64) AppleWebKit/537.36 (KHTML, like Gecko) Chrome/137.0.0.0 Safari/537.36 0.018
172.23.0.1 - - [11/Jul/2025:10:17:53 +0000] GET /oidc/checksession?client_id=8YNcwtyaHxWPUT9xJgLZDwrd4sUa&redirect_uri=https://localhost:9443/devportal/services/auth/callback/login HTTP/1.1 200 3134 https://localhost:9443/devportal/applications Mozilla/5.0 (Windows NT 10.0; Win64; x64) AppleWebKit/537.36 (KHTML, like Gecko) Chrome/137.0.0.0 Safari/537.36 0.023
172.23.0.1 - - [11/Jul/2025:10:17:53 +0000] GET /devportal/ HTTP/1.1 200 1691 https://localhost:9443/devportal/applications Mozilla/5.0 (Windows NT 10.0; Win64; x64) AppleWebKit/537.36 (KHTML, like Gecko) Chrome/137.0.0.0 Safari/537.36 0.016
172.23.0.1 - - [11/Jul/2025:10:17:53 +0000] GET /api/am/devportal/v3/me/organization-information HTTP/1.1 200 35 https://localhost:9443/devportal/applications Mozilla/5.0 (Windows NT 10.0; Win64; x64) AppleWebKit/537.36 (KHTML, like Gecko) Chrome/137.0.0.0 Safari/537.36 0.028
172.23.0.1 - - [11/Jul/2025:10:17:53 +0000] GET /api/am/devportal/v3/swagger.yaml HTTP/1.1 200 30152 https://localhost:9443/devportal/applications Mozilla/5.0 (Windows NT 10.0; Win64; x64) AppleWebKit/537.36 (KHTML, like Gecko) Chrome/137.0.0.0 Safari/537.36 0.028
172.23.0.1 - - [11/Jul/2025:10:17:53 +0000] GET /api/am/devportal/v3/applications?sortBy=name&sortOrder=asc&limit=10&offset=0 HTTP/1.1 200 701 https://localhost:9443/devportal/applications Mozilla/5.0 (Windows NT 10.0; Win64; x64) AppleWebKit/537.36 (KHTML, like Gecko) Chrome/137.0.0.0 Safari/537.36 0.080
172.23.0.1 - - [11/Jul/2025:10:17:53 +0000] GET /api/am/devportal/v3/settings HTTP/1.1 200 542 https://localhost:9443/devportal/applications Mozilla/5.0 (Windows NT 10.0; Win64; x64) AppleWebKit/537.36 (KHTML, like Gecko) Chrome/137.0.0.0 Safari/537.36 0.421
172.23.0.1 - - [11/Jul/2025:10:18:06 +0000] GET /devportal/site/public/images/_favicon.ico HTTP/1.1 200 1150 https://localhost:9443/devportal/apis Mozilla/5.0 (Windows NT 10.0; Win64; x64) AppleWebKit/537.36 (KHTML, like Gecko) Chrome/137.0.0.0 Safari/537.36 0.003
172.23.0.1 - - [11/Jul/2025:10:18:06 +0000] GET /api/am/devportal/v3/api-categories HTTP/1.1 200 21 https://localhost:9443/devportal/apis Mozilla/5.0 (Windows NT 10.0; Win64; x64) AppleWebKit/537.36 (KHTML, like Gecko) Chrome/137.0.0.0 Safari/537.36 0.014
172.23.0.1 - - [11/Jul/2025:10:18:06 +0000] GET /api/am/devportal/v3/tags?limit=-1 HTTP/1.1 200 143 https://localhost:9443/devportal/apis Mozilla/5.0 (Windows NT 10.0; Win64; x64) AppleWebKit/537.36 (KHTML, like Gecko) Chrome/137.0.0.0 Safari/537.36 0.032
172.23.0.1 - - [11/Jul/2025:10:18:06 +0000] GET /api/am/devportal/v3/apis?limit=10&offset=0 HTTP/1.1 200 661 https://localhost:9443/devportal/apis Mozilla/5.0 (Windows NT 10.0; Win64; x64) AppleWebKit/537.36 (KHTML, like Gecko) Chrome/137.0.0.0 Safari/537.36 0.058
172.23.0.1 - - [11/Jul/2025:10:18:06 +0000] GET /api/am/devportal/v3/apis/3d25892b-b9a4-4295-bdc9-6528d8d6b900/ratings HTTP/1.1 200 125 https://localhost:9443/devportal/apis Mozilla/5.0 (Windows NT 10.0; Win64; x64) AppleWebKit/537.36 (KHTML, like Gecko) Chrome/137.0.0.0 Safari/537.36 0.023
172.23.0.1 - - [11/Jul/2025:10:18:06 +0000] GET /api/am/devportal/v3/apis/3e9c8bfa-e0d3-4922-984e-cd99bd95a7c8/ratings HTTP/1.1 200 125 https://localhost:9443/devportal/apis Mozilla/5.0 (Windows NT 10.0; Win64; x64) AppleWebKit/537.36 (KHTML, like Gecko) Chrome/137.0.0.0 Safari/537.36 0.024
172.23.0.1 - - [11/Jul/2025:10:18:06 +0000] GET /api/am/devportal/v3/apis/3d25892b-b9a4-4295-bdc9-6528d8d6b900/thumbnail HTTP/1.1 204 - https://localhost:9443/devportal/apis Mozilla/5.0 (Windows NT 10.0; Win64; x64) AppleWebKit/537.36 (KHTML, like Gecko) Chrome/137.0.0.0 Safari/537.36 0.031
172.23.0.1 - - [11/Jul/2025:10:18:06 +0000] GET /api/am/devportal/v3/apis/3e9c8bfa-e0d3-4922-984e-cd99bd95a7c8/thumbnail HTTP/1.1 204 - https://localhost:9443/devportal/apis Mozilla/5.0 (Windows NT 10.0; Win64; x64) AppleWebKit/537.36 (KHTML, like Gecko) Chrome/137.0.0.0 Safari/537.36 0.033
172.23.0.1 - - [11/Jul/2025:10:18:11 +0000] GET /devportal/site/public/images/_favicon.ico HTTP/1.1 200 1150 https://localhost:9443/devportal/apis/3d25892b-b9a4-4295-bdc9-6528d8d6b900 Mozilla/5.0 (Windows NT 10.0; Win64; x64) AppleWebKit/537.36 (KHTML, like Gecko) Chrome/137.0.0.0 Safari/537.36 0.005
172.23.0.1 - - [11/Jul/2025:10:18:11 +0000] GET /api/am/devportal/v3/applications?limit=5000 HTTP/1.1 200 703 https://localhost:9443/devportal/apis/3d25892b-b9a4-4295-bdc9-6528d8d6b900 Mozilla/5.0 (Windows NT 10.0; Win64; x64) AppleWebKit/537.36 (KHTML, like Gecko) Chrome/137.0.0.0 Safari/537.36 0.028
172.23.0.1 - - [11/Jul/2025:10:18:12 +0000] GET /api/am/devportal/v3/apis/3d25892b-b9a4-4295-bdc9-6528d8d6b900 HTTP/1.1 200 1061 https://localhost:9443/devportal/apis/3d25892b-b9a4-4295-bdc9-6528d8d6b900 Mozilla/5.0 (Windows NT 10.0; Win64; x64) AppleWebKit/537.36 (KHTML, like Gecko) Chrome/137.0.0.0 Safari/537.36 0.084
172.23.0.1 - - [11/Jul/2025:10:18:12 +0000] GET /api/am/devportal/v3/settings HTTP/1.1 200 542 https://localhost:9443/devportal/apis/3d25892b-b9a4-4295-bdc9-6528d8d6b900 Mozilla/5.0 (Windows NT 10.0; Win64; x64) AppleWebKit/537.36 (KHTML, like Gecko) Chrome/137.0.0.0 Safari/537.36 0.136
172.23.0.1 - - [11/Jul/2025:10:18:12 +0000] GET /devportal/site/public/dist/1653.a1e39dcf0973ac6ac28f.bundle.js HTTP/1.1 200 3734 https://localhost:9443/devportal/apis/3d25892b-b9a4-4295-bdc9-6528d8d6b900/overview Mozilla/5.0 (Windows NT 10.0; Win64; x64) AppleWebKit/537.36 (KHTML, like Gecko) Chrome/137.0.0.0 Safari/537.36 0.010
127.0.0.1 - - [11/Jul/2025:10:18:12 +0000] GET /keymanager-operations/dcr/register/dk9KMVB5VFlPSktKbEpDdnlhaFUyel9HOUM4YQ%3D%3D HTTP/1.1 200 547 - Apache-HttpClient/4.5.13 (Java/21.0.5) 0.066
127.0.0.1 - - [11/Jul/2025:10:18:12 +0000] GET /keymanager-operations/dcr/register/UzRtUzQxSXdoRTJTUl9PTFAwT2JHc3VIamJJYQ%3D%3D HTTP/1.1 200 749 - Apache-HttpClient/4.5.13 (Java/21.0.5) 0.066
172.23.0.1 - - [11/Jul/2025:10:18:12 +0000] GET /devportal/site/public/images/leftMenuBack.png HTTP/1.1 200 5308 https://localhost:9443/devportal/apis/3d25892b-b9a4-4295-bdc9-6528d8d6b900/overview Mozilla/5.0 (Windows NT 10.0; Win64; x64) AppleWebKit/537.36 (KHTML, like Gecko) Chrome/137.0.0.0 Safari/537.36 0.005
172.23.0.1 - - [11/Jul/2025:10:18:12 +0000] GET /devportal/site/public/dist/APIComments.9e0099a33946083b000e.bundle.js HTTP/1.1 200 11093 https://localhost:9443/devportal/apis/3d25892b-b9a4-4295-bdc9-6528d8d6b900/overview Mozilla/5.0 (Windows NT 10.0; Win64; x64) AppleWebKit/537.36 (KHTML, like Gecko) Chrome/137.0.0.0 Safari/537.36 0.013
172.23.0.1 - - [11/Jul/2025:10:18:12 +0000] GET /devportal/site/public/images/_favicon.ico HTTP/1.1 200 1150 https://localhost:9443/devportal/apis/3d25892b-b9a4-4295-bdc9-6528d8d6b900/overview Mozilla/5.0 (Windows NT 10.0; Win64; x64) AppleWebKit/537.36 (KHTML, like Gecko) Chrome/137.0.0.0 Safari/537.36 0.006
127.0.0.1 - - [11/Jul/2025:10:18:12 +0000] GET /keymanager-operations/dcr/register/dk9KMVB5VFlPSktKbEpDdnlhaFUyel9HOUM4YQ%3D%3D HTTP/1.1 200 547 - Apache-HttpClient/4.5.13 (Java/21.0.5) 0.007
127.0.0.1 - - [11/Jul/2025:10:18:12 +0000] GET /keymanager-operations/dcr/register/UzRtUzQxSXdoRTJTUl9PTFAwT2JHc3VIamJJYQ%3D%3D HTTP/1.1 200 749 - Apache-HttpClient/4.5.13 (Java/21.0.5) 0.007
172.23.0.1 - - [11/Jul/2025:10:18:12 +0000] GET /devportal/site/public/dist/4680.f43ad1fd2c68cd41d4ea.bundle.js HTTP/1.1 200 23177 https://localhost:9443/devportal/apis/3d25892b-b9a4-4295-bdc9-6528d8d6b900/overview Mozilla/5.0 (Windows NT 10.0; Win64; x64) AppleWebKit/537.36 (KHTML, like Gecko) Chrome/137.0.0.0 Safari/537.36 0.041
172.23.0.1 - - [11/Jul/2025:10:18:12 +0000] GET /devportal/site/public/dist/APIOverview.018b5195c97e8623de4c.bundle.js HTTP/1.1 200 13808 https://localhost:9443/devportal/apis/3d25892b-b9a4-4295-bdc9-6528d8d6b900/overview Mozilla/5.0 (Windows NT 10.0; Win64; x64) AppleWebKit/537.36 (KHTML, like Gecko) Chrome/137.0.0.0 Safari/537.36 0.014
172.23.0.1 - - [11/Jul/2025:10:18:12 +0000] GET /api/am/devportal/v3/subscriptions?apiId=3d25892b-b9a4-4295-bdc9-6528d8d6b900&limit=5000 HTTP/1.1 200 832 https://localhost:9443/devportal/apis/3d25892b-b9a4-4295-bdc9-6528d8d6b900 Mozilla/5.0 (Windows NT 10.0; Win64; x64) AppleWebKit/537.36 (KHTML, like Gecko) Chrome/137.0.0.0 Safari/537.36 0.228
172.23.0.1 - - [11/Jul/2025:10:18:12 +0000] GET /api/am/devportal/v3/subscriptions?apiId=3d25892b-b9a4-4295-bdc9-6528d8d6b900&limit=25 HTTP/1.1 200 832 https://localhost:9443/devportal/apis/3d25892b-b9a4-4295-bdc9-6528d8d6b900 Mozilla/5.0 (Windows NT 10.0; Win64; x64) AppleWebKit/537.36 (KHTML, like Gecko) Chrome/137.0.0.0 Safari/537.36 0.233
172.23.0.1 - - [11/Jul/2025:10:18:12 +0000] GET /devportal/site/public/dist/5074.3f63087252cf48e3346f.bundle.js HTTP/1.1 200 241186 https://localhost:9443/devportal/apis/3d25892b-b9a4-4295-bdc9-6528d8d6b900/overview Mozilla/5.0 (Windows NT 10.0; Win64; x64) AppleWebKit/537.36 (KHTML, like Gecko) Chrome/137.0.0.0 Safari/537.36 0.084
172.23.0.1 - - [11/Jul/2025:10:18:12 +0000] GET /api/am/devportal/v3/throttling-policies/subscription HTTP/1.1 200 751 https://localhost:9443/devportal/apis/3d25892b-b9a4-4295-bdc9-6528d8d6b900/overview Mozilla/5.0 (Windows NT 10.0; Win64; x64) AppleWebKit/537.36 (KHTML, like Gecko) Chrome/137.0.0.0 Safari/537.36 0.012
172.23.0.1 - - [11/Jul/2025:10:18:12 +0000] GET /api/am/devportal/v3/apis/3d25892b-b9a4-4295-bdc9-6528d8d6b900/documents HTTP/1.1 200 92 https://localhost:9443/devportal/apis/3d25892b-b9a4-4295-bdc9-6528d8d6b900/overview Mozilla/5.0 (Windows NT 10.0; Win64; x64) AppleWebKit/537.36 (KHTML, like Gecko) Chrome/137.0.0.0 Safari/537.36 0.015
172.23.0.1 - - [11/Jul/2025:10:18:12 +0000] GET /api/am/devportal/v3/throttling-policies/subscription HTTP/1.1 200 751 https://localhost:9443/devportal/apis/3d25892b-b9a4-4295-bdc9-6528d8d6b900/overview Mozilla/5.0 (Windows NT 10.0; Win64; x64) AppleWebKit/537.36 (KHTML, like Gecko) Chrome/137.0.0.0 Safari/537.36 0.006
172.23.0.1 - - [11/Jul/2025:10:18:12 +0000] GET /api/am/devportal/v3/apis/3d25892b-b9a4-4295-bdc9-6528d8d6b900/documents HTTP/1.1 200 92 https://localhost:9443/devportal/apis/3d25892b-b9a4-4295-bdc9-6528d8d6b900/overview Mozilla/5.0 (Windows NT 10.0; Win64; x64) AppleWebKit/537.36 (KHTML, like Gecko) Chrome/137.0.0.0 Safari/537.36 0.012
172.23.0.1 - - [11/Jul/2025:10:18:12 +0000] GET /api/am/devportal/v3/apis/3d25892b-b9a4-4295-bdc9-6528d8d6b900/ratings HTTP/1.1 200 125 https://localhost:9443/devportal/apis/3d25892b-b9a4-4295-bdc9-6528d8d6b900/overview Mozilla/5.0 (Windows NT 10.0; Win64; x64) AppleWebKit/537.36 (KHTML, like Gecko) Chrome/137.0.0.0 Safari/537.36 0.008
172.23.0.1 - - [11/Jul/2025:10:18:12 +0000] GET /api/am/devportal/v3/apis/3d25892b-b9a4-4295-bdc9-6528d8d6b900/thumbnail HTTP/1.1 204 - https://localhost:9443/devportal/apis/3d25892b-b9a4-4295-bdc9-6528d8d6b900/overview Mozilla/5.0 (Windows NT 10.0; Win64; x64) AppleWebKit/537.36 (KHTML, like Gecko) Chrome/137.0.0.0 Safari/537.36 0.011
172.23.0.1 - - [11/Jul/2025:10:18:12 +0000] GET /api/am/devportal/v3/apis/3d25892b-b9a4-4295-bdc9-6528d8d6b900/comments?limit=5&offset=0 HTTP/1.1 200 101 https://localhost:9443/devportal/apis/3d25892b-b9a4-4295-bdc9-6528d8d6b900/overview Mozilla/5.0 (Windows NT 10.0; Win64; x64) AppleWebKit/537.36 (KHTML, like Gecko) Chrome/137.0.0.0 Safari/537.36 0.018
172.23.0.1 - - [11/Jul/2025:10:18:14 +0000] GET /devportal/site/public/dist/APICredentials.8f14029889e9823457b5.bundle.js HTTP/1.1 200 5514 https://localhost:9443/devportal/apis/3d25892b-b9a4-4295-bdc9-6528d8d6b900/credentials Mozilla/5.0 (Windows NT 10.0; Win64; x64) AppleWebKit/537.36 (KHTML, like Gecko) Chrome/137.0.0.0 Safari/537.36 0.006
172.23.0.1 - - [11/Jul/2025:10:18:14 +0000] GET /devportal/site/public/dist/1034.de7966ddf643bcf88a12.bundle.js HTTP/1.1 200 7520 https://localhost:9443/devportal/apis/3d25892b-b9a4-4295-bdc9-6528d8d6b900/credentials Mozilla/5.0 (Windows NT 10.0; Win64; x64) AppleWebKit/537.36 (KHTML, like Gecko) Chrome/137.0.0.0 Safari/537.36 0.007
172.23.0.1 - - [11/Jul/2025:10:18:14 +0000] GET /devportal/site/public/dist/6158.dd6ef497350cb00c1bfb.bundle.js HTTP/1.1 200 17831 https://localhost:9443/devportal/apis/3d25892b-b9a4-4295-bdc9-6528d8d6b900/credentials Mozilla/5.0 (Windows NT 10.0; Win64; x64) AppleWebKit/537.36 (KHTML, like Gecko) Chrome/137.0.0.0 Safari/537.36 0.022
172.23.0.1 - - [11/Jul/2025:10:18:14 +0000] GET /devportal/site/public/images/_favicon.ico HTTP/1.1 200 1150 https://localhost:9443/devportal/apis/3d25892b-b9a4-4295-bdc9-6528d8d6b900/credentials Mozilla/5.0 (Windows NT 10.0; Win64; x64) AppleWebKit/537.36 (KHTML, like Gecko) Chrome/137.0.0.0 Safari/537.36 0.003
172.23.0.1 - - [11/Jul/2025:10:18:14 +0000] GET /devportal/site/public/dist/5902.596d352df8beee5c59d1.bundle.js HTTP/1.1 200 43032 https://localhost:9443/devportal/apis/3d25892b-b9a4-4295-bdc9-6528d8d6b900/credentials Mozilla/5.0 (Windows NT 10.0; Win64; x64) AppleWebKit/537.36 (KHTML, like Gecko) Chrome/137.0.0.0 Safari/537.36 0.038
172.23.0.1 - - [11/Jul/2025:10:19:05 +0000] GET /devportal/site/public/dist/2543.3fb1fe0024370c0247fe.bundle.js HTTP/1.1 200 25309 https://localhost:9443/devportal/applications/539d6b5f-186c-4ccb-bc4a-34c980dcdbbd Mozilla/5.0 (Windows NT 10.0; Win64; x64) AppleWebKit/537.36 (KHTML, like Gecko) Chrome/137.0.0.0 Safari/537.36 0.016
172.23.0.1 - - [11/Jul/2025:10:19:05 +0000] GET /devportal/site/public/images/_favicon.ico HTTP/1.1 200 1150 https://localhost:9443/devportal/applications/539d6b5f-186c-4ccb-bc4a-34c980dcdbbd Mozilla/5.0 (Windows NT 10.0; Win64; x64) AppleWebKit/537.36 (KHTML, like Gecko) Chrome/137.0.0.0 Safari/537.36 0.004
172.23.0.1 - - [11/Jul/2025:10:19:05 +0000] GET /devportal/site/public/dist/214.a5efa3b2b20ebb30d860.bundle.js HTTP/1.1 200 6538 https://localhost:9443/devportal/applications/539d6b5f-186c-4ccb-bc4a-34c980dcdbbd Mozilla/5.0 (Windows NT 10.0; Win64; x64) AppleWebKit/537.36 (KHTML, like Gecko) Chrome/137.0.0.0 Safari/537.36 0.010
172.23.0.1 - - [11/Jul/2025:10:19:05 +0000] GET /devportal/site/public/dist/ApplicationDetails.7756f71d6d689164435a.bundle.js HTTP/1.1 200 18179 https://localhost:9443/devportal/applications/539d6b5f-186c-4ccb-bc4a-34c980dcdbbd Mozilla/5.0 (Windows NT 10.0; Win64; x64) AppleWebKit/537.36 (KHTML, like Gecko) Chrome/137.0.0.0 Safari/537.36 0.016
127.0.0.1 - - [11/Jul/2025:10:19:05 +0000] GET /keymanager-operations/dcr/register/UzRtUzQxSXdoRTJTUl9PTFAwT2JHc3VIamJJYQ%3D%3D HTTP/1.1 200 749 - Apache-HttpClient/4.5.13 (Java/21.0.5) 0.013
172.23.0.1 - - [11/Jul/2025:10:19:05 +0000] GET /api/am/devportal/v3/applications/539d6b5f-186c-4ccb-bc4a-34c980dcdbbd HTTP/1.1 200 404 https://localhost:9443/devportal/applications/539d6b5f-186c-4ccb-bc4a-34c980dcdbbd Mozilla/5.0 (Windows NT 10.0; Win64; x64) AppleWebKit/537.36 (KHTML, like Gecko) Chrome/137.0.0.0 Safari/537.36 0.046
127.0.0.1 - - [11/Jul/2025:10:19:05 +0000] GET /keymanager-operations/dcr/register/UzRtUzQxSXdoRTJTUl9PTFAwT2JHc3VIamJJYQ%3D%3D HTTP/1.1 200 749 - Apache-HttpClient/4.5.13 (Java/21.0.5) 0.009
172.23.0.1 - - [11/Jul/2025:10:19:05 +0000] GET /devportal/site/public/images/_favicon.ico HTTP/1.1 200 1150 https://localhost:9443/devportal/applications/539d6b5f-186c-4ccb-bc4a-34c980dcdbbd/overview Mozilla/5.0 (Windows NT 10.0; Win64; x64) AppleWebKit/537.36 (KHTML, like Gecko) Chrome/137.0.0.0 Safari/537.36 0.004
172.23.0.1 - - [11/Jul/2025:10:19:05 +0000] GET /api/am/devportal/v3/applications/539d6b5f-186c-4ccb-bc4a-34c980dcdbbd HTTP/1.1 200 404 https://localhost:9443/devportal/applications/539d6b5f-186c-4ccb-bc4a-34c980dcdbbd/overview Mozilla/5.0 (Windows NT 10.0; Win64; x64) AppleWebKit/537.36 (KHTML, like Gecko) Chrome/137.0.0.0 Safari/537.36 0.019
172.23.0.1 - - [11/Jul/2025:10:19:05 +0000] GET /api/am/devportal/v3/throttling-policies/application/Unlimited HTTP/1.1 200 490 https://localhost:9443/devportal/applications/539d6b5f-186c-4ccb-bc4a-34c980dcdbbd/overview Mozilla/5.0 (Windows NT 10.0; Win64; x64) AppleWebKit/537.36 (KHTML, like Gecko) Chrome/137.0.0.0 Safari/537.36 0.011
172.23.0.1 - - [11/Jul/2025:10:19:09 +0000] GET /devportal/site/public/images/_favicon.ico HTTP/1.1 200 1150 https://localhost:9443/devportal/applications/539d6b5f-186c-4ccb-bc4a-34c980dcdbbd/subscriptions Mozilla/5.0 (Windows NT 10.0; Win64; x64) AppleWebKit/537.36 (KHTML, like Gecko) Chrome/137.0.0.0 Safari/537.36 0.001
127.0.0.1 - - [11/Jul/2025:10:19:09 +0000] GET /keymanager-operations/dcr/register/UzRtUzQxSXdoRTJTUl9PTFAwT2JHc3VIamJJYQ%3D%3D HTTP/1.1 200 749 - Apache-HttpClient/4.5.13 (Java/21.0.5) 0.006
172.23.0.1 - - [11/Jul/2025:10:19:09 +0000] GET /api/am/devportal/v3/subscriptions?applicationId=539d6b5f-186c-4ccb-bc4a-34c980dcdbbd&limit=1000 HTTP/1.1 200 936 https://localhost:9443/devportal/applications/539d6b5f-186c-4ccb-bc4a-34c980dcdbbd/subscriptions Mozilla/5.0 (Windows NT 10.0; Win64; x64) AppleWebKit/537.36 (KHTML, like Gecko) Chrome/137.0.0.0 Safari/537.36 0.042
172.23.0.1 - - [11/Jul/2025:10:19:09 +0000] GET /api/am/devportal/v3/subscriptions/fcf2d4f2-04cd-47b9-8c2f-5f55bc311e16 HTTP/1.1 200 678 https://localhost:9443/devportal/applications/539d6b5f-186c-4ccb-bc4a-34c980dcdbbd/subscriptions Mozilla/5.0 (Windows NT 10.0; Win64; x64) AppleWebKit/537.36 (KHTML, like Gecko) Chrome/137.0.0.0 Safari/537.36 0.015
172.23.0.1 - - [11/Jul/2025:10:19:09 +0000] GET /api/am/devportal/v3/subscriptions/2547596d-d0e2-4c23-a3a1-c47925c7b7c2 HTTP/1.1 200 760 https://localhost:9443/devportal/applications/539d6b5f-186c-4ccb-bc4a-34c980dcdbbd/subscriptions Mozilla/5.0 (Windows NT 10.0; Win64; x64) AppleWebKit/537.36 (KHTML, like Gecko) Chrome/137.0.0.0 Safari/537.36 0.015
172.23.0.1 - - [11/Jul/2025:10:19:09 +0000] GET /api/am/devportal/v3/apis/3d25892b-b9a4-4295-bdc9-6528d8d6b900 HTTP/1.1 200 1061 https://localhost:9443/devportal/applications/539d6b5f-186c-4ccb-bc4a-34c980dcdbbd/subscriptions Mozilla/5.0 (Windows NT 10.0; Win64; x64) AppleWebKit/537.36 (KHTML, like Gecko) Chrome/137.0.0.0 Safari/537.36 0.019
172.23.0.1 - - [11/Jul/2025:10:19:09 +0000] GET /api/am/devportal/v3/apis/3e9c8bfa-e0d3-4922-984e-cd99bd95a7c8 HTTP/1.1 200 2630 https://localhost:9443/devportal/applications/539d6b5f-186c-4ccb-bc4a-34c980dcdbbd/subscriptions Mozilla/5.0 (Windows NT 10.0; Win64; x64) AppleWebKit/537.36 (KHTML, like Gecko) Chrome/137.0.0.0 Safari/537.36 0.019
172.23.0.1 - - [11/Jul/2025:10:19:09 +0000] GET /api/am/devportal/v3/apis/3d25892b-b9a4-4295-bdc9-6528d8d6b900 HTTP/1.1 200 1061 https://localhost:9443/devportal/applications/539d6b5f-186c-4ccb-bc4a-34c980dcdbbd/subscriptions Mozilla/5.0 (Windows NT 10.0; Win64; x64) AppleWebKit/537.36 (KHTML, like Gecko) Chrome/137.0.0.0 Safari/537.36 0.018
172.23.0.1 - - [11/Jul/2025:10:19:09 +0000] GET /api/am/devportal/v3/apis/3e9c8bfa-e0d3-4922-984e-cd99bd95a7c8 HTTP/1.1 200 2630 https://localhost:9443/devportal/applications/539d6b5f-186c-4ccb-bc4a-34c980dcdbbd/subscriptions Mozilla/5.0 (Windows NT 10.0; Win64; x64) AppleWebKit/537.36 (KHTML, like Gecko) Chrome/137.0.0.0 Safari/537.36 0.020
172.23.0.1 - - [11/Jul/2025:10:19:09 +0000] GET /api/am/devportal/v3/throttling-policies/subscription/Unlimited HTTP/1.1 200 491 https://localhost:9443/devportal/applications/539d6b5f-186c-4ccb-bc4a-34c980dcdbbd/subscriptions Mozilla/5.0 (Windows NT 10.0; Win64; x64) AppleWebKit/537.36 (KHTML, like Gecko) Chrome/137.0.0.0 Safari/537.36 0.007
172.23.0.1 - - [11/Jul/2025:10:19:09 +0000] GET /api/am/devportal/v3/throttling-policies/subscription/Unlimited HTTP/1.1 200 491 https://localhost:9443/devportal/applications/539d6b5f-186c-4ccb-bc4a-34c980dcdbbd/subscriptions Mozilla/5.0 (Windows NT 10.0; Win64; x64) AppleWebKit/537.36 (KHTML, like Gecko) Chrome/137.0.0.0 Safari/537.36 0.004
172.23.0.1 - - [11/Jul/2025:10:19:11 +0000] GET /devportal/site/public/images/_favicon.ico HTTP/1.1 200 1150 https://localhost:9443/devportal/apis/3e9c8bfa-e0d3-4922-984e-cd99bd95a7c8 Mozilla/5.0 (Windows NT 10.0; Win64; x64) AppleWebKit/537.36 (KHTML, like Gecko) Chrome/137.0.0.0 Safari/537.36 0.002
172.23.0.1 - - [11/Jul/2025:10:19:11 +0000] GET /api/am/devportal/v3/applications?limit=5000 HTTP/1.1 200 703 https://localhost:9443/devportal/apis/3e9c8bfa-e0d3-4922-984e-cd99bd95a7c8 Mozilla/5.0 (Windows NT 10.0; Win64; x64) AppleWebKit/537.36 (KHTML, like Gecko) Chrome/137.0.0.0 Safari/537.36 0.013
127.0.0.1 - - [11/Jul/2025:10:19:11 +0000] GET /keymanager-operations/dcr/register/UzRtUzQxSXdoRTJTUl9PTFAwT2JHc3VIamJJYQ%3D%3D HTTP/1.1 200 749 - Apache-HttpClient/4.5.13 (Java/21.0.5) 0.007
127.0.0.1 - - [11/Jul/2025:10:19:11 +0000] GET /keymanager-operations/dcr/register/UzRtUzQxSXdoRTJTUl9PTFAwT2JHc3VIamJJYQ%3D%3D HTTP/1.1 200 749 - Apache-HttpClient/4.5.13 (Java/21.0.5) 0.005
172.23.0.1 - - [11/Jul/2025:10:19:11 +0000] GET /api/am/devportal/v3/apis/3e9c8bfa-e0d3-4922-984e-cd99bd95a7c8 HTTP/1.1 200 2630 https://localhost:9443/devportal/apis/3e9c8bfa-e0d3-4922-984e-cd99bd95a7c8 Mozilla/5.0 (Windows NT 10.0; Win64; x64) AppleWebKit/537.36 (KHTML, like Gecko) Chrome/137.0.0.0 Safari/537.36 0.033
127.0.0.1 - - [11/Jul/2025:10:19:11 +0000] GET /keymanager-operations/dcr/register/dk9KMVB5VFlPSktKbEpDdnlhaFUyel9HOUM4YQ%3D%3D HTTP/1.1 200 547 - Apache-HttpClient/4.5.13 (Java/21.0.5) 0.007
127.0.0.1 - - [11/Jul/2025:10:19:11 +0000] GET /keymanager-operations/dcr/register/dk9KMVB5VFlPSktKbEpDdnlhaFUyel9HOUM4YQ%3D%3D HTTP/1.1 200 547 - Apache-HttpClient/4.5.13 (Java/21.0.5) 0.007
172.23.0.1 - - [11/Jul/2025:10:19:11 +0000] GET /api/am/devportal/v3/subscriptions?apiId=3e9c8bfa-e0d3-4922-984e-cd99bd95a7c8&limit=25 HTTP/1.1 200 918 https://localhost:9443/devportal/apis/3e9c8bfa-e0d3-4922-984e-cd99bd95a7c8 Mozilla/5.0 (Windows NT 10.0; Win64; x64) AppleWebKit/537.36 (KHTML, like Gecko) Chrome/137.0.0.0 Safari/537.36 0.068
172.23.0.1 - - [11/Jul/2025:10:19:11 +0000] GET /api/am/devportal/v3/subscriptions?apiId=3e9c8bfa-e0d3-4922-984e-cd99bd95a7c8&limit=5000 HTTP/1.1 200 919 https://localhost:9443/devportal/apis/3e9c8bfa-e0d3-4922-984e-cd99bd95a7c8 Mozilla/5.0 (Windows NT 10.0; Win64; x64) AppleWebKit/537.36 (KHTML, like Gecko) Chrome/137.0.0.0 Safari/537.36 0.066
172.23.0.1 - - [11/Jul/2025:10:19:11 +0000] GET /devportal/site/public/images/_favicon.ico HTTP/1.1 200 1150 https://localhost:9443/devportal/apis/3e9c8bfa-e0d3-4922-984e-cd99bd95a7c8/overview Mozilla/5.0 (Windows NT 10.0; Win64; x64) AppleWebKit/537.36 (KHTML, like Gecko) Chrome/137.0.0.0 Safari/537.36 0.005
172.23.0.1 - - [11/Jul/2025:10:19:11 +0000] GET /api/am/devportal/v3/throttling-policies/subscription HTTP/1.1 200 751 https://localhost:9443/devportal/apis/3e9c8bfa-e0d3-4922-984e-cd99bd95a7c8/overview Mozilla/5.0 (Windows NT 10.0; Win64; x64) AppleWebKit/537.36 (KHTML, like Gecko) Chrome/137.0.0.0 Safari/537.36 0.008
172.23.0.1 - - [11/Jul/2025:10:19:11 +0000] GET /api/am/devportal/v3/throttling-policies/subscription HTTP/1.1 200 751 https://localhost:9443/devportal/apis/3e9c8bfa-e0d3-4922-984e-cd99bd95a7c8/overview Mozilla/5.0 (Windows NT 10.0; Win64; x64) AppleWebKit/537.36 (KHTML, like Gecko) Chrome/137.0.0.0 Safari/537.36 0.016
172.23.0.1 - - [11/Jul/2025:10:19:11 +0000] GET /api/am/devportal/v3/apis/3e9c8bfa-e0d3-4922-984e-cd99bd95a7c8/documents HTTP/1.1 200 92 https://localhost:9443/devportal/apis/3e9c8bfa-e0d3-4922-984e-cd99bd95a7c8/overview Mozilla/5.0 (Windows NT 10.0; Win64; x64) AppleWebKit/537.36 (KHTML, like Gecko) Chrome/137.0.0.0 Safari/537.36 0.030
172.23.0.1 - - [11/Jul/2025:10:19:11 +0000] GET /api/am/devportal/v3/settings HTTP/1.1 200 542 https://localhost:9443/devportal/apis/3e9c8bfa-e0d3-4922-984e-cd99bd95a7c8 Mozilla/5.0 (Windows NT 10.0; Win64; x64) AppleWebKit/537.36 (KHTML, like Gecko) Chrome/137.0.0.0 Safari/537.36 0.149
172.23.0.1 - - [11/Jul/2025:10:19:11 +0000] GET /api/am/devportal/v3/apis/3e9c8bfa-e0d3-4922-984e-cd99bd95a7c8/documents HTTP/1.1 200 92 https://localhost:9443/devportal/apis/3e9c8bfa-e0d3-4922-984e-cd99bd95a7c8/overview Mozilla/5.0 (Windows NT 10.0; Win64; x64) AppleWebKit/537.36 (KHTML, like Gecko) Chrome/137.0.0.0 Safari/537.36 0.019
172.23.0.1 - - [11/Jul/2025:10:19:11 +0000] GET /api/am/devportal/v3/apis/3e9c8bfa-e0d3-4922-984e-cd99bd95a7c8/ratings HTTP/1.1 200 125 https://localhost:9443/devportal/apis/3e9c8bfa-e0d3-4922-984e-cd99bd95a7c8/overview Mozilla/5.0 (Windows NT 10.0; Win64; x64) AppleWebKit/537.36 (KHTML, like Gecko) Chrome/137.0.0.0 Safari/537.36 0.016
172.23.0.1 - - [11/Jul/2025:10:19:11 +0000] GET /api/am/devportal/v3/apis/3e9c8bfa-e0d3-4922-984e-cd99bd95a7c8/thumbnail HTTP/1.1 204 - https://localhost:9443/devportal/apis/3e9c8bfa-e0d3-4922-984e-cd99bd95a7c8/overview Mozilla/5.0 (Windows NT 10.0; Win64; x64) AppleWebKit/537.36 (KHTML, like Gecko) Chrome/137.0.0.0 Safari/537.36 0.023
172.23.0.1 - - [11/Jul/2025:10:19:11 +0000] GET /api/am/devportal/v3/apis/3e9c8bfa-e0d3-4922-984e-cd99bd95a7c8/comments?limit=5&offset=0 HTTP/1.1 200 101 https://localhost:9443/devportal/apis/3e9c8bfa-e0d3-4922-984e-cd99bd95a7c8/overview Mozilla/5.0 (Windows NT 10.0; Win64; x64) AppleWebKit/537.36 (KHTML, like Gecko) Chrome/137.0.0.0 Safari/537.36 0.023
172.23.0.1 - - [11/Jul/2025:10:19:14 +0000] GET /devportal/site/public/images/_favicon.ico HTTP/1.1 200 1150 https://localhost:9443/devportal/applications/539d6b5f-186c-4ccb-bc4a-34c980dcdbbd/subscriptions Mozilla/5.0 (Windows NT 10.0; Win64; x64) AppleWebKit/537.36 (KHTML, like Gecko) Chrome/137.0.0.0 Safari/537.36 0.004
127.0.0.1 - - [11/Jul/2025:10:19:14 +0000] GET /keymanager-operations/dcr/register/UzRtUzQxSXdoRTJTUl9PTFAwT2JHc3VIamJJYQ%3D%3D HTTP/1.1 200 749 - Apache-HttpClient/4.5.13 (Java/21.0.5) 0.011
172.23.0.1 - - [11/Jul/2025:10:19:14 +0000] GET /api/am/devportal/v3/applications/539d6b5f-186c-4ccb-bc4a-34c980dcdbbd HTTP/1.1 200 404 https://localhost:9443/devportal/applications/539d6b5f-186c-4ccb-bc4a-34c980dcdbbd/subscriptions Mozilla/5.0 (Windows NT 10.0; Win64; x64) AppleWebKit/537.36 (KHTML, like Gecko) Chrome/137.0.0.0 Safari/537.36 0.032
127.0.0.1 - - [11/Jul/2025:10:19:14 +0000] GET /keymanager-operations/dcr/register/UzRtUzQxSXdoRTJTUl9PTFAwT2JHc3VIamJJYQ%3D%3D HTTP/1.1 200 749 - Apache-HttpClient/4.5.13 (Java/21.0.5) 0.008
172.23.0.1 - - [11/Jul/2025:10:19:14 +0000] GET /api/am/devportal/v3/subscriptions?applicationId=539d6b5f-186c-4ccb-bc4a-34c980dcdbbd&limit=1000 HTTP/1.1 200 936 https://localhost:9443/devportal/applications/539d6b5f-186c-4ccb-bc4a-34c980dcdbbd/subscriptions Mozilla/5.0 (Windows NT 10.0; Win64; x64) AppleWebKit/537.36 (KHTML, like Gecko) Chrome/137.0.0.0 Safari/537.36 0.073
172.23.0.1 - - [11/Jul/2025:10:19:14 +0000] GET /api/am/devportal/v3/subscriptions/fcf2d4f2-04cd-47b9-8c2f-5f55bc311e16 HTTP/1.1 200 678 https://localhost:9443/devportal/applications/539d6b5f-186c-4ccb-bc4a-34c980dcdbbd/subscriptions Mozilla/5.0 (Windows NT 10.0; Win64; x64) AppleWebKit/537.36 (KHTML, like Gecko) Chrome/137.0.0.0 Safari/537.36 0.037
172.23.0.1 - - [11/Jul/2025:10:19:14 +0000] GET /api/am/devportal/v3/subscriptions/2547596d-d0e2-4c23-a3a1-c47925c7b7c2 HTTP/1.1 200 760 https://localhost:9443/devportal/applications/539d6b5f-186c-4ccb-bc4a-34c980dcdbbd/subscriptions Mozilla/5.0 (Windows NT 10.0; Win64; x64) AppleWebKit/537.36 (KHTML, like Gecko) Chrome/137.0.0.0 Safari/537.36 0.055
172.23.0.1 - - [11/Jul/2025:10:19:14 +0000] GET /api/am/devportal/v3/apis/3d25892b-b9a4-4295-bdc9-6528d8d6b900 HTTP/1.1 200 1061 https://localhost:9443/devportal/applications/539d6b5f-186c-4ccb-bc4a-34c980dcdbbd/subscriptions Mozilla/5.0 (Windows NT 10.0; Win64; x64) AppleWebKit/537.36 (KHTML, like Gecko) Chrome/137.0.0.0 Safari/537.36 0.051
172.23.0.1 - - [11/Jul/2025:10:19:14 +0000] GET /api/am/devportal/v3/apis/3e9c8bfa-e0d3-4922-984e-cd99bd95a7c8 HTTP/1.1 200 2630 https://localhost:9443/devportal/applications/539d6b5f-186c-4ccb-bc4a-34c980dcdbbd/subscriptions Mozilla/5.0 (Windows NT 10.0; Win64; x64) AppleWebKit/537.36 (KHTML, like Gecko) Chrome/137.0.0.0 Safari/537.36 0.061
172.23.0.1 - - [11/Jul/2025:10:19:14 +0000] GET /api/am/devportal/v3/throttling-policies/subscription/Unlimited HTTP/1.1 200 491 https://localhost:9443/devportal/applications/539d6b5f-186c-4ccb-bc4a-34c980dcdbbd/subscriptions Mozilla/5.0 (Windows NT 10.0; Win64; x64) AppleWebKit/537.36 (KHTML, like Gecko) Chrome/137.0.0.0 Safari/537.36 0.007
172.23.0.1 - - [11/Jul/2025:10:19:14 +0000] GET /api/am/devportal/v3/throttling-policies/subscription/Unlimited HTTP/1.1 200 491 https://localhost:9443/devportal/applications/539d6b5f-186c-4ccb-bc4a-34c980dcdbbd/subscriptions Mozilla/5.0 (Windows NT 10.0; Win64; x64) AppleWebKit/537.36 (KHTML, like Gecko) Chrome/137.0.0.0 Safari/537.36 0.008
172.23.0.1 - - [11/Jul/2025:10:19:14 +0000] GET /api/am/devportal/v3/apis/3d25892b-b9a4-4295-bdc9-6528d8d6b900 HTTP/1.1 200 1061 https://localhost:9443/devportal/applications/539d6b5f-186c-4ccb-bc4a-34c980dcdbbd/subscriptions Mozilla/5.0 (Windows NT 10.0; Win64; x64) AppleWebKit/537.36 (KHTML, like Gecko) Chrome/137.0.0.0 Safari/537.36 0.026
172.23.0.1 - - [11/Jul/2025:10:19:14 +0000] GET /api/am/devportal/v3/apis/3e9c8bfa-e0d3-4922-984e-cd99bd95a7c8 HTTP/1.1 200 2630 https://localhost:9443/devportal/applications/539d6b5f-186c-4ccb-bc4a-34c980dcdbbd/subscriptions Mozilla/5.0 (Windows NT 10.0; Win64; x64) AppleWebKit/537.36 (KHTML, like Gecko) Chrome/137.0.0.0 Safari/537.36 0.018
172.23.0.1 - - [11/Jul/2025:10:19:38 +0000] GET /devportal/site/public/images/_favicon.ico HTTP/1.1 200 1150 https://localhost:9443/devportal/applications/539d6b5f-186c-4ccb-bc4a-34c980dcdbbd/overview Mozilla/5.0 (Windows NT 10.0; Win64; x64) AppleWebKit/537.36 (KHTML, like Gecko) Chrome/137.0.0.0 Safari/537.36 0.002
127.0.0.1 - - [11/Jul/2025:10:19:38 +0000] GET /keymanager-operations/dcr/register/UzRtUzQxSXdoRTJTUl9PTFAwT2JHc3VIamJJYQ%3D%3D HTTP/1.1 200 749 - Apache-HttpClient/4.5.13 (Java/21.0.5) 0.006
172.23.0.1 - - [11/Jul/2025:10:19:38 +0000] GET /api/am/devportal/v3/applications/539d6b5f-186c-4ccb-bc4a-34c980dcdbbd HTTP/1.1 200 404 https://localhost:9443/devportal/applications/539d6b5f-186c-4ccb-bc4a-34c980dcdbbd/overview Mozilla/5.0 (Windows NT 10.0; Win64; x64) AppleWebKit/537.36 (KHTML, like Gecko) Chrome/137.0.0.0 Safari/537.36 0.028
172.23.0.1 - - [11/Jul/2025:10:19:38 +0000] GET /api/am/devportal/v3/throttling-policies/application/Unlimited HTTP/1.1 200 490 https://localhost:9443/devportal/applications/539d6b5f-186c-4ccb-bc4a-34c980dcdbbd/overview Mozilla/5.0 (Windows NT 10.0; Win64; x64) AppleWebKit/537.36 (KHTML, like Gecko) Chrome/137.0.0.0 Safari/537.36 0.003
172.23.0.1 - - [11/Jul/2025:10:19:53 +0000] GET /publisher/apis/f818fb14-194b-4a2d-a195-d9acd72a92df/overview HTTP/1.1 200 1713 - Mozilla/5.0 (Windows NT 10.0; Win64; x64) AppleWebKit/537.36 (KHTML, like Gecko) Chrome/137.0.0.0 Safari/537.36 0.010
172.23.0.1 - - [11/Jul/2025:10:19:53 +0000] GET /publisher/site/public/conf/userThemes.js HTTP/1.1 200 939 https://localhost:9443/publisher/apis/f818fb14-194b-4a2d-a195-d9acd72a92df/overview Mozilla/5.0 (Windows NT 10.0; Win64; x64) AppleWebKit/537.36 (KHTML, like Gecko) Chrome/137.0.0.0 Safari/537.36 0.001
172.23.0.1 - - [11/Jul/2025:10:19:53 +0000] GET /publisher/site/public/css/draftjs.css HTTP/1.1 200 2643 https://localhost:9443/publisher/apis/f818fb14-194b-4a2d-a195-d9acd72a92df/overview Mozilla/5.0 (Windows NT 10.0; Win64; x64) AppleWebKit/537.36 (KHTML, like Gecko) Chrome/137.0.0.0 Safari/537.36 0.002
172.23.0.1 - - [11/Jul/2025:10:19:53 +0000] GET /publisher/site/public/css/main.css HTTP/1.1 200 2102 https://localhost:9443/publisher/apis/f818fb14-194b-4a2d-a195-d9acd72a92df/overview Mozilla/5.0 (Windows NT 10.0; Win64; x64) AppleWebKit/537.36 (KHTML, like Gecko) Chrome/137.0.0.0 Safari/537.36 0.007
172.23.0.1 - - [11/Jul/2025:10:19:53 +0000] GET /publisher/site/public/conf/portalSettings.js HTTP/1.1 200 704 https://localhost:9443/publisher/apis/f818fb14-194b-4a2d-a195-d9acd72a92df/overview Mozilla/5.0 (Windows NT 10.0; Win64; x64) AppleWebKit/537.36 (KHTML, like Gecko) Chrome/137.0.0.0 Safari/537.36 0.006
172.23.0.1 - - [11/Jul/2025:10:19:53 +0000] GET /publisher/site/public/fonts/iconfont/material-icons.css HTTP/1.1 200 970 https://localhost:9443/publisher/apis/f818fb14-194b-4a2d-a195-d9acd72a92df/overview Mozilla/5.0 (Windows NT 10.0; Win64; x64) AppleWebKit/537.36 (KHTML, like Gecko) Chrome/137.0.0.0 Safari/537.36 0.002
172.23.0.1 - - [11/Jul/2025:10:19:53 +0000] GET /publisher/site/public/fonts/iconfont/MaterialIcons.js HTTP/1.1 200 6703 https://localhost:9443/publisher/apis/f818fb14-194b-4a2d-a195-d9acd72a92df/overview Mozilla/5.0 (Windows NT 10.0; Win64; x64) AppleWebKit/537.36 (KHTML, like Gecko) Chrome/137.0.0.0 Safari/537.36 0.009
172.23.0.1 - - [11/Jul/2025:10:19:53 +0000] GET /publisher/services/settings/settings.js HTTP/1.1 200 1377 https://localhost:9443/publisher/apis/f818fb14-194b-4a2d-a195-d9acd72a92df/overview Mozilla/5.0 (Windows NT 10.0; Win64; x64) AppleWebKit/537.36 (KHTML, like Gecko) Chrome/137.0.0.0 Safari/537.36 0.011
172.23.0.1 - - [11/Jul/2025:10:19:53 +0000] GET /publisher/site/public/dist/index.3aff4adedc943b38d090.bundle.js HTTP/1.1 200 207225 https://localhost:9443/publisher/apis/f818fb14-194b-4a2d-a195-d9acd72a92df/overview Mozilla/5.0 (Windows NT 10.0; Win64; x64) AppleWebKit/537.36 (KHTML, like Gecko) Chrome/137.0.0.0 Safari/537.36 0.062
172.23.0.1 - - [11/Jul/2025:10:19:53 +0000] GET /publisher/site/public/fonts/Open_Sans/mem8YaGs126MiZpBA-UFVZ0bf8pkAg.woff2 HTTP/1.1 200 8892 https://localhost:9443/publisher/site/public/css/main.css Mozilla/5.0 (Windows NT 10.0; Win64; x64) AppleWebKit/537.36 (KHTML, like Gecko) Chrome/137.0.0.0 Safari/537.36 0.002
127.0.0.1 - - [11/Jul/2025:10:19:53 +0000] GET /api/am/publisher/v4/settings HTTP/1.1 200 2052 - Java-http-client/21.0.5 0.218
127.0.0.1 - - [11/Jul/2025:10:19:53 +0000] GET /api/am/service-catalog/v1/settings HTTP/1.1 200 102 - Java-http-client/21.0.5 0.088
172.23.0.1 - - [11/Jul/2025:10:19:53 +0000] GET /publisher/services/auth/login HTTP/1.1 302 - https://localhost:9443/publisher/apis/f818fb14-194b-4a2d-a195-d9acd72a92df/overview Mozilla/5.0 (Windows NT 10.0; Win64; x64) AppleWebKit/537.36 (KHTML, like Gecko) Chrome/137.0.0.0 Safari/537.36 0.325
172.23.0.1 - - [11/Jul/2025:10:19:53 +0000] GET /oauth2/authorize?response_type=code&client_id=y3vyR8tiJmvfXsdGZfwvaSpvK7Qa&scope=apim:admin%20apim:api_create%20apim:api_definition_view%20apim:api_delete%20apim:api_generate_key%20apim:api_import_export%20apim:api_list_view%20apim:api_manage%20apim:api_mediation_policy_manage%20apim:api_product_import_export%20apim:api_publish%20apim:api_view%20apim:app_import_export%20apim:client_certificates_add%20apim:client_certificates_manage%20apim:client_certificates_update%20apim:client_certificates_view%20apim:comment_manage%20apim:comment_view%20apim:comment_write%20apim:common_operation_policy_manage%20apim:common_operation_policy_view%20apim:document_create%20apim:document_manage%20apim:ep_certificates_add%20apim:ep_certificates_manage%20apim:ep_certificates_update%20apim:ep_certificates_view%20apim:gateway_policy_manage%20apim:gateway_policy_view%20apim:gov_policy_read%20apim:gov_result_read%20apim:gov_rule_read%20apim:llm_provider_read%20apim:mediation_policy_create%20apim:mediation_policy_manage%20apim:mediation_policy_view%20apim:policies_import_export%20apim:pub_alert_manage%20apim:publisher_organization_read%20apim:publisher_settings%20apim:shared_scope_manage%20apim:subscription_approval_manage%20apim:subscription_approval_view%20apim:subscription_block%20apim:subscription_manage%20apim:subscription_view%20apim:threat_protection_policy_create%20apim:threat_protection_policy_manage%20apim:tier_manage%20apim:tier_view%20openid%20apim:api_view%20service_catalog:service_view%20service_catalog:service_write&state=%2Fapis%2Ff818fb14-194b-4a2d-a195-d9acd72a92df%2Foverview&redirect_uri=https://localhost:9443/publisher/services/auth/callback/login HTTP/1.1 302 - https://localhost:9443/publisher/apis/f818fb14-194b-4a2d-a195-d9acd72a92df/overview Mozilla/5.0 (Windows NT 10.0; Win64; x64) AppleWebKit/537.36 (KHTML, like Gecko) Chrome/137.0.0.0 Safari/537.36 0.042
127.0.0.1 - - [11/Jul/2025:10:19:53 +0000] POST /oauth2/token HTTP/1.1 200 2722 - Java-http-client/21.0.5 0.026
172.23.0.1 - - [11/Jul/2025:10:19:53 +0000] GET /publisher/services/auth/callback/login?code=f9bb272f-532c-3f69-b638-15aeada1287e&state=%2Fapis%2Ff818fb14-194b-4a2d-a195-d9acd72a92df%2Foverview&session_state=8631bf4e0bb011fca8b0fc53695457c6ecded6e3a8218beeecd1b3c9888fa140.dfZkXCHFWDLUSrwWPoGrhw HTTP/1.1 302 - https://localhost:9443/publisher/apis/f818fb14-194b-4a2d-a195-d9acd72a92df/overview Mozilla/5.0 (Windows NT 10.0; Win64; x64) AppleWebKit/537.36 (KHTML, like Gecko) Chrome/137.0.0.0 Safari/537.36 0.044
172.23.0.1 - - [11/Jul/2025:10:19:54 +0000] GET /publisher/apis/f818fb14-194b-4a2d-a195-d9acd72a92df/overview HTTP/1.1 200 1713 https://localhost:9443/publisher/apis/f818fb14-194b-4a2d-a195-d9acd72a92df/overview Mozilla/5.0 (Windows NT 10.0; Win64; x64) AppleWebKit/537.36 (KHTML, like Gecko) Chrome/137.0.0.0 Safari/537.36 0.004
172.23.0.1 - - [11/Jul/2025:10:19:54 +0000] GET /publisher/site/public/conf/portalSettings.js HTTP/1.1 200 704 https://localhost:9443/publisher/apis/f818fb14-194b-4a2d-a195-d9acd72a92df/overview Mozilla/5.0 (Windows NT 10.0; Win64; x64) AppleWebKit/537.36 (KHTML, like Gecko) Chrome/137.0.0.0 Safari/537.36 0.004
172.23.0.1 - - [11/Jul/2025:10:19:54 +0000] GET /publisher/services/settings/settings.js HTTP/1.1 200 1377 https://localhost:9443/publisher/apis/f818fb14-194b-4a2d-a195-d9acd72a92df/overview Mozilla/5.0 (Windows NT 10.0; Win64; x64) AppleWebKit/537.36 (KHTML, like Gecko) Chrome/137.0.0.0 Safari/537.36 0.005
172.23.0.1 - - [11/Jul/2025:10:19:54 +0000] GET /publisher/site/public/images/favicon.ico HTTP/1.1 200 162098 https://localhost:9443/publisher/apis/f818fb14-194b-4a2d-a195-d9acd72a92df/overview Mozilla/5.0 (Windows NT 10.0; Win64; x64) AppleWebKit/537.36 (KHTML, like Gecko) Chrome/137.0.0.0 Safari/537.36 0.010
127.0.0.1 - - [11/Jul/2025:10:19:54 +0000] GET /oauth2/userinfo HTTP/1.1 400 70 - Java-http-client/21.0.5 0.005
127.0.0.1 - - [11/Jul/2025:10:19:54 +0000] POST /oauth2/introspect HTTP/1.1 200 1526 - Java-http-client/21.0.5 0.012
