172.23.0.1 - - [15/Jul/2025:09:10:23 +0000] GET /api/am/devportal/v3/subscriptions?apiId=3d25892b-b9a4-4295-bdc9-6528d8d6b900&limit=25 HTTP/1.1 200 928 https://localhost:9443/devportal/apis/3d25892b-b9a4-4295-bdc9-6528d8d6b900/api-console Mozilla/5.0 (Windows NT 10.0; Win64; x64) AppleWebKit/537.36 (KHTML, like Gecko) Chrome/138.0.0.0 Safari/537.36 0.092
172.23.0.1 - - [15/Jul/2025:09:10:23 +0000] GET /api/am/devportal/v3/subscriptions?apiId=3d25892b-b9a4-4295-bdc9-6528d8d6b900&limit=5000 HTTP/1.1 200 930 https://localhost:9443/devportal/apis/3d25892b-b9a4-4295-bdc9-6528d8d6b900/api-console Mozilla/5.0 (Windows NT 10.0; Win64; x64) AppleWebKit/537.36 (KHTML, like Gecko) Chrome/138.0.0.0 Safari/537.36 0.101
172.23.0.1 - - [15/Jul/2025:09:10:23 +0000] GET /devportal/site/public/dist/7894.4c560af4e67e52ac7a4d.bundle.js HTTP/1.1 200 1102347 https://localhost:9443/devportal/apis/3d25892b-b9a4-4295-bdc9-6528d8d6b900/api-console Mozilla/5.0 (Windows NT 10.0; Win64; x64) AppleWebKit/537.36 (KHTML, like Gecko) Chrome/138.0.0.0 Safari/537.36 0.174
172.23.0.1 - - [15/Jul/2025:09:10:24 +0000] GET /api/am/devportal/v3/apis/3d25892b-b9a4-4295-bdc9-6528d8d6b900 HTTP/1.1 200 1061 https://localhost:9443/devportal/apis/3d25892b-b9a4-4295-bdc9-6528d8d6b900/api-console Mozilla/5.0 (Windows NT 10.0; Win64; x64) AppleWebKit/537.36 (KHTML, like Gecko) Chrome/138.0.0.0 Safari/537.36 0.011
172.23.0.1 - - [15/Jul/2025:09:10:24 +0000] GET /api/am/devportal/v3/apis/3d25892b-b9a4-4295-bdc9-6528d8d6b900/swagger?environmentName=Default HTTP/1.1 200 385 https://localhost:9443/devportal/apis/3d25892b-b9a4-4295-bdc9-6528d8d6b900/api-console Mozilla/5.0 (Windows NT 10.0; Win64; x64) AppleWebKit/537.36 (KHTML, like Gecko) Chrome/138.0.0.0 Safari/537.36 0.011
127.0.0.1 - - [15/Jul/2025:09:10:24 +0000] GET /keymanager-operations/dcr/register/dk9KMVB5VFlPSktKbEpDdnlhaFUyel9HOUM4YQ%3D%3D HTTP/1.1 200 547 - Apache-HttpClient/4.5.13 (Java/21.0.5) 0.003
127.0.0.1 - - [15/Jul/2025:09:10:24 +0000] GET /keymanager-operations/dcr/register/UzRtUzQxSXdoRTJTUl9PTFAwT2JHc3VIamJJYQ%3D%3D HTTP/1.1 200 749 - Apache-HttpClient/4.5.13 (Java/21.0.5) 0.003
172.23.0.1 - - [15/Jul/2025:09:10:24 +0000] GET /api/am/devportal/v3/subscriptions?apiId=3d25892b-b9a4-4295-bdc9-6528d8d6b900&limit=25 HTTP/1.1 200 928 https://localhost:9443/devportal/apis/3d25892b-b9a4-4295-bdc9-6528d8d6b900/api-console Mozilla/5.0 (Windows NT 10.0; Win64; x64) AppleWebKit/537.36 (KHTML, like Gecko) Chrome/138.0.0.0 Safari/537.36 0.034
172.23.0.1 - - [15/Jul/2025:09:10:24 +0000] GET /api/am/devportal/v3/swagger.yaml HTTP/1.1 200 30152 https://localhost:9443/devportal/apis/3d25892b-b9a4-4295-bdc9-6528d8d6b900/api-console Mozilla/5.0 (Windows NT 10.0; Win64; x64) AppleWebKit/537.36 (KHTML, like Gecko) Chrome/138.0.0.0 Safari/537.36 0.017
127.0.0.1 - - [15/Jul/2025:09:10:24 +0000] GET /oauth2/token/.well-known/openid-configuration HTTP/1.1 200 2404 - Apache-HttpClient/4.5.13 (Java/21.0.5) 0.004
127.0.0.1 - - [15/Jul/2025:09:10:24 +0000] GET /keymanager-operations/dcr/register/UzRtUzQxSXdoRTJTUl9PTFAwT2JHc3VIamJJYQ%3D%3D HTTP/1.1 200 749 - Apache-HttpClient/4.5.13 (Java/21.0.5) 0.002
172.23.0.1 - - [15/Jul/2025:09:10:24 +0000] GET /api/am/devportal/v3/key-managers HTTP/1.1 200 764 https://localhost:9443/devportal/apis/3d25892b-b9a4-4295-bdc9-6528d8d6b900/api-console Mozilla/5.0 (Windows NT 10.0; Win64; x64) AppleWebKit/537.36 (KHTML, like Gecko) Chrome/138.0.0.0 Safari/537.36 0.036
127.0.0.1 - - [15/Jul/2025:09:10:24 +0000] GET /keymanager-operations/dcr/register/dk9KMVB5VFlPSktKbEpDdnlhaFUyel9HOUM4YQ%3D%3D HTTP/1.1 200 547 - Apache-HttpClient/4.5.13 (Java/21.0.5) 0.003
172.23.0.1 - - [15/Jul/2025:09:10:24 +0000] GET /api/am/devportal/v3/subscriptions?apiId=3d25892b-b9a4-4295-bdc9-6528d8d6b900&limit=25 HTTP/1.1 200 928 https://localhost:9443/devportal/apis/3d25892b-b9a4-4295-bdc9-6528d8d6b900/api-console Mozilla/5.0 (Windows NT 10.0; Win64; x64) AppleWebKit/537.36 (KHTML, like Gecko) Chrome/138.0.0.0 Safari/537.36 0.056
172.23.0.1 - - [15/Jul/2025:09:10:24 +0000] GET /api/am/devportal/v3/applications/ HTTP/1.1 200 983 https://localhost:9443/devportal/apis/3d25892b-b9a4-4295-bdc9-6528d8d6b900/api-console Mozilla/5.0 (Windows NT 10.0; Win64; x64) AppleWebKit/537.36 (KHTML, like Gecko) Chrome/138.0.0.0 Safari/537.36 0.080
172.23.0.1 - - [15/Jul/2025:09:10:24 +0000] GET /api/am/devportal/v3/swagger.yaml HTTP/1.1 200 30152 https://localhost:9443/devportal/apis/3d25892b-b9a4-4295-bdc9-6528d8d6b900/api-console Mozilla/5.0 (Windows NT 10.0; Win64; x64) AppleWebKit/537.36 (KHTML, like Gecko) Chrome/138.0.0.0 Safari/537.36 0.069
127.0.0.1 - - [15/Jul/2025:09:10:24 +0000] GET /keymanager-operations/dcr/register/UzRtUzQxSXdoRTJTUl9PTFAwT2JHc3VIamJJYQ%3D%3D HTTP/1.1 200 749 - Apache-HttpClient/4.5.13 (Java/21.0.5) 0.010
172.23.0.1 - - [15/Jul/2025:09:10:24 +0000] GET /api/am/devportal/v3/applications/539d6b5f-186c-4ccb-bc4a-34c980dcdbbd HTTP/1.1 200 404 https://localhost:9443/devportal/apis/3d25892b-b9a4-4295-bdc9-6528d8d6b900/api-console Mozilla/5.0 (Windows NT 10.0; Win64; x64) AppleWebKit/537.36 (KHTML, like Gecko) Chrome/138.0.0.0 Safari/537.36 0.031
127.0.0.1 - - [15/Jul/2025:09:10:24 +0000] GET /keymanager-operations/dcr/register/UzRtUzQxSXdoRTJTUl9PTFAwT2JHc3VIamJJYQ%3D%3D HTTP/1.1 200 749 - Apache-HttpClient/4.5.13 (Java/21.0.5) 0.002
172.23.0.1 - - [15/Jul/2025:09:10:24 +0000] GET /api/am/devportal/v3/applications/539d6b5f-186c-4ccb-bc4a-34c980dcdbbd/oauth-keys HTTP/1.1 200 868 https://localhost:9443/devportal/apis/3d25892b-b9a4-4295-bdc9-6528d8d6b900/api-console Mozilla/5.0 (Windows NT 10.0; Win64; x64) AppleWebKit/537.36 (KHTML, like Gecko) Chrome/138.0.0.0 Safari/537.36 0.008
172.23.0.1 - - [15/Jul/2025:09:10:24 +0000] GET /api/am/devportal/v3/swagger.yaml HTTP/1.1 200 30152 https://localhost:9443/devportal/apis/3d25892b-b9a4-4295-bdc9-6528d8d6b900/api-console Mozilla/5.0 (Windows NT 10.0; Win64; x64) AppleWebKit/537.36 (KHTML, like Gecko) Chrome/138.0.0.0 Safari/537.36 0.008
127.0.0.1 - - [15/Jul/2025:09:10:24 +0000] GET /keymanager-operations/dcr/register/UzRtUzQxSXdoRTJTUl9PTFAwT2JHc3VIamJJYQ%3D%3D HTTP/1.1 200 749 - Apache-HttpClient/4.5.13 (Java/21.0.5) 0.002
172.23.0.1 - - [15/Jul/2025:09:10:24 +0000] GET /api/am/devportal/v3/applications/539d6b5f-186c-4ccb-bc4a-34c980dcdbbd HTTP/1.1 200 404 https://localhost:9443/devportal/apis/3d25892b-b9a4-4295-bdc9-6528d8d6b900/api-console Mozilla/5.0 (Windows NT 10.0; Win64; x64) AppleWebKit/537.36 (KHTML, like Gecko) Chrome/138.0.0.0 Safari/537.36 0.006
127.0.0.1 - - [15/Jul/2025:09:10:25 +0000] GET /keymanager-operations/dcr/register/UzRtUzQxSXdoRTJTUl9PTFAwT2JHc3VIamJJYQ%3D%3D HTTP/1.1 200 749 - Apache-HttpClient/4.5.13 (Java/21.0.5) 0.001
172.23.0.1 - - [15/Jul/2025:09:10:25 +0000] GET /api/am/devportal/v3/applications/539d6b5f-186c-4ccb-bc4a-34c980dcdbbd/oauth-keys HTTP/1.1 200 868 https://localhost:9443/devportal/apis/3d25892b-b9a4-4295-bdc9-6528d8d6b900/api-console Mozilla/5.0 (Windows NT 10.0; Win64; x64) AppleWebKit/537.36 (KHTML, like Gecko) Chrome/138.0.0.0 Safari/537.36 0.005
172.23.0.1 - - [15/Jul/2025:09:10:27 +0000] GET /api/am/devportal/v3/swagger.yaml HTTP/1.1 200 30152 https://localhost:9443/devportal/apis/3d25892b-b9a4-4295-bdc9-6528d8d6b900/api-console Mozilla/5.0 (Windows NT 10.0; Win64; x64) AppleWebKit/537.36 (KHTML, like Gecko) Chrome/138.0.0.0 Safari/537.36 0.008
172.23.0.1 - - [15/Jul/2025:09:10:27 +0000] GET /api/am/devportal/v3/applications/fad06452-19e3-4d94-bce8-e0d0a6f7b3ac HTTP/1.1 200 358 https://localhost:9443/devportal/apis/3d25892b-b9a4-4295-bdc9-6528d8d6b900/api-console Mozilla/5.0 (Windows NT 10.0; Win64; x64) AppleWebKit/537.36 (KHTML, like Gecko) Chrome/138.0.0.0 Safari/537.36 0.004
172.23.0.1 - - [15/Jul/2025:09:10:27 +0000] GET /api/am/devportal/v3/applications/fad06452-19e3-4d94-bce8-e0d0a6f7b3ac/oauth-keys HTTP/1.1 200 21 https://localhost:9443/devportal/apis/3d25892b-b9a4-4295-bdc9-6528d8d6b900/api-console Mozilla/5.0 (Windows NT 10.0; Win64; x64) AppleWebKit/537.36 (KHTML, like Gecko) Chrome/138.0.0.0 Safari/537.36 0.003
172.23.0.1 - - [15/Jul/2025:09:10:42 +0000] GET /devportal/site/public/fonts/Open_Sans/mem6YaGs126MiZpBA-UFUK0Zdc1GAK6b.woff2 HTTP/1.1 200 9432 https://localhost:9443/devportal/site/public/css/main.css Mozilla/5.0 (Windows NT 10.0; Win64; x64) AppleWebKit/537.36 (KHTML, like Gecko) Chrome/138.0.0.0 Safari/537.36 0.006
172.23.0.1 - - [15/Jul/2025:09:11:04 +0000] GET /devportal/site/public/dist/APICredentials.8f14029889e9823457b5.bundle.js HTTP/1.1 200 5514 https://localhost:9443/devportal/apis/3d25892b-b9a4-4295-bdc9-6528d8d6b900/credentials Mozilla/5.0 (Windows NT 10.0; Win64; x64) AppleWebKit/537.36 (KHTML, like Gecko) Chrome/138.0.0.0 Safari/537.36 0.019
172.23.0.1 - - [15/Jul/2025:09:11:04 +0000] GET /devportal/site/public/images/_favicon.ico HTTP/1.1 200 1150 https://localhost:9443/devportal/apis/3d25892b-b9a4-4295-bdc9-6528d8d6b900/credentials Mozilla/5.0 (Windows NT 10.0; Win64; x64) AppleWebKit/537.36 (KHTML, like Gecko) Chrome/138.0.0.0 Safari/537.36 0.004
172.23.0.1 - - [15/Jul/2025:09:11:16 +0000] GET /api/am/devportal/v3/swagger.yaml HTTP/1.1 200 30152 https://localhost:9443/devportal/apis/3d25892b-b9a4-4295-bdc9-6528d8d6b900/credentials Mozilla/5.0 (Windows NT 10.0; Win64; x64) AppleWebKit/537.36 (KHTML, like Gecko) Chrome/138.0.0.0 Safari/537.36 0.018
127.0.0.1 - - [15/Jul/2025:09:11:16 +0000] GET /oauth2/token/.well-known/openid-configuration HTTP/1.1 200 2404 - Apache-HttpClient/4.5.13 (Java/21.0.5) 0.008
172.23.0.1 - - [15/Jul/2025:09:11:16 +0000] GET /api/am/devportal/v3/key-managers HTTP/1.1 200 764 https://localhost:9443/devportal/apis/3d25892b-b9a4-4295-bdc9-6528d8d6b900/credentials Mozilla/5.0 (Windows NT 10.0; Win64; x64) AppleWebKit/537.36 (KHTML, like Gecko) Chrome/138.0.0.0 Safari/537.36 0.037
172.23.0.1 - - [15/Jul/2025:09:11:16 +0000] GET /api/am/devportal/v3/swagger.yaml HTTP/1.1 200 30152 https://localhost:9443/devportal/apis/3d25892b-b9a4-4295-bdc9-6528d8d6b900/credentials Mozilla/5.0 (Windows NT 10.0; Win64; x64) AppleWebKit/537.36 (KHTML, like Gecko) Chrome/138.0.0.0 Safari/537.36 0.023
172.23.0.1 - - [15/Jul/2025:09:11:16 +0000] GET /api/am/devportal/v3/applications/fad06452-19e3-4d94-bce8-e0d0a6f7b3ac HTTP/1.1 200 358 https://localhost:9443/devportal/apis/3d25892b-b9a4-4295-bdc9-6528d8d6b900/credentials Mozilla/5.0 (Windows NT 10.0; Win64; x64) AppleWebKit/537.36 (KHTML, like Gecko) Chrome/138.0.0.0 Safari/537.36 0.004
172.23.0.1 - - [15/Jul/2025:09:11:16 +0000] GET /api/am/devportal/v3/applications/fad06452-19e3-4d94-bce8-e0d0a6f7b3ac HTTP/1.1 200 358 https://localhost:9443/devportal/apis/3d25892b-b9a4-4295-bdc9-6528d8d6b900/credentials Mozilla/5.0 (Windows NT 10.0; Win64; x64) AppleWebKit/537.36 (KHTML, like Gecko) Chrome/138.0.0.0 Safari/537.36 0.003
172.23.0.1 - - [15/Jul/2025:09:11:16 +0000] GET /api/am/devportal/v3/applications/fad06452-19e3-4d94-bce8-e0d0a6f7b3ac/oauth-keys HTTP/1.1 200 21 https://localhost:9443/devportal/apis/3d25892b-b9a4-4295-bdc9-6528d8d6b900/credentials Mozilla/5.0 (Windows NT 10.0; Win64; x64) AppleWebKit/537.36 (KHTML, like Gecko) Chrome/138.0.0.0 Safari/537.36 0.003
172.23.0.1 - - [15/Jul/2025:09:11:16 +0000] GET /api/am/devportal/v3/swagger.yaml HTTP/1.1 200 30152 https://localhost:9443/devportal/apis/3d25892b-b9a4-4295-bdc9-6528d8d6b900/credentials Mozilla/5.0 (Windows NT 10.0; Win64; x64) AppleWebKit/537.36 (KHTML, like Gecko) Chrome/138.0.0.0 Safari/537.36 0.014
172.23.0.1 - - [15/Jul/2025:09:11:16 +0000] GET /api/am/devportal/v3/applications/fad06452-19e3-4d94-bce8-e0d0a6f7b3ac HTTP/1.1 200 358 https://localhost:9443/devportal/apis/3d25892b-b9a4-4295-bdc9-6528d8d6b900/credentials Mozilla/5.0 (Windows NT 10.0; Win64; x64) AppleWebKit/537.36 (KHTML, like Gecko) Chrome/138.0.0.0 Safari/537.36 0.004
172.23.0.1 - - [15/Jul/2025:09:11:16 +0000] GET /api/am/devportal/v3/applications/fad06452-19e3-4d94-bce8-e0d0a6f7b3ac/oauth-keys HTTP/1.1 200 21 https://localhost:9443/devportal/apis/3d25892b-b9a4-4295-bdc9-6528d8d6b900/credentials Mozilla/5.0 (Windows NT 10.0; Win64; x64) AppleWebKit/537.36 (KHTML, like Gecko) Chrome/138.0.0.0 Safari/537.36 0.006
172.23.0.1 - - [15/Jul/2025:09:11:25 +0000] GET /api/am/devportal/v3/applications/fad06452-19e3-4d94-bce8-e0d0a6f7b3ac HTTP/1.1 200 358 https://localhost:9443/devportal/applications/fad06452-19e3-4d94-bce8-e0d0a6f7b3ac Mozilla/5.0 (Windows NT 10.0; Win64; x64) AppleWebKit/537.36 (KHTML, like Gecko) Chrome/138.0.0.0 Safari/537.36 0.010
172.23.0.1 - - [15/Jul/2025:09:11:25 +0000] GET /devportal/site/public/images/_favicon.ico HTTP/1.1 200 1150 https://localhost:9443/devportal/applications/fad06452-19e3-4d94-bce8-e0d0a6f7b3ac Mozilla/5.0 (Windows NT 10.0; Win64; x64) AppleWebKit/537.36 (KHTML, like Gecko) Chrome/138.0.0.0 Safari/537.36 0.003
172.23.0.1 - - [15/Jul/2025:09:11:25 +0000] GET /api/am/devportal/v3/applications/fad06452-19e3-4d94-bce8-e0d0a6f7b3ac HTTP/1.1 200 358 https://localhost:9443/devportal/applications/fad06452-19e3-4d94-bce8-e0d0a6f7b3ac/overview Mozilla/5.0 (Windows NT 10.0; Win64; x64) AppleWebKit/537.36 (KHTML, like Gecko) Chrome/138.0.0.0 Safari/537.36 0.005
172.23.0.1 - - [15/Jul/2025:09:11:25 +0000] GET /devportal/site/public/images/_favicon.ico HTTP/1.1 200 1150 https://localhost:9443/devportal/applications/fad06452-19e3-4d94-bce8-e0d0a6f7b3ac/overview Mozilla/5.0 (Windows NT 10.0; Win64; x64) AppleWebKit/537.36 (KHTML, like Gecko) Chrome/138.0.0.0 Safari/537.36 0.001
172.23.0.1 - - [15/Jul/2025:09:11:25 +0000] GET /api/am/devportal/v3/throttling-policies/application/Unlimited HTTP/1.1 200 490 https://localhost:9443/devportal/applications/fad06452-19e3-4d94-bce8-e0d0a6f7b3ac/overview Mozilla/5.0 (Windows NT 10.0; Win64; x64) AppleWebKit/537.36 (KHTML, like Gecko) Chrome/138.0.0.0 Safari/537.36 0.005
172.23.0.1 - - [15/Jul/2025:09:11:27 +0000] GET /devportal/site/public/images/_favicon.ico HTTP/1.1 200 1150 https://localhost:9443/devportal/applications/fad06452-19e3-4d94-bce8-e0d0a6f7b3ac/subscriptions Mozilla/5.0 (Windows NT 10.0; Win64; x64) AppleWebKit/537.36 (KHTML, like Gecko) Chrome/138.0.0.0 Safari/537.36 0.003
172.23.0.1 - - [15/Jul/2025:09:11:27 +0000] GET /api/am/devportal/v3/subscriptions?applicationId=fad06452-19e3-4d94-bce8-e0d0a6f7b3ac&limit=1000 HTTP/1.1 200 718 https://localhost:9443/devportal/applications/fad06452-19e3-4d94-bce8-e0d0a6f7b3ac/subscriptions Mozilla/5.0 (Windows NT 10.0; Win64; x64) AppleWebKit/537.36 (KHTML, like Gecko) Chrome/138.0.0.0 Safari/537.36 0.035
172.23.0.1 - - [15/Jul/2025:09:11:27 +0000] GET /api/am/devportal/v3/apis/3d25892b-b9a4-4295-bdc9-6528d8d6b900 HTTP/1.1 200 1061 https://localhost:9443/devportal/applications/fad06452-19e3-4d94-bce8-e0d0a6f7b3ac/subscriptions Mozilla/5.0 (Windows NT 10.0; Win64; x64) AppleWebKit/537.36 (KHTML, like Gecko) Chrome/138.0.0.0 Safari/537.36 0.019
172.23.0.1 - - [15/Jul/2025:09:11:27 +0000] GET /api/am/devportal/v3/subscriptions/4da3df82-d5b3-4320-9d69-d30e944da1b9 HTTP/1.1 200 667 https://localhost:9443/devportal/applications/fad06452-19e3-4d94-bce8-e0d0a6f7b3ac/subscriptions Mozilla/5.0 (Windows NT 10.0; Win64; x64) AppleWebKit/537.36 (KHTML, like Gecko) Chrome/138.0.0.0 Safari/537.36 0.021
172.23.0.1 - - [15/Jul/2025:09:11:27 +0000] GET /api/am/devportal/v3/apis/3d25892b-b9a4-4295-bdc9-6528d8d6b900 HTTP/1.1 200 1061 https://localhost:9443/devportal/applications/fad06452-19e3-4d94-bce8-e0d0a6f7b3ac/subscriptions Mozilla/5.0 (Windows NT 10.0; Win64; x64) AppleWebKit/537.36 (KHTML, like Gecko) Chrome/138.0.0.0 Safari/537.36 0.012
172.23.0.1 - - [15/Jul/2025:09:11:27 +0000] GET /api/am/devportal/v3/throttling-policies/subscription/Unlimited HTTP/1.1 200 491 https://localhost:9443/devportal/applications/fad06452-19e3-4d94-bce8-e0d0a6f7b3ac/subscriptions Mozilla/5.0 (Windows NT 10.0; Win64; x64) AppleWebKit/537.36 (KHTML, like Gecko) Chrome/138.0.0.0 Safari/537.36 0.004
172.23.0.1 - - [15/Jul/2025:09:11:28 +0000] GET /api/am/devportal/v3/apis/3d25892b-b9a4-4295-bdc9-6528d8d6b900 HTTP/1.1 200 1061 https://localhost:9443/devportal/apis/3d25892b-b9a4-4295-bdc9-6528d8d6b900 Mozilla/5.0 (Windows NT 10.0; Win64; x64) AppleWebKit/537.36 (KHTML, like Gecko) Chrome/138.0.0.0 Safari/537.36 0.040
127.0.0.1 - - [15/Jul/2025:09:11:28 +0000] GET /keymanager-operations/dcr/register/UzRtUzQxSXdoRTJTUl9PTFAwT2JHc3VIamJJYQ%3D%3D HTTP/1.1 200 749 - Apache-HttpClient/4.5.13 (Java/21.0.5) 0.011
172.23.0.1 - - [15/Jul/2025:09:11:28 +0000] - 400 - - - 0.000
172.23.0.1 - - [15/Jul/2025:09:11:28 +0000] - 400 - - - 0.000
127.0.0.1 - - [15/Jul/2025:09:11:28 +0000] GET /keymanager-operations/dcr/register/dk9KMVB5VFlPSktKbEpDdnlhaFUyel9HOUM4YQ%3D%3D HTTP/1.1 200 547 - Apache-HttpClient/4.5.13 (Java/21.0.5) 0.019
172.23.0.1 - - [15/Jul/2025:09:11:28 +0000] - 400 - - - 0.000
127.0.0.1 - - [15/Jul/2025:09:11:28 +0000] GET /keymanager-operations/dcr/register/UzRtUzQxSXdoRTJTUl9PTFAwT2JHc3VIamJJYQ%3D%3D HTTP/1.1 200 749 - Apache-HttpClient/4.5.13 (Java/21.0.5) 0.006
127.0.0.1 - - [15/Jul/2025:09:11:28 +0000] GET /keymanager-operations/dcr/register/dk9KMVB5VFlPSktKbEpDdnlhaFUyel9HOUM4YQ%3D%3D HTTP/1.1 200 547 - Apache-HttpClient/4.5.13 (Java/21.0.5) 0.006
172.23.0.1 - - [15/Jul/2025:09:11:28 +0000] GET /api/am/devportal/v3/subscriptions?apiId=3d25892b-b9a4-4295-bdc9-6528d8d6b900&limit=25 HTTP/1.1 200 928 https://localhost:9443/devportal/apis/3d25892b-b9a4-4295-bdc9-6528d8d6b900 Mozilla/5.0 (Windows NT 10.0; Win64; x64) AppleWebKit/537.36 (KHTML, like Gecko) Chrome/138.0.0.0 Safari/537.36 0.148
172.23.0.1 - - [15/Jul/2025:09:11:28 +0000] GET /devportal/site/public/images/_favicon.ico HTTP/1.1 200 1150 https://localhost:9443/devportal/apis/3d25892b-b9a4-4295-bdc9-6528d8d6b900 Mozilla/5.0 (Windows NT 10.0; Win64; x64) AppleWebKit/537.36 (KHTML, like Gecko) Chrome/138.0.0.0 Safari/537.36 0.002
172.23.0.1 - - [15/Jul/2025:09:11:28 +0000] GET /api/am/devportal/v3/subscriptions?apiId=3d25892b-b9a4-4295-bdc9-6528d8d6b900&limit=5000 HTTP/1.1 200 930 https://localhost:9443/devportal/apis/3d25892b-b9a4-4295-bdc9-6528d8d6b900 Mozilla/5.0 (Windows NT 10.0; Win64; x64) AppleWebKit/537.36 (KHTML, like Gecko) Chrome/138.0.0.0 Safari/537.36 0.131
172.23.0.1 - - [15/Jul/2025:09:11:28 +0000] GET /api/am/devportal/v3/applications?limit=5000 HTTP/1.1 200 985 https://localhost:9443/devportal/apis/3d25892b-b9a4-4295-bdc9-6528d8d6b900 Mozilla/5.0 (Windows NT 10.0; Win64; x64) AppleWebKit/537.36 (KHTML, like Gecko) Chrome/138.0.0.0 Safari/537.36 0.007
172.23.0.1 - - [15/Jul/2025:09:11:28 +0000] GET /api/am/devportal/v3/settings HTTP/1.1 200 542 https://localhost:9443/devportal/apis/3d25892b-b9a4-4295-bdc9-6528d8d6b900 Mozilla/5.0 (Windows NT 10.0; Win64; x64) AppleWebKit/537.36 (KHTML, like Gecko) Chrome/138.0.0.0 Safari/537.36 0.108
172.23.0.1 - - [15/Jul/2025:09:11:28 +0000] GET /devportal/site/public/images/_favicon.ico HTTP/1.1 200 1150 https://localhost:9443/devportal/apis/3d25892b-b9a4-4295-bdc9-6528d8d6b900/overview Mozilla/5.0 (Windows NT 10.0; Win64; x64) AppleWebKit/537.36 (KHTML, like Gecko) Chrome/138.0.0.0 Safari/537.36 0.002
172.23.0.1 - - [15/Jul/2025:09:11:28 +0000] GET /api/am/devportal/v3/apis/3d25892b-b9a4-4295-bdc9-6528d8d6b900/documents HTTP/1.1 200 92 https://localhost:9443/devportal/apis/3d25892b-b9a4-4295-bdc9-6528d8d6b900/overview Mozilla/5.0 (Windows NT 10.0; Win64; x64) AppleWebKit/537.36 (KHTML, like Gecko) Chrome/138.0.0.0 Safari/537.36 0.013
172.23.0.1 - - [15/Jul/2025:09:11:28 +0000] GET /api/am/devportal/v3/throttling-policies/subscription HTTP/1.1 200 751 https://localhost:9443/devportal/apis/3d25892b-b9a4-4295-bdc9-6528d8d6b900/overview Mozilla/5.0 (Windows NT 10.0; Win64; x64) AppleWebKit/537.36 (KHTML, like Gecko) Chrome/138.0.0.0 Safari/537.36 0.008
172.23.0.1 - - [15/Jul/2025:09:11:28 +0000] GET /api/am/devportal/v3/apis/3d25892b-b9a4-4295-bdc9-6528d8d6b900/documents HTTP/1.1 200 92 https://localhost:9443/devportal/apis/3d25892b-b9a4-4295-bdc9-6528d8d6b900/overview Mozilla/5.0 (Windows NT 10.0; Win64; x64) AppleWebKit/537.36 (KHTML, like Gecko) Chrome/138.0.0.0 Safari/537.36 0.013
172.23.0.1 - - [15/Jul/2025:09:11:28 +0000] GET /api/am/devportal/v3/throttling-policies/subscription HTTP/1.1 200 751 https://localhost:9443/devportal/apis/3d25892b-b9a4-4295-bdc9-6528d8d6b900/overview Mozilla/5.0 (Windows NT 10.0; Win64; x64) AppleWebKit/537.36 (KHTML, like Gecko) Chrome/138.0.0.0 Safari/537.36 0.014
172.23.0.1 - - [15/Jul/2025:09:11:28 +0000] GET /api/am/devportal/v3/apis/3d25892b-b9a4-4295-bdc9-6528d8d6b900/thumbnail HTTP/1.1 204 - https://localhost:9443/devportal/apis/3d25892b-b9a4-4295-bdc9-6528d8d6b900/overview Mozilla/5.0 (Windows NT 10.0; Win64; x64) AppleWebKit/537.36 (KHTML, like Gecko) Chrome/138.0.0.0 Safari/537.36 0.006
172.23.0.1 - - [15/Jul/2025:09:11:28 +0000] GET /api/am/devportal/v3/apis/3d25892b-b9a4-4295-bdc9-6528d8d6b900/ratings HTTP/1.1 200 125 https://localhost:9443/devportal/apis/3d25892b-b9a4-4295-bdc9-6528d8d6b900/overview Mozilla/5.0 (Windows NT 10.0; Win64; x64) AppleWebKit/537.36 (KHTML, like Gecko) Chrome/138.0.0.0 Safari/537.36 0.006
172.23.0.1 - - [15/Jul/2025:09:11:28 +0000] GET /api/am/devportal/v3/apis/3d25892b-b9a4-4295-bdc9-6528d8d6b900/comments?limit=5&offset=0 HTTP/1.1 200 101 https://localhost:9443/devportal/apis/3d25892b-b9a4-4295-bdc9-6528d8d6b900/overview Mozilla/5.0 (Windows NT 10.0; Win64; x64) AppleWebKit/537.36 (KHTML, like Gecko) Chrome/138.0.0.0 Safari/537.36 0.007
172.23.0.1 - - [15/Jul/2025:09:11:33 +0000] GET /devportal/site/public/images/_favicon.ico HTTP/1.1 200 1150 https://localhost:9443/devportal/apis/3d25892b-b9a4-4295-bdc9-6528d8d6b900/api-console Mozilla/5.0 (Windows NT 10.0; Win64; x64) AppleWebKit/537.36 (KHTML, like Gecko) Chrome/138.0.0.0 Safari/537.36 0.002
172.23.0.1 - - [15/Jul/2025:09:11:33 +0000] GET /api/am/devportal/v3/applications?limit=5000 HTTP/1.1 200 985 https://localhost:9443/devportal/apis/3d25892b-b9a4-4295-bdc9-6528d8d6b900/api-console Mozilla/5.0 (Windows NT 10.0; Win64; x64) AppleWebKit/537.36 (KHTML, like Gecko) Chrome/138.0.0.0 Safari/537.36 0.032
172.23.0.1 - - [15/Jul/2025:09:11:33 +0000] GET /api/am/devportal/v3/apis/3d25892b-b9a4-4295-bdc9-6528d8d6b900 HTTP/1.1 200 1061 https://localhost:9443/devportal/apis/3d25892b-b9a4-4295-bdc9-6528d8d6b900/api-console Mozilla/5.0 (Windows NT 10.0; Win64; x64) AppleWebKit/537.36 (KHTML, like Gecko) Chrome/138.0.0.0 Safari/537.36 0.044
127.0.0.1 - - [15/Jul/2025:09:11:33 +0000] GET /keymanager-operations/dcr/register/dk9KMVB5VFlPSktKbEpDdnlhaFUyel9HOUM4YQ%3D%3D HTTP/1.1 200 547 - Apache-HttpClient/4.5.13 (Java/21.0.5) 0.012
127.0.0.1 - - [15/Jul/2025:09:11:33 +0000] GET /keymanager-operations/dcr/register/dk9KMVB5VFlPSktKbEpDdnlhaFUyel9HOUM4YQ%3D%3D HTTP/1.1 200 547 - Apache-HttpClient/4.5.13 (Java/21.0.5) 0.005
127.0.0.1 - - [15/Jul/2025:09:11:33 +0000] GET /keymanager-operations/dcr/register/UzRtUzQxSXdoRTJTUl9PTFAwT2JHc3VIamJJYQ%3D%3D HTTP/1.1 200 749 - Apache-HttpClient/4.5.13 (Java/21.0.5) 0.005
172.23.0.1 - - [15/Jul/2025:09:11:33 +0000] - 400 - - - 0.000
127.0.0.1 - - [15/Jul/2025:09:11:33 +0000] GET /keymanager-operations/dcr/register/UzRtUzQxSXdoRTJTUl9PTFAwT2JHc3VIamJJYQ%3D%3D HTTP/1.1 200 749 - Apache-HttpClient/4.5.13 (Java/21.0.5) 0.009
172.23.0.1 - - [15/Jul/2025:09:11:33 +0000] GET /api/am/devportal/v3/apis/3d25892b-b9a4-4295-bdc9-6528d8d6b900 HTTP/1.1 200 1061 https://localhost:9443/devportal/apis/3d25892b-b9a4-4295-bdc9-6528d8d6b900/api-console Mozilla/5.0 (Windows NT 10.0; Win64; x64) AppleWebKit/537.36 (KHTML, like Gecko) Chrome/138.0.0.0 Safari/537.36 0.028
172.23.0.1 - - [15/Jul/2025:09:11:33 +0000] GET /api/am/devportal/v3/subscriptions?apiId=3d25892b-b9a4-4295-bdc9-6528d8d6b900&limit=25 HTTP/1.1 200 928 https://localhost:9443/devportal/apis/3d25892b-b9a4-4295-bdc9-6528d8d6b900/api-console Mozilla/5.0 (Windows NT 10.0; Win64; x64) AppleWebKit/537.36 (KHTML, like Gecko) Chrome/138.0.0.0 Safari/537.36 0.094
172.23.0.1 - - [15/Jul/2025:09:11:33 +0000] GET /api/am/devportal/v3/subscriptions?apiId=3d25892b-b9a4-4295-bdc9-6528d8d6b900&limit=5000 HTTP/1.1 200 930 https://localhost:9443/devportal/apis/3d25892b-b9a4-4295-bdc9-6528d8d6b900/api-console Mozilla/5.0 (Windows NT 10.0; Win64; x64) AppleWebKit/537.36 (KHTML, like Gecko) Chrome/138.0.0.0 Safari/537.36 0.099
172.23.0.1 - - [15/Jul/2025:09:11:33 +0000] GET /api/am/devportal/v3/apis/3d25892b-b9a4-4295-bdc9-6528d8d6b900/swagger?environmentName=Default HTTP/1.1 200 385 https://localhost:9443/devportal/apis/3d25892b-b9a4-4295-bdc9-6528d8d6b900/api-console Mozilla/5.0 (Windows NT 10.0; Win64; x64) AppleWebKit/537.36 (KHTML, like Gecko) Chrome/138.0.0.0 Safari/537.36 0.022
127.0.0.1 - - [15/Jul/2025:09:11:33 +0000] GET /keymanager-operations/dcr/register/dk9KMVB5VFlPSktKbEpDdnlhaFUyel9HOUM4YQ%3D%3D HTTP/1.1 200 547 - Apache-HttpClient/4.5.13 (Java/21.0.5) 0.002
127.0.0.1 - - [15/Jul/2025:09:11:33 +0000] GET /keymanager-operations/dcr/register/UzRtUzQxSXdoRTJTUl9PTFAwT2JHc3VIamJJYQ%3D%3D HTTP/1.1 200 749 - Apache-HttpClient/4.5.13 (Java/21.0.5) 0.002
172.23.0.1 - - [15/Jul/2025:09:11:33 +0000] GET /api/am/devportal/v3/subscriptions?apiId=3d25892b-b9a4-4295-bdc9-6528d8d6b900&limit=25 HTTP/1.1 200 928 https://localhost:9443/devportal/apis/3d25892b-b9a4-4295-bdc9-6528d8d6b900/api-console Mozilla/5.0 (Windows NT 10.0; Win64; x64) AppleWebKit/537.36 (KHTML, like Gecko) Chrome/138.0.0.0 Safari/537.36 0.041
172.23.0.1 - - [15/Jul/2025:09:11:33 +0000] GET /api/am/devportal/v3/swagger.yaml HTTP/1.1 200 30152 https://localhost:9443/devportal/apis/3d25892b-b9a4-4295-bdc9-6528d8d6b900/api-console Mozilla/5.0 (Windows NT 10.0; Win64; x64) AppleWebKit/537.36 (KHTML, like Gecko) Chrome/138.0.0.0 Safari/537.36 0.014
127.0.0.1 - - [15/Jul/2025:09:11:33 +0000] GET /keymanager-operations/dcr/register/dk9KMVB5VFlPSktKbEpDdnlhaFUyel9HOUM4YQ%3D%3D HTTP/1.1 200 547 - Apache-HttpClient/4.5.13 (Java/21.0.5) 0.006
127.0.0.1 - - [15/Jul/2025:09:11:33 +0000] GET /oauth2/token/.well-known/openid-configuration HTTP/1.1 200 2404 - Apache-HttpClient/4.5.13 (Java/21.0.5) 0.006
127.0.0.1 - - [15/Jul/2025:09:11:33 +0000] GET /keymanager-operations/dcr/register/UzRtUzQxSXdoRTJTUl9PTFAwT2JHc3VIamJJYQ%3D%3D HTTP/1.1 200 749 - Apache-HttpClient/4.5.13 (Java/21.0.5) 0.005
172.23.0.1 - - [15/Jul/2025:09:11:33 +0000] GET /api/am/devportal/v3/key-managers HTTP/1.1 200 764 https://localhost:9443/devportal/apis/3d25892b-b9a4-4295-bdc9-6528d8d6b900/api-console Mozilla/5.0 (Windows NT 10.0; Win64; x64) AppleWebKit/537.36 (KHTML, like Gecko) Chrome/138.0.0.0 Safari/537.36 0.031
172.23.0.1 - - [15/Jul/2025:09:11:33 +0000] GET /api/am/devportal/v3/subscriptions?apiId=3d25892b-b9a4-4295-bdc9-6528d8d6b900&limit=25 HTTP/1.1 200 928 https://localhost:9443/devportal/apis/3d25892b-b9a4-4295-bdc9-6528d8d6b900/api-console Mozilla/5.0 (Windows NT 10.0; Win64; x64) AppleWebKit/537.36 (KHTML, like Gecko) Chrome/138.0.0.0 Safari/537.36 0.043
172.23.0.1 - - [15/Jul/2025:09:11:33 +0000] GET /api/am/devportal/v3/applications/ HTTP/1.1 200 983 https://localhost:9443/devportal/apis/3d25892b-b9a4-4295-bdc9-6528d8d6b900/api-console Mozilla/5.0 (Windows NT 10.0; Win64; x64) AppleWebKit/537.36 (KHTML, like Gecko) Chrome/138.0.0.0 Safari/537.36 0.003
172.23.0.1 - - [15/Jul/2025:09:11:33 +0000] GET /api/am/devportal/v3/swagger.yaml HTTP/1.1 200 30152 https://localhost:9443/devportal/apis/3d25892b-b9a4-4295-bdc9-6528d8d6b900/api-console Mozilla/5.0 (Windows NT 10.0; Win64; x64) AppleWebKit/537.36 (KHTML, like Gecko) Chrome/138.0.0.0 Safari/537.36 0.006
127.0.0.1 - - [15/Jul/2025:09:11:33 +0000] GET /keymanager-operations/dcr/register/UzRtUzQxSXdoRTJTUl9PTFAwT2JHc3VIamJJYQ%3D%3D HTTP/1.1 200 749 - Apache-HttpClient/4.5.13 (Java/21.0.5) 0.002
172.23.0.1 - - [15/Jul/2025:09:11:33 +0000] GET /api/am/devportal/v3/applications/539d6b5f-186c-4ccb-bc4a-34c980dcdbbd HTTP/1.1 200 404 https://localhost:9443/devportal/apis/3d25892b-b9a4-4295-bdc9-6528d8d6b900/api-console Mozilla/5.0 (Windows NT 10.0; Win64; x64) AppleWebKit/537.36 (KHTML, like Gecko) Chrome/138.0.0.0 Safari/537.36 0.009
127.0.0.1 - - [15/Jul/2025:09:11:33 +0000] GET /keymanager-operations/dcr/register/UzRtUzQxSXdoRTJTUl9PTFAwT2JHc3VIamJJYQ%3D%3D HTTP/1.1 200 749 - Apache-HttpClient/4.5.13 (Java/21.0.5) 0.001
172.23.0.1 - - [15/Jul/2025:09:11:33 +0000] GET /api/am/devportal/v3/applications/539d6b5f-186c-4ccb-bc4a-34c980dcdbbd/oauth-keys HTTP/1.1 200 868 https://localhost:9443/devportal/apis/3d25892b-b9a4-4295-bdc9-6528d8d6b900/api-console Mozilla/5.0 (Windows NT 10.0; Win64; x64) AppleWebKit/537.36 (KHTML, like Gecko) Chrome/138.0.0.0 Safari/537.36 0.006
172.23.0.1 - - [15/Jul/2025:09:11:33 +0000] GET /api/am/devportal/v3/swagger.yaml HTTP/1.1 200 30152 https://localhost:9443/devportal/apis/3d25892b-b9a4-4295-bdc9-6528d8d6b900/api-console Mozilla/5.0 (Windows NT 10.0; Win64; x64) AppleWebKit/537.36 (KHTML, like Gecko) Chrome/138.0.0.0 Safari/537.36 0.005
127.0.0.1 - - [15/Jul/2025:09:11:33 +0000] GET /keymanager-operations/dcr/register/UzRtUzQxSXdoRTJTUl9PTFAwT2JHc3VIamJJYQ%3D%3D HTTP/1.1 200 749 - Apache-HttpClient/4.5.13 (Java/21.0.5) 0.004
172.23.0.1 - - [15/Jul/2025:09:11:33 +0000] GET /api/am/devportal/v3/applications/539d6b5f-186c-4ccb-bc4a-34c980dcdbbd HTTP/1.1 200 404 https://localhost:9443/devportal/apis/3d25892b-b9a4-4295-bdc9-6528d8d6b900/api-console Mozilla/5.0 (Windows NT 10.0; Win64; x64) AppleWebKit/537.36 (KHTML, like Gecko) Chrome/138.0.0.0 Safari/537.36 0.009
127.0.0.1 - - [15/Jul/2025:09:11:33 +0000] GET /keymanager-operations/dcr/register/UzRtUzQxSXdoRTJTUl9PTFAwT2JHc3VIamJJYQ%3D%3D HTTP/1.1 200 749 - Apache-HttpClient/4.5.13 (Java/21.0.5) 0.003
172.23.0.1 - - [15/Jul/2025:09:11:33 +0000] GET /api/am/devportal/v3/applications/539d6b5f-186c-4ccb-bc4a-34c980dcdbbd/oauth-keys HTTP/1.1 200 868 https://localhost:9443/devportal/apis/3d25892b-b9a4-4295-bdc9-6528d8d6b900/api-console Mozilla/5.0 (Windows NT 10.0; Win64; x64) AppleWebKit/537.36 (KHTML, like Gecko) Chrome/138.0.0.0 Safari/537.36 0.008
172.23.0.1 - - [15/Jul/2025:09:11:38 +0000] GET /api/am/devportal/v3/swagger.yaml HTTP/1.1 200 30152 https://localhost:9443/devportal/apis/3d25892b-b9a4-4295-bdc9-6528d8d6b900/api-console Mozilla/5.0 (Windows NT 10.0; Win64; x64) AppleWebKit/537.36 (KHTML, like Gecko) Chrome/138.0.0.0 Safari/537.36 0.014
172.23.0.1 - - [15/Jul/2025:09:11:38 +0000] GET /api/am/devportal/v3/applications/fad06452-19e3-4d94-bce8-e0d0a6f7b3ac HTTP/1.1 200 358 https://localhost:9443/devportal/apis/3d25892b-b9a4-4295-bdc9-6528d8d6b900/api-console Mozilla/5.0 (Windows NT 10.0; Win64; x64) AppleWebKit/537.36 (KHTML, like Gecko) Chrome/138.0.0.0 Safari/537.36 0.003
172.23.0.1 - - [15/Jul/2025:09:11:38 +0000] GET /api/am/devportal/v3/applications/fad06452-19e3-4d94-bce8-e0d0a6f7b3ac/oauth-keys HTTP/1.1 200 21 https://localhost:9443/devportal/apis/3d25892b-b9a4-4295-bdc9-6528d8d6b900/api-console Mozilla/5.0 (Windows NT 10.0; Win64; x64) AppleWebKit/537.36 (KHTML, like Gecko) Chrome/138.0.0.0 Safari/537.36 0.003
172.23.0.1 - - [15/Jul/2025:09:12:37 +0000] GET /api/am/devportal/v3/swagger.yaml HTTP/1.1 200 30152 https://localhost:9443/devportal/apis/3d25892b-b9a4-4295-bdc9-6528d8d6b900/api-console Mozilla/5.0 (Windows NT 10.0; Win64; x64) AppleWebKit/537.36 (KHTML, like Gecko) Chrome/138.0.0.0 Safari/537.36 0.022
172.23.0.1 - - [15/Jul/2025:09:12:37 +0000] - 400 - - - 0.000
172.23.0.1 - - [15/Jul/2025:09:12:37 +0000] GET /api/am/devportal/v3/swagger.yaml HTTP/1.1 200 30152 https://localhost:9443/devportal/apis/3d25892b-b9a4-4295-bdc9-6528d8d6b900/api-console Mozilla/5.0 (Windows NT 10.0; Win64; x64) AppleWebKit/537.36 (KHTML, like Gecko) Chrome/138.0.0.0 Safari/537.36 0.010
172.23.0.1 - - [15/Jul/2025:09:12:37 +0000] GET /api/am/devportal/v3/applications/fad06452-19e3-4d94-bce8-e0d0a6f7b3ac HTTP/1.1 200 358 https://localhost:9443/devportal/apis/3d25892b-b9a4-4295-bdc9-6528d8d6b900/api-console Mozilla/5.0 (Windows NT 10.0; Win64; x64) AppleWebKit/537.36 (KHTML, like Gecko) Chrome/138.0.0.0 Safari/537.36 0.005
172.23.0.1 - - [15/Jul/2025:09:12:37 +0000] GET /api/am/devportal/v3/applications/fad06452-19e3-4d94-bce8-e0d0a6f7b3ac HTTP/1.1 200 358 https://localhost:9443/devportal/apis/3d25892b-b9a4-4295-bdc9-6528d8d6b900/api-console Mozilla/5.0 (Windows NT 10.0; Win64; x64) AppleWebKit/537.36 (KHTML, like Gecko) Chrome/138.0.0.0 Safari/537.36 0.004
172.23.0.1 - - [15/Jul/2025:09:12:37 +0000] - 400 - - - 0.000
172.23.0.1 - - [15/Jul/2025:09:12:37 +0000] GET /api/am/devportal/v3/applications/fad06452-19e3-4d94-bce8-e0d0a6f7b3ac/oauth-keys HTTP/1.1 200 21 https://localhost:9443/devportal/apis/3d25892b-b9a4-4295-bdc9-6528d8d6b900/api-console Mozilla/5.0 (Windows NT 10.0; Win64; x64) AppleWebKit/537.36 (KHTML, like Gecko) Chrome/138.0.0.0 Safari/537.36 0.005
172.23.0.1 - - [15/Jul/2025:09:12:37 +0000] - 400 - - - 0.000
172.23.0.1 - - [15/Jul/2025:09:12:37 +0000] GET /api/am/devportal/v3/applications/fad06452-19e3-4d94-bce8-e0d0a6f7b3ac/oauth-keys HTTP/1.1 200 21 https://localhost:9443/devportal/apis/3d25892b-b9a4-4295-bdc9-6528d8d6b900/api-console Mozilla/5.0 (Windows NT 10.0; Win64; x64) AppleWebKit/537.36 (KHTML, like Gecko) Chrome/138.0.0.0 Safari/537.36 0.004
172.23.0.1 - - [15/Jul/2025:09:12:38 +0000] GET /api/am/devportal/v3/swagger.yaml HTTP/1.1 200 30152 https://localhost:9443/devportal/apis/3d25892b-b9a4-4295-bdc9-6528d8d6b900/api-console Mozilla/5.0 (Windows NT 10.0; Win64; x64) AppleWebKit/537.36 (KHTML, like Gecko) Chrome/138.0.0.0 Safari/537.36 0.009
172.23.0.1 - - [15/Jul/2025:09:12:38 +0000] - 400 - - - 0.000
172.23.0.1 - - [15/Jul/2025:09:12:38 +0000] GET /api/am/devportal/v3/swagger.yaml HTTP/1.1 200 30152 https://localhost:9443/devportal/apis/3d25892b-b9a4-4295-bdc9-6528d8d6b900/api-console Mozilla/5.0 (Windows NT 10.0; Win64; x64) AppleWebKit/537.36 (KHTML, like Gecko) Chrome/138.0.0.0 Safari/537.36 0.022
172.23.0.1 - - [15/Jul/2025:09:12:38 +0000] GET /api/am/devportal/v3/applications/fad06452-19e3-4d94-bce8-e0d0a6f7b3ac HTTP/1.1 200 358 https://localhost:9443/devportal/apis/3d25892b-b9a4-4295-bdc9-6528d8d6b900/api-console Mozilla/5.0 (Windows NT 10.0; Win64; x64) AppleWebKit/537.36 (KHTML, like Gecko) Chrome/138.0.0.0 Safari/537.36 0.007
172.23.0.1 - - [15/Jul/2025:09:12:38 +0000] GET /api/am/devportal/v3/applications/fad06452-19e3-4d94-bce8-e0d0a6f7b3ac HTTP/1.1 200 358 https://localhost:9443/devportal/apis/3d25892b-b9a4-4295-bdc9-6528d8d6b900/api-console Mozilla/5.0 (Windows NT 10.0; Win64; x64) AppleWebKit/537.36 (KHTML, like Gecko) Chrome/138.0.0.0 Safari/537.36 0.004
172.23.0.1 - - [15/Jul/2025:09:12:38 +0000] GET /api/am/devportal/v3/applications/fad06452-19e3-4d94-bce8-e0d0a6f7b3ac/oauth-keys HTTP/1.1 200 21 https://localhost:9443/devportal/apis/3d25892b-b9a4-4295-bdc9-6528d8d6b900/api-console Mozilla/5.0 (Windows NT 10.0; Win64; x64) AppleWebKit/537.36 (KHTML, like Gecko) Chrome/138.0.0.0 Safari/537.36 0.003
172.23.0.1 - - [15/Jul/2025:09:12:38 +0000] GET /api/am/devportal/v3/applications/fad06452-19e3-4d94-bce8-e0d0a6f7b3ac/oauth-keys HTTP/1.1 200 21 https://localhost:9443/devportal/apis/3d25892b-b9a4-4295-bdc9-6528d8d6b900/api-console Mozilla/5.0 (Windows NT 10.0; Win64; x64) AppleWebKit/537.36 (KHTML, like Gecko) Chrome/138.0.0.0 Safari/537.36 0.004
172.23.0.1 - - [15/Jul/2025:09:12:38 +0000] - 400 - - - 0.000
172.23.0.1 - - [15/Jul/2025:09:12:38 +0000] - 400 - - - 0.000
172.23.0.1 - - [15/Jul/2025:09:12:41 +0000] GET /devportal/site/public/dist/APISdk.7f6bbd563ff522a396b7.bundle.js HTTP/1.1 200 2905 https://localhost:9443/devportal/apis/3d25892b-b9a4-4295-bdc9-6528d8d6b900/sdk Mozilla/5.0 (Windows NT 10.0; Win64; x64) AppleWebKit/537.36 (KHTML, like Gecko) Chrome/138.0.0.0 Safari/537.36 0.017
172.23.0.1 - - [15/Jul/2025:09:12:41 +0000] GET /devportal/site/public/images/_favicon.ico HTTP/1.1 200 1150 https://localhost:9443/devportal/apis/3d25892b-b9a4-4295-bdc9-6528d8d6b900/sdk Mozilla/5.0 (Windows NT 10.0; Win64; x64) AppleWebKit/537.36 (KHTML, like Gecko) Chrome/138.0.0.0 Safari/537.36 0.001
172.23.0.1 - - [15/Jul/2025:09:12:41 +0000] - 400 - - - 0.000
172.23.0.1 - - [15/Jul/2025:09:12:41 +0000] GET /api/am/devportal/v3/sdk-gen/languages HTTP/1.1 200 40 https://localhost:9443/devportal/apis/3d25892b-b9a4-4295-bdc9-6528d8d6b900/sdk Mozilla/5.0 (Windows NT 10.0; Win64; x64) AppleWebKit/537.36 (KHTML, like Gecko) Chrome/138.0.0.0 Safari/537.36 0.026
172.23.0.1 - - [15/Jul/2025:09:12:41 +0000] GET /devportal/site/public/images/sdks/android.svg HTTP/1.1 200 1521 https://localhost:9443/devportal/apis/3d25892b-b9a4-4295-bdc9-6528d8d6b900/sdk Mozilla/5.0 (Windows NT 10.0; Win64; x64) AppleWebKit/537.36 (KHTML, like Gecko) Chrome/138.0.0.0 Safari/537.36 0.002
172.23.0.1 - - [15/Jul/2025:09:12:41 +0000] - 400 - - - 0.000
172.23.0.1 - - [15/Jul/2025:09:12:41 +0000] - 400 - - - 0.000
172.23.0.1 - - [15/Jul/2025:09:12:41 +0000] - 400 - - - 0.000
172.23.0.1 - - [15/Jul/2025:09:12:41 +0000] GET /devportal/site/public/images/sdks/javascript.svg HTTP/1.1 200 79025 https://localhost:9443/devportal/apis/3d25892b-b9a4-4295-bdc9-6528d8d6b900/sdk Mozilla/5.0 (Windows NT 10.0; Win64; x64) AppleWebKit/537.36 (KHTML, like Gecko) Chrome/138.0.0.0 Safari/537.36 0.023
172.23.0.1 - - [15/Jul/2025:09:12:41 +0000] GET /devportal/site/public/images/sdks/jmeter.svg HTTP/1.1 200 152455 https://localhost:9443/devportal/apis/3d25892b-b9a4-4295-bdc9-6528d8d6b900/sdk Mozilla/5.0 (Windows NT 10.0; Win64; x64) AppleWebKit/537.36 (KHTML, like Gecko) Chrome/138.0.0.0 Safari/537.36 0.021
172.23.0.1 - - [15/Jul/2025:09:12:41 +0000] GET /devportal/site/public/images/sdks/java.svg HTTP/1.1 200 2633 https://localhost:9443/devportal/apis/3d25892b-b9a4-4295-bdc9-6528d8d6b900/sdk Mozilla/5.0 (Windows NT 10.0; Win64; x64) AppleWebKit/537.36 (KHTML, like Gecko) Chrome/138.0.0.0 Safari/537.36 0.002
172.23.0.1 - - [15/Jul/2025:09:12:49 +0000] GET /devportal/site/public/images/_favicon.ico HTTP/1.1 200 1150 https://localhost:9443/devportal/apis/3d25892b-b9a4-4295-bdc9-6528d8d6b900/credentials Mozilla/5.0 (Windows NT 10.0; Win64; x64) AppleWebKit/537.36 (KHTML, like Gecko) Chrome/138.0.0.0 Safari/537.36 0.004
172.23.0.1 - - [15/Jul/2025:09:12:53 +0000] GET /api/am/devportal/v3/applications/fad06452-19e3-4d94-bce8-e0d0a6f7b3ac HTTP/1.1 200 358 https://localhost:9443/devportal/applications/fad06452-19e3-4d94-bce8-e0d0a6f7b3ac Mozilla/5.0 (Windows NT 10.0; Win64; x64) AppleWebKit/537.36 (KHTML, like Gecko) Chrome/138.0.0.0 Safari/537.36 0.008
172.23.0.1 - - [15/Jul/2025:09:12:53 +0000] GET /devportal/site/public/images/_favicon.ico HTTP/1.1 200 1150 https://localhost:9443/devportal/applications/fad06452-19e3-4d94-bce8-e0d0a6f7b3ac Mozilla/5.0 (Windows NT 10.0; Win64; x64) AppleWebKit/537.36 (KHTML, like Gecko) Chrome/138.0.0.0 Safari/537.36 0.002
172.23.0.1 - - [15/Jul/2025:09:12:53 +0000] GET /api/am/devportal/v3/applications/fad06452-19e3-4d94-bce8-e0d0a6f7b3ac HTTP/1.1 200 358 https://localhost:9443/devportal/applications/fad06452-19e3-4d94-bce8-e0d0a6f7b3ac/overview Mozilla/5.0 (Windows NT 10.0; Win64; x64) AppleWebKit/537.36 (KHTML, like Gecko) Chrome/138.0.0.0 Safari/537.36 0.006
172.23.0.1 - - [15/Jul/2025:09:12:53 +0000] GET /devportal/site/public/images/_favicon.ico HTTP/1.1 200 1150 https://localhost:9443/devportal/applications/fad06452-19e3-4d94-bce8-e0d0a6f7b3ac/overview Mozilla/5.0 (Windows NT 10.0; Win64; x64) AppleWebKit/537.36 (KHTML, like Gecko) Chrome/138.0.0.0 Safari/537.36 0.001
172.23.0.1 - - [15/Jul/2025:09:12:53 +0000] GET /api/am/devportal/v3/throttling-policies/application/Unlimited HTTP/1.1 200 490 https://localhost:9443/devportal/applications/fad06452-19e3-4d94-bce8-e0d0a6f7b3ac/overview Mozilla/5.0 (Windows NT 10.0; Win64; x64) AppleWebKit/537.36 (KHTML, like Gecko) Chrome/138.0.0.0 Safari/537.36 0.007
172.23.0.1 - - [15/Jul/2025:09:12:56 +0000] GET /api/am/devportal/v3/swagger.yaml HTTP/1.1 200 30152 https://localhost:9443/devportal/applications/fad06452-19e3-4d94-bce8-e0d0a6f7b3ac/edit/fromView Mozilla/5.0 (Windows NT 10.0; Win64; x64) AppleWebKit/537.36 (KHTML, like Gecko) Chrome/138.0.0.0 Safari/537.36 0.042
172.23.0.1 - - [15/Jul/2025:09:12:56 +0000] GET /api/am/devportal/v3/throttling-policies/application HTTP/1.1 200 473 https://localhost:9443/devportal/applications/fad06452-19e3-4d94-bce8-e0d0a6f7b3ac/edit/fromView Mozilla/5.0 (Windows NT 10.0; Win64; x64) AppleWebKit/537.36 (KHTML, like Gecko) Chrome/138.0.0.0 Safari/537.36 0.024
172.23.0.1 - - [15/Jul/2025:09:12:56 +0000] GET /api/am/devportal/v3/settings/application-attributes HTTP/1.1 200 21 https://localhost:9443/devportal/applications/fad06452-19e3-4d94-bce8-e0d0a6f7b3ac/edit/fromView Mozilla/5.0 (Windows NT 10.0; Win64; x64) AppleWebKit/537.36 (KHTML, like Gecko) Chrome/138.0.0.0 Safari/537.36 0.021
172.23.0.1 - - [15/Jul/2025:09:12:56 +0000] GET /devportal/site/public/images/_favicon.ico HTTP/1.1 200 1150 https://localhost:9443/devportal/applications/fad06452-19e3-4d94-bce8-e0d0a6f7b3ac/edit/fromView Mozilla/5.0 (Windows NT 10.0; Win64; x64) AppleWebKit/537.36 (KHTML, like Gecko) Chrome/138.0.0.0 Safari/537.36 0.002
172.23.0.1 - - [15/Jul/2025:09:12:56 +0000] GET /api/am/devportal/v3/applications/fad06452-19e3-4d94-bce8-e0d0a6f7b3ac HTTP/1.1 200 358 https://localhost:9443/devportal/applications/fad06452-19e3-4d94-bce8-e0d0a6f7b3ac/edit/fromView Mozilla/5.0 (Windows NT 10.0; Win64; x64) AppleWebKit/537.36 (KHTML, like Gecko) Chrome/138.0.0.0 Safari/537.36 0.008
172.23.0.1 - - [15/Jul/2025:09:12:58 +0000] PUT /api/am/devportal/v3/applications/fad06452-19e3-4d94-bce8-e0d0a6f7b3ac HTTP/1.1 200 357 https://localhost:9443/devportal/applications/fad06452-19e3-4d94-bce8-e0d0a6f7b3ac/edit/fromView Mozilla/5.0 (Windows NT 10.0; Win64; x64) AppleWebKit/537.36 (KHTML, like Gecko) Chrome/138.0.0.0 Safari/537.36 0.054
172.23.0.1 - - [15/Jul/2025:09:12:58 +0000] GET /devportal/site/public/images/_favicon.ico HTTP/1.1 200 1150 https://localhost:9443/devportal/applications/fad06452-19e3-4d94-bce8-e0d0a6f7b3ac Mozilla/5.0 (Windows NT 10.0; Win64; x64) AppleWebKit/537.36 (KHTML, like Gecko) Chrome/138.0.0.0 Safari/537.36 0.003
172.23.0.1 - - [15/Jul/2025:09:12:58 +0000] GET /api/am/devportal/v3/applications/fad06452-19e3-4d94-bce8-e0d0a6f7b3ac HTTP/1.1 200 358 https://localhost:9443/devportal/applications/fad06452-19e3-4d94-bce8-e0d0a6f7b3ac Mozilla/5.0 (Windows NT 10.0; Win64; x64) AppleWebKit/537.36 (KHTML, like Gecko) Chrome/138.0.0.0 Safari/537.36 0.013
172.23.0.1 - - [15/Jul/2025:09:12:58 +0000] GET /api/am/devportal/v3/applications/fad06452-19e3-4d94-bce8-e0d0a6f7b3ac HTTP/1.1 200 358 https://localhost:9443/devportal/applications/fad06452-19e3-4d94-bce8-e0d0a6f7b3ac/overview Mozilla/5.0 (Windows NT 10.0; Win64; x64) AppleWebKit/537.36 (KHTML, like Gecko) Chrome/138.0.0.0 Safari/537.36 0.008
172.23.0.1 - - [15/Jul/2025:09:12:59 +0000] GET /devportal/site/public/images/_favicon.ico HTTP/1.1 200 1150 https://localhost:9443/devportal/applications/fad06452-19e3-4d94-bce8-e0d0a6f7b3ac/overview Mozilla/5.0 (Windows NT 10.0; Win64; x64) AppleWebKit/537.36 (KHTML, like Gecko) Chrome/138.0.0.0 Safari/537.36 0.004
172.23.0.1 - - [15/Jul/2025:09:12:59 +0000] GET /api/am/devportal/v3/throttling-policies/application/Unlimited HTTP/1.1 200 490 https://localhost:9443/devportal/applications/fad06452-19e3-4d94-bce8-e0d0a6f7b3ac/overview Mozilla/5.0 (Windows NT 10.0; Win64; x64) AppleWebKit/537.36 (KHTML, like Gecko) Chrome/138.0.0.0 Safari/537.36 0.006
172.23.0.1 - - [15/Jul/2025:09:13:02 +0000] GET /api/am/devportal/v3/swagger.yaml HTTP/1.1 200 30152 https://localhost:9443/devportal/applications/fad06452-19e3-4d94-bce8-e0d0a6f7b3ac/sandboxkeys/oauth Mozilla/5.0 (Windows NT 10.0; Win64; x64) AppleWebKit/537.36 (KHTML, like Gecko) Chrome/138.0.0.0 Safari/537.36 0.036
172.23.0.1 - - [15/Jul/2025:09:13:02 +0000] GET /devportal/site/public/images/_favicon.ico HTTP/1.1 200 1150 https://localhost:9443/devportal/applications/fad06452-19e3-4d94-bce8-e0d0a6f7b3ac/sandboxkeys/oauth Mozilla/5.0 (Windows NT 10.0; Win64; x64) AppleWebKit/537.36 (KHTML, like Gecko) Chrome/138.0.0.0 Safari/537.36 0.003
127.0.0.1 - - [15/Jul/2025:09:13:02 +0000] GET /oauth2/token/.well-known/openid-configuration HTTP/1.1 200 2404 - Apache-HttpClient/4.5.13 (Java/21.0.5) 0.014
172.23.0.1 - - [15/Jul/2025:09:13:02 +0000] GET /api/am/devportal/v3/key-managers HTTP/1.1 200 764 https://localhost:9443/devportal/applications/fad06452-19e3-4d94-bce8-e0d0a6f7b3ac/sandboxkeys/oauth Mozilla/5.0 (Windows NT 10.0; Win64; x64) AppleWebKit/537.36 (KHTML, like Gecko) Chrome/138.0.0.0 Safari/537.36 0.059
172.23.0.1 - - [15/Jul/2025:09:13:03 +0000] GET /api/am/devportal/v3/applications/fad06452-19e3-4d94-bce8-e0d0a6f7b3ac HTTP/1.1 200 358 https://localhost:9443/devportal/applications/fad06452-19e3-4d94-bce8-e0d0a6f7b3ac/sandboxkeys/oauth Mozilla/5.0 (Windows NT 10.0; Win64; x64) AppleWebKit/537.36 (KHTML, like Gecko) Chrome/138.0.0.0 Safari/537.36 0.006
172.23.0.1 - - [15/Jul/2025:09:13:03 +0000] GET /api/am/devportal/v3/applications/fad06452-19e3-4d94-bce8-e0d0a6f7b3ac/oauth-keys HTTP/1.1 200 21 https://localhost:9443/devportal/applications/fad06452-19e3-4d94-bce8-e0d0a6f7b3ac/sandboxkeys/oauth Mozilla/5.0 (Windows NT 10.0; Win64; x64) AppleWebKit/537.36 (KHTML, like Gecko) Chrome/138.0.0.0 Safari/537.36 0.008
172.23.0.1 - - [15/Jul/2025:09:13:03 +0000] GET /api/am/devportal/v3/swagger.yaml HTTP/1.1 200 30152 https://localhost:9443/devportal/applications/fad06452-19e3-4d94-bce8-e0d0a6f7b3ac/sandboxkeys/oauth Mozilla/5.0 (Windows NT 10.0; Win64; x64) AppleWebKit/537.36 (KHTML, like Gecko) Chrome/138.0.0.0 Safari/537.36 0.015
172.23.0.1 - - [15/Jul/2025:09:13:03 +0000] GET /api/am/devportal/v3/applications/fad06452-19e3-4d94-bce8-e0d0a6f7b3ac HTTP/1.1 200 358 https://localhost:9443/devportal/applications/fad06452-19e3-4d94-bce8-e0d0a6f7b3ac/sandboxkeys/oauth Mozilla/5.0 (Windows NT 10.0; Win64; x64) AppleWebKit/537.36 (KHTML, like Gecko) Chrome/138.0.0.0 Safari/537.36 0.003
172.23.0.1 - - [15/Jul/2025:09:13:03 +0000] GET /api/am/devportal/v3/applications/fad06452-19e3-4d94-bce8-e0d0a6f7b3ac/oauth-keys HTTP/1.1 200 21 https://localhost:9443/devportal/applications/fad06452-19e3-4d94-bce8-e0d0a6f7b3ac/sandboxkeys/oauth Mozilla/5.0 (Windows NT 10.0; Win64; x64) AppleWebKit/537.36 (KHTML, like Gecko) Chrome/138.0.0.0 Safari/537.36 0.003
172.23.0.1 - - [15/Jul/2025:09:13:58 +0000] GET /carbon/application/list-service-providers.jsp?region=region1&item=list_service_providers_menu HTTP/1.1 200 5633 https://localhost:9443/carbon/application/configure-service-provider.jsp?spName=admin_539d6b5f-186c-4ccb-bc4a-34c980dcdbbd_SANDBOX Mozilla/5.0 (Windows NT 10.0; Win64; x64) AppleWebKit/537.36 (KHTML, like Gecko) Chrome/138.0.0.0 Safari/537.36 0.027
172.23.0.1 - - [15/Jul/2025:09:13:58 +0000] GET /carbon/admin/css/global.css HTTP/1.1 200 5311 https://localhost:9443/carbon/application/list-service-providers.jsp?region=region1&item=list_service_providers_menu Mozilla/5.0 (Windows NT 10.0; Win64; x64) AppleWebKit/537.36 (KHTML, like Gecko) Chrome/138.0.0.0 Safari/537.36 0.004
172.23.0.1 - - [15/Jul/2025:09:13:58 +0000] GET /carbon/admin/jsp/registry_styles_ajaxprocessor.jsp HTTP/1.1 200 123 https://localhost:9443/carbon/application/list-service-providers.jsp?region=region1&item=list_service_providers_menu Mozilla/5.0 (Windows NT 10.0; Win64; x64) AppleWebKit/537.36 (KHTML, like Gecko) Chrome/138.0.0.0 Safari/537.36 0.007
172.23.0.1 - - [15/Jul/2025:09:13:58 +0000] - 400 - - - 0.000
172.23.0.1 - - [15/Jul/2025:09:13:58 +0000] GET /carbon/dialog/css/dialog.css HTTP/1.1 200 510 https://localhost:9443/carbon/application/list-service-providers.jsp?region=region1&item=list_service_providers_menu Mozilla/5.0 (Windows NT 10.0; Win64; x64) AppleWebKit/537.36 (KHTML, like Gecko) Chrome/138.0.0.0 Safari/537.36 0.002
172.23.0.1 - - [15/Jul/2025:09:13:58 +0000] - 400 - - - 0.000
172.23.0.1 - - [15/Jul/2025:09:13:58 +0000] GET /carbon/dialog/css/jqueryui/jqueryui-themeroller.css HTTP/1.1 200 8544 https://localhost:9443/carbon/application/list-service-providers.jsp?region=region1&item=list_service_providers_menu Mozilla/5.0 (Windows NT 10.0; Win64; x64) AppleWebKit/537.36 (KHTML, like Gecko) Chrome/138.0.0.0 Safari/537.36 0.007
172.23.0.1 - - [15/Jul/2025:09:13:58 +0000] - 400 - - - 0.000
172.23.0.1 - - [15/Jul/2025:09:13:58 +0000] - 400 - - - 0.000
172.23.0.1 - - [15/Jul/2025:09:13:58 +0000] - 400 - - - 0.000
172.23.0.1 - - [15/Jul/2025:09:13:58 +0000] - 400 - - - 0.000
172.23.0.1 - - [15/Jul/2025:09:13:58 +0000] - 400 - - - 0.000
172.23.0.1 - - [15/Jul/2025:09:13:58 +0000] GET /carbon/admin/css/carbonFormStyles.css HTTP/1.1 200 2050 https://localhost:9443/carbon/application/list-service-providers.jsp?region=region1&item=list_service_providers_menu Mozilla/5.0 (Windows NT 10.0; Win64; x64) AppleWebKit/537.36 (KHTML, like Gecko) Chrome/138.0.0.0 Safari/537.36 0.005
172.23.0.1 - - [15/Jul/2025:09:13:58 +0000] GET /carbon/styles/css/main.css HTTP/1.1 200 1240 https://localhost:9443/carbon/application/list-service-providers.jsp?region=region1&item=list_service_providers_menu Mozilla/5.0 (Windows NT 10.0; Win64; x64) AppleWebKit/537.36 (KHTML, like Gecko) Chrome/138.0.0.0 Safari/537.36 0.003
172.23.0.1 - - [15/Jul/2025:09:13:58 +0000] GET /carbon/admin/js/jquery.form.js HTTP/1.1 200 13555 https://localhost:9443/carbon/application/list-service-providers.jsp?region=region1&item=list_service_providers_menu Mozilla/5.0 (Windows NT 10.0; Win64; x64) AppleWebKit/537.36 (KHTML, like Gecko) Chrome/138.0.0.0 Safari/537.36 0.009
172.23.0.1 - - [15/Jul/2025:09:13:58 +0000] - 400 - - - 0.000
172.23.0.1 - - [15/Jul/2025:09:13:58 +0000] - 400 - - - 0.000
172.23.0.1 - - [15/Jul/2025:09:13:58 +0000] - 400 - - - 0.000
172.23.0.1 - - [15/Jul/2025:09:13:58 +0000] - 400 - - - 0.000
172.23.0.1 - - [15/Jul/2025:09:13:58 +0000] - 400 - - - 0.000
172.23.0.1 - - [15/Jul/2025:09:13:58 +0000] - 400 - - - 0.000
172.23.0.1 - - [15/Jul/2025:09:13:58 +0000] - 400 - - - 0.000
172.23.0.1 - - [15/Jul/2025:09:13:58 +0000] - 400 - - - 0.000
