172.23.0.1 - - [15/Jul/2025:08:45:33 +0000] GET /devportal/site/public/dist/1653.a1e39dcf0973ac6ac28f.bundle.js HTTP/1.1 200 3734 https://localhost:9443/devportal/apis/3d25892b-b9a4-4295-bdc9-6528d8d6b900/overview Mozilla/5.0 (Windows NT 10.0; Win64; x64) AppleWebKit/537.36 (KHTML, like Gecko) Chrome/138.0.0.0 Safari/537.36 0.004
172.23.0.1 - - [15/Jul/2025:08:45:33 +0000] GET /devportal/site/public/dist/APIComments.9e0099a33946083b000e.bundle.js HTTP/1.1 200 11093 https://localhost:9443/devportal/apis/3d25892b-b9a4-4295-bdc9-6528d8d6b900/overview Mozilla/5.0 (Windows NT 10.0; Win64; x64) AppleWebKit/537.36 (KHTML, like Gecko) Chrome/138.0.0.0 Safari/537.36 0.007
172.23.0.1 - - [15/Jul/2025:08:45:33 +0000] GET /devportal/site/public/images/_favicon.ico HTTP/1.1 200 1150 https://localhost:9443/devportal/apis/3d25892b-b9a4-4295-bdc9-6528d8d6b900/overview Mozilla/5.0 (Windows NT 10.0; Win64; x64) AppleWebKit/537.36 (KHTML, like Gecko) Chrome/138.0.0.0 Safari/537.36 0.001
172.23.0.1 - - [15/Jul/2025:08:45:33 +0000] GET /devportal/site/public/dist/4680.f43ad1fd2c68cd41d4ea.bundle.js HTTP/1.1 200 23177 https://localhost:9443/devportal/apis/3d25892b-b9a4-4295-bdc9-6528d8d6b900/overview Mozilla/5.0 (Windows NT 10.0; Win64; x64) AppleWebKit/537.36 (KHTML, like Gecko) Chrome/138.0.0.0 Safari/537.36 0.015
172.23.0.1 - - [15/Jul/2025:08:45:33 +0000] GET /devportal/site/public/dist/APIOverview.018b5195c97e8623de4c.bundle.js HTTP/1.1 200 13808 https://localhost:9443/devportal/apis/3d25892b-b9a4-4295-bdc9-6528d8d6b900/overview Mozilla/5.0 (Windows NT 10.0; Win64; x64) AppleWebKit/537.36 (KHTML, like Gecko) Chrome/138.0.0.0 Safari/537.36 0.011
172.23.0.1 - - [15/Jul/2025:08:45:33 +0000] GET /devportal/site/public/dist/5074.3f63087252cf48e3346f.bundle.js HTTP/1.1 200 241186 https://localhost:9443/devportal/apis/3d25892b-b9a4-4295-bdc9-6528d8d6b900/overview Mozilla/5.0 (Windows NT 10.0; Win64; x64) AppleWebKit/537.36 (KHTML, like Gecko) Chrome/138.0.0.0 Safari/537.36 0.044
172.23.0.1 - - [15/Jul/2025:08:45:33 +0000] GET /api/am/devportal/v3/subscriptions?apiId=3d25892b-b9a4-4295-bdc9-6528d8d6b900&limit=25 HTTP/1.1 200 922 https://localhost:9443/devportal/apis/3d25892b-b9a4-4295-bdc9-6528d8d6b900 Mozilla/5.0 (Windows NT 10.0; Win64; x64) AppleWebKit/537.36 (KHTML, like Gecko) Chrome/138.0.0.0 Safari/537.36 0.302
172.23.0.1 - - [15/Jul/2025:08:45:33 +0000] GET /api/am/devportal/v3/subscriptions?apiId=3d25892b-b9a4-4295-bdc9-6528d8d6b900&limit=5000 HTTP/1.1 200 924 https://localhost:9443/devportal/apis/3d25892b-b9a4-4295-bdc9-6528d8d6b900 Mozilla/5.0 (Windows NT 10.0; Win64; x64) AppleWebKit/537.36 (KHTML, like Gecko) Chrome/138.0.0.0 Safari/537.36 0.311
172.23.0.1 - - [15/Jul/2025:08:45:33 +0000] GET /api/am/devportal/v3/throttling-policies/subscription HTTP/1.1 200 751 https://localhost:9443/devportal/apis/3d25892b-b9a4-4295-bdc9-6528d8d6b900/overview Mozilla/5.0 (Windows NT 10.0; Win64; x64) AppleWebKit/537.36 (KHTML, like Gecko) Chrome/138.0.0.0 Safari/537.36 0.006
172.23.0.1 - - [15/Jul/2025:08:45:33 +0000] GET /api/am/devportal/v3/apis/3d25892b-b9a4-4295-bdc9-6528d8d6b900/documents HTTP/1.1 200 92 https://localhost:9443/devportal/apis/3d25892b-b9a4-4295-bdc9-6528d8d6b900/overview Mozilla/5.0 (Windows NT 10.0; Win64; x64) AppleWebKit/537.36 (KHTML, like Gecko) Chrome/138.0.0.0 Safari/537.36 0.010
172.23.0.1 - - [15/Jul/2025:08:45:33 +0000] GET /api/am/devportal/v3/throttling-policies/subscription HTTP/1.1 200 751 https://localhost:9443/devportal/apis/3d25892b-b9a4-4295-bdc9-6528d8d6b900/overview Mozilla/5.0 (Windows NT 10.0; Win64; x64) AppleWebKit/537.36 (KHTML, like Gecko) Chrome/138.0.0.0 Safari/537.36 0.007
172.23.0.1 - - [15/Jul/2025:08:45:33 +0000] GET /api/am/devportal/v3/apis/3d25892b-b9a4-4295-bdc9-6528d8d6b900/documents HTTP/1.1 200 92 https://localhost:9443/devportal/apis/3d25892b-b9a4-4295-bdc9-6528d8d6b900/overview Mozilla/5.0 (Windows NT 10.0; Win64; x64) AppleWebKit/537.36 (KHTML, like Gecko) Chrome/138.0.0.0 Safari/537.36 0.013
172.23.0.1 - - [15/Jul/2025:08:45:33 +0000] GET /api/am/devportal/v3/apis/3d25892b-b9a4-4295-bdc9-6528d8d6b900/ratings HTTP/1.1 200 125 https://localhost:9443/devportal/apis/3d25892b-b9a4-4295-bdc9-6528d8d6b900/overview Mozilla/5.0 (Windows NT 10.0; Win64; x64) AppleWebKit/537.36 (KHTML, like Gecko) Chrome/138.0.0.0 Safari/537.36 0.009
172.23.0.1 - - [15/Jul/2025:08:45:33 +0000] GET /api/am/devportal/v3/apis/3d25892b-b9a4-4295-bdc9-6528d8d6b900/thumbnail HTTP/1.1 204 - https://localhost:9443/devportal/apis/3d25892b-b9a4-4295-bdc9-6528d8d6b900/overview Mozilla/5.0 (Windows NT 10.0; Win64; x64) AppleWebKit/537.36 (KHTML, like Gecko) Chrome/138.0.0.0 Safari/537.36 0.009
172.23.0.1 - - [15/Jul/2025:08:45:33 +0000] GET /api/am/devportal/v3/apis/3d25892b-b9a4-4295-bdc9-6528d8d6b900/comments?limit=5&offset=0 HTTP/1.1 200 101 https://localhost:9443/devportal/apis/3d25892b-b9a4-4295-bdc9-6528d8d6b900/overview Mozilla/5.0 (Windows NT 10.0; Win64; x64) AppleWebKit/537.36 (KHTML, like Gecko) Chrome/138.0.0.0 Safari/537.36 0.009
172.23.0.1 - - [15/Jul/2025:08:48:12 +0000] POST /oauth2/token HTTP/1.1 200 1236 - Java/17.0.10 0.091
127.0.0.1 - - [15/Jul/2025:08:48:12 +0000] POST /internal/data/v1/notify HTTP/1.1 200 - - Apache-HttpClient/4.5.13 (Java/21.0.5) 0.051
172.23.0.1 - - [15/Jul/2025:08:48:13 +0000] GET /api/am/publisher/v4/apis HTTP/1.1 200 1540 - Java/17.0.10 1.501
172.23.0.1 - - [15/Jul/2025:08:48:13 +0000] POST /oauth2/token HTTP/1.1 200 1236 - Java/17.0.10 0.012
127.0.0.1 - - [15/Jul/2025:08:48:13 +0000] POST /internal/data/v1/notify HTTP/1.1 200 - - Apache-HttpClient/4.5.13 (Java/21.0.5) 0.013
172.23.0.1 - - [15/Jul/2025:08:48:13 +0000] GET /api/am/publisher/v4/apis HTTP/1.1 200 1540 - Java/17.0.10 0.019
172.23.0.1 - - [15/Jul/2025:08:50:30 +0000] - 400 - - - 0.000
172.23.0.1 - - [15/Jul/2025:08:50:30 +0000] - 400 - - - 0.000
172.23.0.1 - - [15/Jul/2025:08:50:30 +0000] - 400 - - - 0.000
172.23.0.1 - - [15/Jul/2025:08:50:30 +0000] - 400 - - - 0.000
172.23.0.1 - - [15/Jul/2025:08:50:30 +0000] - 400 - - - 0.000
172.23.0.1 - - [15/Jul/2025:08:50:30 +0000] - 400 - - - 0.000
172.23.0.1 - - [15/Jul/2025:08:50:30 +0000] - 400 - - - 0.000
172.23.0.1 - - [15/Jul/2025:08:50:30 +0000] GET /api/am/devportal/v3/applications?limit=5000 HTTP/1.1 200 985 https://localhost:9443/devportal/apis/3d25892b-b9a4-4295-bdc9-6528d8d6b900/api-console Mozilla/5.0 (Windows NT 10.0; Win64; x64) AppleWebKit/537.36 (KHTML, like Gecko) Chrome/138.0.0.0 Safari/537.36 0.016
172.23.0.1 - - [15/Jul/2025:08:50:30 +0000] GET /api/am/devportal/v3/apis/3d25892b-b9a4-4295-bdc9-6528d8d6b900 HTTP/1.1 200 1061 https://localhost:9443/devportal/apis/3d25892b-b9a4-4295-bdc9-6528d8d6b900/api-console Mozilla/5.0 (Windows NT 10.0; Win64; x64) AppleWebKit/537.36 (KHTML, like Gecko) Chrome/138.0.0.0 Safari/537.36 0.041
172.23.0.1 - - [15/Jul/2025:08:50:30 +0000] GET /devportal/site/public/dist/6641.8d024a07e40fdfe75620.bundle.js HTTP/1.1 200 17649 https://localhost:9443/devportal/apis/3d25892b-b9a4-4295-bdc9-6528d8d6b900/api-console Mozilla/5.0 (Windows NT 10.0; Win64; x64) AppleWebKit/537.36 (KHTML, like Gecko) Chrome/138.0.0.0 Safari/537.36 0.006
172.23.0.1 - - [15/Jul/2025:08:50:30 +0000] GET /devportal/site/public/dist/8874.c537936ef42191588f7a.bundle.js HTTP/1.1 200 6048 https://localhost:9443/devportal/apis/3d25892b-b9a4-4295-bdc9-6528d8d6b900/api-console Mozilla/5.0 (Windows NT 10.0; Win64; x64) AppleWebKit/537.36 (KHTML, like Gecko) Chrome/138.0.0.0 Safari/537.36 0.003
172.23.0.1 - - [15/Jul/2025:08:50:30 +0000] GET /devportal/site/public/dist/APIConsole.12535ec91b82033ea0b4.bundle.js HTTP/1.1 200 7994 https://localhost:9443/devportal/apis/3d25892b-b9a4-4295-bdc9-6528d8d6b900/api-console Mozilla/5.0 (Windows NT 10.0; Win64; x64) AppleWebKit/537.36 (KHTML, like Gecko) Chrome/138.0.0.0 Safari/537.36 0.004
172.23.0.1 - - [15/Jul/2025:08:50:30 +0000] GET /devportal/site/public/images/_favicon.ico HTTP/1.1 200 1150 https://localhost:9443/devportal/apis/3d25892b-b9a4-4295-bdc9-6528d8d6b900/api-console Mozilla/5.0 (Windows NT 10.0; Win64; x64) AppleWebKit/537.36 (KHTML, like Gecko) Chrome/138.0.0.0 Safari/537.36 0.002
127.0.0.1 - - [15/Jul/2025:08:50:30 +0000] GET /keymanager-operations/dcr/register/dk9KMVB5VFlPSktKbEpDdnlhaFUyel9HOUM4YQ%3D%3D HTTP/1.1 200 547 - Apache-HttpClient/4.5.13 (Java/21.0.5) 0.008
127.0.0.1 - - [15/Jul/2025:08:50:30 +0000] GET /keymanager-operations/dcr/register/UzRtUzQxSXdoRTJTUl9PTFAwT2JHc3VIamJJYQ%3D%3D HTTP/1.1 200 749 - Apache-HttpClient/4.5.13 (Java/21.0.5) 0.004
127.0.0.1 - - [15/Jul/2025:08:50:30 +0000] GET /keymanager-operations/dcr/register/UzRtUzQxSXdoRTJTUl9PTFAwT2JHc3VIamJJYQ%3D%3D HTTP/1.1 200 749 - Apache-HttpClient/4.5.13 (Java/21.0.5) 0.004
172.23.0.1 - - [15/Jul/2025:08:50:30 +0000] GET /devportal/site/public/dist/3370.64313a377cb5c4367704.bundle.js HTTP/1.1 200 63803 https://localhost:9443/devportal/apis/3d25892b-b9a4-4295-bdc9-6528d8d6b900/api-console Mozilla/5.0 (Windows NT 10.0; Win64; x64) AppleWebKit/537.36 (KHTML, like Gecko) Chrome/138.0.0.0 Safari/537.36 0.018
127.0.0.1 - - [15/Jul/2025:08:50:30 +0000] GET /keymanager-operations/dcr/register/dk9KMVB5VFlPSktKbEpDdnlhaFUyel9HOUM4YQ%3D%3D HTTP/1.1 200 547 - Apache-HttpClient/4.5.13 (Java/21.0.5) 0.003
172.23.0.1 - - [15/Jul/2025:08:50:30 +0000] GET /api/am/devportal/v3/subscriptions?apiId=3d25892b-b9a4-4295-bdc9-6528d8d6b900&limit=25 HTTP/1.1 200 922 https://localhost:9443/devportal/apis/3d25892b-b9a4-4295-bdc9-6528d8d6b900/api-console Mozilla/5.0 (Windows NT 10.0; Win64; x64) AppleWebKit/537.36 (KHTML, like Gecko) Chrome/138.0.0.0 Safari/537.36 0.065
172.23.0.1 - - [15/Jul/2025:08:50:30 +0000] GET /api/am/devportal/v3/subscriptions?apiId=3d25892b-b9a4-4295-bdc9-6528d8d6b900&limit=5000 HTTP/1.1 200 924 https://localhost:9443/devportal/apis/3d25892b-b9a4-4295-bdc9-6528d8d6b900/api-console Mozilla/5.0 (Windows NT 10.0; Win64; x64) AppleWebKit/537.36 (KHTML, like Gecko) Chrome/138.0.0.0 Safari/537.36 0.055
172.23.0.1 - - [15/Jul/2025:08:50:30 +0000] GET /devportal/site/public/dist/7894.4c560af4e67e52ac7a4d.bundle.js HTTP/1.1 200 1102347 https://localhost:9443/devportal/apis/3d25892b-b9a4-4295-bdc9-6528d8d6b900/api-console Mozilla/5.0 (Windows NT 10.0; Win64; x64) AppleWebKit/537.36 (KHTML, like Gecko) Chrome/138.0.0.0 Safari/537.36 0.178
172.23.0.1 - - [15/Jul/2025:08:50:30 +0000] GET /api/am/devportal/v3/apis/3d25892b-b9a4-4295-bdc9-6528d8d6b900 HTTP/1.1 200 1061 https://localhost:9443/devportal/apis/3d25892b-b9a4-4295-bdc9-6528d8d6b900/api-console Mozilla/5.0 (Windows NT 10.0; Win64; x64) AppleWebKit/537.36 (KHTML, like Gecko) Chrome/138.0.0.0 Safari/537.36 0.011
172.23.0.1 - - [15/Jul/2025:08:50:30 +0000] GET /api/am/devportal/v3/apis/3d25892b-b9a4-4295-bdc9-6528d8d6b900/swagger?environmentName=Default HTTP/1.1 200 385 https://localhost:9443/devportal/apis/3d25892b-b9a4-4295-bdc9-6528d8d6b900/api-console Mozilla/5.0 (Windows NT 10.0; Win64; x64) AppleWebKit/537.36 (KHTML, like Gecko) Chrome/138.0.0.0 Safari/537.36 0.021
127.0.0.1 - - [15/Jul/2025:08:50:30 +0000] GET /keymanager-operations/dcr/register/UzRtUzQxSXdoRTJTUl9PTFAwT2JHc3VIamJJYQ%3D%3D HTTP/1.1 200 749 - Apache-HttpClient/4.5.13 (Java/21.0.5) 0.004
127.0.0.1 - - [15/Jul/2025:08:50:30 +0000] GET /keymanager-operations/dcr/register/dk9KMVB5VFlPSktKbEpDdnlhaFUyel9HOUM4YQ%3D%3D HTTP/1.1 200 547 - Apache-HttpClient/4.5.13 (Java/21.0.5) 0.004
172.23.0.1 - - [15/Jul/2025:08:50:30 +0000] GET /api/am/devportal/v3/subscriptions?apiId=3d25892b-b9a4-4295-bdc9-6528d8d6b900&limit=25 HTTP/1.1 200 922 https://localhost:9443/devportal/apis/3d25892b-b9a4-4295-bdc9-6528d8d6b900/api-console Mozilla/5.0 (Windows NT 10.0; Win64; x64) AppleWebKit/537.36 (KHTML, like Gecko) Chrome/138.0.0.0 Safari/537.36 0.035
172.23.0.1 - - [15/Jul/2025:08:50:30 +0000] GET /api/am/devportal/v3/swagger.yaml HTTP/1.1 200 30152 https://localhost:9443/devportal/apis/3d25892b-b9a4-4295-bdc9-6528d8d6b900/api-console Mozilla/5.0 (Windows NT 10.0; Win64; x64) AppleWebKit/537.36 (KHTML, like Gecko) Chrome/138.0.0.0 Safari/537.36 0.012
127.0.0.1 - - [15/Jul/2025:08:50:30 +0000] GET /keymanager-operations/dcr/register/UzRtUzQxSXdoRTJTUl9PTFAwT2JHc3VIamJJYQ%3D%3D HTTP/1.1 200 749 - Apache-HttpClient/4.5.13 (Java/21.0.5) 0.005
127.0.0.1 - - [15/Jul/2025:08:50:30 +0000] GET /oauth2/token/.well-known/openid-configuration HTTP/1.1 200 2404 - Apache-HttpClient/4.5.13 (Java/21.0.5) 0.004
127.0.0.1 - - [15/Jul/2025:08:50:30 +0000] GET /keymanager-operations/dcr/register/dk9KMVB5VFlPSktKbEpDdnlhaFUyel9HOUM4YQ%3D%3D HTTP/1.1 200 547 - Apache-HttpClient/4.5.13 (Java/21.0.5) 0.003
172.23.0.1 - - [15/Jul/2025:08:50:30 +0000] GET /api/am/devportal/v3/key-managers HTTP/1.1 200 764 https://localhost:9443/devportal/apis/3d25892b-b9a4-4295-bdc9-6528d8d6b900/api-console Mozilla/5.0 (Windows NT 10.0; Win64; x64) AppleWebKit/537.36 (KHTML, like Gecko) Chrome/138.0.0.0 Safari/537.36 0.028
172.23.0.1 - - [15/Jul/2025:08:50:30 +0000] GET /api/am/devportal/v3/subscriptions?apiId=3d25892b-b9a4-4295-bdc9-6528d8d6b900&limit=25 HTTP/1.1 200 922 https://localhost:9443/devportal/apis/3d25892b-b9a4-4295-bdc9-6528d8d6b900/api-console Mozilla/5.0 (Windows NT 10.0; Win64; x64) AppleWebKit/537.36 (KHTML, like Gecko) Chrome/138.0.0.0 Safari/537.36 0.039
172.23.0.1 - - [15/Jul/2025:08:50:30 +0000] GET /api/am/devportal/v3/applications/ HTTP/1.1 200 983 https://localhost:9443/devportal/apis/3d25892b-b9a4-4295-bdc9-6528d8d6b900/api-console Mozilla/5.0 (Windows NT 10.0; Win64; x64) AppleWebKit/537.36 (KHTML, like Gecko) Chrome/138.0.0.0 Safari/537.36 0.005
172.23.0.1 - - [15/Jul/2025:08:50:30 +0000] GET /api/am/devportal/v3/swagger.yaml HTTP/1.1 200 30152 https://localhost:9443/devportal/apis/3d25892b-b9a4-4295-bdc9-6528d8d6b900/api-console Mozilla/5.0 (Windows NT 10.0; Win64; x64) AppleWebKit/537.36 (KHTML, like Gecko) Chrome/138.0.0.0 Safari/537.36 0.012
127.0.0.1 - - [15/Jul/2025:08:50:30 +0000] GET /keymanager-operations/dcr/register/UzRtUzQxSXdoRTJTUl9PTFAwT2JHc3VIamJJYQ%3D%3D HTTP/1.1 200 749 - Apache-HttpClient/4.5.13 (Java/21.0.5) 0.003
172.23.0.1 - - [15/Jul/2025:08:50:30 +0000] GET /api/am/devportal/v3/applications/539d6b5f-186c-4ccb-bc4a-34c980dcdbbd HTTP/1.1 200 404 https://localhost:9443/devportal/apis/3d25892b-b9a4-4295-bdc9-6528d8d6b900/api-console Mozilla/5.0 (Windows NT 10.0; Win64; x64) AppleWebKit/537.36 (KHTML, like Gecko) Chrome/138.0.0.0 Safari/537.36 0.010
127.0.0.1 - - [15/Jul/2025:08:50:31 +0000] GET /keymanager-operations/dcr/register/UzRtUzQxSXdoRTJTUl9PTFAwT2JHc3VIamJJYQ%3D%3D HTTP/1.1 200 749 - Apache-HttpClient/4.5.13 (Java/21.0.5) 0.004
172.23.0.1 - - [15/Jul/2025:08:50:31 +0000] GET /api/am/devportal/v3/applications/539d6b5f-186c-4ccb-bc4a-34c980dcdbbd/oauth-keys HTTP/1.1 200 868 https://localhost:9443/devportal/apis/3d25892b-b9a4-4295-bdc9-6528d8d6b900/api-console Mozilla/5.0 (Windows NT 10.0; Win64; x64) AppleWebKit/537.36 (KHTML, like Gecko) Chrome/138.0.0.0 Safari/537.36 0.010
172.23.0.1 - - [15/Jul/2025:08:50:31 +0000] GET /api/am/devportal/v3/swagger.yaml HTTP/1.1 200 30152 https://localhost:9443/devportal/apis/3d25892b-b9a4-4295-bdc9-6528d8d6b900/api-console Mozilla/5.0 (Windows NT 10.0; Win64; x64) AppleWebKit/537.36 (KHTML, like Gecko) Chrome/138.0.0.0 Safari/537.36 0.026
127.0.0.1 - - [15/Jul/2025:08:50:31 +0000] GET /keymanager-operations/dcr/register/UzRtUzQxSXdoRTJTUl9PTFAwT2JHc3VIamJJYQ%3D%3D HTTP/1.1 200 749 - Apache-HttpClient/4.5.13 (Java/21.0.5) 0.003
172.23.0.1 - - [15/Jul/2025:08:50:31 +0000] GET /api/am/devportal/v3/applications/539d6b5f-186c-4ccb-bc4a-34c980dcdbbd HTTP/1.1 200 404 https://localhost:9443/devportal/apis/3d25892b-b9a4-4295-bdc9-6528d8d6b900/api-console Mozilla/5.0 (Windows NT 10.0; Win64; x64) AppleWebKit/537.36 (KHTML, like Gecko) Chrome/138.0.0.0 Safari/537.36 0.007
127.0.0.1 - - [15/Jul/2025:08:50:31 +0000] GET /keymanager-operations/dcr/register/UzRtUzQxSXdoRTJTUl9PTFAwT2JHc3VIamJJYQ%3D%3D HTTP/1.1 200 749 - Apache-HttpClient/4.5.13 (Java/21.0.5) 0.002
172.23.0.1 - - [15/Jul/2025:08:50:31 +0000] GET /api/am/devportal/v3/applications/539d6b5f-186c-4ccb-bc4a-34c980dcdbbd/oauth-keys HTTP/1.1 200 868 https://localhost:9443/devportal/apis/3d25892b-b9a4-4295-bdc9-6528d8d6b900/api-console Mozilla/5.0 (Windows NT 10.0; Win64; x64) AppleWebKit/537.36 (KHTML, like Gecko) Chrome/138.0.0.0 Safari/537.36 0.007
172.23.0.1 - - [15/Jul/2025:08:50:39 +0000] GET /api/am/devportal/v3/swagger.yaml HTTP/1.1 200 30152 https://localhost:9443/devportal/apis/3d25892b-b9a4-4295-bdc9-6528d8d6b900/api-console Mozilla/5.0 (Windows NT 10.0; Win64; x64) AppleWebKit/537.36 (KHTML, like Gecko) Chrome/138.0.0.0 Safari/537.36 0.040
127.0.0.1 - - [15/Jul/2025:08:50:39 +0000] GET /keymanager-operations/dcr/register/UzRtUzQxSXdoRTJTUl9PTFAwT2JHc3VIamJJYQ%3D%3D HTTP/1.1 200 749 - Apache-HttpClient/4.5.13 (Java/21.0.5) 0.002
172.23.0.1 - - [15/Jul/2025:08:50:39 +0000] GET /api/am/devportal/v3/applications/539d6b5f-186c-4ccb-bc4a-34c980dcdbbd HTTP/1.1 200 404 https://localhost:9443/devportal/apis/3d25892b-b9a4-4295-bdc9-6528d8d6b900/api-console Mozilla/5.0 (Windows NT 10.0; Win64; x64) AppleWebKit/537.36 (KHTML, like Gecko) Chrome/138.0.0.0 Safari/537.36 0.008
127.0.0.1 - - [15/Jul/2025:08:50:39 +0000] GET /keymanager-operations/dcr/register/UzRtUzQxSXdoRTJTUl9PTFAwT2JHc3VIamJJYQ%3D%3D HTTP/1.1 200 749 - Apache-HttpClient/4.5.13 (Java/21.0.5) 0.002
172.23.0.1 - - [15/Jul/2025:08:50:39 +0000] GET /api/am/devportal/v3/applications/539d6b5f-186c-4ccb-bc4a-34c980dcdbbd/oauth-keys HTTP/1.1 200 868 https://localhost:9443/devportal/apis/3d25892b-b9a4-4295-bdc9-6528d8d6b900/api-console Mozilla/5.0 (Windows NT 10.0; Win64; x64) AppleWebKit/537.36 (KHTML, like Gecko) Chrome/138.0.0.0 Safari/537.36 0.008
127.0.0.1 - - [15/Jul/2025:08:50:39 +0000] GET /keymanager-operations/dcr/register/UzRtUzQxSXdoRTJTUl9PTFAwT2JHc3VIamJJYQ%3D%3D HTTP/1.1 200 749 - Apache-HttpClient/4.5.13 (Java/21.0.5) 0.002
127.0.0.1 - - [15/Jul/2025:08:50:39 +0000] GET /keymanager-operations/dcr/register/UzRtUzQxSXdoRTJTUl9PTFAwT2JHc3VIamJJYQ%3D%3D HTTP/1.1 200 749 - Apache-HttpClient/4.5.13 (Java/21.0.5) 0.002
127.0.0.1 - - [15/Jul/2025:08:50:39 +0000] POST /oauth2/token HTTP/1.1 200 1178 - Apache-HttpClient/4.5.13 (Java/21.0.5) 0.010
172.23.0.1 - - [15/Jul/2025:08:50:39 +0000] POST /api/am/devportal/v3/applications/539d6b5f-186c-4ccb-bc4a-34c980dcdbbd/oauth-keys/5161b079-ecf2-402f-9ee6-b91bcf0aaeec/generate-token HTTP/1.1 200 898 https://localhost:9443/devportal/apis/3d25892b-b9a4-4295-bdc9-6528d8d6b900/api-console Mozilla/5.0 (Windows NT 10.0; Win64; x64) AppleWebKit/537.36 (KHTML, like Gecko) Chrome/138.0.0.0 Safari/537.36 0.103
127.0.0.1 - - [15/Jul/2025:08:50:39 +0000] POST /internal/data/v1/notify HTTP/1.1 200 - - Apache-HttpClient/4.5.13 (Java/21.0.5) 0.012
172.23.0.1 - - [15/Jul/2025:08:54:40 +0000] - 400 - - - 0.000
172.23.0.1 - - [15/Jul/2025:08:54:40 +0000] - 400 - - - 0.000
172.23.0.1 - - [15/Jul/2025:08:54:40 +0000] GET /api/am/devportal/v3/swagger.yaml HTTP/1.1 200 30152 https://localhost:9443/devportal/applications Mozilla/5.0 (Windows NT 10.0; Win64; x64) AppleWebKit/537.36 (KHTML, like Gecko) Chrome/138.0.0.0 Safari/537.36 0.019
172.23.0.1 - - [15/Jul/2025:08:54:40 +0000] GET /devportal/site/public/images/_favicon.ico HTTP/1.1 200 1150 https://localhost:9443/devportal/applications Mozilla/5.0 (Windows NT 10.0; Win64; x64) AppleWebKit/537.36 (KHTML, like Gecko) Chrome/138.0.0.0 Safari/537.36 0.002
172.23.0.1 - - [15/Jul/2025:08:54:40 +0000] GET /api/am/devportal/v3/applications?sortBy=name&sortOrder=asc&limit=10&offset=0 HTTP/1.1 200 983 https://localhost:9443/devportal/applications Mozilla/5.0 (Windows NT 10.0; Win64; x64) AppleWebKit/537.36 (KHTML, like Gecko) Chrome/138.0.0.0 Safari/537.36 0.021
172.23.0.1 - - [15/Jul/2025:08:54:41 +0000] GET /api/am/devportal/v3/applications/fad06452-19e3-4d94-bce8-e0d0a6f7b3ac HTTP/1.1 200 358 https://localhost:9443/devportal/applications/fad06452-19e3-4d94-bce8-e0d0a6f7b3ac Mozilla/5.0 (Windows NT 10.0; Win64; x64) AppleWebKit/537.36 (KHTML, like Gecko) Chrome/138.0.0.0 Safari/537.36 0.016
172.23.0.1 - - [15/Jul/2025:08:54:41 +0000] GET /devportal/site/public/images/_favicon.ico HTTP/1.1 200 1150 https://localhost:9443/devportal/applications/fad06452-19e3-4d94-bce8-e0d0a6f7b3ac Mozilla/5.0 (Windows NT 10.0; Win64; x64) AppleWebKit/537.36 (KHTML, like Gecko) Chrome/138.0.0.0 Safari/537.36 0.002
172.23.0.1 - - [15/Jul/2025:08:54:41 +0000] GET /devportal/site/public/images/_favicon.ico HTTP/1.1 200 1150 https://localhost:9443/devportal/applications/fad06452-19e3-4d94-bce8-e0d0a6f7b3ac/overview Mozilla/5.0 (Windows NT 10.0; Win64; x64) AppleWebKit/537.36 (KHTML, like Gecko) Chrome/138.0.0.0 Safari/537.36 0.003
172.23.0.1 - - [15/Jul/2025:08:54:41 +0000] GET /api/am/devportal/v3/applications/fad06452-19e3-4d94-bce8-e0d0a6f7b3ac HTTP/1.1 200 358 https://localhost:9443/devportal/applications/fad06452-19e3-4d94-bce8-e0d0a6f7b3ac/overview Mozilla/5.0 (Windows NT 10.0; Win64; x64) AppleWebKit/537.36 (KHTML, like Gecko) Chrome/138.0.0.0 Safari/537.36 0.008
172.23.0.1 - - [15/Jul/2025:08:54:41 +0000] GET /api/am/devportal/v3/throttling-policies/application/Unlimited HTTP/1.1 200 490 https://localhost:9443/devportal/applications/fad06452-19e3-4d94-bce8-e0d0a6f7b3ac/overview Mozilla/5.0 (Windows NT 10.0; Win64; x64) AppleWebKit/537.36 (KHTML, like Gecko) Chrome/138.0.0.0 Safari/537.36 0.007
172.23.0.1 - - [15/Jul/2025:08:54:43 +0000] GET /devportal/site/public/images/_favicon.ico HTTP/1.1 200 1150 https://localhost:9443/devportal/applications/fad06452-19e3-4d94-bce8-e0d0a6f7b3ac/subscriptions Mozilla/5.0 (Windows NT 10.0; Win64; x64) AppleWebKit/537.36 (KHTML, like Gecko) Chrome/138.0.0.0 Safari/537.36 0.003
172.23.0.1 - - [15/Jul/2025:08:54:43 +0000] GET /api/am/devportal/v3/subscriptions?applicationId=fad06452-19e3-4d94-bce8-e0d0a6f7b3ac&limit=1000 HTTP/1.1 200 711 https://localhost:9443/devportal/applications/fad06452-19e3-4d94-bce8-e0d0a6f7b3ac/subscriptions Mozilla/5.0 (Windows NT 10.0; Win64; x64) AppleWebKit/537.36 (KHTML, like Gecko) Chrome/138.0.0.0 Safari/537.36 0.024
172.23.0.1 - - [15/Jul/2025:08:54:43 +0000] GET /api/am/devportal/v3/subscriptions/4da3df82-d5b3-4320-9d69-d30e944da1b9 HTTP/1.1 200 659 https://localhost:9443/devportal/applications/fad06452-19e3-4d94-bce8-e0d0a6f7b3ac/subscriptions Mozilla/5.0 (Windows NT 10.0; Win64; x64) AppleWebKit/537.36 (KHTML, like Gecko) Chrome/138.0.0.0 Safari/537.36 0.015
172.23.0.1 - - [15/Jul/2025:08:54:43 +0000] GET /api/am/devportal/v3/apis/3d25892b-b9a4-4295-bdc9-6528d8d6b900 HTTP/1.1 200 1061 https://localhost:9443/devportal/applications/fad06452-19e3-4d94-bce8-e0d0a6f7b3ac/subscriptions Mozilla/5.0 (Windows NT 10.0; Win64; x64) AppleWebKit/537.36 (KHTML, like Gecko) Chrome/138.0.0.0 Safari/537.36 0.020
172.23.0.1 - - [15/Jul/2025:08:54:43 +0000] GET /api/am/devportal/v3/throttling-policies/subscription/Unlimited HTTP/1.1 200 491 https://localhost:9443/devportal/applications/fad06452-19e3-4d94-bce8-e0d0a6f7b3ac/subscriptions Mozilla/5.0 (Windows NT 10.0; Win64; x64) AppleWebKit/537.36 (KHTML, like Gecko) Chrome/138.0.0.0 Safari/537.36 0.003
172.23.0.1 - - [15/Jul/2025:08:54:43 +0000] GET /api/am/devportal/v3/apis/3d25892b-b9a4-4295-bdc9-6528d8d6b900 HTTP/1.1 200 1061 https://localhost:9443/devportal/applications/fad06452-19e3-4d94-bce8-e0d0a6f7b3ac/subscriptions Mozilla/5.0 (Windows NT 10.0; Win64; x64) AppleWebKit/537.36 (KHTML, like Gecko) Chrome/138.0.0.0 Safari/537.36 0.017
172.23.0.1 - - [15/Jul/2025:08:54:45 +0000] GET /api/am/devportal/v3/apis/3d25892b-b9a4-4295-bdc9-6528d8d6b900 HTTP/1.1 200 1061 https://localhost:9443/devportal/apis/3d25892b-b9a4-4295-bdc9-6528d8d6b900 Mozilla/5.0 (Windows NT 10.0; Win64; x64) AppleWebKit/537.36 (KHTML, like Gecko) Chrome/138.0.0.0 Safari/537.36 0.035
172.23.0.1 - - [15/Jul/2025:08:54:45 +0000] - 400 - - - 0.000
172.23.0.1 - - [15/Jul/2025:08:54:45 +0000] - 400 - - - 0.000
172.23.0.1 - - [15/Jul/2025:08:54:45 +0000] - 400 - - - 0.000
172.23.0.1 - - [15/Jul/2025:08:54:45 +0000] - 400 - - - 0.000
172.23.0.1 - - [15/Jul/2025:08:54:45 +0000] GET /api/am/devportal/v3/applications?limit=5000 HTTP/1.1 200 985 https://localhost:9443/devportal/apis/3d25892b-b9a4-4295-bdc9-6528d8d6b900 Mozilla/5.0 (Windows NT 10.0; Win64; x64) AppleWebKit/537.36 (KHTML, like Gecko) Chrome/138.0.0.0 Safari/537.36 0.023
127.0.0.1 - - [15/Jul/2025:08:54:45 +0000] GET /keymanager-operations/dcr/register/UzRtUzQxSXdoRTJTUl9PTFAwT2JHc3VIamJJYQ%3D%3D HTTP/1.1 200 749 - Apache-HttpClient/4.5.13 (Java/21.0.5) 0.009
127.0.0.1 - - [15/Jul/2025:08:54:45 +0000] GET /keymanager-operations/dcr/register/dk9KMVB5VFlPSktKbEpDdnlhaFUyel9HOUM4YQ%3D%3D HTTP/1.1 200 547 - Apache-HttpClient/4.5.13 (Java/21.0.5) 0.007
127.0.0.1 - - [15/Jul/2025:08:54:45 +0000] GET /keymanager-operations/dcr/register/UzRtUzQxSXdoRTJTUl9PTFAwT2JHc3VIamJJYQ%3D%3D HTTP/1.1 200 749 - Apache-HttpClient/4.5.13 (Java/21.0.5) 0.004
172.23.0.1 - - [15/Jul/2025:08:54:45 +0000] GET /devportal/site/public/images/_favicon.ico HTTP/1.1 200 1150 https://localhost:9443/devportal/apis/3d25892b-b9a4-4295-bdc9-6528d8d6b900 Mozilla/5.0 (Windows NT 10.0; Win64; x64) AppleWebKit/537.36 (KHTML, like Gecko) Chrome/138.0.0.0 Safari/537.36 0.002
127.0.0.1 - - [15/Jul/2025:08:54:45 +0000] GET /keymanager-operations/dcr/register/dk9KMVB5VFlPSktKbEpDdnlhaFUyel9HOUM4YQ%3D%3D HTTP/1.1 200 547 - Apache-HttpClient/4.5.13 (Java/21.0.5) 0.005
172.23.0.1 - - [15/Jul/2025:08:54:45 +0000] GET /api/am/devportal/v3/subscriptions?apiId=3d25892b-b9a4-4295-bdc9-6528d8d6b900&limit=25 HTTP/1.1 200 922 https://localhost:9443/devportal/apis/3d25892b-b9a4-4295-bdc9-6528d8d6b900 Mozilla/5.0 (Windows NT 10.0; Win64; x64) AppleWebKit/537.36 (KHTML, like Gecko) Chrome/138.0.0.0 Safari/537.36 0.118
172.23.0.1 - - [15/Jul/2025:08:54:45 +0000] GET /devportal/site/public/images/_favicon.ico HTTP/1.1 200 1150 https://localhost:9443/devportal/apis/3d25892b-b9a4-4295-bdc9-6528d8d6b900/overview Mozilla/5.0 (Windows NT 10.0; Win64; x64) AppleWebKit/537.36 (KHTML, like Gecko) Chrome/138.0.0.0 Safari/537.36 0.001
172.23.0.1 - - [15/Jul/2025:08:54:45 +0000] GET /api/am/devportal/v3/throttling-policies/subscription HTTP/1.1 200 751 https://localhost:9443/devportal/apis/3d25892b-b9a4-4295-bdc9-6528d8d6b900/overview Mozilla/5.0 (Windows NT 10.0; Win64; x64) AppleWebKit/537.36 (KHTML, like Gecko) Chrome/138.0.0.0 Safari/537.36 0.007
172.23.0.1 - - [15/Jul/2025:08:54:45 +0000] GET /api/am/devportal/v3/apis/3d25892b-b9a4-4295-bdc9-6528d8d6b900/documents HTTP/1.1 200 92 https://localhost:9443/devportal/apis/3d25892b-b9a4-4295-bdc9-6528d8d6b900/overview Mozilla/5.0 (Windows NT 10.0; Win64; x64) AppleWebKit/537.36 (KHTML, like Gecko) Chrome/138.0.0.0 Safari/537.36 0.029
172.23.0.1 - - [15/Jul/2025:08:54:45 +0000] GET /api/am/devportal/v3/throttling-policies/subscription HTTP/1.1 200 751 https://localhost:9443/devportal/apis/3d25892b-b9a4-4295-bdc9-6528d8d6b900/overview Mozilla/5.0 (Windows NT 10.0; Win64; x64) AppleWebKit/537.36 (KHTML, like Gecko) Chrome/138.0.0.0 Safari/537.36 0.006
172.23.0.1 - - [15/Jul/2025:08:54:45 +0000] GET /api/am/devportal/v3/subscriptions?apiId=3d25892b-b9a4-4295-bdc9-6528d8d6b900&limit=5000 HTTP/1.1 200 924 https://localhost:9443/devportal/apis/3d25892b-b9a4-4295-bdc9-6528d8d6b900 Mozilla/5.0 (Windows NT 10.0; Win64; x64) AppleWebKit/537.36 (KHTML, like Gecko) Chrome/138.0.0.0 Safari/537.36 0.092
172.23.0.1 - - [15/Jul/2025:08:54:45 +0000] GET /api/am/devportal/v3/apis/3d25892b-b9a4-4295-bdc9-6528d8d6b900/documents HTTP/1.1 200 92 https://localhost:9443/devportal/apis/3d25892b-b9a4-4295-bdc9-6528d8d6b900/overview Mozilla/5.0 (Windows NT 10.0; Win64; x64) AppleWebKit/537.36 (KHTML, like Gecko) Chrome/138.0.0.0 Safari/537.36 0.034
172.23.0.1 - - [15/Jul/2025:08:54:45 +0000] GET /api/am/devportal/v3/apis/3d25892b-b9a4-4295-bdc9-6528d8d6b900/ratings HTTP/1.1 200 125 https://localhost:9443/devportal/apis/3d25892b-b9a4-4295-bdc9-6528d8d6b900/overview Mozilla/5.0 (Windows NT 10.0; Win64; x64) AppleWebKit/537.36 (KHTML, like Gecko) Chrome/138.0.0.0 Safari/537.36 0.013
172.23.0.1 - - [15/Jul/2025:08:54:45 +0000] GET /api/am/devportal/v3/settings HTTP/1.1 200 542 https://localhost:9443/devportal/apis/3d25892b-b9a4-4295-bdc9-6528d8d6b900 Mozilla/5.0 (Windows NT 10.0; Win64; x64) AppleWebKit/537.36 (KHTML, like Gecko) Chrome/138.0.0.0 Safari/537.36 0.121
172.23.0.1 - - [15/Jul/2025:08:54:45 +0000] GET /api/am/devportal/v3/apis/3d25892b-b9a4-4295-bdc9-6528d8d6b900/comments?limit=5&offset=0 HTTP/1.1 200 101 https://localhost:9443/devportal/apis/3d25892b-b9a4-4295-bdc9-6528d8d6b900/overview Mozilla/5.0 (Windows NT 10.0; Win64; x64) AppleWebKit/537.36 (KHTML, like Gecko) Chrome/138.0.0.0 Safari/537.36 0.021
172.23.0.1 - - [15/Jul/2025:08:54:45 +0000] GET /api/am/devportal/v3/apis/3d25892b-b9a4-4295-bdc9-6528d8d6b900/thumbnail HTTP/1.1 204 - https://localhost:9443/devportal/apis/3d25892b-b9a4-4295-bdc9-6528d8d6b900/overview Mozilla/5.0 (Windows NT 10.0; Win64; x64) AppleWebKit/537.36 (KHTML, like Gecko) Chrome/138.0.0.0 Safari/537.36 0.024
172.23.0.1 - - [15/Jul/2025:08:54:48 +0000] GET /devportal/site/public/images/_favicon.ico HTTP/1.1 200 1150 https://localhost:9443/devportal/apis/3d25892b-b9a4-4295-bdc9-6528d8d6b900/api-console Mozilla/5.0 (Windows NT 10.0; Win64; x64) AppleWebKit/537.36 (KHTML, like Gecko) Chrome/138.0.0.0 Safari/537.36 0.002
172.23.0.1 - - [15/Jul/2025:08:54:48 +0000] GET /api/am/devportal/v3/applications?limit=5000 HTTP/1.1 200 985 https://localhost:9443/devportal/apis/3d25892b-b9a4-4295-bdc9-6528d8d6b900/api-console Mozilla/5.0 (Windows NT 10.0; Win64; x64) AppleWebKit/537.36 (KHTML, like Gecko) Chrome/138.0.0.0 Safari/537.36 0.013
172.23.0.1 - - [15/Jul/2025:08:54:48 +0000] GET /api/am/devportal/v3/apis/3d25892b-b9a4-4295-bdc9-6528d8d6b900 HTTP/1.1 200 1061 https://localhost:9443/devportal/apis/3d25892b-b9a4-4295-bdc9-6528d8d6b900/api-console Mozilla/5.0 (Windows NT 10.0; Win64; x64) AppleWebKit/537.36 (KHTML, like Gecko) Chrome/138.0.0.0 Safari/537.36 0.025
127.0.0.1 - - [15/Jul/2025:08:54:48 +0000] GET /keymanager-operations/dcr/register/dk9KMVB5VFlPSktKbEpDdnlhaFUyel9HOUM4YQ%3D%3D HTTP/1.1 200 547 - Apache-HttpClient/4.5.13 (Java/21.0.5) 0.007
127.0.0.1 - - [15/Jul/2025:08:54:48 +0000] GET /keymanager-operations/dcr/register/UzRtUzQxSXdoRTJTUl9PTFAwT2JHc3VIamJJYQ%3D%3D HTTP/1.1 200 749 - Apache-HttpClient/4.5.13 (Java/21.0.5) 0.005
127.0.0.1 - - [15/Jul/2025:08:54:48 +0000] GET /keymanager-operations/dcr/register/dk9KMVB5VFlPSktKbEpDdnlhaFUyel9HOUM4YQ%3D%3D HTTP/1.1 200 547 - Apache-HttpClient/4.5.13 (Java/21.0.5) 0.008
172.23.0.1 - - [15/Jul/2025:08:54:48 +0000] GET /api/am/devportal/v3/apis/3d25892b-b9a4-4295-bdc9-6528d8d6b900 HTTP/1.1 200 1061 https://localhost:9443/devportal/apis/3d25892b-b9a4-4295-bdc9-6528d8d6b900/api-console Mozilla/5.0 (Windows NT 10.0; Win64; x64) AppleWebKit/537.36 (KHTML, like Gecko) Chrome/138.0.0.0 Safari/537.36 0.033
127.0.0.1 - - [15/Jul/2025:08:54:48 +0000] GET /keymanager-operations/dcr/register/UzRtUzQxSXdoRTJTUl9PTFAwT2JHc3VIamJJYQ%3D%3D HTTP/1.1 200 749 - Apache-HttpClient/4.5.13 (Java/21.0.5) 0.008
172.23.0.1 - - [15/Jul/2025:08:54:48 +0000] GET /api/am/devportal/v3/subscriptions?apiId=3d25892b-b9a4-4295-bdc9-6528d8d6b900&limit=25 HTTP/1.1 200 922 https://localhost:9443/devportal/apis/3d25892b-b9a4-4295-bdc9-6528d8d6b900/api-console Mozilla/5.0 (Windows NT 10.0; Win64; x64) AppleWebKit/537.36 (KHTML, like Gecko) Chrome/138.0.0.0 Safari/537.36 0.100
172.23.0.1 - - [15/Jul/2025:08:54:48 +0000] GET /api/am/devportal/v3/subscriptions?apiId=3d25892b-b9a4-4295-bdc9-6528d8d6b900&limit=5000 HTTP/1.1 200 924 https://localhost:9443/devportal/apis/3d25892b-b9a4-4295-bdc9-6528d8d6b900/api-console Mozilla/5.0 (Windows NT 10.0; Win64; x64) AppleWebKit/537.36 (KHTML, like Gecko) Chrome/138.0.0.0 Safari/537.36 0.106
172.23.0.1 - - [15/Jul/2025:08:54:48 +0000] GET /api/am/devportal/v3/apis/3d25892b-b9a4-4295-bdc9-6528d8d6b900/swagger?environmentName=Default HTTP/1.1 200 385 https://localhost:9443/devportal/apis/3d25892b-b9a4-4295-bdc9-6528d8d6b900/api-console Mozilla/5.0 (Windows NT 10.0; Win64; x64) AppleWebKit/537.36 (KHTML, like Gecko) Chrome/138.0.0.0 Safari/537.36 0.036
127.0.0.1 - - [15/Jul/2025:08:54:48 +0000] GET /keymanager-operations/dcr/register/dk9KMVB5VFlPSktKbEpDdnlhaFUyel9HOUM4YQ%3D%3D HTTP/1.1 200 547 - Apache-HttpClient/4.5.13 (Java/21.0.5) 0.002
127.0.0.1 - - [15/Jul/2025:08:54:48 +0000] GET /keymanager-operations/dcr/register/UzRtUzQxSXdoRTJTUl9PTFAwT2JHc3VIamJJYQ%3D%3D HTTP/1.1 200 749 - Apache-HttpClient/4.5.13 (Java/21.0.5) 0.003
172.23.0.1 - - [15/Jul/2025:08:54:48 +0000] GET /api/am/devportal/v3/subscriptions?apiId=3d25892b-b9a4-4295-bdc9-6528d8d6b900&limit=25 HTTP/1.1 200 922 https://localhost:9443/devportal/apis/3d25892b-b9a4-4295-bdc9-6528d8d6b900/api-console Mozilla/5.0 (Windows NT 10.0; Win64; x64) AppleWebKit/537.36 (KHTML, like Gecko) Chrome/138.0.0.0 Safari/537.36 0.034
172.23.0.1 - - [15/Jul/2025:08:54:48 +0000] GET /api/am/devportal/v3/swagger.yaml HTTP/1.1 200 30152 https://localhost:9443/devportal/apis/3d25892b-b9a4-4295-bdc9-6528d8d6b900/api-console Mozilla/5.0 (Windows NT 10.0; Win64; x64) AppleWebKit/537.36 (KHTML, like Gecko) Chrome/138.0.0.0 Safari/537.36 0.011
127.0.0.1 - - [15/Jul/2025:08:54:48 +0000] GET /oauth2/token/.well-known/openid-configuration HTTP/1.1 200 2404 - Apache-HttpClient/4.5.13 (Java/21.0.5) 0.004
127.0.0.1 - - [15/Jul/2025:08:54:48 +0000] GET /keymanager-operations/dcr/register/dk9KMVB5VFlPSktKbEpDdnlhaFUyel9HOUM4YQ%3D%3D HTTP/1.1 200 547 - Apache-HttpClient/4.5.13 (Java/21.0.5) 0.002
172.23.0.1 - - [15/Jul/2025:08:54:48 +0000] GET /api/am/devportal/v3/key-managers HTTP/1.1 200 764 https://localhost:9443/devportal/apis/3d25892b-b9a4-4295-bdc9-6528d8d6b900/api-console Mozilla/5.0 (Windows NT 10.0; Win64; x64) AppleWebKit/537.36 (KHTML, like Gecko) Chrome/138.0.0.0 Safari/537.36 0.020
127.0.0.1 - - [15/Jul/2025:08:54:48 +0000] GET /keymanager-operations/dcr/register/UzRtUzQxSXdoRTJTUl9PTFAwT2JHc3VIamJJYQ%3D%3D HTTP/1.1 200 749 - Apache-HttpClient/4.5.13 (Java/21.0.5) 0.004
172.23.0.1 - - [15/Jul/2025:08:54:48 +0000] GET /api/am/devportal/v3/subscriptions?apiId=3d25892b-b9a4-4295-bdc9-6528d8d6b900&limit=25 HTTP/1.1 200 922 https://localhost:9443/devportal/apis/3d25892b-b9a4-4295-bdc9-6528d8d6b900/api-console Mozilla/5.0 (Windows NT 10.0; Win64; x64) AppleWebKit/537.36 (KHTML, like Gecko) Chrome/138.0.0.0 Safari/537.36 0.034
172.23.0.1 - - [15/Jul/2025:08:54:48 +0000] GET /api/am/devportal/v3/applications/ HTTP/1.1 200 983 https://localhost:9443/devportal/apis/3d25892b-b9a4-4295-bdc9-6528d8d6b900/api-console Mozilla/5.0 (Windows NT 10.0; Win64; x64) AppleWebKit/537.36 (KHTML, like Gecko) Chrome/138.0.0.0 Safari/537.36 0.005
172.23.0.1 - - [15/Jul/2025:08:54:48 +0000] GET /api/am/devportal/v3/swagger.yaml HTTP/1.1 200 30152 https://localhost:9443/devportal/apis/3d25892b-b9a4-4295-bdc9-6528d8d6b900/api-console Mozilla/5.0 (Windows NT 10.0; Win64; x64) AppleWebKit/537.36 (KHTML, like Gecko) Chrome/138.0.0.0 Safari/537.36 0.006
127.0.0.1 - - [15/Jul/2025:08:54:48 +0000] GET /keymanager-operations/dcr/register/UzRtUzQxSXdoRTJTUl9PTFAwT2JHc3VIamJJYQ%3D%3D HTTP/1.1 200 749 - Apache-HttpClient/4.5.13 (Java/21.0.5) 0.003
172.23.0.1 - - [15/Jul/2025:08:54:48 +0000] GET /api/am/devportal/v3/applications/539d6b5f-186c-4ccb-bc4a-34c980dcdbbd HTTP/1.1 200 404 https://localhost:9443/devportal/apis/3d25892b-b9a4-4295-bdc9-6528d8d6b900/api-console Mozilla/5.0 (Windows NT 10.0; Win64; x64) AppleWebKit/537.36 (KHTML, like Gecko) Chrome/138.0.0.0 Safari/537.36 0.011
127.0.0.1 - - [15/Jul/2025:08:54:48 +0000] GET /keymanager-operations/dcr/register/UzRtUzQxSXdoRTJTUl9PTFAwT2JHc3VIamJJYQ%3D%3D HTTP/1.1 200 749 - Apache-HttpClient/4.5.13 (Java/21.0.5) 0.003
172.23.0.1 - - [15/Jul/2025:08:54:48 +0000] GET /api/am/devportal/v3/applications/539d6b5f-186c-4ccb-bc4a-34c980dcdbbd/oauth-keys HTTP/1.1 200 868 https://localhost:9443/devportal/apis/3d25892b-b9a4-4295-bdc9-6528d8d6b900/api-console Mozilla/5.0 (Windows NT 10.0; Win64; x64) AppleWebKit/537.36 (KHTML, like Gecko) Chrome/138.0.0.0 Safari/537.36 0.009
172.23.0.1 - - [15/Jul/2025:08:54:48 +0000] GET /api/am/devportal/v3/swagger.yaml HTTP/1.1 200 30152 https://localhost:9443/devportal/apis/3d25892b-b9a4-4295-bdc9-6528d8d6b900/api-console Mozilla/5.0 (Windows NT 10.0; Win64; x64) AppleWebKit/537.36 (KHTML, like Gecko) Chrome/138.0.0.0 Safari/537.36 0.022
127.0.0.1 - - [15/Jul/2025:08:54:48 +0000] GET /keymanager-operations/dcr/register/UzRtUzQxSXdoRTJTUl9PTFAwT2JHc3VIamJJYQ%3D%3D HTTP/1.1 200 749 - Apache-HttpClient/4.5.13 (Java/21.0.5) 0.004
172.23.0.1 - - [15/Jul/2025:08:54:48 +0000] GET /api/am/devportal/v3/applications/539d6b5f-186c-4ccb-bc4a-34c980dcdbbd HTTP/1.1 200 404 https://localhost:9443/devportal/apis/3d25892b-b9a4-4295-bdc9-6528d8d6b900/api-console Mozilla/5.0 (Windows NT 10.0; Win64; x64) AppleWebKit/537.36 (KHTML, like Gecko) Chrome/138.0.0.0 Safari/537.36 0.011
127.0.0.1 - - [15/Jul/2025:08:54:48 +0000] GET /keymanager-operations/dcr/register/UzRtUzQxSXdoRTJTUl9PTFAwT2JHc3VIamJJYQ%3D%3D HTTP/1.1 200 749 - Apache-HttpClient/4.5.13 (Java/21.0.5) 0.006
172.23.0.1 - - [15/Jul/2025:08:54:48 +0000] GET /api/am/devportal/v3/applications/539d6b5f-186c-4ccb-bc4a-34c980dcdbbd/oauth-keys HTTP/1.1 200 868 https://localhost:9443/devportal/apis/3d25892b-b9a4-4295-bdc9-6528d8d6b900/api-console Mozilla/5.0 (Windows NT 10.0; Win64; x64) AppleWebKit/537.36 (KHTML, like Gecko) Chrome/138.0.0.0 Safari/537.36 0.014
172.23.0.1 - - [15/Jul/2025:08:54:51 +0000] GET /api/am/devportal/v3/swagger.yaml HTTP/1.1 200 30152 https://localhost:9443/devportal/apis/3d25892b-b9a4-4295-bdc9-6528d8d6b900/api-console Mozilla/5.0 (Windows NT 10.0; Win64; x64) AppleWebKit/537.36 (KHTML, like Gecko) Chrome/138.0.0.0 Safari/537.36 0.048
172.23.0.1 - - [15/Jul/2025:08:54:51 +0000] GET /api/am/devportal/v3/applications/fad06452-19e3-4d94-bce8-e0d0a6f7b3ac HTTP/1.1 200 358 https://localhost:9443/devportal/apis/3d25892b-b9a4-4295-bdc9-6528d8d6b900/api-console Mozilla/5.0 (Windows NT 10.0; Win64; x64) AppleWebKit/537.36 (KHTML, like Gecko) Chrome/138.0.0.0 Safari/537.36 0.004
172.23.0.1 - - [15/Jul/2025:08:54:51 +0000] GET /api/am/devportal/v3/applications/fad06452-19e3-4d94-bce8-e0d0a6f7b3ac/oauth-keys HTTP/1.1 200 21 https://localhost:9443/devportal/apis/3d25892b-b9a4-4295-bdc9-6528d8d6b900/api-console Mozilla/5.0 (Windows NT 10.0; Win64; x64) AppleWebKit/537.36 (KHTML, like Gecko) Chrome/138.0.0.0 Safari/537.36 0.003
172.23.0.1 - - [15/Jul/2025:08:54:58 +0000] GET /api/am/devportal/v3/swagger.yaml HTTP/1.1 200 30152 https://localhost:9443/devportal/apis/3d25892b-b9a4-4295-bdc9-6528d8d6b900/api-console Mozilla/5.0 (Windows NT 10.0; Win64; x64) AppleWebKit/537.36 (KHTML, like Gecko) Chrome/138.0.0.0 Safari/537.36 0.021
172.23.0.1 - - [15/Jul/2025:08:54:58 +0000] GET /api/am/devportal/v3/swagger.yaml HTTP/1.1 200 30152 https://localhost:9443/devportal/apis/3d25892b-b9a4-4295-bdc9-6528d8d6b900/api-console Mozilla/5.0 (Windows NT 10.0; Win64; x64) AppleWebKit/537.36 (KHTML, like Gecko) Chrome/138.0.0.0 Safari/537.36 0.012
172.23.0.1 - - [15/Jul/2025:08:54:58 +0000] GET /api/am/devportal/v3/applications/fad06452-19e3-4d94-bce8-e0d0a6f7b3ac HTTP/1.1 200 358 https://localhost:9443/devportal/apis/3d25892b-b9a4-4295-bdc9-6528d8d6b900/api-console Mozilla/5.0 (Windows NT 10.0; Win64; x64) AppleWebKit/537.36 (KHTML, like Gecko) Chrome/138.0.0.0 Safari/537.36 0.004
172.23.0.1 - - [15/Jul/2025:08:54:58 +0000] GET /api/am/devportal/v3/applications/fad06452-19e3-4d94-bce8-e0d0a6f7b3ac HTTP/1.1 200 358 https://localhost:9443/devportal/apis/3d25892b-b9a4-4295-bdc9-6528d8d6b900/api-console Mozilla/5.0 (Windows NT 10.0; Win64; x64) AppleWebKit/537.36 (KHTML, like Gecko) Chrome/138.0.0.0 Safari/537.36 0.008
172.23.0.1 - - [15/Jul/2025:08:54:58 +0000] GET /api/am/devportal/v3/applications/fad06452-19e3-4d94-bce8-e0d0a6f7b3ac/oauth-keys HTTP/1.1 200 21 https://localhost:9443/devportal/apis/3d25892b-b9a4-4295-bdc9-6528d8d6b900/api-console Mozilla/5.0 (Windows NT 10.0; Win64; x64) AppleWebKit/537.36 (KHTML, like Gecko) Chrome/138.0.0.0 Safari/537.36 0.008
172.23.0.1 - - [15/Jul/2025:08:54:58 +0000] GET /api/am/devportal/v3/applications/fad06452-19e3-4d94-bce8-e0d0a6f7b3ac/oauth-keys HTTP/1.1 200 21 https://localhost:9443/devportal/apis/3d25892b-b9a4-4295-bdc9-6528d8d6b900/api-console Mozilla/5.0 (Windows NT 10.0; Win64; x64) AppleWebKit/537.36 (KHTML, like Gecko) Chrome/138.0.0.0 Safari/537.36 0.009
172.23.0.1 - - [15/Jul/2025:08:55:00 +0000] GET /api/am/devportal/v3/swagger.yaml HTTP/1.1 200 30152 https://localhost:9443/devportal/apis/3d25892b-b9a4-4295-bdc9-6528d8d6b900/api-console Mozilla/5.0 (Windows NT 10.0; Win64; x64) AppleWebKit/537.36 (KHTML, like Gecko) Chrome/138.0.0.0 Safari/537.36 0.020
172.23.0.1 - - [15/Jul/2025:08:55:00 +0000] GET /api/am/devportal/v3/swagger.yaml HTTP/1.1 200 30152 https://localhost:9443/devportal/apis/3d25892b-b9a4-4295-bdc9-6528d8d6b900/api-console Mozilla/5.0 (Windows NT 10.0; Win64; x64) AppleWebKit/537.36 (KHTML, like Gecko) Chrome/138.0.0.0 Safari/537.36 0.025
172.23.0.1 - - [15/Jul/2025:08:55:00 +0000] GET /api/am/devportal/v3/applications/fad06452-19e3-4d94-bce8-e0d0a6f7b3ac HTTP/1.1 200 358 https://localhost:9443/devportal/apis/3d25892b-b9a4-4295-bdc9-6528d8d6b900/api-console Mozilla/5.0 (Windows NT 10.0; Win64; x64) AppleWebKit/537.36 (KHTML, like Gecko) Chrome/138.0.0.0 Safari/537.36 0.005
172.23.0.1 - - [15/Jul/2025:08:55:00 +0000] GET /api/am/devportal/v3/applications/fad06452-19e3-4d94-bce8-e0d0a6f7b3ac HTTP/1.1 200 358 https://localhost:9443/devportal/apis/3d25892b-b9a4-4295-bdc9-6528d8d6b900/api-console Mozilla/5.0 (Windows NT 10.0; Win64; x64) AppleWebKit/537.36 (KHTML, like Gecko) Chrome/138.0.0.0 Safari/537.36 0.003
172.23.0.1 - - [15/Jul/2025:08:55:00 +0000] GET /api/am/devportal/v3/applications/fad06452-19e3-4d94-bce8-e0d0a6f7b3ac/oauth-keys HTTP/1.1 200 21 https://localhost:9443/devportal/apis/3d25892b-b9a4-4295-bdc9-6528d8d6b900/api-console Mozilla/5.0 (Windows NT 10.0; Win64; x64) AppleWebKit/537.36 (KHTML, like Gecko) Chrome/138.0.0.0 Safari/537.36 0.003
172.23.0.1 - - [15/Jul/2025:08:55:00 +0000] GET /api/am/devportal/v3/applications/fad06452-19e3-4d94-bce8-e0d0a6f7b3ac/oauth-keys HTTP/1.1 200 21 https://localhost:9443/devportal/apis/3d25892b-b9a4-4295-bdc9-6528d8d6b900/api-console Mozilla/5.0 (Windows NT 10.0; Win64; x64) AppleWebKit/537.36 (KHTML, like Gecko) Chrome/138.0.0.0 Safari/537.36 0.004
172.23.0.1 - - [15/Jul/2025:08:55:32 +0000] GET /devportal/services/logout HTTP/1.1 302 - https://localhost:9443/devportal/apis/3d25892b-b9a4-4295-bdc9-6528d8d6b900/api-console Mozilla/5.0 (Windows NT 10.0; Win64; x64) AppleWebKit/537.36 (KHTML, like Gecko) Chrome/138.0.0.0 Safari/537.36 0.008
172.23.0.1 - - [15/Jul/2025:08:55:32 +0000] GET /oidc/logout?id_token_hint=eyJ4NXQiOiJNV1V4WW1Oa1pXSXdZVFEyTkRjeU1UVXdZelUxTlRReVlUbGpZekF5WmpNNU5EZ3haVFZrWkRGbE5tVmhORGt6WXpneVlqQXlNMk5pWlRBellqUTBZdyIsImtpZCI6Ik1XVXhZbU5rWldJd1lUUTJORGN5TVRVd1l6VTFOVFF5WVRsall6QXlaak01TkRneFpUVmtaREZsTm1WaE5Ea3pZemd5WWpBeU0yTmlaVEF6WWpRMFl3X1JTMjU2IiwiYWxnIjoiUlMyNTYifQ.eyJpc2siOiJhNTJiYmIyMDU4YWU5OTc3YTRhOGI3N2M1M2M1OTk2MzM4ZjUyZDU5ZGVlNjdkODA4M2UwYmM2OGYzYjJkNDU1IiwiYXRfaGFzaCI6Il9UcjNwendYN3J5azNWWHBrajFkMUEiLCJzdWIiOiJhZG1pbiIsImFtciI6WyJCYXNpY0F1dGhlbnRpY2F0b3IiXSwiaXNzIjoiaHR0cHM6Ly9sb2NhbGhvc3Q6OTQ0My9vYXV0aDIvdG9rZW4iLCJzaWQiOiJhMzQzYzRiNi02YWJkLTQ3MDMtYmY0Yy0xMjVmMWI2OWE1NWIiLCJhdWQiOiI4WU5jd3R5YUh4V1BVVDl4SmdMWkR3cmQ0c1VhIiwiY19oYXNoIjoiNmJVQW8xN1N2VlBWMUM5NHpMX19EZyIsIm5iZiI6MTc1MjU2OTEyMywiYXpwIjoiOFlOY3d0eWFIeFdQVVQ5eEpnTFpEd3JkNHNVYSIsImV4cCI6MTc1MjU3MjcyMywiaWF0IjoxNzUyNTY5MTIzLCJqdGkiOiI0MDAxZmRjOS0wYWQxLTQ2NTMtOTA2ZC0xYWZlM2Q5MzQ0Y2EifQ.ZH6mAQToqDSsK6Thpvm8ARTFgh26RVfCrX5qLtqVGJelMLzfThvWvb6zQckaZeGnqhuT5kbd4Mo8tvzt6Cx0sd_CDwnwBep_cmfFqaTeikpx1wWkX36TlkUsBK9UZfzeb5sqq5QjsQIYZedC8SaQODCgID4uVXbew6cX-kfYhqcCDFODk4sm_Ox3UjhZZCr7Z4yq0LeMuUtwVPu7x8u6EhB2q1aXb4jCNWFxJ-WzPg0vG4VYzoNCoUjZOfssRPfcki3AEUwuWHeX_4Ii_RIWwegPMdMV_enEen7NFcBYo_wTlqGBnZ7GlyMqOHTp1YR5LrHJAHJQNC9Z249EK1kDag&post_logout_redirect_uri=https://localhost:9443/devportal/services/auth/callback/logout&state=6d249fb8d8a2df265cf7453ea4ee91ab58f61b200a0d8082e36ab9e7cd0e3f16.I0DFBdRRsQ0ccxNN6cmx5A,OIDC HTTP/1.1 302 - https://localhost:9443/devportal/apis/3d25892b-b9a4-4295-bdc9-6528d8d6b900/api-console Mozilla/5.0 (Windows NT 10.0; Win64; x64) AppleWebKit/537.36 (KHTML, like Gecko) Chrome/138.0.0.0 Safari/537.36 0.040
172.23.0.1 - - [15/Jul/2025:08:55:32 +0000] GET /devportal/services/auth/callback/logout?state=6d249fb8d8a2df265cf7453ea4ee91ab58f61b200a0d8082e36ab9e7cd0e3f16.I0DFBdRRsQ0ccxNN6cmx5A%2COIDC&sp=apim_devportal&crId=0c12783c-e8af-4233-8ba0-4964dbeb6864&tenantDomain=carbon.super HTTP/1.1 302 - https://localhost:9443/devportal/apis/3d25892b-b9a4-4295-bdc9-6528d8d6b900/api-console Mozilla/5.0 (Windows NT 10.0; Win64; x64) AppleWebKit/537.36 (KHTML, like Gecko) Chrome/138.0.0.0 Safari/537.36 0.004
172.23.0.1 - - [15/Jul/2025:08:55:32 +0000] GET /devportal/logout?referrer=/apis HTTP/1.1 200 1691 https://localhost:9443/devportal/apis/3d25892b-b9a4-4295-bdc9-6528d8d6b900/api-console Mozilla/5.0 (Windows NT 10.0; Win64; x64) AppleWebKit/537.36 (KHTML, like Gecko) Chrome/138.0.0.0 Safari/537.36 0.002
172.23.0.1 - - [15/Jul/2025:08:55:32 +0000] GET /devportal/site/public/css/main.css HTTP/1.1 200 2309 https://localhost:9443/devportal/logout?referrer=/apis Mozilla/5.0 (Windows NT 10.0; Win64; x64) AppleWebKit/537.36 (KHTML, like Gecko) Chrome/138.0.0.0 Safari/537.36 0.006
172.23.0.1 - - [15/Jul/2025:08:55:32 +0000] GET /devportal/site/public/theme/userTheme.js HTTP/1.1 200 95 https://localhost:9443/devportal/logout?referrer=/apis Mozilla/5.0 (Windows NT 10.0; Win64; x64) AppleWebKit/537.36 (KHTML, like Gecko) Chrome/138.0.0.0 Safari/537.36 0.002
172.23.0.1 - - [15/Jul/2025:08:55:32 +0000] GET /devportal/services/settings/settings.js HTTP/1.1 200 1670 https://localhost:9443/devportal/logout?referrer=/apis Mozilla/5.0 (Windows NT 10.0; Win64; x64) AppleWebKit/537.36 (KHTML, like Gecko) Chrome/138.0.0.0 Safari/537.36 0.003
172.23.0.1 - - [15/Jul/2025:08:55:32 +0000] GET /devportal/site/public/css/overrides.css HTTP/1.1 200 - https://localhost:9443/devportal/logout?referrer=/apis Mozilla/5.0 (Windows NT 10.0; Win64; x64) AppleWebKit/537.36 (KHTML, like Gecko) Chrome/138.0.0.0 Safari/537.36 0.001
172.23.0.1 - - [15/Jul/2025:08:55:32 +0000] GET /devportal/site/public/fonts/iconfont/material-icons.css HTTP/1.1 200 970 https://localhost:9443/devportal/logout?referrer=/apis Mozilla/5.0 (Windows NT 10.0; Win64; x64) AppleWebKit/537.36 (KHTML, like Gecko) Chrome/138.0.0.0 Safari/537.36 0.001
172.23.0.1 - - [15/Jul/2025:08:55:32 +0000] GET /devportal/site/public/fonts/iconfont/MaterialIcons.js HTTP/1.1 200 6703 https://localhost:9443/devportal/logout?referrer=/apis Mozilla/5.0 (Windows NT 10.0; Win64; x64) AppleWebKit/537.36 (KHTML, like Gecko) Chrome/138.0.0.0 Safari/537.36 0.002
172.23.0.1 - - [15/Jul/2025:08:55:32 +0000] GET /devportal/site/public/dist/index.9a2ce8733ef18848cae3.bundle.js HTTP/1.1 200 330449 https://localhost:9443/devportal/logout?referrer=/apis Mozilla/5.0 (Windows NT 10.0; Win64; x64) AppleWebKit/537.36 (KHTML, like Gecko) Chrome/138.0.0.0 Safari/537.36 0.041
172.23.0.1 - - [15/Jul/2025:08:55:32 +0000] GET /devportal/site/public/locales/en.json HTTP/1.1 200 68799 https://localhost:9443/devportal/logout?referrer=/apis Mozilla/5.0 (Windows NT 10.0; Win64; x64) AppleWebKit/537.36 (KHTML, like Gecko) Chrome/138.0.0.0 Safari/537.36 0.009
172.23.0.1 - - [15/Jul/2025:08:55:32 +0000] GET /api/am/devportal/v3/swagger.yaml HTTP/1.1 200 30152 https://localhost:9443/devportal/logout?referrer=/apis Mozilla/5.0 (Windows NT 10.0; Win64; x64) AppleWebKit/537.36 (KHTML, like Gecko) Chrome/138.0.0.0 Safari/537.36 0.009
172.23.0.1 - - [15/Jul/2025:08:55:32 +0000] GET /devportal/site/public/images/_favicon.ico HTTP/1.1 200 1150 https://localhost:9443/devportal/logout?referrer=/apis Mozilla/5.0 (Windows NT 10.0; Win64; x64) AppleWebKit/537.36 (KHTML, like Gecko) Chrome/138.0.0.0 Safari/537.36 0.001
172.23.0.1 - - [15/Jul/2025:08:55:33 +0000] GET /api/am/devportal/v3/settings HTTP/1.1 200 775 https://localhost:9443/devportal/logout?referrer=/apis Mozilla/5.0 (Windows NT 10.0; Win64; x64) AppleWebKit/537.36 (KHTML, like Gecko) Chrome/138.0.0.0 Safari/537.36 0.062
172.23.0.1 - - [15/Jul/2025:08:55:33 +0000] GET /devportal/site/public/dist/8762.376c6814a333f1d5caff.bundle.js HTTP/1.1 200 98796 https://localhost:9443/devportal/apis Mozilla/5.0 (Windows NT 10.0; Win64; x64) AppleWebKit/537.36 (KHTML, like Gecko) Chrome/138.0.0.0 Safari/537.36 0.016
172.23.0.1 - - [15/Jul/2025:08:55:33 +0000] GET /devportal/site/public/images/_favicon.ico HTTP/1.1 200 1150 https://localhost:9443/devportal/apis Mozilla/5.0 (Windows NT 10.0; Win64; x64) AppleWebKit/537.36 (KHTML, like Gecko) Chrome/138.0.0.0 Safari/537.36 0.002
172.23.0.1 - - [15/Jul/2025:08:55:33 +0000] GET /devportal/site/public/dist/ProtectedApp.e0e280a9fd8a17ed8a2e.bundle.js HTTP/1.1 200 77990 https://localhost:9443/devportal/apis Mozilla/5.0 (Windows NT 10.0; Win64; x64) AppleWebKit/537.36 (KHTML, like Gecko) Chrome/138.0.0.0 Safari/537.36 0.017
172.23.0.1 - - [15/Jul/2025:08:55:33 +0000] GET /devportal/site/public/theme/temporary_environments_config.json HTTP/1.1 200 - https://localhost:9443/devportal/apis Mozilla/5.0 (Windows NT 10.0; Win64; x64) AppleWebKit/537.36 (KHTML, like Gecko) Chrome/138.0.0.0 Safari/537.36 0.001
172.23.0.1 - - [15/Jul/2025:08:55:33 +0000] GET /devportal/site/public/theme/temporary_features_config.json HTTP/1.1 200 - https://localhost:9443/devportal/apis Mozilla/5.0 (Windows NT 10.0; Win64; x64) AppleWebKit/537.36 (KHTML, like Gecko) Chrome/138.0.0.0 Safari/537.36 0.001
