172.23.0.1 - - [28/Apr/2025:10:33:02 +0000] GET /devportal/site/public/dist/573.cf801127f162fe2820f1.bundle.js HTTP/1.1 200 8788 https://localhost:9443/devportal/apis/3d25892b-b9a4-4295-bdc9-6528d8d6b900/api-console Mozilla/5.0 (Windows NT 10.0; Win64; x64) AppleWebKit/537.36 (KHTML, like Gecko) Chrome/135.0.0.0 Safari/537.36 0.012
172.23.0.1 - - [28/Apr/2025:10:33:02 +0000] GET /devportal/site/public/dist/538.fa642f3b646b875eb607.bundle.js HTTP/1.1 200 27240 https://localhost:9443/devportal/apis/3d25892b-b9a4-4295-bdc9-6528d8d6b900/api-console Mozilla/5.0 (Windows NT 10.0; Win64; x64) AppleWebKit/537.36 (KHTML, like Gecko) Chrome/135.0.0.0 Safari/537.36 0.017
172.23.0.1 - - [28/Apr/2025:10:33:02 +0000] - 400 - - - 0.000
172.23.0.1 - - [28/Apr/2025:10:33:02 +0000] GET /oidc/checksession?client_id=8YNcwtyaHxWPUT9xJgLZDwrd4sUa&redirect_uri=https://localhost:9443/devportal/services/auth/callback/login HTTP/1.1 200 3134 https://localhost:9443/devportal/apis/3d25892b-b9a4-4295-bdc9-6528d8d6b900/api-console Mozilla/5.0 (Windows NT 10.0; Win64; x64) AppleWebKit/537.36 (KHTML, like Gecko) Chrome/135.0.0.0 Safari/537.36 0.013
172.23.0.1 - - [28/Apr/2025:10:33:02 +0000] GET /devportal/site/public/dist/Apis.95678e86a2a3de116f2e.bundle.js HTTP/1.1 200 31428 https://localhost:9443/devportal/apis/3d25892b-b9a4-4295-bdc9-6528d8d6b900/api-console Mozilla/5.0 (Windows NT 10.0; Win64; x64) AppleWebKit/537.36 (KHTML, like Gecko) Chrome/135.0.0.0 Safari/537.36 0.021
172.23.0.1 - - [28/Apr/2025:10:33:02 +0000] GET /devportal/site/public/dist/4609.b012e181419e98189c2d.bundle.js HTTP/1.1 200 110016 https://localhost:9443/devportal/apis/3d25892b-b9a4-4295-bdc9-6528d8d6b900/api-console Mozilla/5.0 (Windows NT 10.0; Win64; x64) AppleWebKit/537.36 (KHTML, like Gecko) Chrome/135.0.0.0 Safari/537.36 0.035
172.23.0.1 - - [28/Apr/2025:10:33:02 +0000] GET /devportal HTTP/1.1 302 - https://localhost:9443/devportal/apis/3d25892b-b9a4-4295-bdc9-6528d8d6b900/api-console Mozilla/5.0 (Windows NT 10.0; Win64; x64) AppleWebKit/537.36 (KHTML, like Gecko) Chrome/135.0.0.0 Safari/537.36 0.000
172.23.0.1 - - [28/Apr/2025:10:33:02 +0000] GET /devportal/site/public/images/logo.svg HTTP/1.1 200 74991 https://localhost:9443/devportal/apis/3d25892b-b9a4-4295-bdc9-6528d8d6b900/api-console Mozilla/5.0 (Windows NT 10.0; Win64; x64) AppleWebKit/537.36 (KHTML, like Gecko) Chrome/135.0.0.0 Safari/537.36 0.004
172.23.0.1 - - [28/Apr/2025:10:33:02 +0000] GET /devportal/site/public/images/appbarBack.png HTTP/1.1 200 1964 https://localhost:9443/devportal/apis/3d25892b-b9a4-4295-bdc9-6528d8d6b900/api-console Mozilla/5.0 (Windows NT 10.0; Win64; x64) AppleWebKit/537.36 (KHTML, like Gecko) Chrome/135.0.0.0 Safari/537.36 0.003
172.23.0.1 - - [28/Apr/2025:10:33:02 +0000] GET /devportal/site/public/fonts/Open_Sans/mem8YaGs126MiZpBA-UFVZ0bf8pkAg.woff2 HTTP/1.1 200 8892 https://localhost:9443/devportal/site/public/css/main.css Mozilla/5.0 (Windows NT 10.0; Win64; x64) AppleWebKit/537.36 (KHTML, like Gecko) Chrome/135.0.0.0 Safari/537.36 0.002
172.23.0.1 - - [28/Apr/2025:10:33:02 +0000] GET /devportal/site/public/fonts/iconfont/MaterialIcons-Regular.woff2 HTTP/1.1 200 60840 https://localhost:9443/devportal/site/public/fonts/iconfont/material-icons.css Mozilla/5.0 (Windows NT 10.0; Win64; x64) AppleWebKit/537.36 (KHTML, like Gecko) Chrome/135.0.0.0 Safari/537.36 0.003
172.23.0.1 - - [28/Apr/2025:10:33:02 +0000] GET /devportal/site/public/fonts/Open_Sans/mem5YaGs126MiZpBA-UN7rgOUuhpKKSTjw.woff2 HTTP/1.1 200 8800 https://localhost:9443/devportal/site/public/css/main.css Mozilla/5.0 (Windows NT 10.0; Win64; x64) AppleWebKit/537.36 (KHTML, like Gecko) Chrome/135.0.0.0 Safari/537.36 0.002
172.23.0.1 - - [28/Apr/2025:10:33:02 +0000] - 400 - - - 0.000
172.23.0.1 - - [28/Apr/2025:10:33:02 +0000] GET /devportal/ HTTP/1.1 200 1691 https://localhost:9443/devportal/apis/3d25892b-b9a4-4295-bdc9-6528d8d6b900/api-console Mozilla/5.0 (Windows NT 10.0; Win64; x64) AppleWebKit/537.36 (KHTML, like Gecko) Chrome/135.0.0.0 Safari/537.36 0.003
172.23.0.1 - - [28/Apr/2025:10:33:02 +0000] GET /api/am/devportal/v3/apis/3d25892b-b9a4-4295-bdc9-6528d8d6b900 HTTP/1.1 200 1061 https://localhost:9443/devportal/apis/3d25892b-b9a4-4295-bdc9-6528d8d6b900/api-console Mozilla/5.0 (Windows NT 10.0; Win64; x64) AppleWebKit/537.36 (KHTML, like Gecko) Chrome/135.0.0.0 Safari/537.36 0.038
172.23.0.1 - - [28/Apr/2025:10:33:02 +0000] GET /api/am/devportal/v3/settings HTTP/1.1 200 775 https://localhost:9443/devportal/apis/3d25892b-b9a4-4295-bdc9-6528d8d6b900/api-console Mozilla/5.0 (Windows NT 10.0; Win64; x64) AppleWebKit/537.36 (KHTML, like Gecko) Chrome/135.0.0.0 Safari/537.36 0.049
172.23.0.1 - - [28/Apr/2025:10:33:02 +0000] GET /devportal/site/public/dist/1653.a1e39dcf0973ac6ac28f.bundle.js HTTP/1.1 200 3734 https://localhost:9443/devportal/apis/3d25892b-b9a4-4295-bdc9-6528d8d6b900/api-console Mozilla/5.0 (Windows NT 10.0; Win64; x64) AppleWebKit/537.36 (KHTML, like Gecko) Chrome/135.0.0.0 Safari/537.36 0.006
172.23.0.1 - - [28/Apr/2025:10:33:02 +0000] - 400 - - - 0.000
172.23.0.1 - - [28/Apr/2025:10:33:02 +0000] GET /devportal/site/public/dist/2543.3fb1fe0024370c0247fe.bundle.js HTTP/1.1 200 25309 https://localhost:9443/devportal/apis/3d25892b-b9a4-4295-bdc9-6528d8d6b900/api-console Mozilla/5.0 (Windows NT 10.0; Win64; x64) AppleWebKit/537.36 (KHTML, like Gecko) Chrome/135.0.0.0 Safari/537.36 0.012
172.23.0.1 - - [28/Apr/2025:10:33:02 +0000] GET /devportal/site/public/dist/6641.8d024a07e40fdfe75620.bundle.js HTTP/1.1 200 17649 https://localhost:9443/devportal/apis/3d25892b-b9a4-4295-bdc9-6528d8d6b900/api-console Mozilla/5.0 (Windows NT 10.0; Win64; x64) AppleWebKit/537.36 (KHTML, like Gecko) Chrome/135.0.0.0 Safari/537.36 0.012
172.23.0.1 - - [28/Apr/2025:10:33:02 +0000] GET /devportal/site/public/dist/8874.c537936ef42191588f7a.bundle.js HTTP/1.1 200 6048 https://localhost:9443/devportal/apis/3d25892b-b9a4-4295-bdc9-6528d8d6b900/api-console Mozilla/5.0 (Windows NT 10.0; Win64; x64) AppleWebKit/537.36 (KHTML, like Gecko) Chrome/135.0.0.0 Safari/537.36 0.005
172.23.0.1 - - [28/Apr/2025:10:33:02 +0000] GET /devportal/site/public/images/leftMenuBack.png HTTP/1.1 200 5308 https://localhost:9443/devportal/apis/3d25892b-b9a4-4295-bdc9-6528d8d6b900/api-console Mozilla/5.0 (Windows NT 10.0; Win64; x64) AppleWebKit/537.36 (KHTML, like Gecko) Chrome/135.0.0.0 Safari/537.36 0.003
172.23.0.1 - - [28/Apr/2025:10:33:02 +0000] - 400 - - - 0.000
172.23.0.1 - - [28/Apr/2025:10:33:02 +0000] GET /devportal/site/public/dist/3370.64313a377cb5c4367704.bundle.js HTTP/1.1 200 63803 https://localhost:9443/devportal/apis/3d25892b-b9a4-4295-bdc9-6528d8d6b900/api-console Mozilla/5.0 (Windows NT 10.0; Win64; x64) AppleWebKit/537.36 (KHTML, like Gecko) Chrome/135.0.0.0 Safari/537.36 0.056
172.23.0.1 - - [28/Apr/2025:10:33:02 +0000] GET /devportal/site/public/dist/APIConsole.12535ec91b82033ea0b4.bundle.js HTTP/1.1 200 7994 https://localhost:9443/devportal/apis/3d25892b-b9a4-4295-bdc9-6528d8d6b900/api-console Mozilla/5.0 (Windows NT 10.0; Win64; x64) AppleWebKit/537.36 (KHTML, like Gecko) Chrome/135.0.0.0 Safari/537.36 0.019
172.23.0.1 - - [28/Apr/2025:10:33:02 +0000] GET /devportal/site/public/dist/7894.4c560af4e67e52ac7a4d.bundle.js HTTP/1.1 200 1102347 https://localhost:9443/devportal/apis/3d25892b-b9a4-4295-bdc9-6528d8d6b900/api-console Mozilla/5.0 (Windows NT 10.0; Win64; x64) AppleWebKit/537.36 (KHTML, like Gecko) Chrome/135.0.0.0 Safari/537.36 0.257
172.23.0.1 - - [28/Apr/2025:10:33:02 +0000] GET /api/am/devportal/v3/apis/3d25892b-b9a4-4295-bdc9-6528d8d6b900 HTTP/1.1 200 1061 https://localhost:9443/devportal/apis/3d25892b-b9a4-4295-bdc9-6528d8d6b900/api-console Mozilla/5.0 (Windows NT 10.0; Win64; x64) AppleWebKit/537.36 (KHTML, like Gecko) Chrome/135.0.0.0 Safari/537.36 0.011
172.23.0.1 - - [28/Apr/2025:10:33:02 +0000] GET /api/am/devportal/v3/apis/3d25892b-b9a4-4295-bdc9-6528d8d6b900/swagger?environmentName=Default HTTP/1.1 200 385 https://localhost:9443/devportal/apis/3d25892b-b9a4-4295-bdc9-6528d8d6b900/api-console Mozilla/5.0 (Windows NT 10.0; Win64; x64) AppleWebKit/537.36 (KHTML, like Gecko) Chrome/135.0.0.0 Safari/537.36 0.019
172.23.0.1 - - [28/Apr/2025:10:33:02 +0000] GET /api/am/devportal/v3/swagger.yaml HTTP/1.1 200 30152 https://localhost:9443/devportal/apis/3d25892b-b9a4-4295-bdc9-6528d8d6b900/api-console Mozilla/5.0 (Windows NT 10.0; Win64; x64) AppleWebKit/537.36 (KHTML, like Gecko) Chrome/135.0.0.0 Safari/537.36 0.011
172.23.0.1 - - [28/Apr/2025:10:33:02 +0000] GET /api/am/devportal/v3/subscriptions?apiId=3d25892b-b9a4-4295-bdc9-6528d8d6b900&limit=25 HTTP/1.1 401 101 https://localhost:9443/devportal/apis/3d25892b-b9a4-4295-bdc9-6528d8d6b900/api-console Mozilla/5.0 (Windows NT 10.0; Win64; x64) AppleWebKit/537.36 (KHTML, like Gecko) Chrome/135.0.0.0 Safari/537.36 0.051
172.23.0.1 - - [28/Apr/2025:10:33:02 +0000] GET /api/am/devportal/v3/key-managers HTTP/1.1 401 101 https://localhost:9443/devportal/apis/3d25892b-b9a4-4295-bdc9-6528d8d6b900/api-console Mozilla/5.0 (Windows NT 10.0; Win64; x64) AppleWebKit/537.36 (KHTML, like Gecko) Chrome/135.0.0.0 Safari/537.36 0.051
172.23.0.1 - - [28/Apr/2025:10:33:02 +0000] GET /api/am/devportal/v3/applications/ HTTP/1.1 401 101 https://localhost:9443/devportal/apis/3d25892b-b9a4-4295-bdc9-6528d8d6b900/api-console Mozilla/5.0 (Windows NT 10.0; Win64; x64) AppleWebKit/537.36 (KHTML, like Gecko) Chrome/135.0.0.0 Safari/537.36 0.014
127.0.0.1 - - [28/Apr/2025:10:33:05 +0000] GET /api/am/devportal/v3/settings HTTP/1.1 200 787 - Java-http-client/21.0.5 0.075
172.23.0.1 - - [28/Apr/2025:10:33:05 +0000] GET /devportal/services/configs HTTP/1.1 302 - https://localhost:9443/devportal/apis/3d25892b-b9a4-4295-bdc9-6528d8d6b900/api-console Mozilla/5.0 (Windows NT 10.0; Win64; x64) AppleWebKit/537.36 (KHTML, like Gecko) Chrome/135.0.0.0 Safari/537.36 0.112
172.23.0.1 - - [28/Apr/2025:10:33:05 +0000] GET /oauth2/authorize?response_type=code&client_id=8YNcwtyaHxWPUT9xJgLZDwrd4sUa&scope=apim:admin%20apim:api_key%20apim:app_import_export%20apim:app_manage%20apim:store_settings%20apim:sub_alert_manage%20apim:sub_manage%20apim:subscribe%20openid&state=%2Fapis%2F3d25892b-b9a4-4295-bdc9-6528d8d6b900%2Fapi-console&redirect_uri=https://localhost:9443/devportal/services/auth/callback/login HTTP/1.1 302 - https://localhost:9443/devportal/apis/3d25892b-b9a4-4295-bdc9-6528d8d6b900/api-console Mozilla/5.0 (Windows NT 10.0; Win64; x64) AppleWebKit/537.36 (KHTML, like Gecko) Chrome/135.0.0.0 Safari/537.36 0.045
127.0.0.1 - - [28/Apr/2025:10:33:05 +0000] POST /oauth2/token HTTP/1.1 200 1537 - Java-http-client/21.0.5 0.020
172.23.0.1 - - [28/Apr/2025:10:33:05 +0000] GET /devportal/services/auth/callback/login?code=6c729c67-331a-3efc-ac95-a257dd595ef3&state=%2Fapis%2F3d25892b-b9a4-4295-bdc9-6528d8d6b900%2Fapi-console&session_state=dc9689558014176a7d106bf12bae58699fbc96a6d63c652896d00745c6f5bb97.QjcQyI2qpvKAmpoPE2gv4A HTTP/1.1 302 - https://localhost:9443/devportal/apis/3d25892b-b9a4-4295-bdc9-6528d8d6b900/api-console Mozilla/5.0 (Windows NT 10.0; Win64; x64) AppleWebKit/537.36 (KHTML, like Gecko) Chrome/135.0.0.0 Safari/537.36 0.036
172.23.0.1 - - [28/Apr/2025:10:33:05 +0000] GET /devportal/apis/3d25892b-b9a4-4295-bdc9-6528d8d6b900/api-console HTTP/1.1 200 1691 https://localhost:9443/devportal/apis/3d25892b-b9a4-4295-bdc9-6528d8d6b900/api-console Mozilla/5.0 (Windows NT 10.0; Win64; x64) AppleWebKit/537.36 (KHTML, like Gecko) Chrome/135.0.0.0 Safari/537.36 0.005
172.23.0.1 - - [28/Apr/2025:10:33:05 +0000] GET /devportal/site/public/theme/userTheme.js HTTP/1.1 200 95 https://localhost:9443/devportal/apis/3d25892b-b9a4-4295-bdc9-6528d8d6b900/api-console Mozilla/5.0 (Windows NT 10.0; Win64; x64) AppleWebKit/537.36 (KHTML, like Gecko) Chrome/135.0.0.0 Safari/537.36 0.005
172.23.0.1 - - [28/Apr/2025:10:33:05 +0000] GET /devportal/services/settings/settings.js HTTP/1.1 200 1670 https://localhost:9443/devportal/apis/3d25892b-b9a4-4295-bdc9-6528d8d6b900/api-console Mozilla/5.0 (Windows NT 10.0; Win64; x64) AppleWebKit/537.36 (KHTML, like Gecko) Chrome/135.0.0.0 Safari/537.36 0.005
172.23.0.1 - - [28/Apr/2025:10:33:05 +0000] GET /devportal/site/public/locales/en.json HTTP/1.1 200 68799 https://localhost:9443/devportal/apis/3d25892b-b9a4-4295-bdc9-6528d8d6b900/api-console Mozilla/5.0 (Windows NT 10.0; Win64; x64) AppleWebKit/537.36 (KHTML, like Gecko) Chrome/135.0.0.0 Safari/537.36 0.003
172.23.0.1 - - [28/Apr/2025:10:33:05 +0000] GET /api/am/devportal/v3/swagger.yaml HTTP/1.1 200 30152 https://localhost:9443/devportal/apis/3d25892b-b9a4-4295-bdc9-6528d8d6b900/api-console Mozilla/5.0 (Windows NT 10.0; Win64; x64) AppleWebKit/537.36 (KHTML, like Gecko) Chrome/135.0.0.0 Safari/537.36 0.009
172.23.0.1 - - [28/Apr/2025:10:33:05 +0000] GET /devportal/site/public/images/_favicon.ico HTTP/1.1 200 1150 https://localhost:9443/devportal/apis/3d25892b-b9a4-4295-bdc9-6528d8d6b900/api-console Mozilla/5.0 (Windows NT 10.0; Win64; x64) AppleWebKit/537.36 (KHTML, like Gecko) Chrome/135.0.0.0 Safari/537.36 0.006
172.23.0.1 - - [28/Apr/2025:10:33:05 +0000] GET /api/am/devportal/v3/settings HTTP/1.1 200 775 https://localhost:9443/devportal/apis/3d25892b-b9a4-4295-bdc9-6528d8d6b900/api-console Mozilla/5.0 (Windows NT 10.0; Win64; x64) AppleWebKit/537.36 (KHTML, like Gecko) Chrome/135.0.0.0 Safari/537.36 0.035
172.23.0.1 - - [28/Apr/2025:10:33:05 +0000] GET /devportal/site/public/theme/temporary_features_config.json HTTP/1.1 200 - https://localhost:9443/devportal/apis/3d25892b-b9a4-4295-bdc9-6528d8d6b900/api-console Mozilla/5.0 (Windows NT 10.0; Win64; x64) AppleWebKit/537.36 (KHTML, like Gecko) Chrome/135.0.0.0 Safari/537.36 0.003
172.23.0.1 - - [28/Apr/2025:10:33:05 +0000] GET /devportal/site/public/theme/temporary_environments_config.json HTTP/1.1 200 - https://localhost:9443/devportal/apis/3d25892b-b9a4-4295-bdc9-6528d8d6b900/api-console Mozilla/5.0 (Windows NT 10.0; Win64; x64) AppleWebKit/537.36 (KHTML, like Gecko) Chrome/135.0.0.0 Safari/537.36 0.003
172.23.0.1 - - [28/Apr/2025:10:33:05 +0000] GET /api/am/devportal/v3/tenants?state=active HTTP/1.1 200 96 https://localhost:9443/devportal/apis/3d25892b-b9a4-4295-bdc9-6528d8d6b900/api-console Mozilla/5.0 (Windows NT 10.0; Win64; x64) AppleWebKit/537.36 (KHTML, like Gecko) Chrome/135.0.0.0 Safari/537.36 0.005
127.0.0.1 - - [28/Apr/2025:10:33:05 +0000] GET /oauth2/userinfo HTTP/1.1 200 15 - Java-http-client/21.0.5 0.010
127.0.0.1 - - [28/Apr/2025:10:33:05 +0000] POST /oauth2/introspect HTTP/1.1 200 341 - Java-http-client/21.0.5 0.021
172.23.0.1 - - [28/Apr/2025:10:33:05 +0000] GET /devportal/services/auth/introspect HTTP/1.1 200 375 https://localhost:9443/devportal/apis/3d25892b-b9a4-4295-bdc9-6528d8d6b900/api-console Mozilla/5.0 (Windows NT 10.0; Win64; x64) AppleWebKit/537.36 (KHTML, like Gecko) Chrome/135.0.0.0 Safari/537.36 0.061
172.23.0.1 - - [28/Apr/2025:10:33:06 +0000] GET /oidc/checksession?client_id=8YNcwtyaHxWPUT9xJgLZDwrd4sUa&redirect_uri=https://localhost:9443/devportal/services/auth/callback/login HTTP/1.1 200 3134 https://localhost:9443/devportal/apis/3d25892b-b9a4-4295-bdc9-6528d8d6b900/api-console Mozilla/5.0 (Windows NT 10.0; Win64; x64) AppleWebKit/537.36 (KHTML, like Gecko) Chrome/135.0.0.0 Safari/537.36 0.009
172.23.0.1 - - [28/Apr/2025:10:33:06 +0000] GET /devportal HTTP/1.1 302 - https://localhost:9443/devportal/apis/3d25892b-b9a4-4295-bdc9-6528d8d6b900/api-console Mozilla/5.0 (Windows NT 10.0; Win64; x64) AppleWebKit/537.36 (KHTML, like Gecko) Chrome/135.0.0.0 Safari/537.36 0.000
172.23.0.1 - - [28/Apr/2025:10:33:06 +0000] GET /api/am/devportal/v3/me/organization-information HTTP/1.1 200 35 https://localhost:9443/devportal/apis/3d25892b-b9a4-4295-bdc9-6528d8d6b900/api-console Mozilla/5.0 (Windows NT 10.0; Win64; x64) AppleWebKit/537.36 (KHTML, like Gecko) Chrome/135.0.0.0 Safari/537.36 0.008
172.23.0.1 - - [28/Apr/2025:10:33:06 +0000] GET /devportal/ HTTP/1.1 200 1691 https://localhost:9443/devportal/apis/3d25892b-b9a4-4295-bdc9-6528d8d6b900/api-console Mozilla/5.0 (Windows NT 10.0; Win64; x64) AppleWebKit/537.36 (KHTML, like Gecko) Chrome/135.0.0.0 Safari/537.36 0.003
172.23.0.1 - - [28/Apr/2025:10:33:06 +0000] GET /api/am/devportal/v3/settings HTTP/1.1 200 542 https://localhost:9443/devportal/apis/3d25892b-b9a4-4295-bdc9-6528d8d6b900/api-console Mozilla/5.0 (Windows NT 10.0; Win64; x64) AppleWebKit/537.36 (KHTML, like Gecko) Chrome/135.0.0.0 Safari/537.36 0.078
172.23.0.1 - - [28/Apr/2025:10:33:06 +0000] GET /api/am/devportal/v3/apis/3d25892b-b9a4-4295-bdc9-6528d8d6b900 HTTP/1.1 200 1061 https://localhost:9443/devportal/apis/3d25892b-b9a4-4295-bdc9-6528d8d6b900/api-console Mozilla/5.0 (Windows NT 10.0; Win64; x64) AppleWebKit/537.36 (KHTML, like Gecko) Chrome/135.0.0.0 Safari/537.36 0.061
172.23.0.1 - - [28/Apr/2025:10:33:06 +0000] GET /api/am/devportal/v3/applications?limit=5000 HTTP/1.1 200 421 https://localhost:9443/devportal/apis/3d25892b-b9a4-4295-bdc9-6528d8d6b900/api-console Mozilla/5.0 (Windows NT 10.0; Win64; x64) AppleWebKit/537.36 (KHTML, like Gecko) Chrome/135.0.0.0 Safari/537.36 0.065
127.0.0.1 - - [28/Apr/2025:10:33:06 +0000] GET /keymanager-operations/dcr/register/UzRtUzQxSXdoRTJTUl9PTFAwT2JHc3VIamJJYQ%3D%3D HTTP/1.1 200 749 - Apache-HttpClient/4.5.13 (Java/21.0.5) 0.039
127.0.0.1 - - [28/Apr/2025:10:33:06 +0000] GET /keymanager-operations/dcr/register/UzRtUzQxSXdoRTJTUl9PTFAwT2JHc3VIamJJYQ%3D%3D HTTP/1.1 200 749 - Apache-HttpClient/4.5.13 (Java/21.0.5) 0.039
172.23.0.1 - - [28/Apr/2025:10:33:06 +0000] GET /api/am/devportal/v3/settings HTTP/1.1 200 542 https://localhost:9443/devportal/apis/3d25892b-b9a4-4295-bdc9-6528d8d6b900/api-console Mozilla/5.0 (Windows NT 10.0; Win64; x64) AppleWebKit/537.36 (KHTML, like Gecko) Chrome/135.0.0.0 Safari/537.36 0.134
172.23.0.1 - - [28/Apr/2025:10:33:06 +0000] GET /api/am/devportal/v3/subscriptions?apiId=3d25892b-b9a4-4295-bdc9-6528d8d6b900&limit=5000 HTTP/1.1 200 731 https://localhost:9443/devportal/apis/3d25892b-b9a4-4295-bdc9-6528d8d6b900/api-console Mozilla/5.0 (Windows NT 10.0; Win64; x64) AppleWebKit/537.36 (KHTML, like Gecko) Chrome/135.0.0.0 Safari/537.36 0.147
172.23.0.1 - - [28/Apr/2025:10:33:06 +0000] GET /api/am/devportal/v3/subscriptions?apiId=3d25892b-b9a4-4295-bdc9-6528d8d6b900&limit=25 HTTP/1.1 200 729 https://localhost:9443/devportal/apis/3d25892b-b9a4-4295-bdc9-6528d8d6b900/api-console Mozilla/5.0 (Windows NT 10.0; Win64; x64) AppleWebKit/537.36 (KHTML, like Gecko) Chrome/135.0.0.0 Safari/537.36 0.148
172.23.0.1 - - [28/Apr/2025:10:33:06 +0000] GET /devportal/site/public/dist/7894.4c560af4e67e52ac7a4d.bundle.js HTTP/1.1 200 1102347 https://localhost:9443/devportal/apis/3d25892b-b9a4-4295-bdc9-6528d8d6b900/api-console Mozilla/5.0 (Windows NT 10.0; Win64; x64) AppleWebKit/537.36 (KHTML, like Gecko) Chrome/135.0.0.0 Safari/537.36 0.184
172.23.0.1 - - [28/Apr/2025:10:33:06 +0000] GET /api/am/devportal/v3/apis/3d25892b-b9a4-4295-bdc9-6528d8d6b900 HTTP/1.1 200 1061 https://localhost:9443/devportal/apis/3d25892b-b9a4-4295-bdc9-6528d8d6b900/api-console Mozilla/5.0 (Windows NT 10.0; Win64; x64) AppleWebKit/537.36 (KHTML, like Gecko) Chrome/135.0.0.0 Safari/537.36 0.014
172.23.0.1 - - [28/Apr/2025:10:33:06 +0000] GET /api/am/devportal/v3/apis/3d25892b-b9a4-4295-bdc9-6528d8d6b900/swagger?environmentName=Default HTTP/1.1 200 385 https://localhost:9443/devportal/apis/3d25892b-b9a4-4295-bdc9-6528d8d6b900/api-console Mozilla/5.0 (Windows NT 10.0; Win64; x64) AppleWebKit/537.36 (KHTML, like Gecko) Chrome/135.0.0.0 Safari/537.36 0.019
127.0.0.1 - - [28/Apr/2025:10:33:06 +0000] GET /keymanager-operations/dcr/register/UzRtUzQxSXdoRTJTUl9PTFAwT2JHc3VIamJJYQ%3D%3D HTTP/1.1 200 749 - Apache-HttpClient/4.5.13 (Java/21.0.5) 0.004
172.23.0.1 - - [28/Apr/2025:10:33:06 +0000] GET /api/am/devportal/v3/subscriptions?apiId=3d25892b-b9a4-4295-bdc9-6528d8d6b900&limit=25 HTTP/1.1 200 729 https://localhost:9443/devportal/apis/3d25892b-b9a4-4295-bdc9-6528d8d6b900/api-console Mozilla/5.0 (Windows NT 10.0; Win64; x64) AppleWebKit/537.36 (KHTML, like Gecko) Chrome/135.0.0.0 Safari/537.36 0.033
172.23.0.1 - - [28/Apr/2025:10:33:06 +0000] GET /api/am/devportal/v3/swagger.yaml HTTP/1.1 200 30152 https://localhost:9443/devportal/apis/3d25892b-b9a4-4295-bdc9-6528d8d6b900/api-console Mozilla/5.0 (Windows NT 10.0; Win64; x64) AppleWebKit/537.36 (KHTML, like Gecko) Chrome/135.0.0.0 Safari/537.36 0.009
127.0.0.1 - - [28/Apr/2025:10:33:06 +0000] GET /keymanager-operations/dcr/register/UzRtUzQxSXdoRTJTUl9PTFAwT2JHc3VIamJJYQ%3D%3D HTTP/1.1 200 749 - Apache-HttpClient/4.5.13 (Java/21.0.5) 0.005
172.23.0.1 - - [28/Apr/2025:10:33:06 +0000] GET /api/am/devportal/v3/subscriptions?apiId=3d25892b-b9a4-4295-bdc9-6528d8d6b900&limit=25 HTTP/1.1 200 729 https://localhost:9443/devportal/apis/3d25892b-b9a4-4295-bdc9-6528d8d6b900/api-console Mozilla/5.0 (Windows NT 10.0; Win64; x64) AppleWebKit/537.36 (KHTML, like Gecko) Chrome/135.0.0.0 Safari/537.36 0.030
127.0.0.1 - - [28/Apr/2025:10:33:06 +0000] GET /oauth2/token/.well-known/openid-configuration HTTP/1.1 200 2404 - Apache-HttpClient/4.5.13 (Java/21.0.5) 0.008
172.23.0.1 - - [28/Apr/2025:10:33:06 +0000] GET /api/am/devportal/v3/key-managers HTTP/1.1 200 764 https://localhost:9443/devportal/apis/3d25892b-b9a4-4295-bdc9-6528d8d6b900/api-console Mozilla/5.0 (Windows NT 10.0; Win64; x64) AppleWebKit/537.36 (KHTML, like Gecko) Chrome/135.0.0.0 Safari/537.36 0.045
172.23.0.1 - - [28/Apr/2025:10:33:06 +0000] GET /api/am/devportal/v3/swagger.yaml HTTP/1.1 200 30152 https://localhost:9443/devportal/apis/3d25892b-b9a4-4295-bdc9-6528d8d6b900/api-console Mozilla/5.0 (Windows NT 10.0; Win64; x64) AppleWebKit/537.36 (KHTML, like Gecko) Chrome/135.0.0.0 Safari/537.36 0.007
172.23.0.1 - - [28/Apr/2025:10:33:06 +0000] GET /api/am/devportal/v3/applications/ HTTP/1.1 200 419 https://localhost:9443/devportal/apis/3d25892b-b9a4-4295-bdc9-6528d8d6b900/api-console Mozilla/5.0 (Windows NT 10.0; Win64; x64) AppleWebKit/537.36 (KHTML, like Gecko) Chrome/135.0.0.0 Safari/537.36 0.007
127.0.0.1 - - [28/Apr/2025:10:33:06 +0000] GET /keymanager-operations/dcr/register/UzRtUzQxSXdoRTJTUl9PTFAwT2JHc3VIamJJYQ%3D%3D HTTP/1.1 200 749 - Apache-HttpClient/4.5.13 (Java/21.0.5) 0.003
172.23.0.1 - - [28/Apr/2025:10:33:06 +0000] GET /api/am/devportal/v3/applications/539d6b5f-186c-4ccb-bc4a-34c980dcdbbd HTTP/1.1 200 404 https://localhost:9443/devportal/apis/3d25892b-b9a4-4295-bdc9-6528d8d6b900/api-console Mozilla/5.0 (Windows NT 10.0; Win64; x64) AppleWebKit/537.36 (KHTML, like Gecko) Chrome/135.0.0.0 Safari/537.36 0.010
127.0.0.1 - - [28/Apr/2025:10:33:06 +0000] GET /keymanager-operations/dcr/register/UzRtUzQxSXdoRTJTUl9PTFAwT2JHc3VIamJJYQ%3D%3D HTTP/1.1 200 749 - Apache-HttpClient/4.5.13 (Java/21.0.5) 0.003
172.23.0.1 - - [28/Apr/2025:10:33:06 +0000] GET /api/am/devportal/v3/applications/539d6b5f-186c-4ccb-bc4a-34c980dcdbbd/oauth-keys HTTP/1.1 200 868 https://localhost:9443/devportal/apis/3d25892b-b9a4-4295-bdc9-6528d8d6b900/api-console Mozilla/5.0 (Windows NT 10.0; Win64; x64) AppleWebKit/537.36 (KHTML, like Gecko) Chrome/135.0.0.0 Safari/537.36 0.010
172.23.0.1 - - [28/Apr/2025:10:33:06 +0000] GET /api/am/devportal/v3/swagger.yaml HTTP/1.1 200 30152 https://localhost:9443/devportal/apis/3d25892b-b9a4-4295-bdc9-6528d8d6b900/api-console Mozilla/5.0 (Windows NT 10.0; Win64; x64) AppleWebKit/537.36 (KHTML, like Gecko) Chrome/135.0.0.0 Safari/537.36 0.012
127.0.0.1 - - [28/Apr/2025:10:33:06 +0000] GET /keymanager-operations/dcr/register/UzRtUzQxSXdoRTJTUl9PTFAwT2JHc3VIamJJYQ%3D%3D HTTP/1.1 200 749 - Apache-HttpClient/4.5.13 (Java/21.0.5) 0.002
172.23.0.1 - - [28/Apr/2025:10:33:06 +0000] GET /api/am/devportal/v3/applications/539d6b5f-186c-4ccb-bc4a-34c980dcdbbd HTTP/1.1 200 404 https://localhost:9443/devportal/apis/3d25892b-b9a4-4295-bdc9-6528d8d6b900/api-console Mozilla/5.0 (Windows NT 10.0; Win64; x64) AppleWebKit/537.36 (KHTML, like Gecko) Chrome/135.0.0.0 Safari/537.36 0.009
127.0.0.1 - - [28/Apr/2025:10:33:06 +0000] GET /keymanager-operations/dcr/register/UzRtUzQxSXdoRTJTUl9PTFAwT2JHc3VIamJJYQ%3D%3D HTTP/1.1 200 749 - Apache-HttpClient/4.5.13 (Java/21.0.5) 0.004
172.23.0.1 - - [28/Apr/2025:10:33:06 +0000] GET /api/am/devportal/v3/applications/539d6b5f-186c-4ccb-bc4a-34c980dcdbbd/oauth-keys HTTP/1.1 200 868 https://localhost:9443/devportal/apis/3d25892b-b9a4-4295-bdc9-6528d8d6b900/api-console Mozilla/5.0 (Windows NT 10.0; Win64; x64) AppleWebKit/537.36 (KHTML, like Gecko) Chrome/135.0.0.0 Safari/537.36 0.012
172.23.0.1 - - [28/Apr/2025:10:33:25 +0000] GET /api/am/devportal/v3/swagger.yaml HTTP/1.1 200 30152 https://localhost:9443/devportal/apis/3d25892b-b9a4-4295-bdc9-6528d8d6b900/api-console Mozilla/5.0 (Windows NT 10.0; Win64; x64) AppleWebKit/537.36 (KHTML, like Gecko) Chrome/135.0.0.0 Safari/537.36 0.025
127.0.0.1 - - [28/Apr/2025:10:33:26 +0000] GET /keymanager-operations/dcr/register/UzRtUzQxSXdoRTJTUl9PTFAwT2JHc3VIamJJYQ%3D%3D HTTP/1.1 200 749 - Apache-HttpClient/4.5.13 (Java/21.0.5) 0.005
172.23.0.1 - - [28/Apr/2025:10:33:26 +0000] GET /api/am/devportal/v3/applications/539d6b5f-186c-4ccb-bc4a-34c980dcdbbd HTTP/1.1 200 404 https://localhost:9443/devportal/apis/3d25892b-b9a4-4295-bdc9-6528d8d6b900/api-console Mozilla/5.0 (Windows NT 10.0; Win64; x64) AppleWebKit/537.36 (KHTML, like Gecko) Chrome/135.0.0.0 Safari/537.36 0.018
127.0.0.1 - - [28/Apr/2025:10:33:26 +0000] GET /keymanager-operations/dcr/register/UzRtUzQxSXdoRTJTUl9PTFAwT2JHc3VIamJJYQ%3D%3D HTTP/1.1 200 749 - Apache-HttpClient/4.5.13 (Java/21.0.5) 0.005
172.23.0.1 - - [28/Apr/2025:10:33:26 +0000] GET /api/am/devportal/v3/applications/539d6b5f-186c-4ccb-bc4a-34c980dcdbbd/oauth-keys HTTP/1.1 200 868 https://localhost:9443/devportal/apis/3d25892b-b9a4-4295-bdc9-6528d8d6b900/api-console Mozilla/5.0 (Windows NT 10.0; Win64; x64) AppleWebKit/537.36 (KHTML, like Gecko) Chrome/135.0.0.0 Safari/537.36 0.019
127.0.0.1 - - [28/Apr/2025:10:33:26 +0000] GET /keymanager-operations/dcr/register/UzRtUzQxSXdoRTJTUl9PTFAwT2JHc3VIamJJYQ%3D%3D HTTP/1.1 200 749 - Apache-HttpClient/4.5.13 (Java/21.0.5) 0.003
127.0.0.1 - - [28/Apr/2025:10:33:26 +0000] GET /keymanager-operations/dcr/register/UzRtUzQxSXdoRTJTUl9PTFAwT2JHc3VIamJJYQ%3D%3D HTTP/1.1 200 749 - Apache-HttpClient/4.5.13 (Java/21.0.5) 0.003
127.0.0.1 - - [28/Apr/2025:10:33:26 +0000] POST /oauth2/token HTTP/1.1 200 1178 - Apache-HttpClient/4.5.13 (Java/21.0.5) 0.012
172.23.0.1 - - [28/Apr/2025:10:33:26 +0000] POST /api/am/devportal/v3/applications/539d6b5f-186c-4ccb-bc4a-34c980dcdbbd/oauth-keys/5161b079-ecf2-402f-9ee6-b91bcf0aaeec/generate-token HTTP/1.1 200 901 https://localhost:9443/devportal/apis/3d25892b-b9a4-4295-bdc9-6528d8d6b900/api-console Mozilla/5.0 (Windows NT 10.0; Win64; x64) AppleWebKit/537.36 (KHTML, like Gecko) Chrome/135.0.0.0 Safari/537.36 0.123
127.0.0.1 - - [28/Apr/2025:10:33:26 +0000] POST /internal/data/v1/notify HTTP/1.1 200 - - Apache-HttpClient/4.5.13 (Java/21.0.5) 0.025
172.23.0.1 - - [28/Apr/2025:11:29:12 +0000] - 400 - - - 0.000
172.23.0.1 - - [28/Apr/2025:11:29:12 +0000] - 400 - - - 0.000
172.23.0.1 - - [28/Apr/2025:12:01:03 +0000] - 400 - - - 0.000
172.23.0.1 - - [28/Apr/2025:12:01:03 +0000] - 400 - - - 0.000
172.23.0.1 - - [28/Apr/2025:12:01:03 +0000] GET / HTTP/1.1 302 - - Mozilla/5.0 (Windows NT 10.0; Win64; x64) AppleWebKit/537.36 (KHTML, like Gecko) Chrome/135.0.0.0 Safari/537.36 0.028
172.23.0.1 - - [28/Apr/2025:12:01:03 +0000] GET /publisher/ HTTP/1.1 200 1713 - Mozilla/5.0 (Windows NT 10.0; Win64; x64) AppleWebKit/537.36 (KHTML, like Gecko) Chrome/135.0.0.0 Safari/537.36 0.028
172.23.0.1 - - [28/Apr/2025:12:01:03 +0000] GET /publisher/site/public/css/main.css HTTP/1.1 200 2102 https://localhost:9443/publisher/ Mozilla/5.0 (Windows NT 10.0; Win64; x64) AppleWebKit/537.36 (KHTML, like Gecko) Chrome/135.0.0.0 Safari/537.36 0.011
172.23.0.1 - - [28/Apr/2025:12:01:03 +0000] - 400 - - - 0.000
172.23.0.1 - - [28/Apr/2025:12:01:03 +0000] - 400 - - - 0.000
172.23.0.1 - - [28/Apr/2025:12:01:03 +0000] - 400 - - - 0.000
172.23.0.1 - - [28/Apr/2025:12:01:03 +0000] - 400 - - - 0.000
172.23.0.1 - - [28/Apr/2025:12:01:03 +0000] - 400 - - - 0.000
172.23.0.1 - - [28/Apr/2025:12:01:03 +0000] GET /publisher/site/public/css/draftjs.css HTTP/1.1 200 2643 https://localhost:9443/publisher/ Mozilla/5.0 (Windows NT 10.0; Win64; x64) AppleWebKit/537.36 (KHTML, like Gecko) Chrome/135.0.0.0 Safari/537.36 0.016
172.23.0.1 - - [28/Apr/2025:12:01:03 +0000] - 400 - - - 0.000
172.23.0.1 - - [28/Apr/2025:12:01:03 +0000] - 400 - - - 0.000
172.23.0.1 - - [28/Apr/2025:12:01:03 +0000] - 400 - - - 0.000
172.23.0.1 - - [28/Apr/2025:12:01:03 +0000] GET /publisher/site/public/fonts/iconfont/material-icons.css HTTP/1.1 200 970 https://localhost:9443/publisher/ Mozilla/5.0 (Windows NT 10.0; Win64; x64) AppleWebKit/537.36 (KHTML, like Gecko) Chrome/135.0.0.0 Safari/537.36 0.007
172.23.0.1 - - [28/Apr/2025:12:01:03 +0000] - 400 - - - 0.000
172.23.0.1 - - [28/Apr/2025:12:01:03 +0000] GET /publisher/site/public/conf/userThemes.js HTTP/1.1 200 939 https://localhost:9443/publisher/ Mozilla/5.0 (Windows NT 10.0; Win64; x64) AppleWebKit/537.36 (KHTML, like Gecko) Chrome/135.0.0.0 Safari/537.36 0.004
172.23.0.1 - - [28/Apr/2025:12:01:03 +0000] GET /publisher/site/public/fonts/iconfont/MaterialIcons.js HTTP/1.1 200 6703 https://localhost:9443/publisher/ Mozilla/5.0 (Windows NT 10.0; Win64; x64) AppleWebKit/537.36 (KHTML, like Gecko) Chrome/135.0.0.0 Safari/537.36 0.008
172.23.0.1 - - [28/Apr/2025:12:01:03 +0000] GET /publisher/site/public/dist/index.3aff4adedc943b38d090.bundle.js HTTP/1.1 200 207225 https://localhost:9443/publisher/ Mozilla/5.0 (Windows NT 10.0; Win64; x64) AppleWebKit/537.36 (KHTML, like Gecko) Chrome/135.0.0.0 Safari/537.36 0.053
172.23.0.1 - - [28/Apr/2025:12:01:03 +0000] GET /publisher/site/public/conf/portalSettings.js HTTP/1.1 200 704 https://localhost:9443/publisher/ Mozilla/5.0 (Windows NT 10.0; Win64; x64) AppleWebKit/537.36 (KHTML, like Gecko) Chrome/135.0.0.0 Safari/537.36 0.007
172.23.0.1 - - [28/Apr/2025:12:01:03 +0000] GET /publisher/services/settings/settings.js HTTP/1.1 200 1377 https://localhost:9443/publisher/ Mozilla/5.0 (Windows NT 10.0; Win64; x64) AppleWebKit/537.36 (KHTML, like Gecko) Chrome/135.0.0.0 Safari/537.36 0.009
172.23.0.1 - - [28/Apr/2025:12:01:03 +0000] GET /publisher/site/public/fonts/Open_Sans/mem8YaGs126MiZpBA-UFVZ0bf8pkAg.woff2 HTTP/1.1 200 8892 https://localhost:9443/publisher/site/public/css/main.css Mozilla/5.0 (Windows NT 10.0; Win64; x64) AppleWebKit/537.36 (KHTML, like Gecko) Chrome/135.0.0.0 Safari/537.36 0.004
172.23.0.1 - - [28/Apr/2025:12:01:03 +0000] GET /publisher/site/public/dist/ProtectedApps.a1a8c31554faafcc92f2.bundle.js HTTP/1.1 200 140130 https://localhost:9443/publisher/ Mozilla/5.0 (Windows NT 10.0; Win64; x64) AppleWebKit/537.36 (KHTML, like Gecko) Chrome/135.0.0.0 Safari/537.36 0.035
172.23.0.1 - - [28/Apr/2025:12:01:03 +0000] GET /oidc/checksession?client_id=y3vyR8tiJmvfXsdGZfwvaSpvK7Qa&redirect_uri=https://localhost:9443/publisher/services/auth/callback/login HTTP/1.1 200 3134 https://localhost:9443/publisher/ Mozilla/5.0 (Windows NT 10.0; Win64; x64) AppleWebKit/537.36 (KHTML, like Gecko) Chrome/135.0.0.0 Safari/537.36 0.048
172.23.0.1 - - [28/Apr/2025:12:01:03 +0000] GET /publisher/site/public/dist/945.cd5c6db4976fd6b35650.bundle.js HTTP/1.1 200 471968 https://localhost:9443/publisher/ Mozilla/5.0 (Windows NT 10.0; Win64; x64) AppleWebKit/537.36 (KHTML, like Gecko) Chrome/135.0.0.0 Safari/537.36 0.109
172.23.0.1 - - [28/Apr/2025:12:01:03 +0000] GET /publisher/site/public/dist/860.152ba28921359d6dc5da.bundle.js HTTP/1.1 200 5269 https://localhost:9443/publisher/apis Mozilla/5.0 (Windows NT 10.0; Win64; x64) AppleWebKit/537.36 (KHTML, like Gecko) Chrome/135.0.0.0 Safari/537.36 0.005
172.23.0.1 - - [28/Apr/2025:12:01:03 +0000] GET /publisher/site/public/dist/DeferredAPIs.21ac3b66ef2968cd5676.bundle.js HTTP/1.1 200 48838 https://localhost:9443/publisher/apis Mozilla/5.0 (Windows NT 10.0; Win64; x64) AppleWebKit/537.36 (KHTML, like Gecko) Chrome/135.0.0.0 Safari/537.36 0.013
172.23.0.1 - - [28/Apr/2025:12:01:03 +0000] GET /publisher/site/public/images/logo.svg HTTP/1.1 200 18050 https://localhost:9443/publisher/apis Mozilla/5.0 (Windows NT 10.0; Win64; x64) AppleWebKit/537.36 (KHTML, like Gecko) Chrome/135.0.0.0 Safari/537.36 0.005
172.23.0.1 - - [28/Apr/2025:12:01:03 +0000] GET /publisher/site/public/fonts/iconfont/MaterialIcons-Regular.woff2 HTTP/1.1 200 60840 https://localhost:9443/publisher/site/public/fonts/iconfont/material-icons.css Mozilla/5.0 (Windows NT 10.0; Win64; x64) AppleWebKit/537.36 (KHTML, like Gecko) Chrome/135.0.0.0 Safari/537.36 0.008
172.23.0.1 - - [28/Apr/2025:12:01:03 +0000] GET /publisher/site/public/dist/APICreateRoutes.9aa9f232ac8cfb89e8e5.bundle.js HTTP/1.1 200 21811 https://localhost:9443/publisher/apis Mozilla/5.0 (Windows NT 10.0; Win64; x64) AppleWebKit/537.36 (KHTML, like Gecko) Chrome/135.0.0.0 Safari/537.36 0.008
172.23.0.1 - - [28/Apr/2025:12:01:03 +0000] GET /publisher/site/public/dist/805.fa7bd25538a11097fa22.bundle.js HTTP/1.1 200 15018 https://localhost:9443/publisher/apis Mozilla/5.0 (Windows NT 10.0; Win64; x64) AppleWebKit/537.36 (KHTML, like Gecko) Chrome/135.0.0.0 Safari/537.36 0.010
172.23.0.1 - - [28/Apr/2025:12:01:03 +0000] GET /api/am/publisher/v4/swagger.yaml HTTP/1.1 200 53880 https://localhost:9443/publisher/apis Mozilla/5.0 (Windows NT 10.0; Win64; x64) AppleWebKit/537.36 (KHTML, like Gecko) Chrome/135.0.0.0 Safari/537.36 0.099
172.23.0.1 - - [28/Apr/2025:12:01:03 +0000] GET /publisher/site/public/dist/45.4c98c8c175498be23741.bundle.js HTTP/1.1 200 352546 https://localhost:9443/publisher/apis Mozilla/5.0 (Windows NT 10.0; Win64; x64) AppleWebKit/537.36 (KHTML, like Gecko) Chrome/135.0.0.0 Safari/537.36 0.114
172.23.0.1 - - [28/Apr/2025:12:01:03 +0000] GET /publisher/site/public/dist/341.72504582a8b39e15b111.bundle.js HTTP/1.1 200 273780 https://localhost:9443/publisher/apis Mozilla/5.0 (Windows NT 10.0; Win64; x64) AppleWebKit/537.36 (KHTML, like Gecko) Chrome/135.0.0.0 Safari/537.36 0.115
172.23.0.1 - - [28/Apr/2025:12:01:04 +0000] - 400 - - - 0.000
172.23.0.1 - - [28/Apr/2025:12:01:04 +0000] - 400 - - - 0.000
172.23.0.1 - - [28/Apr/2025:12:01:04 +0000] - 400 - - - 0.000
172.23.0.1 - - [28/Apr/2025:12:01:04 +0000] - 400 - - - 0.000
127.0.0.1 - - [28/Apr/2025:12:01:04 +0000] POST /oauth2/token HTTP/1.1 415 - - Java-http-client/21.0.5 0.078
172.23.0.1 - - [28/Apr/2025:12:01:04 +0000] POST /publisher/services/refresh HTTP/1.1 500 86 https://localhost:9443/publisher/apis Mozilla/5.0 (Windows NT 10.0; Win64; x64) AppleWebKit/537.36 (KHTML, like Gecko) Chrome/135.0.0.0 Safari/537.36 0.203
127.0.0.1 - - [28/Apr/2025:12:01:04 +0000] POST /oauth2/token HTTP/1.1 415 - - Java-http-client/21.0.5 0.002
172.23.0.1 - - [28/Apr/2025:12:01:04 +0000] POST /publisher/services/refresh HTTP/1.1 500 86 https://localhost:9443/publisher/apis Mozilla/5.0 (Windows NT 10.0; Win64; x64) AppleWebKit/537.36 (KHTML, like Gecko) Chrome/135.0.0.0 Safari/537.36 0.070
172.23.0.1 - - [28/Apr/2025:12:01:04 +0000] GET /api/am/publisher/v4/apis?limit=10&offset=0 HTTP/1.1 401 101 https://localhost:9443/publisher/apis Mozilla/5.0 (Windows NT 10.0; Win64; x64) AppleWebKit/537.36 (KHTML, like Gecko) Chrome/135.0.0.0 Safari/537.36 0.013
172.23.0.1 - - [28/Apr/2025:12:01:04 +0000] GET /api/am/publisher/v4/settings HTTP/1.1 401 101 https://localhost:9443/publisher/apis Mozilla/5.0 (Windows NT 10.0; Win64; x64) AppleWebKit/537.36 (KHTML, like Gecko) Chrome/135.0.0.0 Safari/537.36 0.014
172.23.0.1 - - [28/Apr/2025:12:01:04 +0000] GET /publisher/services/auth/callback/logout HTTP/1.1 302 - https://localhost:9443/publisher/apis Mozilla/5.0 (Windows NT 10.0; Win64; x64) AppleWebKit/537.36 (KHTML, like Gecko) Chrome/135.0.0.0 Safari/537.36 0.003
172.23.0.1 - - [28/Apr/2025:12:01:04 +0000] GET /publisher/logout HTTP/1.1 200 1713 https://localhost:9443/publisher/apis Mozilla/5.0 (Windows NT 10.0; Win64; x64) AppleWebKit/537.36 (KHTML, like Gecko) Chrome/135.0.0.0 Safari/537.36 0.002
172.23.0.1 - - [28/Apr/2025:12:01:04 +0000] GET /publisher/site/public/css/main.css HTTP/1.1 200 2102 https://localhost:9443/publisher/logout Mozilla/5.0 (Windows NT 10.0; Win64; x64) AppleWebKit/537.36 (KHTML, like Gecko) Chrome/135.0.0.0 Safari/537.36 0.004
172.23.0.1 - - [28/Apr/2025:12:01:04 +0000] - 400 - - - 0.000
172.23.0.1 - - [28/Apr/2025:12:01:04 +0000] GET /publisher/site/public/css/draftjs.css HTTP/1.1 200 2643 https://localhost:9443/publisher/logout Mozilla/5.0 (Windows NT 10.0; Win64; x64) AppleWebKit/537.36 (KHTML, like Gecko) Chrome/135.0.0.0 Safari/537.36 0.006
172.23.0.1 - - [28/Apr/2025:12:01:04 +0000] - 400 - - - 0.000
172.23.0.1 - - [28/Apr/2025:12:01:04 +0000] - 400 - - - 0.000
172.23.0.1 - - [28/Apr/2025:12:01:04 +0000] GET /publisher/site/public/conf/portalSettings.js HTTP/1.1 200 704 https://localhost:9443/publisher/logout Mozilla/5.0 (Windows NT 10.0; Win64; x64) AppleWebKit/537.36 (KHTML, like Gecko) Chrome/135.0.0.0 Safari/537.36 0.007
172.23.0.1 - - [28/Apr/2025:12:01:04 +0000] GET /publisher/site/public/fonts/iconfont/MaterialIcons.js HTTP/1.1 200 6703 https://localhost:9443/publisher/logout Mozilla/5.0 (Windows NT 10.0; Win64; x64) AppleWebKit/537.36 (KHTML, like Gecko) Chrome/135.0.0.0 Safari/537.36 0.020
172.23.0.1 - - [28/Apr/2025:12:01:04 +0000] - 400 - - - 0.000
172.23.0.1 - - [28/Apr/2025:12:01:04 +0000] - 400 - - - 0.000
172.23.0.1 - - [28/Apr/2025:12:01:04 +0000] GET /publisher/site/public/conf/userThemes.js HTTP/1.1 200 939 https://localhost:9443/publisher/logout Mozilla/5.0 (Windows NT 10.0; Win64; x64) AppleWebKit/537.36 (KHTML, like Gecko) Chrome/135.0.0.0 Safari/537.36 0.002
172.23.0.1 - - [28/Apr/2025:12:01:04 +0000] GET /publisher/site/public/fonts/iconfont/material-icons.css HTTP/1.1 200 970 https://localhost:9443/publisher/logout Mozilla/5.0 (Windows NT 10.0; Win64; x64) AppleWebKit/537.36 (KHTML, like Gecko) Chrome/135.0.0.0 Safari/537.36 0.002
172.23.0.1 - - [28/Apr/2025:12:01:04 +0000] GET /publisher/services/settings/settings.js HTTP/1.1 200 1377 https://localhost:9443/publisher/logout Mozilla/5.0 (Windows NT 10.0; Win64; x64) AppleWebKit/537.36 (KHTML, like Gecko) Chrome/135.0.0.0 Safari/537.36 0.005
172.23.0.1 - - [28/Apr/2025:12:01:04 +0000] - 400 - - - 0.000
172.23.0.1 - - [28/Apr/2025:12:01:04 +0000] - 400 - - - 0.000
172.23.0.1 - - [28/Apr/2025:12:01:04 +0000] - 400 - - - 0.000
172.23.0.1 - - [28/Apr/2025:12:01:04 +0000] - 400 - - - 0.000
172.23.0.1 - - [28/Apr/2025:12:01:04 +0000] GET /publisher/site/public/dist/index.3aff4adedc943b38d090.bundle.js HTTP/1.1 200 207225 https://localhost:9443/publisher/logout Mozilla/5.0 (Windows NT 10.0; Win64; x64) AppleWebKit/537.36 (KHTML, like Gecko) Chrome/135.0.0.0 Safari/537.36 0.041
172.23.0.1 - - [28/Apr/2025:12:01:04 +0000] - 400 - - - 0.000
127.0.0.1 - - [28/Apr/2025:12:01:05 +0000] GET /api/am/publisher/v4/settings HTTP/1.1 200 2052 - Java-http-client/21.0.5 0.598
127.0.0.1 - - [28/Apr/2025:12:01:05 +0000] GET /api/am/service-catalog/v1/settings HTTP/1.1 200 102 - Java-http-client/21.0.5 0.042
172.23.0.1 - - [28/Apr/2025:12:01:05 +0000] GET /publisher/services/auth/login HTTP/1.1 302 - https://localhost:9443/publisher/apis Mozilla/5.0 (Windows NT 10.0; Win64; x64) AppleWebKit/537.36 (KHTML, like Gecko) Chrome/135.0.0.0 Safari/537.36 0.660
172.23.0.1 - - [28/Apr/2025:12:01:05 +0000] GET /oauth2/authorize?response_type=code&client_id=y3vyR8tiJmvfXsdGZfwvaSpvK7Qa&scope=apim:admin%20apim:api_create%20apim:api_definition_view%20apim:api_delete%20apim:api_generate_key%20apim:api_import_export%20apim:api_list_view%20apim:api_manage%20apim:api_mediation_policy_manage%20apim:api_product_import_export%20apim:api_publish%20apim:api_view%20apim:app_import_export%20apim:client_certificates_add%20apim:client_certificates_manage%20apim:client_certificates_update%20apim:client_certificates_view%20apim:comment_manage%20apim:comment_view%20apim:comment_write%20apim:common_operation_policy_manage%20apim:common_operation_policy_view%20apim:document_create%20apim:document_manage%20apim:ep_certificates_add%20apim:ep_certificates_manage%20apim:ep_certificates_update%20apim:ep_certificates_view%20apim:gateway_policy_manage%20apim:gateway_policy_view%20apim:gov_policy_read%20apim:gov_result_read%20apim:gov_rule_read%20apim:llm_provider_read%20apim:mediation_policy_create%20apim:mediation_policy_manage%20apim:mediation_policy_view%20apim:policies_import_export%20apim:pub_alert_manage%20apim:publisher_organization_read%20apim:publisher_settings%20apim:shared_scope_manage%20apim:subscription_approval_manage%20apim:subscription_approval_view%20apim:subscription_block%20apim:subscription_manage%20apim:subscription_view%20apim:threat_protection_policy_create%20apim:threat_protection_policy_manage%20apim:tier_manage%20apim:tier_view%20openid%20apim:api_view%20service_catalog:service_view%20service_catalog:service_write&state=%2Fapis&redirect_uri=https://localhost:9443/publisher/services/auth/callback/login HTTP/1.1 302 - https://localhost:9443/publisher/apis Mozilla/5.0 (Windows NT 10.0; Win64; x64) AppleWebKit/537.36 (KHTML, like Gecko) Chrome/135.0.0.0 Safari/537.36 0.303
127.0.0.1 - - [28/Apr/2025:12:01:05 +0000] GET /api/server/v1/applications?filter=name+eq+apim_publisher HTTP/1.1 302 - - Apache-HttpClient/4.5.13 (Java/21.0.5) 0.004
127.0.0.1 - - [28/Apr/2025:12:01:05 +0000] GET /carbon/admin/login.jsp HTTP/1.1 200 3682 - Apache-HttpClient/4.5.13 (Java/21.0.5) 0.071
127.0.0.1 - - [28/Apr/2025:12:01:05 +0000] POST /api/server/v1/identity-governance/preferences HTTP/1.1 302 - - Apache-HttpClient/4.5.13 (Java/21.0.5) 0.003
127.0.0.1 - - [28/Apr/2025:12:01:05 +0000] POST /api/server/v1/identity-governance/preferences HTTP/1.1 302 - - Apache-HttpClient/4.5.13 (Java/21.0.5) 0.002
127.0.0.1 - - [28/Apr/2025:12:01:05 +0000] POST /api/server/v1/identity-governance/preferences HTTP/1.1 302 - - Apache-HttpClient/4.5.13 (Java/21.0.5) 0.003
127.0.0.1 - - [28/Apr/2025:12:01:05 +0000] GET /api/server/v1/applications?filter=name+eq+apim_publisher HTTP/1.1 302 - - Apache-HttpClient/4.5.13 (Java/21.0.5) 0.003
127.0.0.1 - - [28/Apr/2025:12:01:05 +0000] GET /carbon/admin/login.jsp HTTP/1.1 200 3680 - Apache-HttpClient/4.5.13 (Java/21.0.5) 0.021
172.23.0.1 - - [28/Apr/2025:12:01:05 +0000] GET /authenticationendpoint/login.do?client_id=y3vyR8tiJmvfXsdGZfwvaSpvK7Qa&commonAuthCallerPath=%2Foauth2%2Fauthorize&forceAuth=false&passiveAuth=false&redirect_uri=https%3A%2F%2Flocalhost%3A9443%2Fpublisher%2Fservices%2Fauth%2Fcallback%2Flogin&response_type=code&scope=apim%3Aadmin+apim%3Aapi_create+apim%3Aapi_definition_view+apim%3Aapi_delete+apim%3Aapi_generate_key+apim%3Aapi_import_export+apim%3Aapi_list_view+apim%3Aapi_manage+apim%3Aapi_mediation_policy_manage+apim%3Aapi_product_import_export+apim%3Aapi_publish+apim%3Aapi_view+apim%3Aapp_import_export+apim%3Aclient_certificates_add+apim%3Aclient_certificates_manage+apim%3Aclient_certificates_update+apim%3Aclient_certificates_view+apim%3Acomment_manage+apim%3Acomment_view+apim%3Acomment_write+apim%3Acommon_operation_policy_manage+apim%3Acommon_operation_policy_view+apim%3Adocument_create+apim%3Adocument_manage+apim%3Aep_certificates_add+apim%3Aep_certificates_manage+apim%3Aep_certificates_update+apim%3Aep_certificates_view+apim%3Agateway_policy_manage+apim%3Agateway_policy_view+apim%3Agov_policy_read+apim%3Agov_result_read+apim%3Agov_rule_read+apim%3Allm_provider_read+apim%3Amediation_policy_create+apim%3Amediation_policy_manage+apim%3Amediation_policy_view+apim%3Apolicies_import_export+apim%3Apub_alert_manage+apim%3Apublisher_organization_read+apim%3Apublisher_settings+apim%3Ashared_scope_manage+apim%3Asubscription_approval_manage+apim%3Asubscription_approval_view+apim%3Asubscription_block+apim%3Asubscription_manage+apim%3Asubscription_view+apim%3Athreat_protection_policy_create+apim%3Athreat_protection_policy_manage+apim%3Atier_manage+apim%3Atier_view+openid+apim%3Aapi_view+service_catalog%3Aservice_view+service_catalog%3Aservice_write&state=%2Fapis&tenantDomain=carbon.super&sessionDataKey=9f8a7b38-4db5-41d5-9622-a420ef0f0718&relyingParty=y3vyR8tiJmvfXsdGZfwvaSpvK7Qa&type=oidc&sp=apim_publisher&isSaaSApp=true&authenticators=BasicAuthenticator%3ALOCAL HTTP/1.1 200 9354 https://localhost:9443/publisher/apis Mozilla/5.0 (Windows NT 10.0; Win64; x64) AppleWebKit/537.36 (KHTML, like Gecko) Chrome/135.0.0.0 Safari/537.36 0.207
172.23.0.1 - - [28/Apr/2025:12:01:05 +0000] GET /authenticationendpoint/libs/jquery_3.6.0/jquery-3.6.0.min.js HTTP/1.1 200 31385 https://localhost:9443/authenticationendpoint/login.do?client_id=y3vyR8tiJmvfXsdGZfwvaSpvK7Qa&commonAuthCallerPath=%2Foauth2%2Fauthorize&forceAuth=false&passiveAuth=false&redirect_uri=https%3A%2F%2Flocalhost%3A9443%2Fpublisher%2Fservices%2Fauth%2Fcallback%2Flogin&response_type=code&scope=apim%3Aadmin+apim%3Aapi_create+apim%3Aapi_definition_view+apim%3Aapi_delete+apim%3Aapi_generate_key+apim%3Aapi_import_export+apim%3Aapi_list_view+apim%3Aapi_manage+apim%3Aapi_mediation_policy_manage+apim%3Aapi_product_import_export+apim%3Aapi_publish+apim%3Aapi_view+apim%3Aapp_import_export+apim%3Aclient_certificates_add+apim%3Aclient_certificates_manage+apim%3Aclient_certificates_update+apim%3Aclient_certificates_view+apim%3Acomment_manage+apim%3Acomment_view+apim%3Acomment_write+apim%3Acommon_operation_policy_manage+apim%3Acommon_operation_policy_view+apim%3Adocument_create+apim%3Adocument_manage+apim%3Aep_certificates_add+apim%3Aep_certificates_manage+apim%3Aep_certificates_update+apim%3Aep_certificates_view+apim%3Agateway_policy_manage+apim%3Agateway_policy_view+apim%3Agov_policy_read+apim%3Agov_result_read+apim%3Agov_rule_read+apim%3Allm_provider_read+apim%3Amediation_policy_create+apim%3Amediation_policy_manage+apim%3Amediation_policy_view+apim%3Apolicies_import_export+apim%3Apub_alert_manage+apim%3Apublisher_organization_read+apim%3Apublisher_settings+apim%3Ashared_scope_manage+apim%3Asubscription_approval_manage+apim%3Asubscription_approval_view+apim%3Asubscription_block+apim%3Asubscription_manage+apim%3Asubscription_view+apim%3Athreat_protection_policy_create+apim%3Athreat_protection_policy_manage+apim%3Atier_manage+apim%3Atier_view+openid+apim%3Aapi_view+service_catalog%3Aservice_view+service_catalog%3Aservice_write&state=%2Fapis&tenantDomain=carbon.super&sessionDataKey=9f8a7b38-4db5-41d5-9622-a420ef0f0718&relyingParty=y3vyR8tiJmvfXsdGZfwvaSpvK7Qa&type=oidc&sp=apim_publisher&isSaaSApp=true&authenticators=BasicAuthenticator%3ALOCAL Mozilla/5.0 (Windows NT 10.0; Win64; x64) AppleWebKit/537.36 (KHTML, like Gecko) Chrome/135.0.0.0 Safari/537.36 0.009
172.23.0.1 - - [28/Apr/2025:12:01:05 +0000] GET /authenticationendpoint/libs/themes/default/semantic.min.js HTTP/1.1 200 72294 https://localhost:9443/authenticationendpoint/login.do?client_id=y3vyR8tiJmvfXsdGZfwvaSpvK7Qa&commonAuthCallerPath=%2Foauth2%2Fauthorize&forceAuth=false&passiveAuth=false&redirect_uri=https%3A%2F%2Flocalhost%3A9443%2Fpublisher%2Fservices%2Fauth%2Fcallback%2Flogin&response_type=code&scope=apim%3Aadmin+apim%3Aapi_create+apim%3Aapi_definition_view+apim%3Aapi_delete+apim%3Aapi_generate_key+apim%3Aapi_import_export+apim%3Aapi_list_view+apim%3Aapi_manage+apim%3Aapi_mediation_policy_manage+apim%3Aapi_product_import_export+apim%3Aapi_publish+apim%3Aapi_view+apim%3Aapp_import_export+apim%3Aclient_certificates_add+apim%3Aclient_certificates_manage+apim%3Aclient_certificates_update+apim%3Aclient_certificates_view+apim%3Acomment_manage+apim%3Acomment_view+apim%3Acomment_write+apim%3Acommon_operation_policy_manage+apim%3Acommon_operation_policy_view+apim%3Adocument_create+apim%3Adocument_manage+apim%3Aep_certificates_add+apim%3Aep_certificates_manage+apim%3Aep_certificates_update+apim%3Aep_certificates_view+apim%3Agateway_policy_manage+apim%3Agateway_policy_view+apim%3Agov_policy_read+apim%3Agov_result_read+apim%3Agov_rule_read+apim%3Allm_provider_read+apim%3Amediation_policy_create+apim%3Amediation_policy_manage+apim%3Amediation_policy_view+apim%3Apolicies_import_export+apim%3Apub_alert_manage+apim%3Apublisher_organization_read+apim%3Apublisher_settings+apim%3Ashared_scope_manage+apim%3Asubscription_approval_manage+apim%3Asubscription_approval_view+apim%3Asubscription_block+apim%3Asubscription_manage+apim%3Asubscription_view+apim%3Athreat_protection_policy_create+apim%3Athreat_protection_policy_manage+apim%3Atier_manage+apim%3Atier_view+openid+apim%3Aapi_view+service_catalog%3Aservice_view+service_catalog%3Aservice_write&state=%2Fapis&tenantDomain=carbon.super&sessionDataKey=9f8a7b38-4db5-41d5-9622-a420ef0f0718&relyingParty=y3vyR8tiJmvfXsdGZfwvaSpvK7Qa&type=oidc&sp=apim_publisher&isSaaSApp=true&authenticators=BasicAuthenticator%3ALOCAL Mozilla/5.0 (Windows NT 10.0; Win64; x64) AppleWebKit/537.36 (KHTML, like Gecko) Chrome/135.0.0.0 Safari/537.36 0.020
