172.23.0.1 - - [11/Jul/2025:10:19:54 +0000] GET /publisher/services/auth/introspect HTTP/1.1 200 1573 https://localhost:9443/publisher/apis/f818fb14-194b-4a2d-a195-d9acd72a92df/overview Mozilla/5.0 (Windows NT 10.0; Win64; x64) AppleWebKit/537.36 (KHTML, like Gecko) Chrome/137.0.0.0 Safari/537.36 0.051
172.23.0.1 - - [11/Jul/2025:10:19:54 +0000] GET /oidc/checksession?client_id=y3vyR8tiJmvfXsdGZfwvaSpvK7Qa&redirect_uri=https://localhost:9443/publisher/services/auth/callback/login HTTP/1.1 200 3134 https://localhost:9443/publisher/apis/f818fb14-194b-4a2d-a195-d9acd72a92df/overview Mozilla/5.0 (Windows NT 10.0; Win64; x64) AppleWebKit/537.36 (KHTML, like Gecko) Chrome/137.0.0.0 Safari/537.36 0.003
172.23.0.1 - - [11/Jul/2025:10:19:54 +0000] GET /publisher/site/public/dist/ProtectedApps.a1a8c31554faafcc92f2.bundle.js HTTP/1.1 200 140130 https://localhost:9443/publisher/apis/f818fb14-194b-4a2d-a195-d9acd72a92df/overview Mozilla/5.0 (Windows NT 10.0; Win64; x64) AppleWebKit/537.36 (KHTML, like Gecko) Chrome/137.0.0.0 Safari/537.36 0.044
172.23.0.1 - - [11/Jul/2025:10:19:54 +0000] GET /publisher/site/public/dist/945.cd5c6db4976fd6b35650.bundle.js HTTP/1.1 200 471968 https://localhost:9443/publisher/apis/f818fb14-194b-4a2d-a195-d9acd72a92df/overview Mozilla/5.0 (Windows NT 10.0; Win64; x64) AppleWebKit/537.36 (KHTML, like Gecko) Chrome/137.0.0.0 Safari/537.36 0.147
172.23.0.1 - - [11/Jul/2025:10:19:54 +0000] GET /publisher/site/public/dist/860.152ba28921359d6dc5da.bundle.js HTTP/1.1 200 5269 https://localhost:9443/publisher/apis/f818fb14-194b-4a2d-a195-d9acd72a92df/overview Mozilla/5.0 (Windows NT 10.0; Win64; x64) AppleWebKit/537.36 (KHTML, like Gecko) Chrome/137.0.0.0 Safari/537.36 0.003
172.23.0.1 - - [11/Jul/2025:10:19:54 +0000] GET /publisher/site/public/dist/DeferredAPIs.21ac3b66ef2968cd5676.bundle.js HTTP/1.1 200 48838 https://localhost:9443/publisher/apis/f818fb14-194b-4a2d-a195-d9acd72a92df/overview Mozilla/5.0 (Windows NT 10.0; Win64; x64) AppleWebKit/537.36 (KHTML, like Gecko) Chrome/137.0.0.0 Safari/537.36 0.011
172.23.0.1 - - [11/Jul/2025:10:19:54 +0000] GET /publisher/site/public/images/logo.svg HTTP/1.1 200 18050 https://localhost:9443/publisher/apis/f818fb14-194b-4a2d-a195-d9acd72a92df/overview Mozilla/5.0 (Windows NT 10.0; Win64; x64) AppleWebKit/537.36 (KHTML, like Gecko) Chrome/137.0.0.0 Safari/537.36 0.003
172.23.0.1 - - [11/Jul/2025:10:19:54 +0000] GET /publisher/site/public/fonts/iconfont/MaterialIcons-Regular.woff2 HTTP/1.1 200 60840 https://localhost:9443/publisher/site/public/fonts/iconfont/material-icons.css Mozilla/5.0 (Windows NT 10.0; Win64; x64) AppleWebKit/537.36 (KHTML, like Gecko) Chrome/137.0.0.0 Safari/537.36 0.004
172.23.0.1 - - [11/Jul/2025:10:19:54 +0000] GET /publisher/site/public/dist/805.fa7bd25538a11097fa22.bundle.js HTTP/1.1 200 15018 https://localhost:9443/publisher/apis/f818fb14-194b-4a2d-a195-d9acd72a92df/overview Mozilla/5.0 (Windows NT 10.0; Win64; x64) AppleWebKit/537.36 (KHTML, like Gecko) Chrome/137.0.0.0 Safari/537.36 0.009
172.23.0.1 - - [11/Jul/2025:10:19:54 +0000] GET /publisher/site/public/dist/APICreateRoutes.9aa9f232ac8cfb89e8e5.bundle.js HTTP/1.1 200 21811 https://localhost:9443/publisher/apis/f818fb14-194b-4a2d-a195-d9acd72a92df/overview Mozilla/5.0 (Windows NT 10.0; Win64; x64) AppleWebKit/537.36 (KHTML, like Gecko) Chrome/137.0.0.0 Safari/537.36 0.017
172.23.0.1 - - [11/Jul/2025:10:19:54 +0000] GET /publisher/site/public/dist/45.4c98c8c175498be23741.bundle.js HTTP/1.1 200 352546 https://localhost:9443/publisher/apis/f818fb14-194b-4a2d-a195-d9acd72a92df/overview Mozilla/5.0 (Windows NT 10.0; Win64; x64) AppleWebKit/537.36 (KHTML, like Gecko) Chrome/137.0.0.0 Safari/537.36 0.090
172.23.0.1 - - [11/Jul/2025:10:19:54 +0000] GET /publisher/site/public/dist/341.72504582a8b39e15b111.bundle.js HTTP/1.1 200 273780 https://localhost:9443/publisher/apis/f818fb14-194b-4a2d-a195-d9acd72a92df/overview Mozilla/5.0 (Windows NT 10.0; Win64; x64) AppleWebKit/537.36 (KHTML, like Gecko) Chrome/137.0.0.0 Safari/537.36 0.059
172.23.0.1 - - [11/Jul/2025:10:19:54 +0000] GET /publisher/site/public/dist/805.fa7bd25538a11097fa22.bundle.js HTTP/1.1 200 15018 https://localhost:9443/publisher/apis/f818fb14-194b-4a2d-a195-d9acd72a92df/overview Mozilla/5.0 (Windows NT 10.0; Win64; x64) AppleWebKit/537.36 (KHTML, like Gecko) Chrome/137.0.0.0 Safari/537.36 0.001
172.23.0.1 - - [11/Jul/2025:10:19:54 +0000] GET /publisher/site/public/dist/341.72504582a8b39e15b111.bundle.js HTTP/1.1 200 273780 https://localhost:9443/publisher/apis/f818fb14-194b-4a2d-a195-d9acd72a92df/overview Mozilla/5.0 (Windows NT 10.0; Win64; x64) AppleWebKit/537.36 (KHTML, like Gecko) Chrome/137.0.0.0 Safari/537.36 0.035
172.23.0.1 - - [11/Jul/2025:10:19:54 +0000] GET /publisher/site/public/dist/DeferredDetails.b77b4df3663df9b24e33.bundle.js HTTP/1.1 200 348775 https://localhost:9443/publisher/apis/f818fb14-194b-4a2d-a195-d9acd72a92df/overview Mozilla/5.0 (Windows NT 10.0; Win64; x64) AppleWebKit/537.36 (KHTML, like Gecko) Chrome/137.0.0.0 Safari/537.36 0.078
172.23.0.1 - - [11/Jul/2025:10:19:55 +0000] GET /publisher/site/public/dist/277.c7e21cb58c636268dadf.bundle.js HTTP/1.1 200 993453 https://localhost:9443/publisher/apis/f818fb14-194b-4a2d-a195-d9acd72a92df/overview Mozilla/5.0 (Windows NT 10.0; Win64; x64) AppleWebKit/537.36 (KHTML, like Gecko) Chrome/137.0.0.0 Safari/537.36 0.202
172.23.0.1 - - [11/Jul/2025:10:19:55 +0000] GET /api/am/publisher/v4/swagger.yaml HTTP/1.1 200 53880 https://localhost:9443/publisher/apis/f818fb14-194b-4a2d-a195-d9acd72a92df/overview Mozilla/5.0 (Windows NT 10.0; Win64; x64) AppleWebKit/537.36 (KHTML, like Gecko) Chrome/137.0.0.0 Safari/537.36 0.021
172.23.0.1 - - [11/Jul/2025:10:19:55 +0000] GET /api/am/publisher/v4/tenants?state=active HTTP/1.1 200 96 https://localhost:9443/publisher/apis/f818fb14-194b-4a2d-a195-d9acd72a92df/overview Mozilla/5.0 (Windows NT 10.0; Win64; x64) AppleWebKit/537.36 (KHTML, like Gecko) Chrome/137.0.0.0 Safari/537.36 0.022
172.23.0.1 - - [11/Jul/2025:10:19:55 +0000] GET /api/am/publisher/v4/apis/f818fb14-194b-4a2d-a195-d9acd72a92df HTTP/1.1 404 146 https://localhost:9443/publisher/apis/f818fb14-194b-4a2d-a195-d9acd72a92df/overview Mozilla/5.0 (Windows NT 10.0; Win64; x64) AppleWebKit/537.36 (KHTML, like Gecko) Chrome/137.0.0.0 Safari/537.36 0.086
172.23.0.1 - - [11/Jul/2025:10:19:55 +0000] GET /api/am/publisher/v4/settings HTTP/1.1 200 1409 https://localhost:9443/publisher/apis/f818fb14-194b-4a2d-a195-d9acd72a92df/overview Mozilla/5.0 (Windows NT 10.0; Win64; x64) AppleWebKit/537.36 (KHTML, like Gecko) Chrome/137.0.0.0 Safari/537.36 0.136
127.0.0.1 - - [11/Jul/2025:10:19:57 +0000] GET /api/am/devportal/v3/settings HTTP/1.1 200 787 - Java-http-client/21.0.5 0.042
172.23.0.1 - - [11/Jul/2025:10:19:57 +0000] GET /devportal/services/configs?loginPrompt=false HTTP/1.1 302 - https://localhost:9443/devportal/applications/539d6b5f-186c-4ccb-bc4a-34c980dcdbbd/overview Mozilla/5.0 (Windows NT 10.0; Win64; x64) AppleWebKit/537.36 (KHTML, like Gecko) Chrome/137.0.0.0 Safari/537.36 0.057
172.23.0.1 - - [11/Jul/2025:10:19:57 +0000] GET /oauth2/authorize?response_type=code&client_id=8YNcwtyaHxWPUT9xJgLZDwrd4sUa&scope=apim:admin%20apim:api_key%20apim:app_import_export%20apim:app_manage%20apim:store_settings%20apim:sub_alert_manage%20apim:sub_manage%20apim:subscribe%20openid&state=%2Fapplications%2F539d6b5f-186c-4ccb-bc4a-34c980dcdbbd%2Foverview&redirect_uri=https://localhost:9443/devportal/services/auth/callback/login&prompt=none HTTP/1.1 302 - https://localhost:9443/devportal/applications/539d6b5f-186c-4ccb-bc4a-34c980dcdbbd/overview Mozilla/5.0 (Windows NT 10.0; Win64; x64) AppleWebKit/537.36 (KHTML, like Gecko) Chrome/137.0.0.0 Safari/537.36 0.025
127.0.0.1 - - [11/Jul/2025:10:19:57 +0000] POST /oauth2/token HTTP/1.1 200 1537 - Java-http-client/21.0.5 0.010
172.23.0.1 - - [11/Jul/2025:10:19:57 +0000] GET /devportal/services/auth/callback/login?code=c77d920d-675a-3928-b228-30fd902d14ed&state=%2Fapplications%2F539d6b5f-186c-4ccb-bc4a-34c980dcdbbd%2Foverview&session_state=eba3dc176cfb516afa771bba97c670f3b62d3acf996aee5a496eec7796b23fdd.KNuIqGizCzSPqsrSLP601g HTTP/1.1 302 - https://localhost:9443/devportal/applications/539d6b5f-186c-4ccb-bc4a-34c980dcdbbd/overview Mozilla/5.0 (Windows NT 10.0; Win64; x64) AppleWebKit/537.36 (KHTML, like Gecko) Chrome/137.0.0.0 Safari/537.36 0.023
172.23.0.1 - - [11/Jul/2025:10:19:57 +0000] GET /devportal/applications/539d6b5f-186c-4ccb-bc4a-34c980dcdbbd/overview HTTP/1.1 200 1691 https://localhost:9443/devportal/applications/539d6b5f-186c-4ccb-bc4a-34c980dcdbbd/overview Mozilla/5.0 (Windows NT 10.0; Win64; x64) AppleWebKit/537.36 (KHTML, like Gecko) Chrome/137.0.0.0 Safari/537.36 0.002
172.23.0.1 - - [11/Jul/2025:10:19:57 +0000] GET /devportal/site/public/css/main.css HTTP/1.1 200 2309 https://localhost:9443/devportal/applications/539d6b5f-186c-4ccb-bc4a-34c980dcdbbd/overview Mozilla/5.0 (Windows NT 10.0; Win64; x64) AppleWebKit/537.36 (KHTML, like Gecko) Chrome/137.0.0.0 Safari/537.36 0.002
172.23.0.1 - - [11/Jul/2025:10:19:57 +0000] GET /devportal/site/public/theme/userTheme.js HTTP/1.1 200 95 https://localhost:9443/devportal/applications/539d6b5f-186c-4ccb-bc4a-34c980dcdbbd/overview Mozilla/5.0 (Windows NT 10.0; Win64; x64) AppleWebKit/537.36 (KHTML, like Gecko) Chrome/137.0.0.0 Safari/537.36 0.002
172.23.0.1 - - [11/Jul/2025:10:19:57 +0000] GET /devportal/services/settings/settings.js HTTP/1.1 200 1670 https://localhost:9443/devportal/applications/539d6b5f-186c-4ccb-bc4a-34c980dcdbbd/overview Mozilla/5.0 (Windows NT 10.0; Win64; x64) AppleWebKit/537.36 (KHTML, like Gecko) Chrome/137.0.0.0 Safari/537.36 0.002
172.23.0.1 - - [11/Jul/2025:10:19:57 +0000] GET /devportal/site/public/css/overrides.css HTTP/1.1 200 - https://localhost:9443/devportal/applications/539d6b5f-186c-4ccb-bc4a-34c980dcdbbd/overview Mozilla/5.0 (Windows NT 10.0; Win64; x64) AppleWebKit/537.36 (KHTML, like Gecko) Chrome/137.0.0.0 Safari/537.36 0.001
172.23.0.1 - - [11/Jul/2025:10:19:57 +0000] GET /devportal/site/public/fonts/iconfont/material-icons.css HTTP/1.1 200 970 https://localhost:9443/devportal/applications/539d6b5f-186c-4ccb-bc4a-34c980dcdbbd/overview Mozilla/5.0 (Windows NT 10.0; Win64; x64) AppleWebKit/537.36 (KHTML, like Gecko) Chrome/137.0.0.0 Safari/537.36 0.001
172.23.0.1 - - [11/Jul/2025:10:19:57 +0000] GET /devportal/site/public/fonts/iconfont/MaterialIcons.js HTTP/1.1 200 6703 https://localhost:9443/devportal/applications/539d6b5f-186c-4ccb-bc4a-34c980dcdbbd/overview Mozilla/5.0 (Windows NT 10.0; Win64; x64) AppleWebKit/537.36 (KHTML, like Gecko) Chrome/137.0.0.0 Safari/537.36 0.003
172.23.0.1 - - [11/Jul/2025:10:19:58 +0000] GET /devportal/site/public/dist/index.9a2ce8733ef18848cae3.bundle.js HTTP/1.1 200 330449 https://localhost:9443/devportal/applications/539d6b5f-186c-4ccb-bc4a-34c980dcdbbd/overview Mozilla/5.0 (Windows NT 10.0; Win64; x64) AppleWebKit/537.36 (KHTML, like Gecko) Chrome/137.0.0.0 Safari/537.36 0.049
172.23.0.1 - - [11/Jul/2025:10:19:58 +0000] GET /devportal/site/public/locales/en.json HTTP/1.1 200 68799 https://localhost:9443/devportal/applications/539d6b5f-186c-4ccb-bc4a-34c980dcdbbd/overview Mozilla/5.0 (Windows NT 10.0; Win64; x64) AppleWebKit/537.36 (KHTML, like Gecko) Chrome/137.0.0.0 Safari/537.36 0.001
172.23.0.1 - - [11/Jul/2025:10:19:58 +0000] GET /api/am/devportal/v3/swagger.yaml HTTP/1.1 200 30152 https://localhost:9443/devportal/applications/539d6b5f-186c-4ccb-bc4a-34c980dcdbbd/overview Mozilla/5.0 (Windows NT 10.0; Win64; x64) AppleWebKit/537.36 (KHTML, like Gecko) Chrome/137.0.0.0 Safari/537.36 0.016
172.23.0.1 - - [11/Jul/2025:10:19:59 +0000] GET /devportal/site/public/images/_favicon.ico HTTP/1.1 200 1150 https://localhost:9443/devportal/applications/539d6b5f-186c-4ccb-bc4a-34c980dcdbbd/overview Mozilla/5.0 (Windows NT 10.0; Win64; x64) AppleWebKit/537.36 (KHTML, like Gecko) Chrome/137.0.0.0 Safari/537.36 0.002
172.23.0.1 - - [11/Jul/2025:10:19:59 +0000] GET /api/am/devportal/v3/settings HTTP/1.1 200 775 https://localhost:9443/devportal/applications/539d6b5f-186c-4ccb-bc4a-34c980dcdbbd/overview Mozilla/5.0 (Windows NT 10.0; Win64; x64) AppleWebKit/537.36 (KHTML, like Gecko) Chrome/137.0.0.0 Safari/537.36 0.042
172.23.0.1 - - [11/Jul/2025:10:19:59 +0000] GET /devportal/site/public/dist/ProtectedApp.e0e280a9fd8a17ed8a2e.bundle.js HTTP/1.1 200 77990 https://localhost:9443/devportal/applications/539d6b5f-186c-4ccb-bc4a-34c980dcdbbd/overview Mozilla/5.0 (Windows NT 10.0; Win64; x64) AppleWebKit/537.36 (KHTML, like Gecko) Chrome/137.0.0.0 Safari/537.36 0.010
172.23.0.1 - - [11/Jul/2025:10:19:59 +0000] GET /devportal/site/public/dist/8762.376c6814a333f1d5caff.bundle.js HTTP/1.1 200 98796 https://localhost:9443/devportal/applications/539d6b5f-186c-4ccb-bc4a-34c980dcdbbd/overview Mozilla/5.0 (Windows NT 10.0; Win64; x64) AppleWebKit/537.36 (KHTML, like Gecko) Chrome/137.0.0.0 Safari/537.36 0.017
172.23.0.1 - - [11/Jul/2025:10:19:59 +0000] GET /devportal/site/public/theme/temporary_features_config.json HTTP/1.1 200 - https://localhost:9443/devportal/applications/539d6b5f-186c-4ccb-bc4a-34c980dcdbbd/overview Mozilla/5.0 (Windows NT 10.0; Win64; x64) AppleWebKit/537.36 (KHTML, like Gecko) Chrome/137.0.0.0 Safari/537.36 0.001
172.23.0.1 - - [11/Jul/2025:10:19:59 +0000] GET /devportal/site/public/theme/temporary_environments_config.json HTTP/1.1 200 - https://localhost:9443/devportal/applications/539d6b5f-186c-4ccb-bc4a-34c980dcdbbd/overview Mozilla/5.0 (Windows NT 10.0; Win64; x64) AppleWebKit/537.36 (KHTML, like Gecko) Chrome/137.0.0.0 Safari/537.36 0.001
172.23.0.1 - - [11/Jul/2025:10:19:59 +0000] GET /api/am/devportal/v3/tenants?state=active HTTP/1.1 200 96 https://localhost:9443/devportal/applications/539d6b5f-186c-4ccb-bc4a-34c980dcdbbd/overview Mozilla/5.0 (Windows NT 10.0; Win64; x64) AppleWebKit/537.36 (KHTML, like Gecko) Chrome/137.0.0.0 Safari/537.36 0.006
127.0.0.1 - - [11/Jul/2025:10:19:59 +0000] GET /oauth2/userinfo HTTP/1.1 200 15 - Java-http-client/21.0.5 0.008
127.0.0.1 - - [11/Jul/2025:10:19:59 +0000] POST /oauth2/introspect HTTP/1.1 200 341 - Java-http-client/21.0.5 0.012
172.23.0.1 - - [11/Jul/2025:10:19:59 +0000] GET /devportal/services/auth/introspect HTTP/1.1 200 375 https://localhost:9443/devportal/applications/539d6b5f-186c-4ccb-bc4a-34c980dcdbbd/overview Mozilla/5.0 (Windows NT 10.0; Win64; x64) AppleWebKit/537.36 (KHTML, like Gecko) Chrome/137.0.0.0 Safari/537.36 0.046
172.23.0.1 - - [11/Jul/2025:10:19:59 +0000] GET /devportal/site/public/dist/4557.75b75dc7f0f8778fbab3.bundle.js HTTP/1.1 200 2836 https://localhost:9443/devportal/applications/539d6b5f-186c-4ccb-bc4a-34c980dcdbbd/overview Mozilla/5.0 (Windows NT 10.0; Win64; x64) AppleWebKit/537.36 (KHTML, like Gecko) Chrome/137.0.0.0 Safari/537.36 0.002
172.23.0.1 - - [11/Jul/2025:10:19:59 +0000] GET /devportal/site/public/dist/2543.3fb1fe0024370c0247fe.bundle.js HTTP/1.1 200 25309 https://localhost:9443/devportal/applications/539d6b5f-186c-4ccb-bc4a-34c980dcdbbd/overview Mozilla/5.0 (Windows NT 10.0; Win64; x64) AppleWebKit/537.36 (KHTML, like Gecko) Chrome/137.0.0.0 Safari/537.36 0.006
172.23.0.1 - - [11/Jul/2025:10:19:59 +0000] GET /devportal/site/public/dist/5902.596d352df8beee5c59d1.bundle.js HTTP/1.1 200 43032 https://localhost:9443/devportal/applications/539d6b5f-186c-4ccb-bc4a-34c980dcdbbd/overview Mozilla/5.0 (Windows NT 10.0; Win64; x64) AppleWebKit/537.36 (KHTML, like Gecko) Chrome/137.0.0.0 Safari/537.36 0.010
172.23.0.1 - - [11/Jul/2025:10:19:59 +0000] GET /api/am/devportal/v3/settings HTTP/1.1 200 542 https://localhost:9443/devportal/applications/539d6b5f-186c-4ccb-bc4a-34c980dcdbbd/overview Mozilla/5.0 (Windows NT 10.0; Win64; x64) AppleWebKit/537.36 (KHTML, like Gecko) Chrome/137.0.0.0 Safari/537.36 0.066
172.23.0.1 - - [11/Jul/2025:10:19:59 +0000] GET /oidc/checksession?client_id=8YNcwtyaHxWPUT9xJgLZDwrd4sUa&redirect_uri=https://localhost:9443/devportal/services/auth/callback/login HTTP/1.1 200 3134 https://localhost:9443/devportal/applications/539d6b5f-186c-4ccb-bc4a-34c980dcdbbd/overview Mozilla/5.0 (Windows NT 10.0; Win64; x64) AppleWebKit/537.36 (KHTML, like Gecko) Chrome/137.0.0.0 Safari/537.36 0.002
172.23.0.1 - - [11/Jul/2025:10:19:59 +0000] GET /devportal/site/public/dist/7629.e48f6bba7d4b6777fd4c.bundle.js HTTP/1.1 200 5687 https://localhost:9443/devportal/applications/539d6b5f-186c-4ccb-bc4a-34c980dcdbbd/overview Mozilla/5.0 (Windows NT 10.0; Win64; x64) AppleWebKit/537.36 (KHTML, like Gecko) Chrome/137.0.0.0 Safari/537.36 0.001
172.23.0.1 - - [11/Jul/2025:10:19:59 +0000] GET /devportal/site/public/dist/1034.de7966ddf643bcf88a12.bundle.js HTTP/1.1 200 7520 https://localhost:9443/devportal/applications/539d6b5f-186c-4ccb-bc4a-34c980dcdbbd/overview Mozilla/5.0 (Windows NT 10.0; Win64; x64) AppleWebKit/537.36 (KHTML, like Gecko) Chrome/137.0.0.0 Safari/537.36 0.002
172.23.0.1 - - [11/Jul/2025:10:19:59 +0000] GET /api/am/devportal/v3/me/organization-information HTTP/1.1 200 35 https://localhost:9443/devportal/applications/539d6b5f-186c-4ccb-bc4a-34c980dcdbbd/overview Mozilla/5.0 (Windows NT 10.0; Win64; x64) AppleWebKit/537.36 (KHTML, like Gecko) Chrome/137.0.0.0 Safari/537.36 0.006
172.23.0.1 - - [11/Jul/2025:10:19:59 +0000] GET /devportal/site/public/dist/4609.b012e181419e98189c2d.bundle.js HTTP/1.1 200 110016 https://localhost:9443/devportal/applications/539d6b5f-186c-4ccb-bc4a-34c980dcdbbd/overview Mozilla/5.0 (Windows NT 10.0; Win64; x64) AppleWebKit/537.36 (KHTML, like Gecko) Chrome/137.0.0.0 Safari/537.36 0.014
172.23.0.1 - - [11/Jul/2025:10:19:59 +0000] GET /devportal/site/public/dist/214.a5efa3b2b20ebb30d860.bundle.js HTTP/1.1 200 6538 https://localhost:9443/devportal/applications/539d6b5f-186c-4ccb-bc4a-34c980dcdbbd/overview Mozilla/5.0 (Windows NT 10.0; Win64; x64) AppleWebKit/537.36 (KHTML, like Gecko) Chrome/137.0.0.0 Safari/537.36 0.002
172.23.0.1 - - [11/Jul/2025:10:19:59 +0000] GET /devportal/site/public/dist/2740.a747aabc32dc5c64cb70.bundle.js HTTP/1.1 200 5517 https://localhost:9443/devportal/applications/539d6b5f-186c-4ccb-bc4a-34c980dcdbbd/overview Mozilla/5.0 (Windows NT 10.0; Win64; x64) AppleWebKit/537.36 (KHTML, like Gecko) Chrome/137.0.0.0 Safari/537.36 0.003
172.23.0.1 - - [11/Jul/2025:10:19:59 +0000] GET /devportal/site/public/dist/6158.dd6ef497350cb00c1bfb.bundle.js HTTP/1.1 200 17831 https://localhost:9443/devportal/applications/539d6b5f-186c-4ccb-bc4a-34c980dcdbbd/overview Mozilla/5.0 (Windows NT 10.0; Win64; x64) AppleWebKit/537.36 (KHTML, like Gecko) Chrome/137.0.0.0 Safari/537.36 0.007
172.23.0.1 - - [11/Jul/2025:10:19:59 +0000] GET /devportal/site/public/fonts/Open_Sans/mem8YaGs126MiZpBA-UFVZ0bf8pkAg.woff2 HTTP/1.1 200 8892 https://localhost:9443/devportal/site/public/css/main.css Mozilla/5.0 (Windows NT 10.0; Win64; x64) AppleWebKit/537.36 (KHTML, like Gecko) Chrome/137.0.0.0 Safari/537.36 0.001
172.23.0.1 - - [11/Jul/2025:10:19:59 +0000] GET /devportal/site/public/fonts/iconfont/MaterialIcons-Regular.woff2 HTTP/1.1 200 60840 https://localhost:9443/devportal/site/public/fonts/iconfont/material-icons.css Mozilla/5.0 (Windows NT 10.0; Win64; x64) AppleWebKit/537.36 (KHTML, like Gecko) Chrome/137.0.0.0 Safari/537.36 0.001
172.23.0.1 - - [11/Jul/2025:10:19:59 +0000] GET /devportal/site/public/fonts/Open_Sans/mem5YaGs126MiZpBA-UN7rgOUuhpKKSTjw.woff2 HTTP/1.1 200 8800 https://localhost:9443/devportal/site/public/css/main.css Mozilla/5.0 (Windows NT 10.0; Win64; x64) AppleWebKit/537.36 (KHTML, like Gecko) Chrome/137.0.0.0 Safari/537.36 0.001
172.23.0.1 - - [11/Jul/2025:10:19:59 +0000] GET /devportal HTTP/1.1 302 - https://localhost:9443/devportal/applications/539d6b5f-186c-4ccb-bc4a-34c980dcdbbd/overview Mozilla/5.0 (Windows NT 10.0; Win64; x64) AppleWebKit/537.36 (KHTML, like Gecko) Chrome/137.0.0.0 Safari/537.36 0.000
172.23.0.1 - - [11/Jul/2025:10:19:59 +0000] GET /devportal/ HTTP/1.1 200 1691 https://localhost:9443/devportal/applications/539d6b5f-186c-4ccb-bc4a-34c980dcdbbd/overview Mozilla/5.0 (Windows NT 10.0; Win64; x64) AppleWebKit/537.36 (KHTML, like Gecko) Chrome/137.0.0.0 Safari/537.36 0.002
172.23.0.1 - - [11/Jul/2025:10:19:59 +0000] GET /devportal/site/public/images/appbarBack.png HTTP/1.1 200 1964 https://localhost:9443/devportal/applications/539d6b5f-186c-4ccb-bc4a-34c980dcdbbd/overview Mozilla/5.0 (Windows NT 10.0; Win64; x64) AppleWebKit/537.36 (KHTML, like Gecko) Chrome/137.0.0.0 Safari/537.36 0.002
172.23.0.1 - - [11/Jul/2025:10:19:59 +0000] GET /devportal/site/public/images/logo.svg HTTP/1.1 200 74991 https://localhost:9443/devportal/applications/539d6b5f-186c-4ccb-bc4a-34c980dcdbbd/overview Mozilla/5.0 (Windows NT 10.0; Win64; x64) AppleWebKit/537.36 (KHTML, like Gecko) Chrome/137.0.0.0 Safari/537.36 0.003
172.23.0.1 - - [11/Jul/2025:10:19:59 +0000] GET /devportal/site/public/dist/ApplicationDetails.7756f71d6d689164435a.bundle.js HTTP/1.1 200 18179 https://localhost:9443/devportal/applications/539d6b5f-186c-4ccb-bc4a-34c980dcdbbd/overview Mozilla/5.0 (Windows NT 10.0; Win64; x64) AppleWebKit/537.36 (KHTML, like Gecko) Chrome/137.0.0.0 Safari/537.36 0.008
127.0.0.1 - - [11/Jul/2025:10:19:59 +0000] GET /keymanager-operations/dcr/register/UzRtUzQxSXdoRTJTUl9PTFAwT2JHc3VIamJJYQ%3D%3D HTTP/1.1 200 749 - Apache-HttpClient/4.5.13 (Java/21.0.5) 0.005
172.23.0.1 - - [11/Jul/2025:10:19:59 +0000] GET /api/am/devportal/v3/applications/539d6b5f-186c-4ccb-bc4a-34c980dcdbbd HTTP/1.1 200 404 https://localhost:9443/devportal/applications/539d6b5f-186c-4ccb-bc4a-34c980dcdbbd/overview Mozilla/5.0 (Windows NT 10.0; Win64; x64) AppleWebKit/537.36 (KHTML, like Gecko) Chrome/137.0.0.0 Safari/537.36 0.013
127.0.0.1 - - [11/Jul/2025:10:19:59 +0000] GET /keymanager-operations/dcr/register/UzRtUzQxSXdoRTJTUl9PTFAwT2JHc3VIamJJYQ%3D%3D HTTP/1.1 200 749 - Apache-HttpClient/4.5.13 (Java/21.0.5) 0.005
172.23.0.1 - - [11/Jul/2025:10:19:59 +0000] GET /api/am/devportal/v3/applications/539d6b5f-186c-4ccb-bc4a-34c980dcdbbd HTTP/1.1 200 404 https://localhost:9443/devportal/applications/539d6b5f-186c-4ccb-bc4a-34c980dcdbbd/overview Mozilla/5.0 (Windows NT 10.0; Win64; x64) AppleWebKit/537.36 (KHTML, like Gecko) Chrome/137.0.0.0 Safari/537.36 0.013
172.23.0.1 - - [11/Jul/2025:10:19:59 +0000] GET /api/am/devportal/v3/throttling-policies/application/Unlimited HTTP/1.1 200 490 https://localhost:9443/devportal/applications/539d6b5f-186c-4ccb-bc4a-34c980dcdbbd/overview Mozilla/5.0 (Windows NT 10.0; Win64; x64) AppleWebKit/537.36 (KHTML, like Gecko) Chrome/137.0.0.0 Safari/537.36 0.003
172.23.0.1 - - [11/Jul/2025:10:20:00 +0000] GET /devportal/site/public/images/leftMenuBack.png HTTP/1.1 200 5308 https://localhost:9443/devportal/applications/539d6b5f-186c-4ccb-bc4a-34c980dcdbbd/overview Mozilla/5.0 (Windows NT 10.0; Win64; x64) AppleWebKit/537.36 (KHTML, like Gecko) Chrome/137.0.0.0 Safari/537.36 0.001
172.23.0.1 - - [11/Jul/2025:10:38:34 +0000] - 400 - - - 0.000
172.23.0.1 - - [11/Jul/2025:10:38:34 +0000] - 400 - - - 0.000
172.23.0.1 - - [11/Jul/2025:10:38:34 +0000] - 400 - - - 0.000
172.23.0.1 - - [11/Jul/2025:10:38:34 +0000] GET /devportal/site/public/images/_favicon.ico HTTP/1.1 200 1150 https://localhost:9443/devportal/applications/539d6b5f-186c-4ccb-bc4a-34c980dcdbbd/subscriptions Mozilla/5.0 (Windows NT 10.0; Win64; x64) AppleWebKit/537.36 (KHTML, like Gecko) Chrome/137.0.0.0 Safari/537.36 0.005
127.0.0.1 - - [11/Jul/2025:10:38:34 +0000] GET /keymanager-operations/dcr/register/UzRtUzQxSXdoRTJTUl9PTFAwT2JHc3VIamJJYQ%3D%3D HTTP/1.1 200 749 - Apache-HttpClient/4.5.13 (Java/21.0.5) 0.009
172.23.0.1 - - [11/Jul/2025:10:38:34 +0000] GET /api/am/devportal/v3/subscriptions?applicationId=539d6b5f-186c-4ccb-bc4a-34c980dcdbbd&limit=1000 HTTP/1.1 200 936 https://localhost:9443/devportal/applications/539d6b5f-186c-4ccb-bc4a-34c980dcdbbd/subscriptions Mozilla/5.0 (Windows NT 10.0; Win64; x64) AppleWebKit/537.36 (KHTML, like Gecko) Chrome/137.0.0.0 Safari/537.36 0.236
172.23.0.1 - - [11/Jul/2025:10:38:34 +0000] - 400 - - - 0.000
172.23.0.1 - - [11/Jul/2025:10:38:34 +0000] - 400 - - - 0.000
172.23.0.1 - - [11/Jul/2025:10:38:34 +0000] GET /api/am/devportal/v3/subscriptions/2547596d-d0e2-4c23-a3a1-c47925c7b7c2 HTTP/1.1 200 760 https://localhost:9443/devportal/applications/539d6b5f-186c-4ccb-bc4a-34c980dcdbbd/subscriptions Mozilla/5.0 (Windows NT 10.0; Win64; x64) AppleWebKit/537.36 (KHTML, like Gecko) Chrome/137.0.0.0 Safari/537.36 0.042
172.23.0.1 - - [11/Jul/2025:10:38:34 +0000] GET /api/am/devportal/v3/apis/3e9c8bfa-e0d3-4922-984e-cd99bd95a7c8 HTTP/1.1 200 2630 https://localhost:9443/devportal/applications/539d6b5f-186c-4ccb-bc4a-34c980dcdbbd/subscriptions Mozilla/5.0 (Windows NT 10.0; Win64; x64) AppleWebKit/537.36 (KHTML, like Gecko) Chrome/137.0.0.0 Safari/537.36 0.053
172.23.0.1 - - [11/Jul/2025:10:38:34 +0000] GET /api/am/devportal/v3/throttling-policies/subscription/Unlimited HTTP/1.1 200 491 https://localhost:9443/devportal/applications/539d6b5f-186c-4ccb-bc4a-34c980dcdbbd/subscriptions Mozilla/5.0 (Windows NT 10.0; Win64; x64) AppleWebKit/537.36 (KHTML, like Gecko) Chrome/137.0.0.0 Safari/537.36 0.009
172.23.0.1 - - [11/Jul/2025:10:38:34 +0000] GET /api/am/devportal/v3/apis/3e9c8bfa-e0d3-4922-984e-cd99bd95a7c8 HTTP/1.1 200 2630 https://localhost:9443/devportal/applications/539d6b5f-186c-4ccb-bc4a-34c980dcdbbd/subscriptions Mozilla/5.0 (Windows NT 10.0; Win64; x64) AppleWebKit/537.36 (KHTML, like Gecko) Chrome/137.0.0.0 Safari/537.36 0.020
172.23.0.1 - - [11/Jul/2025:10:38:34 +0000] GET /api/am/devportal/v3/apis/3d25892b-b9a4-4295-bdc9-6528d8d6b900 HTTP/1.1 200 1061 https://localhost:9443/devportal/applications/539d6b5f-186c-4ccb-bc4a-34c980dcdbbd/subscriptions Mozilla/5.0 (Windows NT 10.0; Win64; x64) AppleWebKit/537.36 (KHTML, like Gecko) Chrome/137.0.0.0 Safari/537.36 0.020
172.23.0.1 - - [11/Jul/2025:10:38:34 +0000] GET /api/am/devportal/v3/subscriptions/fcf2d4f2-04cd-47b9-8c2f-5f55bc311e16 HTTP/1.1 200 678 https://localhost:9443/devportal/applications/539d6b5f-186c-4ccb-bc4a-34c980dcdbbd/subscriptions Mozilla/5.0 (Windows NT 10.0; Win64; x64) AppleWebKit/537.36 (KHTML, like Gecko) Chrome/137.0.0.0 Safari/537.36 0.018
172.23.0.1 - - [11/Jul/2025:10:38:34 +0000] GET /api/am/devportal/v3/throttling-policies/subscription/Unlimited HTTP/1.1 200 491 https://localhost:9443/devportal/applications/539d6b5f-186c-4ccb-bc4a-34c980dcdbbd/subscriptions Mozilla/5.0 (Windows NT 10.0; Win64; x64) AppleWebKit/537.36 (KHTML, like Gecko) Chrome/137.0.0.0 Safari/537.36 0.007
172.23.0.1 - - [11/Jul/2025:10:38:34 +0000] GET /api/am/devportal/v3/apis/3d25892b-b9a4-4295-bdc9-6528d8d6b900 HTTP/1.1 200 1061 https://localhost:9443/devportal/applications/539d6b5f-186c-4ccb-bc4a-34c980dcdbbd/subscriptions Mozilla/5.0 (Windows NT 10.0; Win64; x64) AppleWebKit/537.36 (KHTML, like Gecko) Chrome/137.0.0.0 Safari/537.36 0.018
172.23.0.1 - - [11/Jul/2025:10:38:36 +0000] GET /devportal/site/public/dist/806.c622143ba17b98916c5a.bundle.js HTTP/1.1 200 5551 https://localhost:9443/devportal/apis/3e9c8bfa-e0d3-4922-984e-cd99bd95a7c8 Mozilla/5.0 (Windows NT 10.0; Win64; x64) AppleWebKit/537.36 (KHTML, like Gecko) Chrome/137.0.0.0 Safari/537.36 0.010
172.23.0.1 - - [11/Jul/2025:10:38:36 +0000] GET /devportal/site/public/images/_favicon.ico HTTP/1.1 200 1150 https://localhost:9443/devportal/apis/3e9c8bfa-e0d3-4922-984e-cd99bd95a7c8 Mozilla/5.0 (Windows NT 10.0; Win64; x64) AppleWebKit/537.36 (KHTML, like Gecko) Chrome/137.0.0.0 Safari/537.36 0.006
172.23.0.1 - - [11/Jul/2025:10:38:36 +0000] GET /devportal/site/public/dist/538.fa642f3b646b875eb607.bundle.js HTTP/1.1 200 27240 https://localhost:9443/devportal/apis/3e9c8bfa-e0d3-4922-984e-cd99bd95a7c8 Mozilla/5.0 (Windows NT 10.0; Win64; x64) AppleWebKit/537.36 (KHTML, like Gecko) Chrome/137.0.0.0 Safari/537.36 0.046
172.23.0.1 - - [11/Jul/2025:10:38:36 +0000] - 400 - - - 0.000
172.23.0.1 - - [11/Jul/2025:10:38:36 +0000] GET /devportal/site/public/dist/Apis.95678e86a2a3de116f2e.bundle.js HTTP/1.1 200 31428 https://localhost:9443/devportal/apis/3e9c8bfa-e0d3-4922-984e-cd99bd95a7c8 Mozilla/5.0 (Windows NT 10.0; Win64; x64) AppleWebKit/537.36 (KHTML, like Gecko) Chrome/137.0.0.0 Safari/537.36 0.040
172.23.0.1 - - [11/Jul/2025:10:38:36 +0000] GET /devportal/site/public/dist/573.cf801127f162fe2820f1.bundle.js HTTP/1.1 200 8788 https://localhost:9443/devportal/apis/3e9c8bfa-e0d3-4922-984e-cd99bd95a7c8 Mozilla/5.0 (Windows NT 10.0; Win64; x64) AppleWebKit/537.36 (KHTML, like Gecko) Chrome/137.0.0.0 Safari/537.36 0.045
172.23.0.1 - - [11/Jul/2025:10:38:36 +0000] - 400 - - - 0.000
127.0.0.1 - - [11/Jul/2025:10:38:36 +0000] GET /keymanager-operations/dcr/register/UzRtUzQxSXdoRTJTUl9PTFAwT2JHc3VIamJJYQ%3D%3D HTTP/1.1 200 749 - Apache-HttpClient/4.5.13 (Java/21.0.5) 0.005
172.23.0.1 - - [11/Jul/2025:10:38:36 +0000] GET /api/am/devportal/v3/apis/3e9c8bfa-e0d3-4922-984e-cd99bd95a7c8 HTTP/1.1 200 2630 https://localhost:9443/devportal/apis/3e9c8bfa-e0d3-4922-984e-cd99bd95a7c8 Mozilla/5.0 (Windows NT 10.0; Win64; x64) AppleWebKit/537.36 (KHTML, like Gecko) Chrome/137.0.0.0 Safari/537.36 0.060
172.23.0.1 - - [11/Jul/2025:10:38:36 +0000] GET /api/am/devportal/v3/applications?limit=5000 HTTP/1.1 200 703 https://localhost:9443/devportal/apis/3e9c8bfa-e0d3-4922-984e-cd99bd95a7c8 Mozilla/5.0 (Windows NT 10.0; Win64; x64) AppleWebKit/537.36 (KHTML, like Gecko) Chrome/137.0.0.0 Safari/537.36 0.066
127.0.0.1 - - [11/Jul/2025:10:38:36 +0000] GET /keymanager-operations/dcr/register/dk9KMVB5VFlPSktKbEpDdnlhaFUyel9HOUM4YQ%3D%3D HTTP/1.1 200 547 - Apache-HttpClient/4.5.13 (Java/21.0.5) 0.006
127.0.0.1 - - [11/Jul/2025:10:38:36 +0000] GET /keymanager-operations/dcr/register/dk9KMVB5VFlPSktKbEpDdnlhaFUyel9HOUM4YQ%3D%3D HTTP/1.1 200 547 - Apache-HttpClient/4.5.13 (Java/21.0.5) 0.007
127.0.0.1 - - [11/Jul/2025:10:38:36 +0000] GET /keymanager-operations/dcr/register/UzRtUzQxSXdoRTJTUl9PTFAwT2JHc3VIamJJYQ%3D%3D HTTP/1.1 200 749 - Apache-HttpClient/4.5.13 (Java/21.0.5) 0.010
172.23.0.1 - - [11/Jul/2025:10:38:36 +0000] GET /api/am/devportal/v3/subscriptions?apiId=3e9c8bfa-e0d3-4922-984e-cd99bd95a7c8&limit=25 HTTP/1.1 200 918 https://localhost:9443/devportal/apis/3e9c8bfa-e0d3-4922-984e-cd99bd95a7c8 Mozilla/5.0 (Windows NT 10.0; Win64; x64) AppleWebKit/537.36 (KHTML, like Gecko) Chrome/137.0.0.0 Safari/537.36 0.122
172.23.0.1 - - [11/Jul/2025:10:38:36 +0000] GET /api/am/devportal/v3/subscriptions?apiId=3e9c8bfa-e0d3-4922-984e-cd99bd95a7c8&limit=5000 HTTP/1.1 200 919 https://localhost:9443/devportal/apis/3e9c8bfa-e0d3-4922-984e-cd99bd95a7c8 Mozilla/5.0 (Windows NT 10.0; Win64; x64) AppleWebKit/537.36 (KHTML, like Gecko) Chrome/137.0.0.0 Safari/537.36 0.129
172.23.0.1 - - [11/Jul/2025:10:38:36 +0000] GET /devportal/site/public/dist/1653.a1e39dcf0973ac6ac28f.bundle.js HTTP/1.1 200 3734 https://localhost:9443/devportal/apis/3e9c8bfa-e0d3-4922-984e-cd99bd95a7c8/overview Mozilla/5.0 (Windows NT 10.0; Win64; x64) AppleWebKit/537.36 (KHTML, like Gecko) Chrome/137.0.0.0 Safari/537.36 0.018
172.23.0.1 - - [11/Jul/2025:10:38:36 +0000] GET /devportal/site/public/dist/APIComments.9e0099a33946083b000e.bundle.js HTTP/1.1 200 11093 https://localhost:9443/devportal/apis/3e9c8bfa-e0d3-4922-984e-cd99bd95a7c8/overview Mozilla/5.0 (Windows NT 10.0; Win64; x64) AppleWebKit/537.36 (KHTML, like Gecko) Chrome/137.0.0.0 Safari/537.36 0.020
172.23.0.1 - - [11/Jul/2025:10:38:36 +0000] GET /devportal/site/public/dist/4680.f43ad1fd2c68cd41d4ea.bundle.js HTTP/1.1 200 23177 https://localhost:9443/devportal/apis/3e9c8bfa-e0d3-4922-984e-cd99bd95a7c8/overview Mozilla/5.0 (Windows NT 10.0; Win64; x64) AppleWebKit/537.36 (KHTML, like Gecko) Chrome/137.0.0.0 Safari/537.36 0.036
172.23.0.1 - - [11/Jul/2025:10:38:36 +0000] GET /devportal/site/public/images/_favicon.ico HTTP/1.1 200 1150 https://localhost:9443/devportal/apis/3e9c8bfa-e0d3-4922-984e-cd99bd95a7c8/overview Mozilla/5.0 (Windows NT 10.0; Win64; x64) AppleWebKit/537.36 (KHTML, like Gecko) Chrome/137.0.0.0 Safari/537.36 0.010
172.23.0.1 - - [11/Jul/2025:10:38:36 +0000] - 400 - - - 0.000
172.23.0.1 - - [11/Jul/2025:10:38:36 +0000] GET /devportal/site/public/dist/APIOverview.018b5195c97e8623de4c.bundle.js HTTP/1.1 200 13808 https://localhost:9443/devportal/apis/3e9c8bfa-e0d3-4922-984e-cd99bd95a7c8/overview Mozilla/5.0 (Windows NT 10.0; Win64; x64) AppleWebKit/537.36 (KHTML, like Gecko) Chrome/137.0.0.0 Safari/537.36 0.028
172.23.0.1 - - [11/Jul/2025:10:38:36 +0000] GET /devportal/site/public/dist/5074.3f63087252cf48e3346f.bundle.js HTTP/1.1 200 241186 https://localhost:9443/devportal/apis/3e9c8bfa-e0d3-4922-984e-cd99bd95a7c8/overview Mozilla/5.0 (Windows NT 10.0; Win64; x64) AppleWebKit/537.36 (KHTML, like Gecko) Chrome/137.0.0.0 Safari/537.36 0.188
172.23.0.1 - - [11/Jul/2025:10:38:37 +0000] GET /api/am/devportal/v3/throttling-policies/subscription HTTP/1.1 200 751 https://localhost:9443/devportal/apis/3e9c8bfa-e0d3-4922-984e-cd99bd95a7c8/overview Mozilla/5.0 (Windows NT 10.0; Win64; x64) AppleWebKit/537.36 (KHTML, like Gecko) Chrome/137.0.0.0 Safari/537.36 0.010
172.23.0.1 - - [11/Jul/2025:10:38:37 +0000] GET /api/am/devportal/v3/apis/3e9c8bfa-e0d3-4922-984e-cd99bd95a7c8/documents HTTP/1.1 200 92 https://localhost:9443/devportal/apis/3e9c8bfa-e0d3-4922-984e-cd99bd95a7c8/overview Mozilla/5.0 (Windows NT 10.0; Win64; x64) AppleWebKit/537.36 (KHTML, like Gecko) Chrome/137.0.0.0 Safari/537.36 0.018
172.23.0.1 - - [11/Jul/2025:10:38:37 +0000] GET /api/am/devportal/v3/throttling-policies/subscription HTTP/1.1 200 751 https://localhost:9443/devportal/apis/3e9c8bfa-e0d3-4922-984e-cd99bd95a7c8/overview Mozilla/5.0 (Windows NT 10.0; Win64; x64) AppleWebKit/537.36 (KHTML, like Gecko) Chrome/137.0.0.0 Safari/537.36 0.015
172.23.0.1 - - [11/Jul/2025:10:38:37 +0000] GET /api/am/devportal/v3/apis/3e9c8bfa-e0d3-4922-984e-cd99bd95a7c8/documents HTTP/1.1 200 92 https://localhost:9443/devportal/apis/3e9c8bfa-e0d3-4922-984e-cd99bd95a7c8/overview Mozilla/5.0 (Windows NT 10.0; Win64; x64) AppleWebKit/537.36 (KHTML, like Gecko) Chrome/137.0.0.0 Safari/537.36 0.021
172.23.0.1 - - [11/Jul/2025:10:38:37 +0000] GET /api/am/devportal/v3/apis/3e9c8bfa-e0d3-4922-984e-cd99bd95a7c8/ratings HTTP/1.1 200 125 https://localhost:9443/devportal/apis/3e9c8bfa-e0d3-4922-984e-cd99bd95a7c8/overview Mozilla/5.0 (Windows NT 10.0; Win64; x64) AppleWebKit/537.36 (KHTML, like Gecko) Chrome/137.0.0.0 Safari/537.36 0.019
172.23.0.1 - - [11/Jul/2025:10:38:37 +0000] GET /api/am/devportal/v3/apis/3e9c8bfa-e0d3-4922-984e-cd99bd95a7c8/thumbnail HTTP/1.1 204 - https://localhost:9443/devportal/apis/3e9c8bfa-e0d3-4922-984e-cd99bd95a7c8/overview Mozilla/5.0 (Windows NT 10.0; Win64; x64) AppleWebKit/537.36 (KHTML, like Gecko) Chrome/137.0.0.0 Safari/537.36 0.024
172.23.0.1 - - [11/Jul/2025:10:38:37 +0000] GET /api/am/devportal/v3/apis/3e9c8bfa-e0d3-4922-984e-cd99bd95a7c8/comments?limit=5&offset=0 HTTP/1.1 200 101 https://localhost:9443/devportal/apis/3e9c8bfa-e0d3-4922-984e-cd99bd95a7c8/overview Mozilla/5.0 (Windows NT 10.0; Win64; x64) AppleWebKit/537.36 (KHTML, like Gecko) Chrome/137.0.0.0 Safari/537.36 0.028
172.23.0.1 - - [11/Jul/2025:10:38:37 +0000] GET /api/am/devportal/v3/settings HTTP/1.1 200 542 https://localhost:9443/devportal/apis/3e9c8bfa-e0d3-4922-984e-cd99bd95a7c8 Mozilla/5.0 (Windows NT 10.0; Win64; x64) AppleWebKit/537.36 (KHTML, like Gecko) Chrome/137.0.0.0 Safari/537.36 0.833
172.23.0.1 - - [11/Jul/2025:10:38:51 +0000] GET /devportal/site/public/dist/8874.c537936ef42191588f7a.bundle.js HTTP/1.1 200 6048 https://localhost:9443/devportal/apis/3e9c8bfa-e0d3-4922-984e-cd99bd95a7c8/api-chat Mozilla/5.0 (Windows NT 10.0; Win64; x64) AppleWebKit/537.36 (KHTML, like Gecko) Chrome/137.0.0.0 Safari/537.36 0.010
172.23.0.1 - - [11/Jul/2025:10:38:51 +0000] GET /devportal/site/public/images/_favicon.ico HTTP/1.1 200 1150 https://localhost:9443/devportal/apis/3e9c8bfa-e0d3-4922-984e-cd99bd95a7c8/api-chat Mozilla/5.0 (Windows NT 10.0; Win64; x64) AppleWebKit/537.36 (KHTML, like Gecko) Chrome/137.0.0.0 Safari/537.36 0.005
172.23.0.1 - - [11/Jul/2025:10:38:51 +0000] GET /devportal/site/public/dist/ApiChat.ede30cf777906275c0bd.bundle.js HTTP/1.1 200 11087 https://localhost:9443/devportal/apis/3e9c8bfa-e0d3-4922-984e-cd99bd95a7c8/api-chat Mozilla/5.0 (Windows NT 10.0; Win64; x64) AppleWebKit/537.36 (KHTML, like Gecko) Chrome/137.0.0.0 Safari/537.36 0.031
172.23.0.1 - - [11/Jul/2025:10:38:51 +0000] GET /devportal/site/public/dist/8965.621f9da1a5aac3950f99.bundle.js HTTP/1.1 200 573366 https://localhost:9443/devportal/apis/3e9c8bfa-e0d3-4922-984e-cd99bd95a7c8/api-chat Mozilla/5.0 (Windows NT 10.0; Win64; x64) AppleWebKit/537.36 (KHTML, like Gecko) Chrome/137.0.0.0 Safari/537.36 0.182
172.23.0.1 - - [11/Jul/2025:10:38:51 +0000] GET /devportal/site/public/images/ai/ApiChat.svg HTTP/1.1 200 2702 https://localhost:9443/devportal/apis/3e9c8bfa-e0d3-4922-984e-cd99bd95a7c8/api-chat Mozilla/5.0 (Windows NT 10.0; Win64; x64) AppleWebKit/537.36 (KHTML, like Gecko) Chrome/137.0.0.0 Safari/537.36 0.003
172.23.0.1 - - [11/Jul/2025:10:39:09 +0000] GET /devportal/site/public/dist/APIConsole.12535ec91b82033ea0b4.bundle.js HTTP/1.1 200 7994 https://localhost:9443/devportal/apis/3e9c8bfa-e0d3-4922-984e-cd99bd95a7c8/api-console Mozilla/5.0 (Windows NT 10.0; Win64; x64) AppleWebKit/537.36 (KHTML, like Gecko) Chrome/137.0.0.0 Safari/537.36 0.005
172.23.0.1 - - [11/Jul/2025:10:39:09 +0000] GET /devportal/site/public/images/_favicon.ico HTTP/1.1 200 1150 https://localhost:9443/devportal/apis/3e9c8bfa-e0d3-4922-984e-cd99bd95a7c8/api-console Mozilla/5.0 (Windows NT 10.0; Win64; x64) AppleWebKit/537.36 (KHTML, like Gecko) Chrome/137.0.0.0 Safari/537.36 0.002
172.23.0.1 - - [11/Jul/2025:10:39:09 +0000] GET /devportal/site/public/dist/6641.8d024a07e40fdfe75620.bundle.js HTTP/1.1 200 17649 https://localhost:9443/devportal/apis/3e9c8bfa-e0d3-4922-984e-cd99bd95a7c8/api-console Mozilla/5.0 (Windows NT 10.0; Win64; x64) AppleWebKit/537.36 (KHTML, like Gecko) Chrome/137.0.0.0 Safari/537.36 0.010
172.23.0.1 - - [11/Jul/2025:10:39:09 +0000] GET /devportal/site/public/dist/3370.64313a377cb5c4367704.bundle.js HTTP/1.1 200 63803 https://localhost:9443/devportal/apis/3e9c8bfa-e0d3-4922-984e-cd99bd95a7c8/api-console Mozilla/5.0 (Windows NT 10.0; Win64; x64) AppleWebKit/537.36 (KHTML, like Gecko) Chrome/137.0.0.0 Safari/537.36 0.027
172.23.0.1 - - [11/Jul/2025:10:39:10 +0000] GET /devportal/site/public/dist/7894.4c560af4e67e52ac7a4d.bundle.js HTTP/1.1 200 1102347 https://localhost:9443/devportal/apis/3e9c8bfa-e0d3-4922-984e-cd99bd95a7c8/api-console Mozilla/5.0 (Windows NT 10.0; Win64; x64) AppleWebKit/537.36 (KHTML, like Gecko) Chrome/137.0.0.0 Safari/537.36 0.164
172.23.0.1 - - [11/Jul/2025:10:39:10 +0000] GET /api/am/devportal/v3/apis/3e9c8bfa-e0d3-4922-984e-cd99bd95a7c8 HTTP/1.1 200 2630 https://localhost:9443/devportal/apis/3e9c8bfa-e0d3-4922-984e-cd99bd95a7c8/api-console Mozilla/5.0 (Windows NT 10.0; Win64; x64) AppleWebKit/537.36 (KHTML, like Gecko) Chrome/137.0.0.0 Safari/537.36 0.019
172.23.0.1 - - [11/Jul/2025:10:39:10 +0000] GET /api/am/devportal/v3/apis/3e9c8bfa-e0d3-4922-984e-cd99bd95a7c8/swagger?environmentName=Default HTTP/1.1 200 1873 https://localhost:9443/devportal/apis/3e9c8bfa-e0d3-4922-984e-cd99bd95a7c8/api-console Mozilla/5.0 (Windows NT 10.0; Win64; x64) AppleWebKit/537.36 (KHTML, like Gecko) Chrome/137.0.0.0 Safari/537.36 0.034
127.0.0.1 - - [11/Jul/2025:10:39:10 +0000] GET /keymanager-operations/dcr/register/UzRtUzQxSXdoRTJTUl9PTFAwT2JHc3VIamJJYQ%3D%3D HTTP/1.1 200 749 - Apache-HttpClient/4.5.13 (Java/21.0.5) 0.005
127.0.0.1 - - [11/Jul/2025:10:39:10 +0000] GET /keymanager-operations/dcr/register/dk9KMVB5VFlPSktKbEpDdnlhaFUyel9HOUM4YQ%3D%3D HTTP/1.1 200 547 - Apache-HttpClient/4.5.13 (Java/21.0.5) 0.003
172.23.0.1 - - [11/Jul/2025:10:39:10 +0000] GET /api/am/devportal/v3/subscriptions?apiId=3e9c8bfa-e0d3-4922-984e-cd99bd95a7c8&limit=25 HTTP/1.1 200 918 https://localhost:9443/devportal/apis/3e9c8bfa-e0d3-4922-984e-cd99bd95a7c8/api-console Mozilla/5.0 (Windows NT 10.0; Win64; x64) AppleWebKit/537.36 (KHTML, like Gecko) Chrome/137.0.0.0 Safari/537.36 0.047
172.23.0.1 - - [11/Jul/2025:10:39:10 +0000] GET /api/am/devportal/v3/swagger.yaml HTTP/1.1 200 30152 https://localhost:9443/devportal/apis/3e9c8bfa-e0d3-4922-984e-cd99bd95a7c8/api-console Mozilla/5.0 (Windows NT 10.0; Win64; x64) AppleWebKit/537.36 (KHTML, like Gecko) Chrome/137.0.0.0 Safari/537.36 0.016
127.0.0.1 - - [11/Jul/2025:10:39:10 +0000] GET /keymanager-operations/dcr/register/dk9KMVB5VFlPSktKbEpDdnlhaFUyel9HOUM4YQ%3D%3D HTTP/1.1 200 547 - Apache-HttpClient/4.5.13 (Java/21.0.5) 0.004
127.0.0.1 - - [11/Jul/2025:10:39:10 +0000] GET /keymanager-operations/dcr/register/UzRtUzQxSXdoRTJTUl9PTFAwT2JHc3VIamJJYQ%3D%3D HTTP/1.1 200 749 - Apache-HttpClient/4.5.13 (Java/21.0.5) 0.005
127.0.0.1 - - [11/Jul/2025:10:39:10 +0000] GET /oauth2/token/.well-known/openid-configuration HTTP/1.1 200 2404 - Apache-HttpClient/4.5.13 (Java/21.0.5) 0.007
172.23.0.1 - - [11/Jul/2025:10:39:10 +0000] GET /api/am/devportal/v3/key-managers HTTP/1.1 200 764 https://localhost:9443/devportal/apis/3e9c8bfa-e0d3-4922-984e-cd99bd95a7c8/api-console Mozilla/5.0 (Windows NT 10.0; Win64; x64) AppleWebKit/537.36 (KHTML, like Gecko) Chrome/137.0.0.0 Safari/537.36 0.048
172.23.0.1 - - [11/Jul/2025:10:39:10 +0000] GET /api/am/devportal/v3/subscriptions?apiId=3e9c8bfa-e0d3-4922-984e-cd99bd95a7c8&limit=25 HTTP/1.1 200 918 https://localhost:9443/devportal/apis/3e9c8bfa-e0d3-4922-984e-cd99bd95a7c8/api-console Mozilla/5.0 (Windows NT 10.0; Win64; x64) AppleWebKit/537.36 (KHTML, like Gecko) Chrome/137.0.0.0 Safari/537.36 0.053
172.23.0.1 - - [11/Jul/2025:10:39:10 +0000] GET /api/am/devportal/v3/applications/ HTTP/1.1 200 701 https://localhost:9443/devportal/apis/3e9c8bfa-e0d3-4922-984e-cd99bd95a7c8/api-console Mozilla/5.0 (Windows NT 10.0; Win64; x64) AppleWebKit/537.36 (KHTML, like Gecko) Chrome/137.0.0.0 Safari/537.36 0.012
172.23.0.1 - - [11/Jul/2025:10:39:10 +0000] GET /api/am/devportal/v3/swagger.yaml HTTP/1.1 200 30152 https://localhost:9443/devportal/apis/3e9c8bfa-e0d3-4922-984e-cd99bd95a7c8/api-console Mozilla/5.0 (Windows NT 10.0; Win64; x64) AppleWebKit/537.36 (KHTML, like Gecko) Chrome/137.0.0.0 Safari/537.36 0.028
127.0.0.1 - - [11/Jul/2025:10:39:10 +0000] GET /keymanager-operations/dcr/register/UzRtUzQxSXdoRTJTUl9PTFAwT2JHc3VIamJJYQ%3D%3D HTTP/1.1 200 749 - Apache-HttpClient/4.5.13 (Java/21.0.5) 0.005
172.23.0.1 - - [11/Jul/2025:10:39:10 +0000] GET /api/am/devportal/v3/applications/539d6b5f-186c-4ccb-bc4a-34c980dcdbbd HTTP/1.1 200 404 https://localhost:9443/devportal/apis/3e9c8bfa-e0d3-4922-984e-cd99bd95a7c8/api-console Mozilla/5.0 (Windows NT 10.0; Win64; x64) AppleWebKit/537.36 (KHTML, like Gecko) Chrome/137.0.0.0 Safari/537.36 0.013
127.0.0.1 - - [11/Jul/2025:10:39:10 +0000] GET /keymanager-operations/dcr/register/UzRtUzQxSXdoRTJTUl9PTFAwT2JHc3VIamJJYQ%3D%3D HTTP/1.1 200 749 - Apache-HttpClient/4.5.13 (Java/21.0.5) 0.004
172.23.0.1 - - [11/Jul/2025:10:39:10 +0000] GET /api/am/devportal/v3/applications/539d6b5f-186c-4ccb-bc4a-34c980dcdbbd/oauth-keys HTTP/1.1 200 868 https://localhost:9443/devportal/apis/3e9c8bfa-e0d3-4922-984e-cd99bd95a7c8/api-console Mozilla/5.0 (Windows NT 10.0; Win64; x64) AppleWebKit/537.36 (KHTML, like Gecko) Chrome/137.0.0.0 Safari/537.36 0.013
172.23.0.1 - - [11/Jul/2025:10:39:10 +0000] GET /api/am/devportal/v3/swagger.yaml HTTP/1.1 200 30152 https://localhost:9443/devportal/apis/3e9c8bfa-e0d3-4922-984e-cd99bd95a7c8/api-console Mozilla/5.0 (Windows NT 10.0; Win64; x64) AppleWebKit/537.36 (KHTML, like Gecko) Chrome/137.0.0.0 Safari/537.36 0.008
127.0.0.1 - - [11/Jul/2025:10:39:10 +0000] GET /keymanager-operations/dcr/register/UzRtUzQxSXdoRTJTUl9PTFAwT2JHc3VIamJJYQ%3D%3D HTTP/1.1 200 749 - Apache-HttpClient/4.5.13 (Java/21.0.5) 0.004
172.23.0.1 - - [11/Jul/2025:10:39:10 +0000] GET /api/am/devportal/v3/applications/539d6b5f-186c-4ccb-bc4a-34c980dcdbbd HTTP/1.1 200 404 https://localhost:9443/devportal/apis/3e9c8bfa-e0d3-4922-984e-cd99bd95a7c8/api-console Mozilla/5.0 (Windows NT 10.0; Win64; x64) AppleWebKit/537.36 (KHTML, like Gecko) Chrome/137.0.0.0 Safari/537.36 0.009
127.0.0.1 - - [11/Jul/2025:10:39:10 +0000] GET /keymanager-operations/dcr/register/UzRtUzQxSXdoRTJTUl9PTFAwT2JHc3VIamJJYQ%3D%3D HTTP/1.1 200 749 - Apache-HttpClient/4.5.13 (Java/21.0.5) 0.004
172.23.0.1 - - [11/Jul/2025:10:39:10 +0000] GET /api/am/devportal/v3/applications/539d6b5f-186c-4ccb-bc4a-34c980dcdbbd/oauth-keys HTTP/1.1 200 868 https://localhost:9443/devportal/apis/3e9c8bfa-e0d3-4922-984e-cd99bd95a7c8/api-console Mozilla/5.0 (Windows NT 10.0; Win64; x64) AppleWebKit/537.36 (KHTML, like Gecko) Chrome/137.0.0.0 Safari/537.36 0.010
172.23.0.1 - - [11/Jul/2025:10:39:21 +0000] GET /devportal/site/public/fonts/Open_Sans/mem6YaGs126MiZpBA-UFUK0Zdc1GAK6b.woff2 HTTP/1.1 200 9432 https://localhost:9443/devportal/site/public/css/main.css Mozilla/5.0 (Windows NT 10.0; Win64; x64) AppleWebKit/537.36 (KHTML, like Gecko) Chrome/137.0.0.0 Safari/537.36 0.002
172.23.0.1 - - [11/Jul/2025:10:39:25 +0000] GET /devportal/site/public/dist/APICredentials.8f14029889e9823457b5.bundle.js HTTP/1.1 200 5514 https://localhost:9443/devportal/apis/3e9c8bfa-e0d3-4922-984e-cd99bd95a7c8/credentials Mozilla/5.0 (Windows NT 10.0; Win64; x64) AppleWebKit/537.36 (KHTML, like Gecko) Chrome/137.0.0.0 Safari/537.36 0.011
172.23.0.1 - - [11/Jul/2025:10:39:25 +0000] GET /devportal/site/public/images/_favicon.ico HTTP/1.1 200 1150 https://localhost:9443/devportal/apis/3e9c8bfa-e0d3-4922-984e-cd99bd95a7c8/credentials Mozilla/5.0 (Windows NT 10.0; Win64; x64) AppleWebKit/537.36 (KHTML, like Gecko) Chrome/137.0.0.0 Safari/537.36 0.003
172.23.0.1 - - [11/Jul/2025:10:50:15 +0000] - 400 - - - 0.000
