172.23.0.1 - - [14/May/2025:16:56:46 +0000] GET /api/am/devportal/v3/subscriptions?apiId=3e9c8bfa-e0d3-4922-984e-cd99bd95a7c8&limit=25 HTTP/1.1 401 101 https://localhost:9443/devportal/apis/3e9c8bfa-e0d3-4922-984e-cd99bd95a7c8/api-console Mozilla/5.0 (Windows NT 10.0; Win64; x64) AppleWebKit/537.36 (KHTML, like Gecko) Chrome/135.0.0.0 Safari/537.36 0.003
172.23.0.1 - - [14/May/2025:16:56:46 +0000] GET /api/am/devportal/v3/swagger.yaml HTTP/1.1 200 30152 https://localhost:9443/devportal/apis/3e9c8bfa-e0d3-4922-984e-cd99bd95a7c8/api-console Mozilla/5.0 (Windows NT 10.0; Win64; x64) AppleWebKit/537.36 (KHTML, like Gecko) Chrome/135.0.0.0 Safari/537.36 0.010
172.23.0.1 - - [14/May/2025:16:56:46 +0000] GET /api/am/devportal/v3/applications/ HTTP/1.1 401 101 https://localhost:9443/devportal/apis/3e9c8bfa-e0d3-4922-984e-cd99bd95a7c8/api-console Mozilla/5.0 (Windows NT 10.0; Win64; x64) AppleWebKit/537.36 (KHTML, like Gecko) Chrome/135.0.0.0 Safari/537.36 0.004
172.23.0.1 - - [14/May/2025:16:56:56 +0000] GET /devportal/site/public/images/_favicon.ico HTTP/1.1 200 1150 https://localhost:9443/devportal/applications Mozilla/5.0 (Windows NT 10.0; Win64; x64) AppleWebKit/537.36 (KHTML, like Gecko) Chrome/135.0.0.0 Safari/537.36 0.003
127.0.0.1 - - [14/May/2025:16:56:56 +0000] GET /api/am/devportal/v3/settings HTTP/1.1 200 787 - Java-http-client/21.0.5 0.051
172.23.0.1 - - [14/May/2025:16:56:56 +0000] GET /devportal/services/configs HTTP/1.1 302 - https://localhost:9443/devportal/applications Mozilla/5.0 (Windows NT 10.0; Win64; x64) AppleWebKit/537.36 (KHTML, like Gecko) Chrome/135.0.0.0 Safari/537.36 0.076
172.23.0.1 - - [14/May/2025:16:56:56 +0000] GET /oauth2/authorize?response_type=code&client_id=8YNcwtyaHxWPUT9xJgLZDwrd4sUa&scope=apim:admin%20apim:api_key%20apim:app_import_export%20apim:app_manage%20apim:store_settings%20apim:sub_alert_manage%20apim:sub_manage%20apim:subscribe%20openid&state=%2Fapplications&redirect_uri=https://localhost:9443/devportal/services/auth/callback/login HTTP/1.1 302 - https://localhost:9443/devportal/applications Mozilla/5.0 (Windows NT 10.0; Win64; x64) AppleWebKit/537.36 (KHTML, like Gecko) Chrome/135.0.0.0 Safari/537.36 0.075
127.0.0.1 - - [14/May/2025:16:56:56 +0000] GET /api/server/v1/applications?filter=name+eq+apim_devportal HTTP/1.1 302 - - Apache-HttpClient/4.5.13 (Java/21.0.5) 0.003
127.0.0.1 - - [14/May/2025:16:56:56 +0000] GET /carbon/admin/login.jsp HTTP/1.1 200 3682 - Apache-HttpClient/4.5.13 (Java/21.0.5) 0.044
127.0.0.1 - - [14/May/2025:16:56:56 +0000] POST /api/server/v1/identity-governance/preferences HTTP/1.1 302 - - Apache-HttpClient/4.5.13 (Java/21.0.5) 0.002
127.0.0.1 - - [14/May/2025:16:56:56 +0000] POST /api/server/v1/identity-governance/preferences HTTP/1.1 302 - - Apache-HttpClient/4.5.13 (Java/21.0.5) 0.003
127.0.0.1 - - [14/May/2025:16:56:56 +0000] POST /api/server/v1/identity-governance/preferences HTTP/1.1 302 - - Apache-HttpClient/4.5.13 (Java/21.0.5) 0.003
127.0.0.1 - - [14/May/2025:16:56:56 +0000] GET /api/server/v1/applications?filter=name+eq+apim_devportal HTTP/1.1 302 - - Apache-HttpClient/4.5.13 (Java/21.0.5) 0.002
127.0.0.1 - - [14/May/2025:16:56:56 +0000] GET /carbon/admin/login.jsp HTTP/1.1 200 3680 - Apache-HttpClient/4.5.13 (Java/21.0.5) 0.017
172.23.0.1 - - [14/May/2025:16:56:56 +0000] GET /authenticationendpoint/login.do?client_id=8YNcwtyaHxWPUT9xJgLZDwrd4sUa&commonAuthCallerPath=%2Foauth2%2Fauthorize&forceAuth=false&passiveAuth=false&redirect_uri=https%3A%2F%2Flocalhost%3A9443%2Fdevportal%2Fservices%2Fauth%2Fcallback%2Flogin&response_type=code&scope=apim%3Aadmin+apim%3Aapi_key+apim%3Aapp_import_export+apim%3Aapp_manage+apim%3Astore_settings+apim%3Asub_alert_manage+apim%3Asub_manage+apim%3Asubscribe+openid&state=%2Fapplications&tenantDomain=carbon.super&sessionDataKey=e2c7dad2-cd00-4008-8834-b672d1d71e41&relyingParty=8YNcwtyaHxWPUT9xJgLZDwrd4sUa&type=oidc&sp=apim_devportal&isSaaSApp=true&authenticators=BasicAuthenticator%3ALOCAL HTTP/1.1 200 9149 https://localhost:9443/devportal/applications Mozilla/5.0 (Windows NT 10.0; Win64; x64) AppleWebKit/537.36 (KHTML, like Gecko) Chrome/135.0.0.0 Safari/537.36 0.178
172.23.0.1 - - [14/May/2025:16:56:56 +0000] GET /authenticationendpoint/libs/jquery_3.6.0/jquery-3.6.0.min.js HTTP/1.1 200 31385 https://localhost:9443/authenticationendpoint/login.do?client_id=8YNcwtyaHxWPUT9xJgLZDwrd4sUa&commonAuthCallerPath=%2Foauth2%2Fauthorize&forceAuth=false&passiveAuth=false&redirect_uri=https%3A%2F%2Flocalhost%3A9443%2Fdevportal%2Fservices%2Fauth%2Fcallback%2Flogin&response_type=code&scope=apim%3Aadmin+apim%3Aapi_key+apim%3Aapp_import_export+apim%3Aapp_manage+apim%3Astore_settings+apim%3Asub_alert_manage+apim%3Asub_manage+apim%3Asubscribe+openid&state=%2Fapplications&tenantDomain=carbon.super&sessionDataKey=e2c7dad2-cd00-4008-8834-b672d1d71e41&relyingParty=8YNcwtyaHxWPUT9xJgLZDwrd4sUa&type=oidc&sp=apim_devportal&isSaaSApp=true&authenticators=BasicAuthenticator%3ALOCAL Mozilla/5.0 (Windows NT 10.0; Win64; x64) AppleWebKit/537.36 (KHTML, like Gecko) Chrome/135.0.0.0 Safari/537.36 0.007
172.23.0.1 - - [14/May/2025:16:56:56 +0000] GET /authenticationendpoint/libs/themes/default/semantic.min.js HTTP/1.1 200 72294 https://localhost:9443/authenticationendpoint/login.do?client_id=8YNcwtyaHxWPUT9xJgLZDwrd4sUa&commonAuthCallerPath=%2Foauth2%2Fauthorize&forceAuth=false&passiveAuth=false&redirect_uri=https%3A%2F%2Flocalhost%3A9443%2Fdevportal%2Fservices%2Fauth%2Fcallback%2Flogin&response_type=code&scope=apim%3Aadmin+apim%3Aapi_key+apim%3Aapp_import_export+apim%3Aapp_manage+apim%3Astore_settings+apim%3Asub_alert_manage+apim%3Asub_manage+apim%3Asubscribe+openid&state=%2Fapplications&tenantDomain=carbon.super&sessionDataKey=e2c7dad2-cd00-4008-8834-b672d1d71e41&relyingParty=8YNcwtyaHxWPUT9xJgLZDwrd4sUa&type=oidc&sp=apim_devportal&isSaaSApp=true&authenticators=BasicAuthenticator%3ALOCAL Mozilla/5.0 (Windows NT 10.0; Win64; x64) AppleWebKit/537.36 (KHTML, like Gecko) Chrome/135.0.0.0 Safari/537.36 0.020
172.23.0.1 - - [14/May/2025:16:56:56 +0000] GET /authenticationendpoint/libs/themes/default/theme.70534561.min.css HTTP/1.1 200 148020 https://localhost:9443/authenticationendpoint/login.do?client_id=8YNcwtyaHxWPUT9xJgLZDwrd4sUa&commonAuthCallerPath=%2Foauth2%2Fauthorize&forceAuth=false&passiveAuth=false&redirect_uri=https%3A%2F%2Flocalhost%3A9443%2Fdevportal%2Fservices%2Fauth%2Fcallback%2Flogin&response_type=code&scope=apim%3Aadmin+apim%3Aapi_key+apim%3Aapp_import_export+apim%3Aapp_manage+apim%3Astore_settings+apim%3Asub_alert_manage+apim%3Asub_manage+apim%3Asubscribe+openid&state=%2Fapplications&tenantDomain=carbon.super&sessionDataKey=e2c7dad2-cd00-4008-8834-b672d1d71e41&relyingParty=8YNcwtyaHxWPUT9xJgLZDwrd4sUa&type=oidc&sp=apim_devportal&isSaaSApp=true&authenticators=BasicAuthenticator%3ALOCAL Mozilla/5.0 (Windows NT 10.0; Win64; x64) AppleWebKit/537.36 (KHTML, like Gecko) Chrome/135.0.0.0 Safari/537.36 0.039
172.23.0.1 - - [14/May/2025:16:56:56 +0000] GET /authenticationendpoint/libs/themes/default/assets/fonts/icons.woff2 HTTP/1.1 200 40148 https://localhost:9443/authenticationendpoint/libs/themes/default/theme.70534561.min.css Mozilla/5.0 (Windows NT 10.0; Win64; x64) AppleWebKit/537.36 (KHTML, like Gecko) Chrome/135.0.0.0 Safari/537.36 0.002
172.23.0.1 - - [14/May/2025:16:56:56 +0000] GET /logincontext?sessionDataKey=e2c7dad2-cd00-4008-8834-b672d1d71e41&application=apim_devportal&tenantDomain=carbon.super&_=1747241816684 HTTP/1.1 200 20 https://localhost:9443/authenticationendpoint/login.do?client_id=8YNcwtyaHxWPUT9xJgLZDwrd4sUa&commonAuthCallerPath=%2Foauth2%2Fauthorize&forceAuth=false&passiveAuth=false&redirect_uri=https%3A%2F%2Flocalhost%3A9443%2Fdevportal%2Fservices%2Fauth%2Fcallback%2Flogin&response_type=code&scope=apim%3Aadmin+apim%3Aapi_key+apim%3Aapp_import_export+apim%3Aapp_manage+apim%3Astore_settings+apim%3Asub_alert_manage+apim%3Asub_manage+apim%3Asubscribe+openid&state=%2Fapplications&tenantDomain=carbon.super&sessionDataKey=e2c7dad2-cd00-4008-8834-b672d1d71e41&relyingParty=8YNcwtyaHxWPUT9xJgLZDwrd4sUa&type=oidc&sp=apim_devportal&isSaaSApp=true&authenticators=BasicAuthenticator%3ALOCAL Mozilla/5.0 (Windows NT 10.0; Win64; x64) AppleWebKit/537.36 (KHTML, like Gecko) Chrome/135.0.0.0 Safari/537.36 0.005
172.23.0.1 - - [14/May/2025:16:57:02 +0000] GET /logincontext?sessionDataKey=e2c7dad2-cd00-4008-8834-b672d1d71e41&application=apim_devportal&tenantDomain=carbon.super&_=1747241816685 HTTP/1.1 200 20 https://localhost:9443/authenticationendpoint/login.do?client_id=8YNcwtyaHxWPUT9xJgLZDwrd4sUa&commonAuthCallerPath=%2Foauth2%2Fauthorize&forceAuth=false&passiveAuth=false&redirect_uri=https%3A%2F%2Flocalhost%3A9443%2Fdevportal%2Fservices%2Fauth%2Fcallback%2Flogin&response_type=code&scope=apim%3Aadmin+apim%3Aapi_key+apim%3Aapp_import_export+apim%3Aapp_manage+apim%3Astore_settings+apim%3Asub_alert_manage+apim%3Asub_manage+apim%3Asubscribe+openid&state=%2Fapplications&tenantDomain=carbon.super&sessionDataKey=e2c7dad2-cd00-4008-8834-b672d1d71e41&relyingParty=8YNcwtyaHxWPUT9xJgLZDwrd4sUa&type=oidc&sp=apim_devportal&isSaaSApp=true&authenticators=BasicAuthenticator%3ALOCAL Mozilla/5.0 (Windows NT 10.0; Win64; x64) AppleWebKit/537.36 (KHTML, like Gecko) Chrome/135.0.0.0 Safari/537.36 0.003
172.23.0.1 - - [14/May/2025:16:57:02 +0000] POST /commonauth HTTP/1.1 302 - https://localhost:9443/authenticationendpoint/login.do?client_id=8YNcwtyaHxWPUT9xJgLZDwrd4sUa&commonAuthCallerPath=%2Foauth2%2Fauthorize&forceAuth=false&passiveAuth=false&redirect_uri=https%3A%2F%2Flocalhost%3A9443%2Fdevportal%2Fservices%2Fauth%2Fcallback%2Flogin&response_type=code&scope=apim%3Aadmin+apim%3Aapi_key+apim%3Aapp_import_export+apim%3Aapp_manage+apim%3Astore_settings+apim%3Asub_alert_manage+apim%3Asub_manage+apim%3Asubscribe+openid&state=%2Fapplications&tenantDomain=carbon.super&sessionDataKey=e2c7dad2-cd00-4008-8834-b672d1d71e41&relyingParty=8YNcwtyaHxWPUT9xJgLZDwrd4sUa&type=oidc&sp=apim_devportal&isSaaSApp=true&authenticators=BasicAuthenticator%3ALOCAL Mozilla/5.0 (Windows NT 10.0; Win64; x64) AppleWebKit/537.36 (KHTML, like Gecko) Chrome/135.0.0.0 Safari/537.36 0.091
172.23.0.1 - - [14/May/2025:16:57:02 +0000] GET /oauth2/authorize?sessionDataKey=7bde0ae5-ec56-4edc-838e-5748bcacaaa8 HTTP/1.1 302 - https://localhost:9443/authenticationendpoint/login.do?client_id=8YNcwtyaHxWPUT9xJgLZDwrd4sUa&commonAuthCallerPath=%2Foauth2%2Fauthorize&forceAuth=false&passiveAuth=false&redirect_uri=https%3A%2F%2Flocalhost%3A9443%2Fdevportal%2Fservices%2Fauth%2Fcallback%2Flogin&response_type=code&scope=apim%3Aadmin+apim%3Aapi_key+apim%3Aapp_import_export+apim%3Aapp_manage+apim%3Astore_settings+apim%3Asub_alert_manage+apim%3Asub_manage+apim%3Asubscribe+openid&state=%2Fapplications&tenantDomain=carbon.super&sessionDataKey=e2c7dad2-cd00-4008-8834-b672d1d71e41&relyingParty=8YNcwtyaHxWPUT9xJgLZDwrd4sUa&type=oidc&sp=apim_devportal&isSaaSApp=true&authenticators=BasicAuthenticator%3ALOCAL Mozilla/5.0 (Windows NT 10.0; Win64; x64) AppleWebKit/537.36 (KHTML, like Gecko) Chrome/135.0.0.0 Safari/537.36 0.022
127.0.0.1 - - [14/May/2025:16:57:02 +0000] POST /oauth2/token HTTP/1.1 200 1537 - Java-http-client/21.0.5 0.019
172.23.0.1 - - [14/May/2025:16:57:02 +0000] GET /devportal/services/auth/callback/login?code=5647989b-94dc-3b0b-830e-b1c9f969d899&state=%2Fapplications&session_state=49fb0977855557ddb7b53813a5ea63e539ce0971dfaf5cb2fdfcdb7cdf45acd8.4LYd4pMdDTj1n2SAr8y4Lw HTTP/1.1 302 - https://localhost:9443/authenticationendpoint/login.do?client_id=8YNcwtyaHxWPUT9xJgLZDwrd4sUa&commonAuthCallerPath=%2Foauth2%2Fauthorize&forceAuth=false&passiveAuth=false&redirect_uri=https%3A%2F%2Flocalhost%3A9443%2Fdevportal%2Fservices%2Fauth%2Fcallback%2Flogin&response_type=code&scope=apim%3Aadmin+apim%3Aapi_key+apim%3Aapp_import_export+apim%3Aapp_manage+apim%3Astore_settings+apim%3Asub_alert_manage+apim%3Asub_manage+apim%3Asubscribe+openid&state=%2Fapplications&tenantDomain=carbon.super&sessionDataKey=e2c7dad2-cd00-4008-8834-b672d1d71e41&relyingParty=8YNcwtyaHxWPUT9xJgLZDwrd4sUa&type=oidc&sp=apim_devportal&isSaaSApp=true&authenticators=BasicAuthenticator%3ALOCAL Mozilla/5.0 (Windows NT 10.0; Win64; x64) AppleWebKit/537.36 (KHTML, like Gecko) Chrome/135.0.0.0 Safari/537.36 0.034
172.23.0.1 - - [14/May/2025:16:57:02 +0000] GET /devportal/applications HTTP/1.1 200 1691 https://localhost:9443/authenticationendpoint/login.do?client_id=8YNcwtyaHxWPUT9xJgLZDwrd4sUa&commonAuthCallerPath=%2Foauth2%2Fauthorize&forceAuth=false&passiveAuth=false&redirect_uri=https%3A%2F%2Flocalhost%3A9443%2Fdevportal%2Fservices%2Fauth%2Fcallback%2Flogin&response_type=code&scope=apim%3Aadmin+apim%3Aapi_key+apim%3Aapp_import_export+apim%3Aapp_manage+apim%3Astore_settings+apim%3Asub_alert_manage+apim%3Asub_manage+apim%3Asubscribe+openid&state=%2Fapplications&tenantDomain=carbon.super&sessionDataKey=e2c7dad2-cd00-4008-8834-b672d1d71e41&relyingParty=8YNcwtyaHxWPUT9xJgLZDwrd4sUa&type=oidc&sp=apim_devportal&isSaaSApp=true&authenticators=BasicAuthenticator%3ALOCAL Mozilla/5.0 (Windows NT 10.0; Win64; x64) AppleWebKit/537.36 (KHTML, like Gecko) Chrome/135.0.0.0 Safari/537.36 0.003
172.23.0.1 - - [14/May/2025:16:57:02 +0000] GET /devportal/site/public/theme/userTheme.js HTTP/1.1 200 95 https://localhost:9443/devportal/applications Mozilla/5.0 (Windows NT 10.0; Win64; x64) AppleWebKit/537.36 (KHTML, like Gecko) Chrome/135.0.0.0 Safari/537.36 0.001
172.23.0.1 - - [14/May/2025:16:57:02 +0000] GET /devportal/services/settings/settings.js HTTP/1.1 200 1670 https://localhost:9443/devportal/applications Mozilla/5.0 (Windows NT 10.0; Win64; x64) AppleWebKit/537.36 (KHTML, like Gecko) Chrome/135.0.0.0 Safari/537.36 0.004
172.23.0.1 - - [14/May/2025:16:57:02 +0000] GET /devportal/site/public/locales/en.json HTTP/1.1 200 68799 https://localhost:9443/devportal/applications Mozilla/5.0 (Windows NT 10.0; Win64; x64) AppleWebKit/537.36 (KHTML, like Gecko) Chrome/135.0.0.0 Safari/537.36 0.003
172.23.0.1 - - [14/May/2025:16:57:02 +0000] GET /api/am/devportal/v3/swagger.yaml HTTP/1.1 200 30152 https://localhost:9443/devportal/applications Mozilla/5.0 (Windows NT 10.0; Win64; x64) AppleWebKit/537.36 (KHTML, like Gecko) Chrome/135.0.0.0 Safari/537.36 0.010
172.23.0.1 - - [14/May/2025:16:57:02 +0000] GET /devportal/site/public/images/_favicon.ico HTTP/1.1 200 1150 https://localhost:9443/devportal/applications Mozilla/5.0 (Windows NT 10.0; Win64; x64) AppleWebKit/537.36 (KHTML, like Gecko) Chrome/135.0.0.0 Safari/537.36 0.005
172.23.0.1 - - [14/May/2025:16:57:02 +0000] GET /api/am/devportal/v3/settings HTTP/1.1 200 775 https://localhost:9443/devportal/applications Mozilla/5.0 (Windows NT 10.0; Win64; x64) AppleWebKit/537.36 (KHTML, like Gecko) Chrome/135.0.0.0 Safari/537.36 0.045
172.23.0.1 - - [14/May/2025:16:57:02 +0000] GET /devportal/site/public/theme/temporary_features_config.json HTTP/1.1 200 - https://localhost:9443/devportal/applications Mozilla/5.0 (Windows NT 10.0; Win64; x64) AppleWebKit/537.36 (KHTML, like Gecko) Chrome/135.0.0.0 Safari/537.36 0.002
172.23.0.1 - - [14/May/2025:16:57:02 +0000] GET /devportal/site/public/theme/temporary_environments_config.json HTTP/1.1 200 - https://localhost:9443/devportal/applications Mozilla/5.0 (Windows NT 10.0; Win64; x64) AppleWebKit/537.36 (KHTML, like Gecko) Chrome/135.0.0.0 Safari/537.36 0.003
172.23.0.1 - - [14/May/2025:16:57:02 +0000] GET /api/am/devportal/v3/tenants?state=active HTTP/1.1 200 96 https://localhost:9443/devportal/applications Mozilla/5.0 (Windows NT 10.0; Win64; x64) AppleWebKit/537.36 (KHTML, like Gecko) Chrome/135.0.0.0 Safari/537.36 0.004
127.0.0.1 - - [14/May/2025:16:57:02 +0000] GET /oauth2/userinfo HTTP/1.1 200 15 - Java-http-client/21.0.5 0.004
127.0.0.1 - - [14/May/2025:16:57:02 +0000] POST /oauth2/introspect HTTP/1.1 200 341 - Java-http-client/21.0.5 0.010
172.23.0.1 - - [14/May/2025:16:57:02 +0000] GET /devportal/services/auth/introspect HTTP/1.1 200 375 https://localhost:9443/devportal/applications Mozilla/5.0 (Windows NT 10.0; Win64; x64) AppleWebKit/537.36 (KHTML, like Gecko) Chrome/135.0.0.0 Safari/537.36 0.027
172.23.0.1 - - [14/May/2025:16:57:02 +0000] GET /devportal/site/public/dist/ApiListing.927afcc6b89e7a0faa57.bundle.js HTTP/1.1 200 6401 https://localhost:9443/devportal/applications Mozilla/5.0 (Windows NT 10.0; Win64; x64) AppleWebKit/537.36 (KHTML, like Gecko) Chrome/135.0.0.0 Safari/537.36 0.004
172.23.0.1 - - [14/May/2025:16:57:02 +0000] GET /oidc/checksession?client_id=8YNcwtyaHxWPUT9xJgLZDwrd4sUa&redirect_uri=https://localhost:9443/devportal/services/auth/callback/login HTTP/1.1 200 3134 https://localhost:9443/devportal/applications Mozilla/5.0 (Windows NT 10.0; Win64; x64) AppleWebKit/537.36 (KHTML, like Gecko) Chrome/135.0.0.0 Safari/537.36 0.005
172.23.0.1 - - [14/May/2025:16:57:02 +0000] GET /devportal HTTP/1.1 302 - https://localhost:9443/devportal/applications Mozilla/5.0 (Windows NT 10.0; Win64; x64) AppleWebKit/537.36 (KHTML, like Gecko) Chrome/135.0.0.0 Safari/537.36 0.000
172.23.0.1 - - [14/May/2025:16:57:02 +0000] GET /api/am/devportal/v3/me/organization-information HTTP/1.1 200 35 https://localhost:9443/devportal/applications Mozilla/5.0 (Windows NT 10.0; Win64; x64) AppleWebKit/537.36 (KHTML, like Gecko) Chrome/135.0.0.0 Safari/537.36 0.017
172.23.0.1 - - [14/May/2025:16:57:02 +0000] GET /devportal/ HTTP/1.1 200 1691 https://localhost:9443/devportal/applications Mozilla/5.0 (Windows NT 10.0; Win64; x64) AppleWebKit/537.36 (KHTML, like Gecko) Chrome/135.0.0.0 Safari/537.36 0.005
172.23.0.1 - - [14/May/2025:16:57:02 +0000] GET /api/am/devportal/v3/settings HTTP/1.1 200 542 https://localhost:9443/devportal/applications Mozilla/5.0 (Windows NT 10.0; Win64; x64) AppleWebKit/537.36 (KHTML, like Gecko) Chrome/135.0.0.0 Safari/537.36 0.108
172.23.0.1 - - [14/May/2025:16:57:02 +0000] GET /api/am/devportal/v3/swagger.yaml HTTP/1.1 200 30152 https://localhost:9443/devportal/applications Mozilla/5.0 (Windows NT 10.0; Win64; x64) AppleWebKit/537.36 (KHTML, like Gecko) Chrome/135.0.0.0 Safari/537.36 0.016
172.23.0.1 - - [14/May/2025:16:57:03 +0000] GET /api/am/devportal/v3/applications?sortBy=name&sortOrder=asc&limit=10&offset=0 HTTP/1.1 200 419 https://localhost:9443/devportal/applications Mozilla/5.0 (Windows NT 10.0; Win64; x64) AppleWebKit/537.36 (KHTML, like Gecko) Chrome/135.0.0.0 Safari/537.36 0.023
172.23.0.1 - - [14/May/2025:16:57:05 +0000] GET /devportal/site/public/images/_favicon.ico HTTP/1.1 200 1150 https://localhost:9443/devportal/apis Mozilla/5.0 (Windows NT 10.0; Win64; x64) AppleWebKit/537.36 (KHTML, like Gecko) Chrome/135.0.0.0 Safari/537.36 0.001
172.23.0.1 - - [14/May/2025:16:57:06 +0000] GET /api/am/devportal/v3/api-categories HTTP/1.1 200 21 https://localhost:9443/devportal/apis Mozilla/5.0 (Windows NT 10.0; Win64; x64) AppleWebKit/537.36 (KHTML, like Gecko) Chrome/135.0.0.0 Safari/537.36 0.004
172.23.0.1 - - [14/May/2025:16:57:06 +0000] GET /api/am/devportal/v3/tags?limit=-1 HTTP/1.1 200 143 https://localhost:9443/devportal/apis Mozilla/5.0 (Windows NT 10.0; Win64; x64) AppleWebKit/537.36 (KHTML, like Gecko) Chrome/135.0.0.0 Safari/537.36 0.013
172.23.0.1 - - [14/May/2025:16:57:06 +0000] GET /api/am/devportal/v3/apis?limit=10&offset=0 HTTP/1.1 200 661 https://localhost:9443/devportal/apis Mozilla/5.0 (Windows NT 10.0; Win64; x64) AppleWebKit/537.36 (KHTML, like Gecko) Chrome/135.0.0.0 Safari/537.36 0.020
172.23.0.1 - - [14/May/2025:16:57:06 +0000] GET /api/am/devportal/v3/apis/3e9c8bfa-e0d3-4922-984e-cd99bd95a7c8/ratings HTTP/1.1 200 125 https://localhost:9443/devportal/apis Mozilla/5.0 (Windows NT 10.0; Win64; x64) AppleWebKit/537.36 (KHTML, like Gecko) Chrome/135.0.0.0 Safari/537.36 0.008
172.23.0.1 - - [14/May/2025:16:57:06 +0000] GET /api/am/devportal/v3/apis/3d25892b-b9a4-4295-bdc9-6528d8d6b900/ratings HTTP/1.1 200 125 https://localhost:9443/devportal/apis Mozilla/5.0 (Windows NT 10.0; Win64; x64) AppleWebKit/537.36 (KHTML, like Gecko) Chrome/135.0.0.0 Safari/537.36 0.008
172.23.0.1 - - [14/May/2025:16:57:06 +0000] GET /api/am/devportal/v3/apis/3e9c8bfa-e0d3-4922-984e-cd99bd95a7c8/thumbnail HTTP/1.1 204 - https://localhost:9443/devportal/apis Mozilla/5.0 (Windows NT 10.0; Win64; x64) AppleWebKit/537.36 (KHTML, like Gecko) Chrome/135.0.0.0 Safari/537.36 0.009
172.23.0.1 - - [14/May/2025:16:57:06 +0000] GET /api/am/devportal/v3/apis/3d25892b-b9a4-4295-bdc9-6528d8d6b900/thumbnail HTTP/1.1 204 - https://localhost:9443/devportal/apis Mozilla/5.0 (Windows NT 10.0; Win64; x64) AppleWebKit/537.36 (KHTML, like Gecko) Chrome/135.0.0.0 Safari/537.36 0.015
172.23.0.1 - - [14/May/2025:16:57:07 +0000] GET /api/am/devportal/v3/applications?limit=5000 HTTP/1.1 200 421 https://localhost:9443/devportal/apis/3e9c8bfa-e0d3-4922-984e-cd99bd95a7c8 Mozilla/5.0 (Windows NT 10.0; Win64; x64) AppleWebKit/537.36 (KHTML, like Gecko) Chrome/135.0.0.0 Safari/537.36 0.012
172.23.0.1 - - [14/May/2025:16:57:07 +0000] GET /devportal/site/public/images/_favicon.ico HTTP/1.1 200 1150 https://localhost:9443/devportal/apis/3e9c8bfa-e0d3-4922-984e-cd99bd95a7c8 Mozilla/5.0 (Windows NT 10.0; Win64; x64) AppleWebKit/537.36 (KHTML, like Gecko) Chrome/135.0.0.0 Safari/537.36 0.001
172.23.0.1 - - [14/May/2025:16:57:07 +0000] - 400 - - - 0.000
172.23.0.1 - - [14/May/2025:16:57:07 +0000] GET /api/am/devportal/v3/apis/3e9c8bfa-e0d3-4922-984e-cd99bd95a7c8 HTTP/1.1 200 2595 https://localhost:9443/devportal/apis/3e9c8bfa-e0d3-4922-984e-cd99bd95a7c8 Mozilla/5.0 (Windows NT 10.0; Win64; x64) AppleWebKit/537.36 (KHTML, like Gecko) Chrome/135.0.0.0 Safari/537.36 0.021
172.23.0.1 - - [14/May/2025:16:57:07 +0000] GET /api/am/devportal/v3/settings HTTP/1.1 200 542 https://localhost:9443/devportal/apis/3e9c8bfa-e0d3-4922-984e-cd99bd95a7c8 Mozilla/5.0 (Windows NT 10.0; Win64; x64) AppleWebKit/537.36 (KHTML, like Gecko) Chrome/135.0.0.0 Safari/537.36 0.076
127.0.0.1 - - [14/May/2025:16:57:07 +0000] GET /keymanager-operations/dcr/register/UzRtUzQxSXdoRTJTUl9PTFAwT2JHc3VIamJJYQ%3D%3D HTTP/1.1 200 749 - Apache-HttpClient/4.5.13 (Java/21.0.5) 0.040
127.0.0.1 - - [14/May/2025:16:57:07 +0000] GET /keymanager-operations/dcr/register/UzRtUzQxSXdoRTJTUl9PTFAwT2JHc3VIamJJYQ%3D%3D HTTP/1.1 200 749 - Apache-HttpClient/4.5.13 (Java/21.0.5) 0.041
172.23.0.1 - - [14/May/2025:16:57:07 +0000] GET /api/am/devportal/v3/subscriptions?apiId=3e9c8bfa-e0d3-4922-984e-cd99bd95a7c8&limit=25 HTTP/1.1 200 812 https://localhost:9443/devportal/apis/3e9c8bfa-e0d3-4922-984e-cd99bd95a7c8 Mozilla/5.0 (Windows NT 10.0; Win64; x64) AppleWebKit/537.36 (KHTML, like Gecko) Chrome/135.0.0.0 Safari/537.36 0.097
172.23.0.1 - - [14/May/2025:16:57:07 +0000] GET /api/am/devportal/v3/subscriptions?apiId=3e9c8bfa-e0d3-4922-984e-cd99bd95a7c8&limit=5000 HTTP/1.1 200 816 https://localhost:9443/devportal/apis/3e9c8bfa-e0d3-4922-984e-cd99bd95a7c8 Mozilla/5.0 (Windows NT 10.0; Win64; x64) AppleWebKit/537.36 (KHTML, like Gecko) Chrome/135.0.0.0 Safari/537.36 0.100
172.23.0.1 - - [14/May/2025:16:57:07 +0000] GET /devportal/site/public/images/_favicon.ico HTTP/1.1 200 1150 https://localhost:9443/devportal/apis/3e9c8bfa-e0d3-4922-984e-cd99bd95a7c8/overview Mozilla/5.0 (Windows NT 10.0; Win64; x64) AppleWebKit/537.36 (KHTML, like Gecko) Chrome/135.0.0.0 Safari/537.36 0.002
172.23.0.1 - - [14/May/2025:16:57:07 +0000] GET /api/am/devportal/v3/throttling-policies/subscription HTTP/1.1 200 751 https://localhost:9443/devportal/apis/3e9c8bfa-e0d3-4922-984e-cd99bd95a7c8/overview Mozilla/5.0 (Windows NT 10.0; Win64; x64) AppleWebKit/537.36 (KHTML, like Gecko) Chrome/135.0.0.0 Safari/537.36 0.008
172.23.0.1 - - [14/May/2025:16:57:07 +0000] GET /api/am/devportal/v3/apis/3e9c8bfa-e0d3-4922-984e-cd99bd95a7c8/documents HTTP/1.1 200 92 https://localhost:9443/devportal/apis/3e9c8bfa-e0d3-4922-984e-cd99bd95a7c8/overview Mozilla/5.0 (Windows NT 10.0; Win64; x64) AppleWebKit/537.36 (KHTML, like Gecko) Chrome/135.0.0.0 Safari/537.36 0.014
172.23.0.1 - - [14/May/2025:16:57:07 +0000] GET /api/am/devportal/v3/throttling-policies/subscription HTTP/1.1 200 751 https://localhost:9443/devportal/apis/3e9c8bfa-e0d3-4922-984e-cd99bd95a7c8/overview Mozilla/5.0 (Windows NT 10.0; Win64; x64) AppleWebKit/537.36 (KHTML, like Gecko) Chrome/135.0.0.0 Safari/537.36 0.014
172.23.0.1 - - [14/May/2025:16:57:07 +0000] GET /api/am/devportal/v3/apis/3e9c8bfa-e0d3-4922-984e-cd99bd95a7c8/documents HTTP/1.1 200 92 https://localhost:9443/devportal/apis/3e9c8bfa-e0d3-4922-984e-cd99bd95a7c8/overview Mozilla/5.0 (Windows NT 10.0; Win64; x64) AppleWebKit/537.36 (KHTML, like Gecko) Chrome/135.0.0.0 Safari/537.36 0.009
172.23.0.1 - - [14/May/2025:16:57:07 +0000] GET /api/am/devportal/v3/apis/3e9c8bfa-e0d3-4922-984e-cd99bd95a7c8/ratings HTTP/1.1 200 125 https://localhost:9443/devportal/apis/3e9c8bfa-e0d3-4922-984e-cd99bd95a7c8/overview Mozilla/5.0 (Windows NT 10.0; Win64; x64) AppleWebKit/537.36 (KHTML, like Gecko) Chrome/135.0.0.0 Safari/537.36 0.009
172.23.0.1 - - [14/May/2025:16:57:07 +0000] GET /api/am/devportal/v3/apis/3e9c8bfa-e0d3-4922-984e-cd99bd95a7c8/thumbnail HTTP/1.1 204 - https://localhost:9443/devportal/apis/3e9c8bfa-e0d3-4922-984e-cd99bd95a7c8/overview Mozilla/5.0 (Windows NT 10.0; Win64; x64) AppleWebKit/537.36 (KHTML, like Gecko) Chrome/135.0.0.0 Safari/537.36 0.012
172.23.0.1 - - [14/May/2025:16:57:07 +0000] GET /api/am/devportal/v3/apis/3e9c8bfa-e0d3-4922-984e-cd99bd95a7c8/comments?limit=5&offset=0 HTTP/1.1 200 101 https://localhost:9443/devportal/apis/3e9c8bfa-e0d3-4922-984e-cd99bd95a7c8/overview Mozilla/5.0 (Windows NT 10.0; Win64; x64) AppleWebKit/537.36 (KHTML, like Gecko) Chrome/135.0.0.0 Safari/537.36 0.012
172.23.0.1 - - [14/May/2025:16:57:09 +0000] GET /api/am/devportal/v3/applications?limit=5000 HTTP/1.1 200 421 https://localhost:9443/devportal/apis/3e9c8bfa-e0d3-4922-984e-cd99bd95a7c8/api-console Mozilla/5.0 (Windows NT 10.0; Win64; x64) AppleWebKit/537.36 (KHTML, like Gecko) Chrome/135.0.0.0 Safari/537.36 0.012
172.23.0.1 - - [14/May/2025:16:57:09 +0000] - 400 - - - 0.000
172.23.0.1 - - [14/May/2025:16:57:09 +0000] GET /devportal/site/public/images/_favicon.ico HTTP/1.1 200 1150 https://localhost:9443/devportal/apis/3e9c8bfa-e0d3-4922-984e-cd99bd95a7c8/api-console Mozilla/5.0 (Windows NT 10.0; Win64; x64) AppleWebKit/537.36 (KHTML, like Gecko) Chrome/135.0.0.0 Safari/537.36 0.002
172.23.0.1 - - [14/May/2025:16:57:09 +0000] GET /api/am/devportal/v3/apis/3e9c8bfa-e0d3-4922-984e-cd99bd95a7c8 HTTP/1.1 200 2595 https://localhost:9443/devportal/apis/3e9c8bfa-e0d3-4922-984e-cd99bd95a7c8/api-console Mozilla/5.0 (Windows NT 10.0; Win64; x64) AppleWebKit/537.36 (KHTML, like Gecko) Chrome/135.0.0.0 Safari/537.36 0.028
127.0.0.1 - - [14/May/2025:16:57:09 +0000] GET /keymanager-operations/dcr/register/UzRtUzQxSXdoRTJTUl9PTFAwT2JHc3VIamJJYQ%3D%3D HTTP/1.1 200 749 - Apache-HttpClient/4.5.13 (Java/21.0.5) 0.012
127.0.0.1 - - [14/May/2025:16:57:09 +0000] GET /keymanager-operations/dcr/register/UzRtUzQxSXdoRTJTUl9PTFAwT2JHc3VIamJJYQ%3D%3D HTTP/1.1 200 749 - Apache-HttpClient/4.5.13 (Java/21.0.5) 0.004
172.23.0.1 - - [14/May/2025:16:57:09 +0000] GET /api/am/devportal/v3/subscriptions?apiId=3e9c8bfa-e0d3-4922-984e-cd99bd95a7c8&limit=5000 HTTP/1.1 200 816 https://localhost:9443/devportal/apis/3e9c8bfa-e0d3-4922-984e-cd99bd95a7c8/api-console Mozilla/5.0 (Windows NT 10.0; Win64; x64) AppleWebKit/537.36 (KHTML, like Gecko) Chrome/135.0.0.0 Safari/537.36 0.058
172.23.0.1 - - [14/May/2025:16:57:09 +0000] GET /api/am/devportal/v3/subscriptions?apiId=3e9c8bfa-e0d3-4922-984e-cd99bd95a7c8&limit=25 HTTP/1.1 200 812 https://localhost:9443/devportal/apis/3e9c8bfa-e0d3-4922-984e-cd99bd95a7c8/api-console Mozilla/5.0 (Windows NT 10.0; Win64; x64) AppleWebKit/537.36 (KHTML, like Gecko) Chrome/135.0.0.0 Safari/537.36 0.065
172.23.0.1 - - [14/May/2025:16:57:09 +0000] GET /devportal/site/public/dist/7894.4c560af4e67e52ac7a4d.bundle.js HTTP/1.1 200 1102347 https://localhost:9443/devportal/apis/3e9c8bfa-e0d3-4922-984e-cd99bd95a7c8/api-console Mozilla/5.0 (Windows NT 10.0; Win64; x64) AppleWebKit/537.36 (KHTML, like Gecko) Chrome/135.0.0.0 Safari/537.36 0.154
172.23.0.1 - - [14/May/2025:16:57:09 +0000] GET /api/am/devportal/v3/apis/3e9c8bfa-e0d3-4922-984e-cd99bd95a7c8 HTTP/1.1 200 2595 https://localhost:9443/devportal/apis/3e9c8bfa-e0d3-4922-984e-cd99bd95a7c8/api-console Mozilla/5.0 (Windows NT 10.0; Win64; x64) AppleWebKit/537.36 (KHTML, like Gecko) Chrome/135.0.0.0 Safari/537.36 0.014
172.23.0.1 - - [14/May/2025:16:57:09 +0000] GET /api/am/devportal/v3/apis/3e9c8bfa-e0d3-4922-984e-cd99bd95a7c8/swagger?environmentName=Default HTTP/1.1 200 1837 https://localhost:9443/devportal/apis/3e9c8bfa-e0d3-4922-984e-cd99bd95a7c8/api-console Mozilla/5.0 (Windows NT 10.0; Win64; x64) AppleWebKit/537.36 (KHTML, like Gecko) Chrome/135.0.0.0 Safari/537.36 0.020
127.0.0.1 - - [14/May/2025:16:57:09 +0000] GET /keymanager-operations/dcr/register/UzRtUzQxSXdoRTJTUl9PTFAwT2JHc3VIamJJYQ%3D%3D HTTP/1.1 200 749 - Apache-HttpClient/4.5.13 (Java/21.0.5) 0.003
172.23.0.1 - - [14/May/2025:16:57:09 +0000] GET /api/am/devportal/v3/subscriptions?apiId=3e9c8bfa-e0d3-4922-984e-cd99bd95a7c8&limit=25 HTTP/1.1 200 812 https://localhost:9443/devportal/apis/3e9c8bfa-e0d3-4922-984e-cd99bd95a7c8/api-console Mozilla/5.0 (Windows NT 10.0; Win64; x64) AppleWebKit/537.36 (KHTML, like Gecko) Chrome/135.0.0.0 Safari/537.36 0.021
172.23.0.1 - - [14/May/2025:16:57:09 +0000] GET /api/am/devportal/v3/swagger.yaml HTTP/1.1 200 30152 https://localhost:9443/devportal/apis/3e9c8bfa-e0d3-4922-984e-cd99bd95a7c8/api-console Mozilla/5.0 (Windows NT 10.0; Win64; x64) AppleWebKit/537.36 (KHTML, like Gecko) Chrome/135.0.0.0 Safari/537.36 0.014
127.0.0.1 - - [14/May/2025:16:57:09 +0000] GET /keymanager-operations/dcr/register/UzRtUzQxSXdoRTJTUl9PTFAwT2JHc3VIamJJYQ%3D%3D HTTP/1.1 200 749 - Apache-HttpClient/4.5.13 (Java/21.0.5) 0.004
127.0.0.1 - - [14/May/2025:16:57:09 +0000] GET /oauth2/token/.well-known/openid-configuration HTTP/1.1 200 2404 - Apache-HttpClient/4.5.13 (Java/21.0.5) 0.005
172.23.0.1 - - [14/May/2025:16:57:09 +0000] GET /api/am/devportal/v3/subscriptions?apiId=3e9c8bfa-e0d3-4922-984e-cd99bd95a7c8&limit=25 HTTP/1.1 200 812 https://localhost:9443/devportal/apis/3e9c8bfa-e0d3-4922-984e-cd99bd95a7c8/api-console Mozilla/5.0 (Windows NT 10.0; Win64; x64) AppleWebKit/537.36 (KHTML, like Gecko) Chrome/135.0.0.0 Safari/537.36 0.030
172.23.0.1 - - [14/May/2025:16:57:09 +0000] GET /api/am/devportal/v3/key-managers HTTP/1.1 200 764 https://localhost:9443/devportal/apis/3e9c8bfa-e0d3-4922-984e-cd99bd95a7c8/api-console Mozilla/5.0 (Windows NT 10.0; Win64; x64) AppleWebKit/537.36 (KHTML, like Gecko) Chrome/135.0.0.0 Safari/537.36 0.061
172.23.0.1 - - [14/May/2025:16:57:09 +0000] GET /api/am/devportal/v3/applications/ HTTP/1.1 200 419 https://localhost:9443/devportal/apis/3e9c8bfa-e0d3-4922-984e-cd99bd95a7c8/api-console Mozilla/5.0 (Windows NT 10.0; Win64; x64) AppleWebKit/537.36 (KHTML, like Gecko) Chrome/135.0.0.0 Safari/537.36 0.006
172.23.0.1 - - [14/May/2025:16:57:09 +0000] GET /api/am/devportal/v3/swagger.yaml HTTP/1.1 200 30152 https://localhost:9443/devportal/apis/3e9c8bfa-e0d3-4922-984e-cd99bd95a7c8/api-console Mozilla/5.0 (Windows NT 10.0; Win64; x64) AppleWebKit/537.36 (KHTML, like Gecko) Chrome/135.0.0.0 Safari/537.36 0.012
127.0.0.1 - - [14/May/2025:16:57:09 +0000] GET /keymanager-operations/dcr/register/UzRtUzQxSXdoRTJTUl9PTFAwT2JHc3VIamJJYQ%3D%3D HTTP/1.1 200 749 - Apache-HttpClient/4.5.13 (Java/21.0.5) 0.002
172.23.0.1 - - [14/May/2025:16:57:09 +0000] GET /api/am/devportal/v3/applications/539d6b5f-186c-4ccb-bc4a-34c980dcdbbd HTTP/1.1 200 404 https://localhost:9443/devportal/apis/3e9c8bfa-e0d3-4922-984e-cd99bd95a7c8/api-console Mozilla/5.0 (Windows NT 10.0; Win64; x64) AppleWebKit/537.36 (KHTML, like Gecko) Chrome/135.0.0.0 Safari/537.36 0.026
127.0.0.1 - - [14/May/2025:16:57:09 +0000] GET /keymanager-operations/dcr/register/UzRtUzQxSXdoRTJTUl9PTFAwT2JHc3VIamJJYQ%3D%3D HTTP/1.1 200 749 - Apache-HttpClient/4.5.13 (Java/21.0.5) 0.004
172.23.0.1 - - [14/May/2025:16:57:09 +0000] GET /api/am/devportal/v3/applications/539d6b5f-186c-4ccb-bc4a-34c980dcdbbd/oauth-keys HTTP/1.1 200 868 https://localhost:9443/devportal/apis/3e9c8bfa-e0d3-4922-984e-cd99bd95a7c8/api-console Mozilla/5.0 (Windows NT 10.0; Win64; x64) AppleWebKit/537.36 (KHTML, like Gecko) Chrome/135.0.0.0 Safari/537.36 0.022
172.23.0.1 - - [14/May/2025:16:57:09 +0000] GET /api/am/devportal/v3/swagger.yaml HTTP/1.1 200 30152 https://localhost:9443/devportal/apis/3e9c8bfa-e0d3-4922-984e-cd99bd95a7c8/api-console Mozilla/5.0 (Windows NT 10.0; Win64; x64) AppleWebKit/537.36 (KHTML, like Gecko) Chrome/135.0.0.0 Safari/537.36 0.008
127.0.0.1 - - [14/May/2025:16:57:09 +0000] GET /keymanager-operations/dcr/register/UzRtUzQxSXdoRTJTUl9PTFAwT2JHc3VIamJJYQ%3D%3D HTTP/1.1 200 749 - Apache-HttpClient/4.5.13 (Java/21.0.5) 0.002
172.23.0.1 - - [14/May/2025:16:57:09 +0000] GET /api/am/devportal/v3/applications/539d6b5f-186c-4ccb-bc4a-34c980dcdbbd HTTP/1.1 200 404 https://localhost:9443/devportal/apis/3e9c8bfa-e0d3-4922-984e-cd99bd95a7c8/api-console Mozilla/5.0 (Windows NT 10.0; Win64; x64) AppleWebKit/537.36 (KHTML, like Gecko) Chrome/135.0.0.0 Safari/537.36 0.009
127.0.0.1 - - [14/May/2025:16:57:09 +0000] GET /keymanager-operations/dcr/register/UzRtUzQxSXdoRTJTUl9PTFAwT2JHc3VIamJJYQ%3D%3D HTTP/1.1 200 749 - Apache-HttpClient/4.5.13 (Java/21.0.5) 0.002
172.23.0.1 - - [14/May/2025:16:57:09 +0000] GET /api/am/devportal/v3/applications/539d6b5f-186c-4ccb-bc4a-34c980dcdbbd/oauth-keys HTTP/1.1 200 868 https://localhost:9443/devportal/apis/3e9c8bfa-e0d3-4922-984e-cd99bd95a7c8/api-console Mozilla/5.0 (Windows NT 10.0; Win64; x64) AppleWebKit/537.36 (KHTML, like Gecko) Chrome/135.0.0.0 Safari/537.36 0.008
172.23.0.1 - - [14/May/2025:16:57:11 +0000] GET /api/am/devportal/v3/swagger.yaml HTTP/1.1 200 30152 https://localhost:9443/devportal/apis/3e9c8bfa-e0d3-4922-984e-cd99bd95a7c8/api-console Mozilla/5.0 (Windows NT 10.0; Win64; x64) AppleWebKit/537.36 (KHTML, like Gecko) Chrome/135.0.0.0 Safari/537.36 0.010
127.0.0.1 - - [14/May/2025:16:57:11 +0000] GET /keymanager-operations/dcr/register/UzRtUzQxSXdoRTJTUl9PTFAwT2JHc3VIamJJYQ%3D%3D HTTP/1.1 200 749 - Apache-HttpClient/4.5.13 (Java/21.0.5) 0.003
172.23.0.1 - - [14/May/2025:16:57:11 +0000] GET /api/am/devportal/v3/applications/539d6b5f-186c-4ccb-bc4a-34c980dcdbbd HTTP/1.1 200 404 https://localhost:9443/devportal/apis/3e9c8bfa-e0d3-4922-984e-cd99bd95a7c8/api-console Mozilla/5.0 (Windows NT 10.0; Win64; x64) AppleWebKit/537.36 (KHTML, like Gecko) Chrome/135.0.0.0 Safari/537.36 0.009
127.0.0.1 - - [14/May/2025:16:57:11 +0000] GET /keymanager-operations/dcr/register/UzRtUzQxSXdoRTJTUl9PTFAwT2JHc3VIamJJYQ%3D%3D HTTP/1.1 200 749 - Apache-HttpClient/4.5.13 (Java/21.0.5) 0.003
172.23.0.1 - - [14/May/2025:16:57:11 +0000] GET /api/am/devportal/v3/applications/539d6b5f-186c-4ccb-bc4a-34c980dcdbbd/oauth-keys HTTP/1.1 200 868 https://localhost:9443/devportal/apis/3e9c8bfa-e0d3-4922-984e-cd99bd95a7c8/api-console Mozilla/5.0 (Windows NT 10.0; Win64; x64) AppleWebKit/537.36 (KHTML, like Gecko) Chrome/135.0.0.0 Safari/537.36 0.009
127.0.0.1 - - [14/May/2025:16:57:12 +0000] GET /keymanager-operations/dcr/register/UzRtUzQxSXdoRTJTUl9PTFAwT2JHc3VIamJJYQ%3D%3D HTTP/1.1 200 749 - Apache-HttpClient/4.5.13 (Java/21.0.5) 0.003
127.0.0.1 - - [14/May/2025:16:57:12 +0000] GET /keymanager-operations/dcr/register/UzRtUzQxSXdoRTJTUl9PTFAwT2JHc3VIamJJYQ%3D%3D HTTP/1.1 200 749 - Apache-HttpClient/4.5.13 (Java/21.0.5) 0.003
127.0.0.1 - - [14/May/2025:16:57:12 +0000] POST /oauth2/token HTTP/1.1 200 1178 - Apache-HttpClient/4.5.13 (Java/21.0.5) 0.059
172.23.0.1 - - [14/May/2025:16:57:12 +0000] POST /api/am/devportal/v3/applications/539d6b5f-186c-4ccb-bc4a-34c980dcdbbd/oauth-keys/5161b079-ecf2-402f-9ee6-b91bcf0aaeec/generate-token HTTP/1.1 200 898 https://localhost:9443/devportal/apis/3e9c8bfa-e0d3-4922-984e-cd99bd95a7c8/api-console Mozilla/5.0 (Windows NT 10.0; Win64; x64) AppleWebKit/537.36 (KHTML, like Gecko) Chrome/135.0.0.0 Safari/537.36 0.304
127.0.0.1 - - [14/May/2025:16:57:12 +0000] POST /internal/data/v1/notify HTTP/1.1 200 - - Apache-HttpClient/4.5.13 (Java/21.0.5) 0.071
127.0.0.1 - - [14/May/2025:16:57:19 +0000] GET /oauth2/jwks HTTP/1.1 200 1910 - Apache-HttpClient/4.5.13 (Java/21.0.5) 0.062
127.0.0.1 - - [14/May/2025:16:57:19 +0000] GET /am/sample/pizzashack/v1/api/menu HTTP/1.1 200 1663 https://localhost:9443/ Synapse-PT-HttpComponents-NIO 0.011
