- 172.23.0.1 - - [29/Apr/2025:10:50:57.820 +0000] "OPTIONS /pizzashack/1.0.0/menu HTTP/1.1" - - "https://localhost:9443/" "Mozilla/5.0 (Windows NT 10.0; Win64; x64) AppleWebKit/537.36 (KHTML, like Gecko) Chrome/135.0.0.0 Safari/537.36"
- 172.23.0.1  - [29/Apr/2025:10:50:57.820 +0000] "- - " 200 - "-" "-"
- 172.23.0.1 - - [29/Apr/2025:10:50:57.820 +0000] "GET /pizzashack/1.0.0/menu HTTP/1.1" - - "https://localhost:9443/" "Mozilla/5.0 (Windows NT 10.0; Win64; x64) AppleWebKit/537.36 (KHTML, like Gecko) Chrome/135.0.0.0 Safari/537.36"
- 127.0.0.1 - - [29/Apr/2025:10:50:57.925 +0000] "GET /am/sample/pizzashack/v1/api/menu HTTP/1.1" - - "https://localhost:9443/" "Synapse-PT-HttpComponents-NIO"
- 127.0.0.1  - [29/Apr/2025:10:50:57.925 +0000] "- - " 200 - "-" "-"
- 172.23.0.1  - [29/Apr/2025:10:50:57.820 +0000] "- - " 200 - "-" "-"
- 172.23.0.1 - - [29/Apr/2025:10:53:24.848 +0000] "GET /pizzashack/1.0.0/menu HTTP/1.1" - - "-" "PostmanRuntime/7.39.1"
- 172.23.0.1  - [29/Apr/2025:10:53:24.848 +0000] "- - " 401 - "-" "-"
- 172.23.0.1 - - [29/Apr/2025:10:53:49.074 +0000] "GET /pizzashack/1.0.0/menu HTTP/1.1" - - "-" "PostmanRuntime/7.39.1"
- 127.0.0.1 - - [29/Apr/2025:10:53:49.084 +0000] "GET /am/sample/pizzashack/v1/api/menu HTTP/1.1" - - "-" "Synapse-PT-HttpComponents-NIO"
- 127.0.0.1  - [29/Apr/2025:10:53:49.084 +0000] "- - " 200 - "-" "-"
- 172.23.0.1  - [29/Apr/2025:10:53:49.074 +0000] "- - " 200 - "-" "-"
- 172.23.0.1 - - [29/Apr/2025:10:57:50.556 +0000] "OPTIONS /pizzashack/1.0.0/order HTTP/1.1" - - "https://localhost:9443/" "Mozilla/5.0 (Windows NT 10.0; Win64; x64) AppleWebKit/537.36 (KHTML, like Gecko) Chrome/135.0.0.0 Safari/537.36"
- 172.23.0.1  - [29/Apr/2025:10:57:50.556 +0000] "- - " 200 - "-" "-"
- 172.23.0.1 - - [29/Apr/2025:10:57:50.556 +0000] "POST /pizzashack/1.0.0/order HTTP/1.1" - 158 "https://localhost:9443/" "Mozilla/5.0 (Windows NT 10.0; Win64; x64) AppleWebKit/537.36 (KHTML, like Gecko) Chrome/135.0.0.0 Safari/537.36"
- 127.0.0.1 - - [29/Apr/2025:10:57:50.583 +0000] "POST /am/sample/pizzashack/v1/api/order HTTP/1.1" - - "https://localhost:9443/" "Synapse-PT-HttpComponents-NIO"
- 127.0.0.1  - [29/Apr/2025:10:57:50.583 +0000] "- - " 201 - "-" "-"
- 172.23.0.1  - [29/Apr/2025:10:57:50.556 +0000] "- - " 201 - "-" "-"
- 172.23.0.1 - - [29/Apr/2025:10:59:05.987 +0000] "OPTIONS /pizzashack/1.0.0/order/1 HTTP/1.1" - - "https://localhost:9443/" "Mozilla/5.0 (Windows NT 10.0; Win64; x64) AppleWebKit/537.36 (KHTML, like Gecko) Chrome/135.0.0.0 Safari/537.36"
- 172.23.0.1  - [29/Apr/2025:10:59:05.987 +0000] "- - " 200 - "-" "-"
- 172.23.0.1 - - [29/Apr/2025:10:59:05.987 +0000] "GET /pizzashack/1.0.0/order/1 HTTP/1.1" - - "https://localhost:9443/" "Mozilla/5.0 (Windows NT 10.0; Win64; x64) AppleWebKit/537.36 (KHTML, like Gecko) Chrome/135.0.0.0 Safari/537.36"
- 127.0.0.1 - - [29/Apr/2025:10:59:06.006 +0000] "GET /am/sample/pizzashack/v1/api/order/1 HTTP/1.1" - - "https://localhost:9443/" "Synapse-PT-HttpComponents-NIO"
- 127.0.0.1  - [29/Apr/2025:10:59:06.006 +0000] "- - " 404 - "-" "-"
- 172.23.0.1  - [29/Apr/2025:10:59:05.987 +0000] "- - " 404 - "-" "-"
- 172.23.0.1 - - [29/Apr/2025:10:59:26.853 +0000] "OPTIONS /pizzashack/1.0.0/order/650f7477-f395-4765-9046-e1bae6950e2c HTTP/1.1" - - "https://localhost:9443/" "Mozilla/5.0 (Windows NT 10.0; Win64; x64) AppleWebKit/537.36 (KHTML, like Gecko) Chrome/135.0.0.0 Safari/537.36"
- 172.23.0.1  - [29/Apr/2025:10:59:26.853 +0000] "- - " 200 - "-" "-"
- 172.23.0.1 - - [29/Apr/2025:10:59:26.853 +0000] "GET /pizzashack/1.0.0/order/650f7477-f395-4765-9046-e1bae6950e2c HTTP/1.1" - - "https://localhost:9443/" "Mozilla/5.0 (Windows NT 10.0; Win64; x64) AppleWebKit/537.36 (KHTML, like Gecko) Chrome/135.0.0.0 Safari/537.36"
- 127.0.0.1 - - [29/Apr/2025:10:59:26.869 +0000] "GET /am/sample/pizzashack/v1/api/order/650f7477-f395-4765-9046-e1bae6950e2c HTTP/1.1" - - "https://localhost:9443/" "Synapse-PT-HttpComponents-NIO"
- 127.0.0.1  - [29/Apr/2025:10:59:26.869 +0000] "- - " 200 - "-" "-"
- 172.23.0.1  - [29/Apr/2025:10:59:26.853 +0000] "- - " 200 - "-" "-"
- 172.23.0.1 - - [29/Apr/2025:11:12:13.024 +0000] "GET /pizzashack/1.0.0/order/650f7477-f395-4765-9046-e1bae6950e2c HTTP/1.1" - - "-" "PostmanRuntime/7.39.1"
- 127.0.0.1 - - [29/Apr/2025:11:12:13.032 +0000] "GET /am/sample/pizzashack/v1/api/order/650f7477-f395-4765-9046-e1bae6950e2c HTTP/1.1" - - "-" "Synapse-PT-HttpComponents-NIO"
- 127.0.0.1  - [29/Apr/2025:11:12:13.032 +0000] "- - " 200 - "-" "-"
- 172.23.0.1  - [29/Apr/2025:11:12:13.024 +0000] "- - " 200 - "-" "-"
- 172.23.0.1 - - [29/Apr/2025:11:22:02.947 +0000] "GET /pizzashack/1.0.0/order/650f7477-f395-4765-9046-e1bae6950e2c HTTP/1.1" - - "-" "PostmanRuntime/7.39.1"
- 127.0.0.1 - - [29/Apr/2025:11:22:02.958 +0000] "GET /am/sample/pizzashack/v1/api/order/650f7477-f395-4765-9046-e1bae6950e2c HTTP/1.1" - - "-" "Synapse-PT-HttpComponents-NIO"
- 127.0.0.1  - [29/Apr/2025:11:22:02.958 +0000] "- - " 200 - "-" "-"
- 172.23.0.1  - [29/Apr/2025:11:22:02.947 +0000] "- - " 200 - "-" "-"
- 172.23.0.1 - - [29/Apr/2025:11:28:21.767 +0000] "POST /pizzashack/1.0.0/order HTTP/1.1" - 163 "-" "PostmanRuntime/7.39.1"
- 127.0.0.1 - - [29/Apr/2025:11:28:21.906 +0000] "POST /am/sample/pizzashack/v1/api/order HTTP/1.1" - - "-" "Synapse-PT-HttpComponents-NIO"
- 127.0.0.1  - [29/Apr/2025:11:28:21.906 +0000] "- - " 415 - "-" "-"
- 172.23.0.1  - [29/Apr/2025:11:28:21.767 +0000] "- - " 415 - "-" "-"
- 172.23.0.1 - - [29/Apr/2025:11:29:20.747 +0000] "POST /pizzashack/1.0.0/order/ HTTP/1.1" - 163 "-" "PostmanRuntime/7.39.1"
- 127.0.0.1 - - [29/Apr/2025:11:29:20.755 +0000] "POST /am/sample/pizzashack/v1/api/order/ HTTP/1.1" - - "-" "Synapse-PT-HttpComponents-NIO"
- 127.0.0.1  - [29/Apr/2025:11:29:20.755 +0000] "- - " 415 - "-" "-"
- 172.23.0.1  - [29/Apr/2025:11:29:20.747 +0000] "- - " 415 - "-" "-"
- 172.23.0.1 - - [29/Apr/2025:11:29:38.522 +0000] "POST /pizzashack/1.0.0/order/ HTTP/1.1" - 160 "-" "PostmanRuntime/7.39.1"
- 127.0.0.1 - - [29/Apr/2025:11:29:38.526 +0000] "POST /am/sample/pizzashack/v1/api/order/ HTTP/1.1" - - "-" "Synapse-PT-HttpComponents-NIO"
- 127.0.0.1  - [29/Apr/2025:11:29:38.526 +0000] "- - " 415 - "-" "-"
- 172.23.0.1  - [29/Apr/2025:11:29:38.522 +0000] "- - " 415 - "-" "-"
- 172.23.0.1 - - [29/Apr/2025:11:30:03.834 +0000] "OPTIONS /pizzashack/1.0.0/order HTTP/1.1" - - "https://localhost:9443/" "Mozilla/5.0 (Windows NT 10.0; Win64; x64) AppleWebKit/537.36 (KHTML, like Gecko) Chrome/135.0.0.0 Safari/537.36"
- 172.23.0.1  - [29/Apr/2025:11:30:03.834 +0000] "- - " 200 - "-" "-"
- 172.23.0.1 - - [29/Apr/2025:11:30:03.834 +0000] "POST /pizzashack/1.0.0/order HTTP/1.1" - 171 "https://localhost:9443/" "Mozilla/5.0 (Windows NT 10.0; Win64; x64) AppleWebKit/537.36 (KHTML, like Gecko) Chrome/135.0.0.0 Safari/537.36"
- 127.0.0.1 - - [29/Apr/2025:11:30:03.842 +0000] "POST /am/sample/pizzashack/v1/api/order HTTP/1.1" - - "https://localhost:9443/" "Synapse-PT-HttpComponents-NIO"
- 127.0.0.1  - [29/Apr/2025:11:30:03.842 +0000] "- - " 201 - "-" "-"
- 172.23.0.1  - [29/Apr/2025:11:30:03.834 +0000] "- - " 201 - "-" "-"
- 172.23.0.1 - - [29/Apr/2025:11:30:40.898 +0000] "POST /pizzashack/1.0.0/order/ HTTP/1.1" - 160 "-" "PostmanRuntime/7.39.1"
- 127.0.0.1 - - [29/Apr/2025:11:30:40.901 +0000] "POST /am/sample/pizzashack/v1/api/order/ HTTP/1.1" - - "-" "Synapse-PT-HttpComponents-NIO"
- 127.0.0.1  - [29/Apr/2025:11:30:40.901 +0000] "- - " 201 - "-" "-"
- 172.23.0.1  - [29/Apr/2025:11:30:40.898 +0000] "- - " 201 - "-" "-"
