- 172.23.0.1 - - [06/Jul/2025:11:46:52.825 +0000] "GET /pizzashack/1.0.0/menu HTTP/1.1" - - "-" "PostmanRuntime/7.39.1"
- 172.23.0.1  - [06/Jul/2025:11:46:52.825 +0000] "- - " 401 - "-" "-"
- 172.23.0.1 - - [06/Jul/2025:11:47:36.991 +0000] "GET /pizzashack/1.0.0/menu HTTP/1.1" - - "-" "PostmanRuntime/7.39.1"
- 172.23.0.1  - [06/Jul/2025:11:47:36.991 +0000] "- - " 401 - "-" "-"
- 172.23.0.1 - - [06/Jul/2025:11:51:48.748 +0000] "OPTIONS /pizzashack/1.0.0/menu HTTP/1.1" - - "https://localhost:9443/" "Mozilla/5.0 (Windows NT 10.0; Win64; x64) AppleWebKit/537.36 (KHTML, like Gecko) Chrome/137.0.0.0 Safari/537.36"
- 172.23.0.1  - [06/Jul/2025:11:51:48.748 +0000] "- - " 200 - "-" "-"
- 172.23.0.1 - - [06/Jul/2025:11:51:48.748 +0000] "GET /pizzashack/1.0.0/menu HTTP/1.1" - - "https://localhost:9443/" "Mozilla/5.0 (Windows NT 10.0; Win64; x64) AppleWebKit/537.36 (KHTML, like Gecko) Chrome/137.0.0.0 Safari/537.36"
- 127.0.0.1 - - [06/Jul/2025:11:51:48.812 +0000] "GET /am/sample/pizzashack/v1/api/menu HTTP/1.1" - - "https://localhost:9443/" "Synapse-PT-HttpComponents-NIO"
- 127.0.0.1  - [06/Jul/2025:11:51:48.812 +0000] "- - " 200 - "-" "-"
- 172.23.0.1  - [06/Jul/2025:11:51:48.748 +0000] "- - " 200 - "-" "-"
- 172.23.0.1 - - [06/Jul/2025:11:52:02.564 +0000] "GET /pizzashack/1.0.0/menu HTTP/1.1" - - "-" "PostmanRuntime/7.39.1"
- 127.0.0.1 - - [06/Jul/2025:11:52:02.569 +0000] "GET /am/sample/pizzashack/v1/api/menu HTTP/1.1" - - "-" "Synapse-PT-HttpComponents-NIO"
- 127.0.0.1  - [06/Jul/2025:11:52:02.569 +0000] "- - " 200 - "-" "-"
- 172.23.0.1  - [06/Jul/2025:11:52:02.564 +0000] "- - " 200 - "-" "-"
- 172.23.0.1 - - [06/Jul/2025:11:52:30.270 +0000] "GET /pizzashack/1.0.0/menu HTTP/1.1" - - "-" "PostmanRuntime/7.39.1"
- 172.23.0.1  - [06/Jul/2025:11:52:30.270 +0000] "- - " 401 - "-" "-"
- 172.23.0.1 - - [06/Jul/2025:11:52:53.872 +0000] "GET /pizzashack/1.0.0/menu HTTP/1.1" - - "-" "PostmanRuntime/7.39.1"
- 172.23.0.1  - [06/Jul/2025:11:52:53.872 +0000] "- - " 401 - "-" "-"
- 172.23.0.1 - - [06/Jul/2025:11:53:05.195 +0000] "GET /pizzashack/1.0.0/menu HTTP/1.1" - - "-" "PostmanRuntime/7.39.1"
- 127.0.0.1 - - [06/Jul/2025:11:53:05.208 +0000] "GET /am/sample/pizzashack/v1/api/menu HTTP/1.1" - - "-" "Synapse-PT-HttpComponents-NIO"
- 127.0.0.1  - [06/Jul/2025:11:53:05.208 +0000] "- - " 200 - "-" "-"
- 172.23.0.1  - [06/Jul/2025:11:53:05.195 +0000] "- - " 200 - "-" "-"
- 172.23.0.1 - - [06/Jul/2025:11:54:02.794 +0000] "GET /pizzashack/1.0.0/menu HTTP/1.1" - - "-" "PostmanRuntime/7.39.1"
- 127.0.0.1 - - [06/Jul/2025:11:54:02.816 +0000] "GET /am/sample/pizzashack/v1/api/menu HTTP/1.1" - - "-" "Synapse-PT-HttpComponents-NIO"
- 127.0.0.1  - [06/Jul/2025:11:54:02.816 +0000] "- - " 200 - "-" "-"
- 172.23.0.1  - [06/Jul/2025:11:54:02.794 +0000] "- - " 200 - "-" "-"
- 172.23.0.1 - - [06/Jul/2025:11:54:25.325 +0000] "GET /pizzashack/1.0.0/men HTTP/1.1" - - "-" "PostmanRuntime/7.39.1"
- 172.23.0.1  - [06/Jul/2025:11:54:25.325 +0000] "- - " 404 - "-" "-"
- 172.23.0.1 - - [06/Jul/2025:11:55:16.971 +0000] "OPTIONS /pizzashack/1.0.0/order HTTP/1.1" - - "https://localhost:9443/" "Mozilla/5.0 (Windows NT 10.0; Win64; x64) AppleWebKit/537.36 (KHTML, like Gecko) Chrome/137.0.0.0 Safari/537.36"
- 172.23.0.1  - [06/Jul/2025:11:55:16.971 +0000] "- - " 200 - "-" "-"
- 172.23.0.1 - - [06/Jul/2025:11:55:16.971 +0000] "POST /pizzashack/1.0.0/order HTTP/1.1" - 171 "https://localhost:9443/" "Mozilla/5.0 (Windows NT 10.0; Win64; x64) AppleWebKit/537.36 (KHTML, like Gecko) Chrome/137.0.0.0 Safari/537.36"
- 127.0.0.1 - - [06/Jul/2025:11:55:17.016 +0000] "POST /am/sample/pizzashack/v1/api/order HTTP/1.1" - - "https://localhost:9443/" "Synapse-PT-HttpComponents-NIO"
- 127.0.0.1  - [06/Jul/2025:11:55:17.016 +0000] "- - " 201 - "-" "-"
- 172.23.0.1  - [06/Jul/2025:11:55:16.971 +0000] "- - " 201 - "-" "-"
- 172.23.0.1 - - [06/Jul/2025:11:57:43.560 +0000] "OPTIONS /pizzashack/1.0.0/order/03003d5d-07e8-44ec-9f3a-40c315ac8b2f HTTP/1.1" - - "https://localhost:9443/" "Mozilla/5.0 (Windows NT 10.0; Win64; x64) AppleWebKit/537.36 (KHTML, like Gecko) Chrome/137.0.0.0 Safari/537.36"
- 172.23.0.1  - [06/Jul/2025:11:57:43.560 +0000] "- - " 200 - "-" "-"
- 172.23.0.1 - - [06/Jul/2025:11:57:43.560 +0000] "GET /pizzashack/1.0.0/order/03003d5d-07e8-44ec-9f3a-40c315ac8b2f HTTP/1.1" - - "https://localhost:9443/" "Mozilla/5.0 (Windows NT 10.0; Win64; x64) AppleWebKit/537.36 (KHTML, like Gecko) Chrome/137.0.0.0 Safari/537.36"
- 127.0.0.1 - - [06/Jul/2025:11:57:43.574 +0000] "GET /am/sample/pizzashack/v1/api/order/03003d5d-07e8-44ec-9f3a-40c315ac8b2f HTTP/1.1" - - "https://localhost:9443/" "Synapse-PT-HttpComponents-NIO"
- 127.0.0.1  - [06/Jul/2025:11:57:43.574 +0000] "- - " 200 - "-" "-"
- 172.23.0.1  - [06/Jul/2025:11:57:43.560 +0000] "- - " 200 - "-" "-"
- 172.23.0.1 - - [06/Jul/2025:11:58:08.854 +0000] "GET /pizzashack/1.0.0/order/03003d5d-07e8-44ec-9f3a-40c315ac8b2f HTTP/1.1" - - "-" "PostmanRuntime/7.39.1"
- 127.0.0.1 - - [06/Jul/2025:11:58:08.858 +0000] "GET /am/sample/pizzashack/v1/api/order/03003d5d-07e8-44ec-9f3a-40c315ac8b2f HTTP/1.1" - - "-" "Synapse-PT-HttpComponents-NIO"
- 127.0.0.1  - [06/Jul/2025:11:58:08.858 +0000] "- - " 200 - "-" "-"
- 172.23.0.1  - [06/Jul/2025:11:58:08.854 +0000] "- - " 200 - "-" "-"
- 172.23.0.1 - - [06/Jul/2025:11:59:40.786 +0000] "GET /pizzashack/1.0.0/order/03003d5d-07e8-44ec-9f3a-40c315ac8b2 HTTP/1.1" - - "-" "PostmanRuntime/7.39.1"
- 127.0.0.1 - - [06/Jul/2025:11:59:40.795 +0000] "GET /am/sample/pizzashack/v1/api/order/03003d5d-07e8-44ec-9f3a-40c315ac8b2 HTTP/1.1" - - "-" "Synapse-PT-HttpComponents-NIO"
- 127.0.0.1  - [06/Jul/2025:11:59:40.795 +0000] "- - " 404 - "-" "-"
- 172.23.0.1  - [06/Jul/2025:11:59:40.786 +0000] "- - " 404 - "-" "-"
- 172.23.0.1 - - [06/Jul/2025:11:59:51.053 +0000] "GET /pizzashack/1.0.0/order/03003d5d-07e8-44ec-9f3a-40c315ac8b2 HTTP/1.1" - - "-" "PostmanRuntime/7.39.1"
- 127.0.0.1 - - [06/Jul/2025:11:59:51.057 +0000] "GET /am/sample/pizzashack/v1/api/order/03003d5d-07e8-44ec-9f3a-40c315ac8b2 HTTP/1.1" - - "-" "Synapse-PT-HttpComponents-NIO"
- 127.0.0.1  - [06/Jul/2025:11:59:51.057 +0000] "- - " 404 - "-" "-"
- 172.23.0.1  - [06/Jul/2025:11:59:51.053 +0000] "- - " 404 - "-" "-"
- 172.23.0.1 - - [06/Jul/2025:12:00:00.933 +0000] "GET /pizzashack/1.0.0/order/03003d5d-07e8-44ec-9f3a-40c315ac8b2 HTTP/1.1" - - "-" "PostmanRuntime/7.39.1"
- 127.0.0.1 - - [06/Jul/2025:12:00:00.936 +0000] "GET /am/sample/pizzashack/v1/api/order/03003d5d-07e8-44ec-9f3a-40c315ac8b2 HTTP/1.1" - - "-" "Synapse-PT-HttpComponents-NIO"
- 127.0.0.1  - [06/Jul/2025:12:00:00.936 +0000] "- - " 404 - "-" "-"
- 172.23.0.1  - [06/Jul/2025:12:00:00.933 +0000] "- - " 404 - "-" "-"
- 172.23.0.1 - - [06/Jul/2025:12:00:12.883 +0000] "GET /pizzashack/1.0.0/order/03003d5d-07e8-44ec-9f3a-40c315ac8b2 HTTP/1.1" - - "-" "PostmanRuntime/7.39.1"
- 127.0.0.1 - - [06/Jul/2025:12:00:12.891 +0000] "GET /am/sample/pizzashack/v1/api/order/03003d5d-07e8-44ec-9f3a-40c315ac8b2 HTTP/1.1" - - "-" "Synapse-PT-HttpComponents-NIO"
- 127.0.0.1  - [06/Jul/2025:12:00:12.891 +0000] "- - " 404 - "-" "-"
- 172.23.0.1  - [06/Jul/2025:12:00:12.883 +0000] "- - " 404 - "-" "-"
