172.23.0.1 - - [14/Jul/2025:18:25:45 +0000] GET /oauth2/authorize?response_type=code&client_id=8YNcwtyaHxWPUT9xJgLZDwrd4sUa&scope=apim:admin%20apim:api_key%20apim:app_import_export%20apim:app_manage%20apim:store_settings%20apim:sub_alert_manage%20apim:sub_manage%20apim:subscribe%20openid&state=%2Fapplications&redirect_uri=https://localhost:9443/devportal/services/auth/callback/login HTTP/1.1 302 - https://localhost:9443/devportal/applications Mozilla/5.0 (Windows NT 10.0; Win64; x64) AppleWebKit/537.36 (KHTML, like Gecko) Chrome/138.0.0.0 Safari/537.36 0.133
127.0.0.1 - - [14/Jul/2025:18:25:45 +0000] GET /api/server/v1/applications?filter=name+eq+apim_devportal HTTP/1.1 302 - - Apache-HttpClient/4.5.13 (Java/21.0.5) 0.005
127.0.0.1 - - [14/Jul/2025:18:25:45 +0000] GET /carbon/admin/login.jsp HTTP/1.1 200 3681 - Apache-HttpClient/4.5.13 (Java/21.0.5) 0.106
127.0.0.1 - - [14/Jul/2025:18:25:45 +0000] POST /api/server/v1/identity-governance/preferences HTTP/1.1 302 - - Apache-HttpClient/4.5.13 (Java/21.0.5) 0.001
127.0.0.1 - - [14/Jul/2025:18:25:45 +0000] POST /api/server/v1/identity-governance/preferences HTTP/1.1 302 - - Apache-HttpClient/4.5.13 (Java/21.0.5) 0.002
127.0.0.1 - - [14/Jul/2025:18:25:45 +0000] POST /api/server/v1/identity-governance/preferences HTTP/1.1 302 - - Apache-HttpClient/4.5.13 (Java/21.0.5) 0.002
127.0.0.1 - - [14/Jul/2025:18:25:45 +0000] GET /api/server/v1/applications?filter=name+eq+apim_devportal HTTP/1.1 302 - - Apache-HttpClient/4.5.13 (Java/21.0.5) 0.001
127.0.0.1 - - [14/Jul/2025:18:25:45 +0000] GET /carbon/admin/login.jsp HTTP/1.1 200 3680 - Apache-HttpClient/4.5.13 (Java/21.0.5) 0.008
172.23.0.1 - - [14/Jul/2025:18:25:45 +0000] GET /authenticationendpoint/login.do?client_id=8YNcwtyaHxWPUT9xJgLZDwrd4sUa&commonAuthCallerPath=%2Foauth2%2Fauthorize&forceAuth=false&passiveAuth=false&redirect_uri=https%3A%2F%2Flocalhost%3A9443%2Fdevportal%2Fservices%2Fauth%2Fcallback%2Flogin&response_type=code&scope=apim%3Aadmin+apim%3Aapi_key+apim%3Aapp_import_export+apim%3Aapp_manage+apim%3Astore_settings+apim%3Asub_alert_manage+apim%3Asub_manage+apim%3Asubscribe+openid&state=%2Fapplications&tenantDomain=carbon.super&sessionDataKey=1dabc95c-ddee-4cca-afd6-c05244046172&relyingParty=8YNcwtyaHxWPUT9xJgLZDwrd4sUa&type=oidc&sp=apim_devportal&isSaaSApp=true&authenticators=BasicAuthenticator%3ALOCAL HTTP/1.1 200 9151 https://localhost:9443/devportal/applications Mozilla/5.0 (Windows NT 10.0; Win64; x64) AppleWebKit/537.36 (KHTML, like Gecko) Chrome/138.0.0.0 Safari/537.36 0.202
172.23.0.1 - - [14/Jul/2025:18:25:45 +0000] GET /authenticationendpoint/libs/jquery_3.6.0/jquery-3.6.0.min.js HTTP/1.1 200 31385 https://localhost:9443/authenticationendpoint/login.do?client_id=8YNcwtyaHxWPUT9xJgLZDwrd4sUa&commonAuthCallerPath=%2Foauth2%2Fauthorize&forceAuth=false&passiveAuth=false&redirect_uri=https%3A%2F%2Flocalhost%3A9443%2Fdevportal%2Fservices%2Fauth%2Fcallback%2Flogin&response_type=code&scope=apim%3Aadmin+apim%3Aapi_key+apim%3Aapp_import_export+apim%3Aapp_manage+apim%3Astore_settings+apim%3Asub_alert_manage+apim%3Asub_manage+apim%3Asubscribe+openid&state=%2Fapplications&tenantDomain=carbon.super&sessionDataKey=1dabc95c-ddee-4cca-afd6-c05244046172&relyingParty=8YNcwtyaHxWPUT9xJgLZDwrd4sUa&type=oidc&sp=apim_devportal&isSaaSApp=true&authenticators=BasicAuthenticator%3ALOCAL Mozilla/5.0 (Windows NT 10.0; Win64; x64) AppleWebKit/537.36 (KHTML, like Gecko) Chrome/138.0.0.0 Safari/537.36 0.008
172.23.0.1 - - [14/Jul/2025:18:25:45 +0000] GET /authenticationendpoint/libs/themes/default/semantic.min.js HTTP/1.1 200 72294 https://localhost:9443/authenticationendpoint/login.do?client_id=8YNcwtyaHxWPUT9xJgLZDwrd4sUa&commonAuthCallerPath=%2Foauth2%2Fauthorize&forceAuth=false&passiveAuth=false&redirect_uri=https%3A%2F%2Flocalhost%3A9443%2Fdevportal%2Fservices%2Fauth%2Fcallback%2Flogin&response_type=code&scope=apim%3Aadmin+apim%3Aapi_key+apim%3Aapp_import_export+apim%3Aapp_manage+apim%3Astore_settings+apim%3Asub_alert_manage+apim%3Asub_manage+apim%3Asubscribe+openid&state=%2Fapplications&tenantDomain=carbon.super&sessionDataKey=1dabc95c-ddee-4cca-afd6-c05244046172&relyingParty=8YNcwtyaHxWPUT9xJgLZDwrd4sUa&type=oidc&sp=apim_devportal&isSaaSApp=true&authenticators=BasicAuthenticator%3ALOCAL Mozilla/5.0 (Windows NT 10.0; Win64; x64) AppleWebKit/537.36 (KHTML, like Gecko) Chrome/138.0.0.0 Safari/537.36 0.013
172.23.0.1 - - [14/Jul/2025:18:25:45 +0000] GET /authenticationendpoint/libs/themes/default/theme.70534561.min.css HTTP/1.1 200 148020 https://localhost:9443/authenticationendpoint/login.do?client_id=8YNcwtyaHxWPUT9xJgLZDwrd4sUa&commonAuthCallerPath=%2Foauth2%2Fauthorize&forceAuth=false&passiveAuth=false&redirect_uri=https%3A%2F%2Flocalhost%3A9443%2Fdevportal%2Fservices%2Fauth%2Fcallback%2Flogin&response_type=code&scope=apim%3Aadmin+apim%3Aapi_key+apim%3Aapp_import_export+apim%3Aapp_manage+apim%3Astore_settings+apim%3Asub_alert_manage+apim%3Asub_manage+apim%3Asubscribe+openid&state=%2Fapplications&tenantDomain=carbon.super&sessionDataKey=1dabc95c-ddee-4cca-afd6-c05244046172&relyingParty=8YNcwtyaHxWPUT9xJgLZDwrd4sUa&type=oidc&sp=apim_devportal&isSaaSApp=true&authenticators=BasicAuthenticator%3ALOCAL Mozilla/5.0 (Windows NT 10.0; Win64; x64) AppleWebKit/537.36 (KHTML, like Gecko) Chrome/138.0.0.0 Safari/537.36 0.033
172.23.0.1 - - [14/Jul/2025:18:25:46 +0000] GET /authenticationendpoint/libs/themes/default/assets/fonts/icons.woff2 HTTP/1.1 200 40148 https://localhost:9443/authenticationendpoint/libs/themes/default/theme.70534561.min.css Mozilla/5.0 (Windows NT 10.0; Win64; x64) AppleWebKit/537.36 (KHTML, like Gecko) Chrome/138.0.0.0 Safari/537.36 0.001
172.23.0.1 - - [14/Jul/2025:18:25:46 +0000] GET /logincontext?sessionDataKey=1dabc95c-ddee-4cca-afd6-c05244046172&application=apim_devportal&tenantDomain=carbon.super&_=1752517546021 HTTP/1.1 200 20 https://localhost:9443/authenticationendpoint/login.do?client_id=8YNcwtyaHxWPUT9xJgLZDwrd4sUa&commonAuthCallerPath=%2Foauth2%2Fauthorize&forceAuth=false&passiveAuth=false&redirect_uri=https%3A%2F%2Flocalhost%3A9443%2Fdevportal%2Fservices%2Fauth%2Fcallback%2Flogin&response_type=code&scope=apim%3Aadmin+apim%3Aapi_key+apim%3Aapp_import_export+apim%3Aapp_manage+apim%3Astore_settings+apim%3Asub_alert_manage+apim%3Asub_manage+apim%3Asubscribe+openid&state=%2Fapplications&tenantDomain=carbon.super&sessionDataKey=1dabc95c-ddee-4cca-afd6-c05244046172&relyingParty=8YNcwtyaHxWPUT9xJgLZDwrd4sUa&type=oidc&sp=apim_devportal&isSaaSApp=true&authenticators=BasicAuthenticator%3ALOCAL Mozilla/5.0 (Windows NT 10.0; Win64; x64) AppleWebKit/537.36 (KHTML, like Gecko) Chrome/138.0.0.0 Safari/537.36 0.002
172.23.0.1 - - [14/Jul/2025:18:25:51 +0000] GET /logincontext?sessionDataKey=1dabc95c-ddee-4cca-afd6-c05244046172&application=apim_devportal&tenantDomain=carbon.super&_=1752517546022 HTTP/1.1 200 20 https://localhost:9443/authenticationendpoint/login.do?client_id=8YNcwtyaHxWPUT9xJgLZDwrd4sUa&commonAuthCallerPath=%2Foauth2%2Fauthorize&forceAuth=false&passiveAuth=false&redirect_uri=https%3A%2F%2Flocalhost%3A9443%2Fdevportal%2Fservices%2Fauth%2Fcallback%2Flogin&response_type=code&scope=apim%3Aadmin+apim%3Aapi_key+apim%3Aapp_import_export+apim%3Aapp_manage+apim%3Astore_settings+apim%3Asub_alert_manage+apim%3Asub_manage+apim%3Asubscribe+openid&state=%2Fapplications&tenantDomain=carbon.super&sessionDataKey=1dabc95c-ddee-4cca-afd6-c05244046172&relyingParty=8YNcwtyaHxWPUT9xJgLZDwrd4sUa&type=oidc&sp=apim_devportal&isSaaSApp=true&authenticators=BasicAuthenticator%3ALOCAL Mozilla/5.0 (Windows NT 10.0; Win64; x64) AppleWebKit/537.36 (KHTML, like Gecko) Chrome/138.0.0.0 Safari/537.36 0.002
172.23.0.1 - - [14/Jul/2025:18:25:51 +0000] POST /commonauth HTTP/1.1 302 - https://localhost:9443/authenticationendpoint/login.do?client_id=8YNcwtyaHxWPUT9xJgLZDwrd4sUa&commonAuthCallerPath=%2Foauth2%2Fauthorize&forceAuth=false&passiveAuth=false&redirect_uri=https%3A%2F%2Flocalhost%3A9443%2Fdevportal%2Fservices%2Fauth%2Fcallback%2Flogin&response_type=code&scope=apim%3Aadmin+apim%3Aapi_key+apim%3Aapp_import_export+apim%3Aapp_manage+apim%3Astore_settings+apim%3Asub_alert_manage+apim%3Asub_manage+apim%3Asubscribe+openid&state=%2Fapplications&tenantDomain=carbon.super&sessionDataKey=1dabc95c-ddee-4cca-afd6-c05244046172&relyingParty=8YNcwtyaHxWPUT9xJgLZDwrd4sUa&type=oidc&sp=apim_devportal&isSaaSApp=true&authenticators=BasicAuthenticator%3ALOCAL Mozilla/5.0 (Windows NT 10.0; Win64; x64) AppleWebKit/537.36 (KHTML, like Gecko) Chrome/138.0.0.0 Safari/537.36 0.107
172.23.0.1 - - [14/Jul/2025:18:25:51 +0000] GET /oauth2/authorize?sessionDataKey=a4f971dd-4c86-4ee7-a545-c75e7267cdf2 HTTP/1.1 302 - https://localhost:9443/authenticationendpoint/login.do?client_id=8YNcwtyaHxWPUT9xJgLZDwrd4sUa&commonAuthCallerPath=%2Foauth2%2Fauthorize&forceAuth=false&passiveAuth=false&redirect_uri=https%3A%2F%2Flocalhost%3A9443%2Fdevportal%2Fservices%2Fauth%2Fcallback%2Flogin&response_type=code&scope=apim%3Aadmin+apim%3Aapi_key+apim%3Aapp_import_export+apim%3Aapp_manage+apim%3Astore_settings+apim%3Asub_alert_manage+apim%3Asub_manage+apim%3Asubscribe+openid&state=%2Fapplications&tenantDomain=carbon.super&sessionDataKey=1dabc95c-ddee-4cca-afd6-c05244046172&relyingParty=8YNcwtyaHxWPUT9xJgLZDwrd4sUa&type=oidc&sp=apim_devportal&isSaaSApp=true&authenticators=BasicAuthenticator%3ALOCAL Mozilla/5.0 (Windows NT 10.0; Win64; x64) AppleWebKit/537.36 (KHTML, like Gecko) Chrome/138.0.0.0 Safari/537.36 0.015
127.0.0.1 - - [14/Jul/2025:18:25:51 +0000] POST /oauth2/token HTTP/1.1 200 1537 - Java-http-client/21.0.5 0.025
172.23.0.1 - - [14/Jul/2025:18:25:51 +0000] GET /devportal/services/auth/callback/login?code=94d9dd9b-72d7-35b8-b331-20601168f10c&state=%2Fapplications&session_state=e30eea210a8224b98ec19888b14b4156f7b4a973894aa456345b13fcb3ed6aee.e64-9gB16RcRpXQCyvt92g HTTP/1.1 302 - https://localhost:9443/authenticationendpoint/login.do?client_id=8YNcwtyaHxWPUT9xJgLZDwrd4sUa&commonAuthCallerPath=%2Foauth2%2Fauthorize&forceAuth=false&passiveAuth=false&redirect_uri=https%3A%2F%2Flocalhost%3A9443%2Fdevportal%2Fservices%2Fauth%2Fcallback%2Flogin&response_type=code&scope=apim%3Aadmin+apim%3Aapi_key+apim%3Aapp_import_export+apim%3Aapp_manage+apim%3Astore_settings+apim%3Asub_alert_manage+apim%3Asub_manage+apim%3Asubscribe+openid&state=%2Fapplications&tenantDomain=carbon.super&sessionDataKey=1dabc95c-ddee-4cca-afd6-c05244046172&relyingParty=8YNcwtyaHxWPUT9xJgLZDwrd4sUa&type=oidc&sp=apim_devportal&isSaaSApp=true&authenticators=BasicAuthenticator%3ALOCAL Mozilla/5.0 (Windows NT 10.0; Win64; x64) AppleWebKit/537.36 (KHTML, like Gecko) Chrome/138.0.0.0 Safari/537.36 0.035
172.23.0.1 - - [14/Jul/2025:18:25:51 +0000] GET /devportal/applications HTTP/1.1 200 1691 https://localhost:9443/authenticationendpoint/login.do?client_id=8YNcwtyaHxWPUT9xJgLZDwrd4sUa&commonAuthCallerPath=%2Foauth2%2Fauthorize&forceAuth=false&passiveAuth=false&redirect_uri=https%3A%2F%2Flocalhost%3A9443%2Fdevportal%2Fservices%2Fauth%2Fcallback%2Flogin&response_type=code&scope=apim%3Aadmin+apim%3Aapi_key+apim%3Aapp_import_export+apim%3Aapp_manage+apim%3Astore_settings+apim%3Asub_alert_manage+apim%3Asub_manage+apim%3Asubscribe+openid&state=%2Fapplications&tenantDomain=carbon.super&sessionDataKey=1dabc95c-ddee-4cca-afd6-c05244046172&relyingParty=8YNcwtyaHxWPUT9xJgLZDwrd4sUa&type=oidc&sp=apim_devportal&isSaaSApp=true&authenticators=BasicAuthenticator%3ALOCAL Mozilla/5.0 (Windows NT 10.0; Win64; x64) AppleWebKit/537.36 (KHTML, like Gecko) Chrome/138.0.0.0 Safari/537.36 0.002
172.23.0.1 - - [14/Jul/2025:18:25:51 +0000] GET /devportal/site/public/theme/userTheme.js HTTP/1.1 200 95 https://localhost:9443/devportal/applications Mozilla/5.0 (Windows NT 10.0; Win64; x64) AppleWebKit/537.36 (KHTML, like Gecko) Chrome/138.0.0.0 Safari/537.36 0.002
172.23.0.1 - - [14/Jul/2025:18:25:51 +0000] GET /devportal/services/settings/settings.js HTTP/1.1 200 1670 https://localhost:9443/devportal/applications Mozilla/5.0 (Windows NT 10.0; Win64; x64) AppleWebKit/537.36 (KHTML, like Gecko) Chrome/138.0.0.0 Safari/537.36 0.004
172.23.0.1 - - [14/Jul/2025:18:25:51 +0000] GET /devportal/site/public/locales/en.json HTTP/1.1 200 68799 https://localhost:9443/devportal/applications Mozilla/5.0 (Windows NT 10.0; Win64; x64) AppleWebKit/537.36 (KHTML, like Gecko) Chrome/138.0.0.0 Safari/537.36 0.022
172.23.0.1 - - [14/Jul/2025:18:25:51 +0000] GET /devportal/site/public/images/_favicon.ico HTTP/1.1 200 1150 https://localhost:9443/devportal/applications Mozilla/5.0 (Windows NT 10.0; Win64; x64) AppleWebKit/537.36 (KHTML, like Gecko) Chrome/138.0.0.0 Safari/537.36 0.015
172.23.0.1 - - [14/Jul/2025:18:25:51 +0000] GET /api/am/devportal/v3/swagger.yaml HTTP/1.1 200 30152 https://localhost:9443/devportal/applications Mozilla/5.0 (Windows NT 10.0; Win64; x64) AppleWebKit/537.36 (KHTML, like Gecko) Chrome/138.0.0.0 Safari/537.36 0.064
172.23.0.1 - - [14/Jul/2025:18:25:51 +0000] GET /api/am/devportal/v3/settings HTTP/1.1 200 775 https://localhost:9443/devportal/applications Mozilla/5.0 (Windows NT 10.0; Win64; x64) AppleWebKit/537.36 (KHTML, like Gecko) Chrome/138.0.0.0 Safari/537.36 0.048
172.23.0.1 - - [14/Jul/2025:18:25:51 +0000] GET /devportal/site/public/theme/temporary_features_config.json HTTP/1.1 200 - https://localhost:9443/devportal/applications Mozilla/5.0 (Windows NT 10.0; Win64; x64) AppleWebKit/537.36 (KHTML, like Gecko) Chrome/138.0.0.0 Safari/537.36 0.001
172.23.0.1 - - [14/Jul/2025:18:25:51 +0000] GET /devportal/site/public/theme/temporary_environments_config.json HTTP/1.1 200 - https://localhost:9443/devportal/applications Mozilla/5.0 (Windows NT 10.0; Win64; x64) AppleWebKit/537.36 (KHTML, like Gecko) Chrome/138.0.0.0 Safari/537.36 0.001
172.23.0.1 - - [14/Jul/2025:18:25:51 +0000] GET /api/am/devportal/v3/tenants?state=active HTTP/1.1 200 96 https://localhost:9443/devportal/applications Mozilla/5.0 (Windows NT 10.0; Win64; x64) AppleWebKit/537.36 (KHTML, like Gecko) Chrome/138.0.0.0 Safari/537.36 0.006
127.0.0.1 - - [14/Jul/2025:18:25:51 +0000] GET /oauth2/userinfo HTTP/1.1 200 15 - Java-http-client/21.0.5 0.005
127.0.0.1 - - [14/Jul/2025:18:25:51 +0000] POST /oauth2/introspect HTTP/1.1 200 341 - Java-http-client/21.0.5 0.011
172.23.0.1 - - [14/Jul/2025:18:25:51 +0000] GET /devportal/services/auth/introspect HTTP/1.1 200 375 https://localhost:9443/devportal/applications Mozilla/5.0 (Windows NT 10.0; Win64; x64) AppleWebKit/537.36 (KHTML, like Gecko) Chrome/138.0.0.0 Safari/537.36 0.043
172.23.0.1 - - [14/Jul/2025:18:25:51 +0000] GET /devportal/site/public/dist/ApiListing.927afcc6b89e7a0faa57.bundle.js HTTP/1.1 200 6401 https://localhost:9443/devportal/applications Mozilla/5.0 (Windows NT 10.0; Win64; x64) AppleWebKit/537.36 (KHTML, like Gecko) Chrome/138.0.0.0 Safari/537.36 0.001
172.23.0.1 - - [14/Jul/2025:18:25:51 +0000] GET /oidc/checksession?client_id=8YNcwtyaHxWPUT9xJgLZDwrd4sUa&redirect_uri=https://localhost:9443/devportal/services/auth/callback/login HTTP/1.1 200 3134 https://localhost:9443/devportal/applications Mozilla/5.0 (Windows NT 10.0; Win64; x64) AppleWebKit/537.36 (KHTML, like Gecko) Chrome/138.0.0.0 Safari/537.36 0.003
172.23.0.1 - - [14/Jul/2025:18:25:51 +0000] GET /devportal HTTP/1.1 302 - https://localhost:9443/devportal/applications Mozilla/5.0 (Windows NT 10.0; Win64; x64) AppleWebKit/537.36 (KHTML, like Gecko) Chrome/138.0.0.0 Safari/537.36 0.000
172.23.0.1 - - [14/Jul/2025:18:25:51 +0000] GET /api/am/devportal/v3/me/organization-information HTTP/1.1 200 35 https://localhost:9443/devportal/applications Mozilla/5.0 (Windows NT 10.0; Win64; x64) AppleWebKit/537.36 (KHTML, like Gecko) Chrome/138.0.0.0 Safari/537.36 0.010
172.23.0.1 - - [14/Jul/2025:18:25:51 +0000] GET /devportal/ HTTP/1.1 200 1691 https://localhost:9443/devportal/applications Mozilla/5.0 (Windows NT 10.0; Win64; x64) AppleWebKit/537.36 (KHTML, like Gecko) Chrome/138.0.0.0 Safari/537.36 0.006
172.23.0.1 - - [14/Jul/2025:18:25:52 +0000] GET /api/am/devportal/v3/settings HTTP/1.1 200 542 https://localhost:9443/devportal/applications Mozilla/5.0 (Windows NT 10.0; Win64; x64) AppleWebKit/537.36 (KHTML, like Gecko) Chrome/138.0.0.0 Safari/537.36 0.066
172.23.0.1 - - [14/Jul/2025:18:25:52 +0000] GET /api/am/devportal/v3/swagger.yaml HTTP/1.1 200 30152 https://localhost:9443/devportal/applications Mozilla/5.0 (Windows NT 10.0; Win64; x64) AppleWebKit/537.36 (KHTML, like Gecko) Chrome/138.0.0.0 Safari/537.36 0.005
172.23.0.1 - - [14/Jul/2025:18:25:52 +0000] GET /api/am/devportal/v3/applications?sortBy=name&sortOrder=asc&limit=10&offset=0 HTTP/1.1 200 983 https://localhost:9443/devportal/applications Mozilla/5.0 (Windows NT 10.0; Win64; x64) AppleWebKit/537.36 (KHTML, like Gecko) Chrome/138.0.0.0 Safari/537.36 0.017
172.23.0.1 - - [14/Jul/2025:18:25:55 +0000] GET /devportal/site/public/dist/1034.de7966ddf643bcf88a12.bundle.js HTTP/1.1 200 7520 https://localhost:9443/devportal/applications/539d6b5f-186c-4ccb-bc4a-34c980dcdbbd Mozilla/5.0 (Windows NT 10.0; Win64; x64) AppleWebKit/537.36 (KHTML, like Gecko) Chrome/138.0.0.0 Safari/537.36 0.004
172.23.0.1 - - [14/Jul/2025:18:25:55 +0000] GET /devportal/site/public/dist/214.a5efa3b2b20ebb30d860.bundle.js HTTP/1.1 200 6538 https://localhost:9443/devportal/applications/539d6b5f-186c-4ccb-bc4a-34c980dcdbbd Mozilla/5.0 (Windows NT 10.0; Win64; x64) AppleWebKit/537.36 (KHTML, like Gecko) Chrome/138.0.0.0 Safari/537.36 0.008
172.23.0.1 - - [14/Jul/2025:18:25:55 +0000] GET /devportal/site/public/dist/6158.dd6ef497350cb00c1bfb.bundle.js HTTP/1.1 200 17831 https://localhost:9443/devportal/applications/539d6b5f-186c-4ccb-bc4a-34c980dcdbbd Mozilla/5.0 (Windows NT 10.0; Win64; x64) AppleWebKit/537.36 (KHTML, like Gecko) Chrome/138.0.0.0 Safari/537.36 0.009
172.23.0.1 - - [14/Jul/2025:18:25:55 +0000] GET /devportal/site/public/dist/ApplicationDetails.7756f71d6d689164435a.bundle.js HTTP/1.1 200 18179 https://localhost:9443/devportal/applications/539d6b5f-186c-4ccb-bc4a-34c980dcdbbd Mozilla/5.0 (Windows NT 10.0; Win64; x64) AppleWebKit/537.36 (KHTML, like Gecko) Chrome/138.0.0.0 Safari/537.36 0.011
172.23.0.1 - - [14/Jul/2025:18:25:55 +0000] GET /devportal/site/public/images/_favicon.ico HTTP/1.1 200 1150 https://localhost:9443/devportal/applications/539d6b5f-186c-4ccb-bc4a-34c980dcdbbd Mozilla/5.0 (Windows NT 10.0; Win64; x64) AppleWebKit/537.36 (KHTML, like Gecko) Chrome/138.0.0.0 Safari/537.36 0.002
172.23.0.1 - - [14/Jul/2025:18:25:55 +0000] GET /devportal/site/public/dist/5902.596d352df8beee5c59d1.bundle.js HTTP/1.1 200 43032 https://localhost:9443/devportal/applications/539d6b5f-186c-4ccb-bc4a-34c980dcdbbd Mozilla/5.0 (Windows NT 10.0; Win64; x64) AppleWebKit/537.36 (KHTML, like Gecko) Chrome/138.0.0.0 Safari/537.36 0.022
127.0.0.1 - - [14/Jul/2025:18:25:55 +0000] GET /keymanager-operations/dcr/register/UzRtUzQxSXdoRTJTUl9PTFAwT2JHc3VIamJJYQ%3D%3D HTTP/1.1 200 749 - Apache-HttpClient/4.5.13 (Java/21.0.5) 0.020
172.23.0.1 - - [14/Jul/2025:18:25:55 +0000] GET /api/am/devportal/v3/applications/539d6b5f-186c-4ccb-bc4a-34c980dcdbbd HTTP/1.1 200 404 https://localhost:9443/devportal/applications/539d6b5f-186c-4ccb-bc4a-34c980dcdbbd Mozilla/5.0 (Windows NT 10.0; Win64; x64) AppleWebKit/537.36 (KHTML, like Gecko) Chrome/138.0.0.0 Safari/537.36 0.034
172.23.0.1 - - [14/Jul/2025:18:25:55 +0000] GET /devportal/site/public/images/_favicon.ico HTTP/1.1 200 1150 https://localhost:9443/devportal/applications/539d6b5f-186c-4ccb-bc4a-34c980dcdbbd/overview Mozilla/5.0 (Windows NT 10.0; Win64; x64) AppleWebKit/537.36 (KHTML, like Gecko) Chrome/138.0.0.0 Safari/537.36 0.002
127.0.0.1 - - [14/Jul/2025:18:25:55 +0000] GET /keymanager-operations/dcr/register/UzRtUzQxSXdoRTJTUl9PTFAwT2JHc3VIamJJYQ%3D%3D HTTP/1.1 200 749 - Apache-HttpClient/4.5.13 (Java/21.0.5) 0.002
172.23.0.1 - - [14/Jul/2025:18:25:55 +0000] GET /api/am/devportal/v3/applications/539d6b5f-186c-4ccb-bc4a-34c980dcdbbd HTTP/1.1 200 404 https://localhost:9443/devportal/applications/539d6b5f-186c-4ccb-bc4a-34c980dcdbbd/overview Mozilla/5.0 (Windows NT 10.0; Win64; x64) AppleWebKit/537.36 (KHTML, like Gecko) Chrome/138.0.0.0 Safari/537.36 0.014
172.23.0.1 - - [14/Jul/2025:18:25:55 +0000] GET /api/am/devportal/v3/throttling-policies/application/Unlimited HTTP/1.1 200 490 https://localhost:9443/devportal/applications/539d6b5f-186c-4ccb-bc4a-34c980dcdbbd/overview Mozilla/5.0 (Windows NT 10.0; Win64; x64) AppleWebKit/537.36 (KHTML, like Gecko) Chrome/138.0.0.0 Safari/537.36 0.006
172.23.0.1 - - [14/Jul/2025:18:25:57 +0000] GET /devportal/site/public/images/_favicon.ico HTTP/1.1 200 1150 https://localhost:9443/devportal/applications/539d6b5f-186c-4ccb-bc4a-34c980dcdbbd/subscriptions Mozilla/5.0 (Windows NT 10.0; Win64; x64) AppleWebKit/537.36 (KHTML, like Gecko) Chrome/138.0.0.0 Safari/537.36 0.001
127.0.0.1 - - [14/Jul/2025:18:25:57 +0000] GET /keymanager-operations/dcr/register/UzRtUzQxSXdoRTJTUl9PTFAwT2JHc3VIamJJYQ%3D%3D HTTP/1.1 200 749 - Apache-HttpClient/4.5.13 (Java/21.0.5) 0.003
172.23.0.1 - - [14/Jul/2025:18:25:57 +0000] GET /api/am/devportal/v3/subscriptions?applicationId=539d6b5f-186c-4ccb-bc4a-34c980dcdbbd&limit=1000 HTTP/1.1 200 936 https://localhost:9443/devportal/applications/539d6b5f-186c-4ccb-bc4a-34c980dcdbbd/subscriptions Mozilla/5.0 (Windows NT 10.0; Win64; x64) AppleWebKit/537.36 (KHTML, like Gecko) Chrome/138.0.0.0 Safari/537.36 0.036
172.23.0.1 - - [14/Jul/2025:18:25:57 +0000] GET /api/am/devportal/v3/subscriptions/2547596d-d0e2-4c23-a3a1-c47925c7b7c2 HTTP/1.1 200 760 https://localhost:9443/devportal/applications/539d6b5f-186c-4ccb-bc4a-34c980dcdbbd/subscriptions Mozilla/5.0 (Windows NT 10.0; Win64; x64) AppleWebKit/537.36 (KHTML, like Gecko) Chrome/138.0.0.0 Safari/537.36 0.015
172.23.0.1 - - [14/Jul/2025:18:25:57 +0000] GET /api/am/devportal/v3/subscriptions/fcf2d4f2-04cd-47b9-8c2f-5f55bc311e16 HTTP/1.1 200 678 https://localhost:9443/devportal/applications/539d6b5f-186c-4ccb-bc4a-34c980dcdbbd/subscriptions Mozilla/5.0 (Windows NT 10.0; Win64; x64) AppleWebKit/537.36 (KHTML, like Gecko) Chrome/138.0.0.0 Safari/537.36 0.014
172.23.0.1 - - [14/Jul/2025:18:25:57 +0000] GET /api/am/devportal/v3/apis/3d25892b-b9a4-4295-bdc9-6528d8d6b900 HTTP/1.1 200 1061 https://localhost:9443/devportal/applications/539d6b5f-186c-4ccb-bc4a-34c980dcdbbd/subscriptions Mozilla/5.0 (Windows NT 10.0; Win64; x64) AppleWebKit/537.36 (KHTML, like Gecko) Chrome/138.0.0.0 Safari/537.36 0.016
172.23.0.1 - - [14/Jul/2025:18:25:57 +0000] GET /api/am/devportal/v3/apis/3e9c8bfa-e0d3-4922-984e-cd99bd95a7c8 HTTP/1.1 200 2630 https://localhost:9443/devportal/applications/539d6b5f-186c-4ccb-bc4a-34c980dcdbbd/subscriptions Mozilla/5.0 (Windows NT 10.0; Win64; x64) AppleWebKit/537.36 (KHTML, like Gecko) Chrome/138.0.0.0 Safari/537.36 0.018
172.23.0.1 - - [14/Jul/2025:18:25:57 +0000] GET /api/am/devportal/v3/apis/3d25892b-b9a4-4295-bdc9-6528d8d6b900 HTTP/1.1 200 1061 https://localhost:9443/devportal/applications/539d6b5f-186c-4ccb-bc4a-34c980dcdbbd/subscriptions Mozilla/5.0 (Windows NT 10.0; Win64; x64) AppleWebKit/537.36 (KHTML, like Gecko) Chrome/138.0.0.0 Safari/537.36 0.013
172.23.0.1 - - [14/Jul/2025:18:25:57 +0000] GET /api/am/devportal/v3/apis/3e9c8bfa-e0d3-4922-984e-cd99bd95a7c8 HTTP/1.1 200 2630 https://localhost:9443/devportal/applications/539d6b5f-186c-4ccb-bc4a-34c980dcdbbd/subscriptions Mozilla/5.0 (Windows NT 10.0; Win64; x64) AppleWebKit/537.36 (KHTML, like Gecko) Chrome/138.0.0.0 Safari/537.36 0.015
172.23.0.1 - - [14/Jul/2025:18:25:57 +0000] GET /api/am/devportal/v3/throttling-policies/subscription/Unlimited HTTP/1.1 200 491 https://localhost:9443/devportal/applications/539d6b5f-186c-4ccb-bc4a-34c980dcdbbd/subscriptions Mozilla/5.0 (Windows NT 10.0; Win64; x64) AppleWebKit/537.36 (KHTML, like Gecko) Chrome/138.0.0.0 Safari/537.36 0.003
172.23.0.1 - - [14/Jul/2025:18:25:57 +0000] GET /api/am/devportal/v3/throttling-policies/subscription/Unlimited HTTP/1.1 200 491 https://localhost:9443/devportal/applications/539d6b5f-186c-4ccb-bc4a-34c980dcdbbd/subscriptions Mozilla/5.0 (Windows NT 10.0; Win64; x64) AppleWebKit/537.36 (KHTML, like Gecko) Chrome/138.0.0.0 Safari/537.36 0.004
172.23.0.1 - - [14/Jul/2025:18:25:58 +0000] GET /devportal/site/public/images/_favicon.ico HTTP/1.1 200 1150 https://localhost:9443/devportal/apis/3d25892b-b9a4-4295-bdc9-6528d8d6b900 Mozilla/5.0 (Windows NT 10.0; Win64; x64) AppleWebKit/537.36 (KHTML, like Gecko) Chrome/138.0.0.0 Safari/537.36 0.001
172.23.0.1 - - [14/Jul/2025:18:25:58 +0000] GET /api/am/devportal/v3/applications?limit=5000 HTTP/1.1 200 985 https://localhost:9443/devportal/apis/3d25892b-b9a4-4295-bdc9-6528d8d6b900 Mozilla/5.0 (Windows NT 10.0; Win64; x64) AppleWebKit/537.36 (KHTML, like Gecko) Chrome/138.0.0.0 Safari/537.36 0.009
127.0.0.1 - - [14/Jul/2025:18:25:58 +0000] GET /keymanager-operations/dcr/register/dk9KMVB5VFlPSktKbEpDdnlhaFUyel9HOUM4YQ%3D%3D HTTP/1.1 200 547 - Apache-HttpClient/4.5.13 (Java/21.0.5) 0.006
172.23.0.1 - - [14/Jul/2025:18:25:58 +0000] GET /api/am/devportal/v3/apis/3d25892b-b9a4-4295-bdc9-6528d8d6b900 HTTP/1.1 200 1061 https://localhost:9443/devportal/apis/3d25892b-b9a4-4295-bdc9-6528d8d6b900 Mozilla/5.0 (Windows NT 10.0; Win64; x64) AppleWebKit/537.36 (KHTML, like Gecko) Chrome/138.0.0.0 Safari/537.36 0.021
127.0.0.1 - - [14/Jul/2025:18:25:58 +0000] GET /keymanager-operations/dcr/register/UzRtUzQxSXdoRTJTUl9PTFAwT2JHc3VIamJJYQ%3D%3D HTTP/1.1 200 749 - Apache-HttpClient/4.5.13 (Java/21.0.5) 0.003
127.0.0.1 - - [14/Jul/2025:18:25:58 +0000] GET /keymanager-operations/dcr/register/dk9KMVB5VFlPSktKbEpDdnlhaFUyel9HOUM4YQ%3D%3D HTTP/1.1 200 547 - Apache-HttpClient/4.5.13 (Java/21.0.5) 0.004
127.0.0.1 - - [14/Jul/2025:18:25:58 +0000] GET /keymanager-operations/dcr/register/UzRtUzQxSXdoRTJTUl9PTFAwT2JHc3VIamJJYQ%3D%3D HTTP/1.1 200 749 - Apache-HttpClient/4.5.13 (Java/21.0.5) 0.003
172.23.0.1 - - [14/Jul/2025:18:25:58 +0000] GET /api/am/devportal/v3/subscriptions?apiId=3d25892b-b9a4-4295-bdc9-6528d8d6b900&limit=5000 HTTP/1.1 200 924 https://localhost:9443/devportal/apis/3d25892b-b9a4-4295-bdc9-6528d8d6b900 Mozilla/5.0 (Windows NT 10.0; Win64; x64) AppleWebKit/537.36 (KHTML, like Gecko) Chrome/138.0.0.0 Safari/537.36 0.055
172.23.0.1 - - [14/Jul/2025:18:25:58 +0000] GET /api/am/devportal/v3/settings HTTP/1.1 200 542 https://localhost:9443/devportal/apis/3d25892b-b9a4-4295-bdc9-6528d8d6b900 Mozilla/5.0 (Windows NT 10.0; Win64; x64) AppleWebKit/537.36 (KHTML, like Gecko) Chrome/138.0.0.0 Safari/537.36 0.057
172.23.0.1 - - [14/Jul/2025:18:25:58 +0000] GET /api/am/devportal/v3/subscriptions?apiId=3d25892b-b9a4-4295-bdc9-6528d8d6b900&limit=25 HTTP/1.1 200 922 https://localhost:9443/devportal/apis/3d25892b-b9a4-4295-bdc9-6528d8d6b900 Mozilla/5.0 (Windows NT 10.0; Win64; x64) AppleWebKit/537.36 (KHTML, like Gecko) Chrome/138.0.0.0 Safari/537.36 0.057
172.23.0.1 - - [14/Jul/2025:18:25:58 +0000] GET /devportal/site/public/images/_favicon.ico HTTP/1.1 200 1150 https://localhost:9443/devportal/apis/3d25892b-b9a4-4295-bdc9-6528d8d6b900/overview Mozilla/5.0 (Windows NT 10.0; Win64; x64) AppleWebKit/537.36 (KHTML, like Gecko) Chrome/138.0.0.0 Safari/537.36 0.001
172.23.0.1 - - [14/Jul/2025:18:25:59 +0000] GET /api/am/devportal/v3/throttling-policies/subscription HTTP/1.1 200 751 https://localhost:9443/devportal/apis/3d25892b-b9a4-4295-bdc9-6528d8d6b900/overview Mozilla/5.0 (Windows NT 10.0; Win64; x64) AppleWebKit/537.36 (KHTML, like Gecko) Chrome/138.0.0.0 Safari/537.36 0.008
172.23.0.1 - - [14/Jul/2025:18:25:59 +0000] GET /api/am/devportal/v3/apis/3d25892b-b9a4-4295-bdc9-6528d8d6b900/documents HTTP/1.1 200 92 https://localhost:9443/devportal/apis/3d25892b-b9a4-4295-bdc9-6528d8d6b900/overview Mozilla/5.0 (Windows NT 10.0; Win64; x64) AppleWebKit/537.36 (KHTML, like Gecko) Chrome/138.0.0.0 Safari/537.36 0.012
172.23.0.1 - - [14/Jul/2025:18:25:59 +0000] GET /api/am/devportal/v3/throttling-policies/subscription HTTP/1.1 200 751 https://localhost:9443/devportal/apis/3d25892b-b9a4-4295-bdc9-6528d8d6b900/overview Mozilla/5.0 (Windows NT 10.0; Win64; x64) AppleWebKit/537.36 (KHTML, like Gecko) Chrome/138.0.0.0 Safari/537.36 0.006
172.23.0.1 - - [14/Jul/2025:18:25:59 +0000] GET /api/am/devportal/v3/apis/3d25892b-b9a4-4295-bdc9-6528d8d6b900/documents HTTP/1.1 200 92 https://localhost:9443/devportal/apis/3d25892b-b9a4-4295-bdc9-6528d8d6b900/overview Mozilla/5.0 (Windows NT 10.0; Win64; x64) AppleWebKit/537.36 (KHTML, like Gecko) Chrome/138.0.0.0 Safari/537.36 0.013
172.23.0.1 - - [14/Jul/2025:18:25:59 +0000] GET /api/am/devportal/v3/apis/3d25892b-b9a4-4295-bdc9-6528d8d6b900/ratings HTTP/1.1 200 125 https://localhost:9443/devportal/apis/3d25892b-b9a4-4295-bdc9-6528d8d6b900/overview Mozilla/5.0 (Windows NT 10.0; Win64; x64) AppleWebKit/537.36 (KHTML, like Gecko) Chrome/138.0.0.0 Safari/537.36 0.009
172.23.0.1 - - [14/Jul/2025:18:25:59 +0000] GET /api/am/devportal/v3/apis/3d25892b-b9a4-4295-bdc9-6528d8d6b900/thumbnail HTTP/1.1 204 - https://localhost:9443/devportal/apis/3d25892b-b9a4-4295-bdc9-6528d8d6b900/overview Mozilla/5.0 (Windows NT 10.0; Win64; x64) AppleWebKit/537.36 (KHTML, like Gecko) Chrome/138.0.0.0 Safari/537.36 0.010
172.23.0.1 - - [14/Jul/2025:18:25:59 +0000] GET /api/am/devportal/v3/apis/3d25892b-b9a4-4295-bdc9-6528d8d6b900/comments?limit=5&offset=0 HTTP/1.1 200 101 https://localhost:9443/devportal/apis/3d25892b-b9a4-4295-bdc9-6528d8d6b900/overview Mozilla/5.0 (Windows NT 10.0; Win64; x64) AppleWebKit/537.36 (KHTML, like Gecko) Chrome/138.0.0.0 Safari/537.36 0.013
172.23.0.1 - - [14/Jul/2025:18:26:01 +0000] GET /devportal/site/public/images/_favicon.ico HTTP/1.1 200 1150 https://localhost:9443/devportal/apis/3d25892b-b9a4-4295-bdc9-6528d8d6b900/api-console Mozilla/5.0 (Windows NT 10.0; Win64; x64) AppleWebKit/537.36 (KHTML, like Gecko) Chrome/138.0.0.0 Safari/537.36 0.001
172.23.0.1 - - [14/Jul/2025:18:26:01 +0000] GET /api/am/devportal/v3/applications?limit=5000 HTTP/1.1 200 985 https://localhost:9443/devportal/apis/3d25892b-b9a4-4295-bdc9-6528d8d6b900/api-console Mozilla/5.0 (Windows NT 10.0; Win64; x64) AppleWebKit/537.36 (KHTML, like Gecko) Chrome/138.0.0.0 Safari/537.36 0.010
172.23.0.1 - - [14/Jul/2025:18:26:01 +0000] GET /api/am/devportal/v3/apis/3d25892b-b9a4-4295-bdc9-6528d8d6b900 HTTP/1.1 200 1061 https://localhost:9443/devportal/apis/3d25892b-b9a4-4295-bdc9-6528d8d6b900/api-console Mozilla/5.0 (Windows NT 10.0; Win64; x64) AppleWebKit/537.36 (KHTML, like Gecko) Chrome/138.0.0.0 Safari/537.36 0.028
127.0.0.1 - - [14/Jul/2025:18:26:01 +0000] GET /keymanager-operations/dcr/register/UzRtUzQxSXdoRTJTUl9PTFAwT2JHc3VIamJJYQ%3D%3D HTTP/1.1 200 749 - Apache-HttpClient/4.5.13 (Java/21.0.5) 0.003
127.0.0.1 - - [14/Jul/2025:18:26:01 +0000] GET /keymanager-operations/dcr/register/UzRtUzQxSXdoRTJTUl9PTFAwT2JHc3VIamJJYQ%3D%3D HTTP/1.1 200 749 - Apache-HttpClient/4.5.13 (Java/21.0.5) 0.003
127.0.0.1 - - [14/Jul/2025:18:26:01 +0000] GET /keymanager-operations/dcr/register/dk9KMVB5VFlPSktKbEpDdnlhaFUyel9HOUM4YQ%3D%3D HTTP/1.1 200 547 - Apache-HttpClient/4.5.13 (Java/21.0.5) 0.003
127.0.0.1 - - [14/Jul/2025:18:26:01 +0000] GET /keymanager-operations/dcr/register/dk9KMVB5VFlPSktKbEpDdnlhaFUyel9HOUM4YQ%3D%3D HTTP/1.1 200 547 - Apache-HttpClient/4.5.13 (Java/21.0.5) 0.003
172.23.0.1 - - [14/Jul/2025:18:26:01 +0000] GET /api/am/devportal/v3/subscriptions?apiId=3d25892b-b9a4-4295-bdc9-6528d8d6b900&limit=25 HTTP/1.1 200 922 https://localhost:9443/devportal/apis/3d25892b-b9a4-4295-bdc9-6528d8d6b900/api-console Mozilla/5.0 (Windows NT 10.0; Win64; x64) AppleWebKit/537.36 (KHTML, like Gecko) Chrome/138.0.0.0 Safari/537.36 0.052
172.23.0.1 - - [14/Jul/2025:18:26:01 +0000] GET /api/am/devportal/v3/subscriptions?apiId=3d25892b-b9a4-4295-bdc9-6528d8d6b900&limit=5000 HTTP/1.1 200 924 https://localhost:9443/devportal/apis/3d25892b-b9a4-4295-bdc9-6528d8d6b900/api-console Mozilla/5.0 (Windows NT 10.0; Win64; x64) AppleWebKit/537.36 (KHTML, like Gecko) Chrome/138.0.0.0 Safari/537.36 0.055
172.23.0.1 - - [14/Jul/2025:18:26:01 +0000] GET /devportal/site/public/dist/7894.4c560af4e67e52ac7a4d.bundle.js HTTP/1.1 200 1102347 https://localhost:9443/devportal/apis/3d25892b-b9a4-4295-bdc9-6528d8d6b900/api-console Mozilla/5.0 (Windows NT 10.0; Win64; x64) AppleWebKit/537.36 (KHTML, like Gecko) Chrome/138.0.0.0 Safari/537.36 0.121
172.23.0.1 - - [14/Jul/2025:18:26:01 +0000] GET /api/am/devportal/v3/apis/3d25892b-b9a4-4295-bdc9-6528d8d6b900 HTTP/1.1 200 1061 https://localhost:9443/devportal/apis/3d25892b-b9a4-4295-bdc9-6528d8d6b900/api-console Mozilla/5.0 (Windows NT 10.0; Win64; x64) AppleWebKit/537.36 (KHTML, like Gecko) Chrome/138.0.0.0 Safari/537.36 0.010
172.23.0.1 - - [14/Jul/2025:18:26:01 +0000] GET /api/am/devportal/v3/apis/3d25892b-b9a4-4295-bdc9-6528d8d6b900/swagger?environmentName=Default HTTP/1.1 200 385 https://localhost:9443/devportal/apis/3d25892b-b9a4-4295-bdc9-6528d8d6b900/api-console Mozilla/5.0 (Windows NT 10.0; Win64; x64) AppleWebKit/537.36 (KHTML, like Gecko) Chrome/138.0.0.0 Safari/537.36 0.020
127.0.0.1 - - [14/Jul/2025:18:26:01 +0000] GET /keymanager-operations/dcr/register/dk9KMVB5VFlPSktKbEpDdnlhaFUyel9HOUM4YQ%3D%3D HTTP/1.1 200 547 - Apache-HttpClient/4.5.13 (Java/21.0.5) 0.002
127.0.0.1 - - [14/Jul/2025:18:26:01 +0000] GET /keymanager-operations/dcr/register/UzRtUzQxSXdoRTJTUl9PTFAwT2JHc3VIamJJYQ%3D%3D HTTP/1.1 200 749 - Apache-HttpClient/4.5.13 (Java/21.0.5) 0.002
172.23.0.1 - - [14/Jul/2025:18:26:01 +0000] GET /api/am/devportal/v3/subscriptions?apiId=3d25892b-b9a4-4295-bdc9-6528d8d6b900&limit=25 HTTP/1.1 200 922 https://localhost:9443/devportal/apis/3d25892b-b9a4-4295-bdc9-6528d8d6b900/api-console Mozilla/5.0 (Windows NT 10.0; Win64; x64) AppleWebKit/537.36 (KHTML, like Gecko) Chrome/138.0.0.0 Safari/537.36 0.043
172.23.0.1 - - [14/Jul/2025:18:26:01 +0000] GET /api/am/devportal/v3/swagger.yaml HTTP/1.1 200 30152 https://localhost:9443/devportal/apis/3d25892b-b9a4-4295-bdc9-6528d8d6b900/api-console Mozilla/5.0 (Windows NT 10.0; Win64; x64) AppleWebKit/537.36 (KHTML, like Gecko) Chrome/138.0.0.0 Safari/537.36 0.019
127.0.0.1 - - [14/Jul/2025:18:26:01 +0000] GET /oauth2/token/.well-known/openid-configuration HTTP/1.1 200 2404 - Apache-HttpClient/4.5.13 (Java/21.0.5) 0.006
127.0.0.1 - - [14/Jul/2025:18:26:01 +0000] GET /keymanager-operations/dcr/register/UzRtUzQxSXdoRTJTUl9PTFAwT2JHc3VIamJJYQ%3D%3D HTTP/1.1 200 749 - Apache-HttpClient/4.5.13 (Java/21.0.5) 0.003
127.0.0.1 - - [14/Jul/2025:18:26:01 +0000] GET /keymanager-operations/dcr/register/dk9KMVB5VFlPSktKbEpDdnlhaFUyel9HOUM4YQ%3D%3D HTTP/1.1 200 547 - Apache-HttpClient/4.5.13 (Java/21.0.5) 0.004
172.23.0.1 - - [14/Jul/2025:18:26:01 +0000] GET /api/am/devportal/v3/key-managers HTTP/1.1 200 764 https://localhost:9443/devportal/apis/3d25892b-b9a4-4295-bdc9-6528d8d6b900/api-console Mozilla/5.0 (Windows NT 10.0; Win64; x64) AppleWebKit/537.36 (KHTML, like Gecko) Chrome/138.0.0.0 Safari/537.36 0.042
172.23.0.1 - - [14/Jul/2025:18:26:01 +0000] GET /api/am/devportal/v3/subscriptions?apiId=3d25892b-b9a4-4295-bdc9-6528d8d6b900&limit=25 HTTP/1.1 200 922 https://localhost:9443/devportal/apis/3d25892b-b9a4-4295-bdc9-6528d8d6b900/api-console Mozilla/5.0 (Windows NT 10.0; Win64; x64) AppleWebKit/537.36 (KHTML, like Gecko) Chrome/138.0.0.0 Safari/537.36 0.045
172.23.0.1 - - [14/Jul/2025:18:26:01 +0000] GET /api/am/devportal/v3/applications/ HTTP/1.1 200 983 https://localhost:9443/devportal/apis/3d25892b-b9a4-4295-bdc9-6528d8d6b900/api-console Mozilla/5.0 (Windows NT 10.0; Win64; x64) AppleWebKit/537.36 (KHTML, like Gecko) Chrome/138.0.0.0 Safari/537.36 0.005
172.23.0.1 - - [14/Jul/2025:18:26:01 +0000] GET /api/am/devportal/v3/swagger.yaml HTTP/1.1 200 30152 https://localhost:9443/devportal/apis/3d25892b-b9a4-4295-bdc9-6528d8d6b900/api-console Mozilla/5.0 (Windows NT 10.0; Win64; x64) AppleWebKit/537.36 (KHTML, like Gecko) Chrome/138.0.0.0 Safari/537.36 0.011
127.0.0.1 - - [14/Jul/2025:18:26:01 +0000] GET /keymanager-operations/dcr/register/UzRtUzQxSXdoRTJTUl9PTFAwT2JHc3VIamJJYQ%3D%3D HTTP/1.1 200 749 - Apache-HttpClient/4.5.13 (Java/21.0.5) 0.003
172.23.0.1 - - [14/Jul/2025:18:26:01 +0000] GET /api/am/devportal/v3/applications/539d6b5f-186c-4ccb-bc4a-34c980dcdbbd HTTP/1.1 200 404 https://localhost:9443/devportal/apis/3d25892b-b9a4-4295-bdc9-6528d8d6b900/api-console Mozilla/5.0 (Windows NT 10.0; Win64; x64) AppleWebKit/537.36 (KHTML, like Gecko) Chrome/138.0.0.0 Safari/537.36 0.009
127.0.0.1 - - [14/Jul/2025:18:26:01 +0000] GET /keymanager-operations/dcr/register/UzRtUzQxSXdoRTJTUl9PTFAwT2JHc3VIamJJYQ%3D%3D HTTP/1.1 200 749 - Apache-HttpClient/4.5.13 (Java/21.0.5) 0.003
172.23.0.1 - - [14/Jul/2025:18:26:01 +0000] GET /api/am/devportal/v3/applications/539d6b5f-186c-4ccb-bc4a-34c980dcdbbd/oauth-keys HTTP/1.1 200 868 https://localhost:9443/devportal/apis/3d25892b-b9a4-4295-bdc9-6528d8d6b900/api-console Mozilla/5.0 (Windows NT 10.0; Win64; x64) AppleWebKit/537.36 (KHTML, like Gecko) Chrome/138.0.0.0 Safari/537.36 0.009
172.23.0.1 - - [14/Jul/2025:18:26:01 +0000] GET /api/am/devportal/v3/swagger.yaml HTTP/1.1 200 30152 https://localhost:9443/devportal/apis/3d25892b-b9a4-4295-bdc9-6528d8d6b900/api-console Mozilla/5.0 (Windows NT 10.0; Win64; x64) AppleWebKit/537.36 (KHTML, like Gecko) Chrome/138.0.0.0 Safari/537.36 0.010
127.0.0.1 - - [14/Jul/2025:18:26:01 +0000] GET /keymanager-operations/dcr/register/UzRtUzQxSXdoRTJTUl9PTFAwT2JHc3VIamJJYQ%3D%3D HTTP/1.1 200 749 - Apache-HttpClient/4.5.13 (Java/21.0.5) 0.002
172.23.0.1 - - [14/Jul/2025:18:26:01 +0000] GET /api/am/devportal/v3/applications/539d6b5f-186c-4ccb-bc4a-34c980dcdbbd HTTP/1.1 200 404 https://localhost:9443/devportal/apis/3d25892b-b9a4-4295-bdc9-6528d8d6b900/api-console Mozilla/5.0 (Windows NT 10.0; Win64; x64) AppleWebKit/537.36 (KHTML, like Gecko) Chrome/138.0.0.0 Safari/537.36 0.007
127.0.0.1 - - [14/Jul/2025:18:26:01 +0000] GET /keymanager-operations/dcr/register/UzRtUzQxSXdoRTJTUl9PTFAwT2JHc3VIamJJYQ%3D%3D HTTP/1.1 200 749 - Apache-HttpClient/4.5.13 (Java/21.0.5) 0.003
172.23.0.1 - - [14/Jul/2025:18:26:01 +0000] GET /api/am/devportal/v3/applications/539d6b5f-186c-4ccb-bc4a-34c980dcdbbd/oauth-keys HTTP/1.1 200 868 https://localhost:9443/devportal/apis/3d25892b-b9a4-4295-bdc9-6528d8d6b900/api-console Mozilla/5.0 (Windows NT 10.0; Win64; x64) AppleWebKit/537.36 (KHTML, like Gecko) Chrome/138.0.0.0 Safari/537.36 0.007
172.23.0.1 - - [14/Jul/2025:18:26:05 +0000] GET /api/am/devportal/v3/swagger.yaml HTTP/1.1 200 30152 https://localhost:9443/devportal/apis/3d25892b-b9a4-4295-bdc9-6528d8d6b900/api-console Mozilla/5.0 (Windows NT 10.0; Win64; x64) AppleWebKit/537.36 (KHTML, like Gecko) Chrome/138.0.0.0 Safari/537.36 0.009
127.0.0.1 - - [14/Jul/2025:18:26:05 +0000] GET /keymanager-operations/dcr/register/UzRtUzQxSXdoRTJTUl9PTFAwT2JHc3VIamJJYQ%3D%3D HTTP/1.1 200 749 - Apache-HttpClient/4.5.13 (Java/21.0.5) 0.002
172.23.0.1 - - [14/Jul/2025:18:26:05 +0000] GET /api/am/devportal/v3/applications/539d6b5f-186c-4ccb-bc4a-34c980dcdbbd HTTP/1.1 200 404 https://localhost:9443/devportal/apis/3d25892b-b9a4-4295-bdc9-6528d8d6b900/api-console Mozilla/5.0 (Windows NT 10.0; Win64; x64) AppleWebKit/537.36 (KHTML, like Gecko) Chrome/138.0.0.0 Safari/537.36 0.008
127.0.0.1 - - [14/Jul/2025:18:26:05 +0000] GET /keymanager-operations/dcr/register/UzRtUzQxSXdoRTJTUl9PTFAwT2JHc3VIamJJYQ%3D%3D HTTP/1.1 200 749 - Apache-HttpClient/4.5.13 (Java/21.0.5) 0.002
172.23.0.1 - - [14/Jul/2025:18:26:05 +0000] GET /api/am/devportal/v3/applications/539d6b5f-186c-4ccb-bc4a-34c980dcdbbd/oauth-keys HTTP/1.1 200 868 https://localhost:9443/devportal/apis/3d25892b-b9a4-4295-bdc9-6528d8d6b900/api-console Mozilla/5.0 (Windows NT 10.0; Win64; x64) AppleWebKit/537.36 (KHTML, like Gecko) Chrome/138.0.0.0 Safari/537.36 0.006
127.0.0.1 - - [14/Jul/2025:18:26:05 +0000] GET /keymanager-operations/dcr/register/UzRtUzQxSXdoRTJTUl9PTFAwT2JHc3VIamJJYQ%3D%3D HTTP/1.1 200 749 - Apache-HttpClient/4.5.13 (Java/21.0.5) 0.001
127.0.0.1 - - [14/Jul/2025:18:26:05 +0000] GET /keymanager-operations/dcr/register/UzRtUzQxSXdoRTJTUl9PTFAwT2JHc3VIamJJYQ%3D%3D HTTP/1.1 200 749 - Apache-HttpClient/4.5.13 (Java/21.0.5) 0.002
127.0.0.1 - - [14/Jul/2025:18:26:05 +0000] POST /oauth2/token HTTP/1.1 200 1178 - Apache-HttpClient/4.5.13 (Java/21.0.5) 0.018
172.23.0.1 - - [14/Jul/2025:18:26:05 +0000] POST /api/am/devportal/v3/applications/539d6b5f-186c-4ccb-bc4a-34c980dcdbbd/oauth-keys/5161b079-ecf2-402f-9ee6-b91bcf0aaeec/generate-token HTTP/1.1 200 897 https://localhost:9443/devportal/apis/3d25892b-b9a4-4295-bdc9-6528d8d6b900/api-console Mozilla/5.0 (Windows NT 10.0; Win64; x64) AppleWebKit/537.36 (KHTML, like Gecko) Chrome/138.0.0.0 Safari/537.36 0.109
127.0.0.1 - - [14/Jul/2025:18:26:05 +0000] POST /internal/data/v1/notify HTTP/1.1 200 - - Apache-HttpClient/4.5.13 (Java/21.0.5) 0.033
